2026-02-01 00:00:28 INFO module=api msg="user logged in"
2026-02-01 00:05:32 INFO module=net msg="service started"
2026-02-01 00:10:43 INFO module=auth msg="service started"
2026-02-01 00:11:12 DEBUG module=sched msg="retry counter reset"
2026-02-01 00:20:15 INFO module=disk msg="job scheduled"
2026-02-01 00:25:05 DEBUG module=cache msg="buffer flushed"
2026-02-01 00:30:18 INFO module=db msg="cache warmed up"
2026-02-01 00:30:39 INFO module=cache msg="service started"
2026-02-01 00:30:52 DEBUG module=api msg="retry counter reset"
2026-02-01 00:44:43 INFO module=fs msg="user logged in"
2026-02-01 00:54:02 INFO module=cache msg="service started"
2026-02-01 00:55:26 INFO module=auth msg="job scheduled"
2026-02-01 00:55:53 ERROR module=disk msg="connection timeout"
2026-02-01 00:56:20 INFO module=auth msg="config reloaded"
2026-02-01 00:59:23 WARN module=disk msg="disk usage above 80%"
2026-02-01 01:12:19 INFO module=net msg="service started"
2026-02-01 01:13:26 INFO module=net msg="service started"
2026-02-01 01:14:36 INFO module=auth msg="job scheduled"
2026-02-01 01:37:33 ERROR module=db msg="permission denied"
2026-02-01 01:38:49 INFO module=auth msg="cache warmed up"
2026-02-01 01:45:16 INFO module=api msg="job scheduled"
2026-02-01 01:46:47 INFO module=net msg="config reloaded"
2026-02-01 01:52:13 INFO module=cache msg="config reloaded"
2026-02-01 02:12:00 DEBUG module=disk msg="retry counter reset"
2026-02-01 02:17:21 WARN module=db msg="slow response"
2026-02-01 02:19:37 INFO module=disk msg="user logged in"
2026-02-01 02:20:27 ERROR module=net msg="invalid token"
2026-02-01 02:31:50 INFO module=api msg="config reloaded"
2026-02-01 02:40:25 INFO module=api msg="config reloaded"
2026-02-01 02:46:43 WARN module=db msg="token expires soon"
2026-02-01 02:51:49 WARN module=db msg="slow response"
2026-02-01 02:56:20 DEBUG module=auth msg="entering handler"
2026-02-01 03:01:27 ERROR module=disk msg="segment read failed"
2026-02-01 03:04:26 INFO module=cache msg="cache warmed up"
2026-02-01 03:15:52 DEBUG module=disk msg="queue length checked"
2026-02-01 03:18:06 INFO module=db msg="request completed"
2026-02-01 03:21:20 INFO module=disk msg="cache warmed up"
2026-02-01 03:23:25 INFO module=disk msg="job scheduled"
2026-02-01 03:26:34 INFO module=db msg="job scheduled"
2026-02-01 03:30:39 INFO module=disk msg="service started"
2026-02-01 03:31:09 ERROR module=disk msg="segment read failed"
2026-02-01 03:34:11 INFO module=auth msg="service started"
2026-02-01 03:34:54 DEBUG module=net msg="retry counter reset"
2026-02-01 03:41:38 INFO module=db msg="job scheduled"
2026-02-01 03:44:04 DEBUG module=fs msg="entering handler"
2026-02-01 03:44:12 INFO module=api msg="job scheduled"
2026-02-01 03:51:38 INFO module=sched msg="cache warmed up"
2026-02-01 03:51:51 INFO module=fs msg="config reloaded"
2026-02-01 03:52:15 WARN module=sched msg="token expires soon"
2026-02-01 03:59:37 INFO module=net msg="cache warmed up"
2026-02-01 04:01:54 INFO module=db msg="service started"
2026-02-01 04:14:23 DEBUG module=cache msg="queue length checked"
2026-02-01 04:22:22 INFO module=db msg="config reloaded"
2026-02-01 04:23:55 INFO module=net msg="cache warmed up"
2026-02-01 04:25:08 INFO module=cache msg="service started"
2026-02-01 04:26:32 WARN module=disk msg="deprecated option used"
2026-02-01 04:41:48 INFO module=api msg="config reloaded"
2026-02-01 04:42:06 INFO module=disk msg="request completed"
2026-02-01 04:46:38 INFO module=net msg="service started"
2026-02-01 04:49:42 WARN module=disk msg="slow response"
2026-02-01 04:54:36 WARN module=net msg="disk usage above 80%"
2026-02-01 04:55:40 INFO module=db msg="config reloaded"
2026-02-01 05:00:51 INFO module=net msg="user logged in"
2026-02-01 05:07:46 INFO module=api msg="job scheduled"
2026-02-01 05:11:06 INFO module=db msg="user logged in"
2026-02-01 05:19:43 DEBUG module=disk msg="buffer flushed"
2026-02-01 05:24:28 INFO module=disk msg="user logged in"
2026-02-01 05:27:20 DEBUG module=sched msg="heartbeat sent"
2026-02-01 05:36:10 INFO module=net msg="service started"
2026-02-01 05:38:04 WARN module=cache msg="disk usage above 80%"
2026-02-01 05:42:26 WARN module=db msg="disk usage above 80%"
2026-02-01 05:49:47 INFO module=sched msg="user logged in"
2026-02-01 05:50:22 WARN module=cache msg="deprecated option used"
2026-02-01 05:52:33 INFO module=db msg="cache warmed up"
2026-02-01 06:12:58 INFO module=cache msg="user logged in"
2026-02-01 06:14:09 WARN module=auth msg="token expires soon"
2026-02-01 06:18:43 INFO module=db msg="job scheduled"
2026-02-01 06:21:37 INFO module=cache msg="cache warmed up"
2026-02-01 06:26:34 INFO module=api msg="user logged in"
2026-02-01 06:38:34 INFO module=api msg="user logged in"
2026-02-01 06:39:52 INFO module=sched msg="request completed"
2026-02-01 06:45:13 INFO module=net msg="service started"
2026-02-01 06:46:20 INFO module=sched msg="job scheduled"
2026-02-01 06:48:56 INFO module=net msg="job scheduled"
2026-02-01 06:51:50 INFO module=auth msg="service started"
2026-02-01 07:05:04 DEBUG module=fs msg="heartbeat sent"
2026-02-01 07:07:03 INFO module=auth msg="job scheduled"
2026-02-01 07:09:41 INFO module=fs msg="job scheduled"
2026-02-01 07:14:16 INFO module=db msg="job scheduled"
2026-02-01 07:16:33 INFO module=auth msg="job scheduled"
2026-02-01 07:22:26 DEBUG module=api msg="buffer flushed"
2026-02-01 07:32:10 WARN module=disk msg="slow response"
2026-02-01 07:39:14 INFO module=db msg="service started"
2026-02-01 07:48:12 DEBUG module=fs msg="retry counter reset"
2026-02-01 07:48:26 INFO module=db msg="cache warmed up"
2026-02-01 07:53:02 INFO module=sched msg="user logged in"
2026-02-01 07:57:48 INFO module=cache msg="config reloaded"
2026-02-01 08:06:59 WARN module=fs msg="retrying request"
2026-02-01 08:07:46 INFO module=db msg="cache warmed up"
2026-02-01 08:10:28 INFO module=cache msg="job scheduled"
2026-02-01 08:20:05 INFO module=sched msg="job scheduled"
2026-02-01 08:25:21 INFO module=sched msg="request completed"
2026-02-01 08:29:42 INFO module=db msg="cache warmed up"
2026-02-01 08:44:08 INFO module=sched msg="config reloaded"
2026-02-01 09:01:24 ERROR module=fs msg="permission denied"
2026-02-01 09:08:19 DEBUG module=disk msg="retry counter reset"
2026-02-01 09:09:26 INFO module=disk msg="cache warmed up"
2026-02-01 09:19:30 WARN module=cache msg="slow response"
2026-02-01 09:25:00 DEBUG module=db msg="buffer flushed"
2026-02-01 09:25:25 WARN module=db msg="deprecated option used"
2026-02-01 09:28:13 INFO module=db msg="job scheduled"
2026-02-01 09:29:51 INFO module=db msg="service started"
2026-02-01 09:35:30 WARN module=api msg="token expires soon"
2026-02-01 09:36:05 DEBUG module=cache msg="retry counter reset"
2026-02-01 09:42:06 ERROR module=auth msg="segment read failed"
2026-02-01 09:45:40 INFO module=disk msg="user logged in"
2026-02-01 09:46:37 INFO module=cache msg="user logged in"
2026-02-01 09:47:43 INFO module=fs msg="request completed"
2026-02-01 09:55:57 WARN module=fs msg="token expires soon"
2026-02-01 09:58:11 INFO module=auth msg="service started"
2026-02-01 10:04:38 ERROR module=fs msg="connection timeout"
2026-02-01 10:12:42 INFO module=db msg="config reloaded"
2026-02-01 10:27:29 WARN module=net msg="retrying request"
2026-02-01 10:28:16 WARN module=db msg="deprecated option used"
2026-02-01 10:28:25 INFO module=cache msg="user logged in"
2026-02-01 10:33:39 INFO module=cache msg="config reloaded"
2026-02-01 10:35:00 DEBUG module=sched msg="queue length checked"
2026-02-01 10:35:46 DEBUG module=cache msg="queue length checked"
2026-02-01 10:38:08 DEBUG module=db msg="heartbeat sent"
2026-02-01 10:43:04 INFO module=cache msg="service started"
2026-02-01 10:43:46 INFO module=db msg="request completed"
2026-02-01 11:03:22 INFO module=fs msg="job scheduled"
2026-02-01 11:06:05 INFO module=disk msg="request completed"
2026-02-01 11:08:28 DEBUG module=cache msg="queue length checked"
2026-02-01 11:12:01 INFO module=sched msg="config reloaded"
2026-02-01 11:15:01 ERROR module=db msg="no space left on device"
2026-02-01 11:24:43 INFO module=disk msg="cache warmed up"
2026-02-01 11:24:57 DEBUG module=sched msg="retry counter reset"
2026-02-01 11:26:27 INFO module=disk msg="cache warmed up"
2026-02-01 11:27:15 INFO module=net msg="config reloaded"
2026-02-01 11:31:44 WARN module=sched msg="disk usage above 80%"
2026-02-01 11:37:55 INFO module=net msg="config reloaded"
2026-02-01 11:51:41 INFO module=api msg="cache warmed up"
2026-02-01 11:52:15 DEBUG module=db msg="queue length checked"
2026-02-01 11:56:00 INFO module=cache msg="cache warmed up"
2026-02-01 12:01:51 INFO module=db msg="cache warmed up"
2026-02-01 12:14:55 DEBUG module=sched msg="retry counter reset"
2026-02-01 12:23:36 DEBUG module=fs msg="buffer flushed"
2026-02-01 12:31:37 ERROR module=auth msg="permission denied"
2026-02-01 12:38:04 INFO module=api msg="job scheduled"
2026-02-01 12:39:28 INFO module=api msg="user logged in"
2026-02-01 12:48:18 DEBUG module=cache msg="queue length checked"
2026-02-01 12:48:50 INFO module=db msg="cache warmed up"
2026-02-01 12:52:01 INFO module=fs msg="cache warmed up"
2026-02-01 12:58:14 INFO module=fs msg="job scheduled"
2026-02-01 12:59:05 WARN module=disk msg="disk usage above 80%"
2026-02-01 13:00:25 INFO module=auth msg="service started"
2026-02-01 13:06:17 INFO module=disk msg="user logged in"
2026-02-01 13:14:10 WARN module=disk msg="retrying request"
2026-02-01 13:25:45 INFO module=net msg="request completed"
2026-02-01 13:28:33 ERROR module=db msg="no space left on device"
2026-02-01 13:41:23 DEBUG module=net msg="heartbeat sent"
2026-02-01 13:42:08 INFO module=db msg="job scheduled"
2026-02-01 13:57:04 INFO module=disk msg="config reloaded"
2026-02-01 14:10:32 WARN module=disk msg="token expires soon"
2026-02-01 14:11:54 ERROR module=disk msg="query failed"
2026-02-01 14:12:51 INFO module=sched msg="service started"
2026-02-01 14:27:44 INFO module=disk msg="service started"
2026-02-01 14:29:46 INFO module=sched msg="config reloaded"
2026-02-01 14:31:08 ERROR module=auth msg="no space left on device"
2026-02-01 14:31:58 INFO module=api msg="request completed"
2026-02-01 14:38:04 INFO module=auth msg="request completed"
2026-02-01 14:38:21 INFO module=db msg="service started"
2026-02-01 14:51:17 DEBUG module=net msg="heartbeat sent"
2026-02-01 14:58:31 INFO module=cache msg="user logged in"
2026-02-01 15:00:06 DEBUG module=disk msg="buffer flushed"
2026-02-01 15:04:35 INFO module=cache msg="cache warmed up"
2026-02-01 15:08:11 DEBUG module=sched msg="heartbeat sent"
2026-02-01 15:12:39 WARN module=db msg="slow response"
2026-02-01 15:17:25 INFO module=sched msg="cache warmed up"
2026-02-01 15:18:50 INFO module=net msg="cache warmed up"
2026-02-01 15:22:20 INFO module=disk msg="service started"
2026-02-01 15:29:12 INFO module=db msg="job scheduled"
2026-02-01 15:29:23 INFO module=disk msg="request completed"
2026-02-01 15:30:07 INFO module=api msg="user logged in"
2026-02-01 15:38:03 INFO module=auth msg="job scheduled"
2026-02-01 15:46:02 INFO module=auth msg="config reloaded"
2026-02-01 15:47:13 INFO module=disk msg="config reloaded"
2026-02-01 15:48:35 INFO module=db msg="service started"
2026-02-01 15:52:34 INFO module=disk msg="service started"
2026-02-01 15:57:48 WARN module=cache msg="deprecated option used"
2026-02-01 16:03:35 INFO module=net msg="request completed"
2026-02-01 16:11:12 INFO module=api msg="request completed"
2026-02-01 16:21:43 INFO module=fs msg="service started"
2026-02-01 16:22:17 INFO module=fs msg="service started"
2026-02-01 16:23:20 INFO module=api msg="job scheduled"
2026-02-01 16:25:43 INFO module=api msg="config reloaded"
2026-02-01 16:27:01 DEBUG module=disk msg="buffer flushed"
2026-02-01 16:29:25 WARN module=disk msg="slow response"
2026-02-01 16:32:01 ERROR module=api msg="connection refused"
2026-02-01 16:37:53 DEBUG module=fs msg="entering handler"
2026-02-01 16:39:18 INFO module=db msg="service started"
2026-02-01 16:39:45 INFO module=net msg="config reloaded"
2026-02-01 16:41:00 DEBUG module=sched msg="retry counter reset"
2026-02-01 16:42:18 INFO module=cache msg="config reloaded"
2026-02-01 16:47:13 INFO module=sched msg="config reloaded"
2026-02-01 16:53:26 INFO module=disk msg="service started"
2026-02-01 16:59:15 INFO module=db msg="cache warmed up"
2026-02-01 16:59:25 INFO module=db msg="service started"
2026-02-01 17:01:42 INFO module=sched msg="cache warmed up"
2026-02-01 17:05:25 DEBUG module=db msg="queue length checked"
2026-02-01 17:06:49 INFO module=db msg="user logged in"
2026-02-01 17:13:14 INFO module=fs msg="job scheduled"
2026-02-01 17:19:53 INFO module=net msg="user logged in"
2026-02-01 17:26:09 INFO module=api msg="config reloaded"
2026-02-01 17:26:42 WARN module=cache msg="deprecated option used"
2026-02-01 17:26:48 WARN module=net msg="disk usage above 80%"
2026-02-01 17:33:03 INFO module=sched msg="request completed"
2026-02-01 17:33:11 INFO module=auth msg="job scheduled"
2026-02-01 17:36:57 INFO module=auth msg="config reloaded"
2026-02-01 17:40:44 INFO module=fs msg="service started"
2026-02-01 17:49:22 DEBUG module=sched msg="retry counter reset"
2026-02-01 17:51:02 INFO module=auth msg="request completed"
2026-02-01 17:52:23 ERROR module=auth msg="no space left on device"
2026-02-01 17:52:40 DEBUG module=sched msg="retry counter reset"
2026-02-01 17:54:45 DEBUG module=net msg="entering handler"
2026-02-01 18:06:03 INFO module=cache msg="job scheduled"
2026-02-01 18:06:57 INFO module=net msg="job scheduled"
2026-02-01 18:07:01 INFO module=fs msg="config reloaded"
2026-02-01 18:08:49 ERROR module=api msg="permission denied"
2026-02-01 18:08:53 INFO module=net msg="config reloaded"
2026-02-01 18:16:24 INFO module=net msg="user logged in"
2026-02-01 18:17:45 INFO module=sched msg="request completed"
2026-02-01 18:22:34 INFO module=sched msg="cache warmed up"
2026-02-01 18:26:09 INFO module=net msg="user logged in"
2026-02-01 18:26:44 INFO module=net msg="cache warmed up"
2026-02-01 18:29:05 ERROR module=db msg="permission denied"
2026-02-01 18:34:57 DEBUG module=api msg="retry counter reset"
2026-02-01 18:36:52 INFO module=sched msg="cache warmed up"
2026-02-01 18:38:05 INFO module=auth msg="request completed"
2026-02-01 18:40:33 INFO module=disk msg="request completed"
2026-02-01 18:41:56 INFO module=cache msg="job scheduled"
2026-02-01 18:45:24 ERROR module=fs msg="connection refused"
2026-02-01 18:49:04 WARN module=sched msg="retrying request"
2026-02-01 18:51:33 WARN module=db msg="retrying request"
2026-02-01 18:54:30 DEBUG module=cache msg="buffer flushed"
2026-02-01 18:55:06 INFO module=disk msg="config reloaded"
2026-02-01 18:56:01 INFO module=auth msg="user logged in"
2026-02-01 19:02:16 INFO module=fs msg="request completed"
2026-02-01 19:02:59 INFO module=auth msg="job scheduled"
2026-02-01 19:06:07 DEBUG module=db msg="queue length checked"
2026-02-01 19:06:13 WARN module=sched msg="retrying request"
2026-02-01 19:11:47 INFO module=auth msg="cache warmed up"
2026-02-01 19:17:39 DEBUG module=cache msg="entering handler"
2026-02-01 19:24:22 WARN module=disk msg="token expires soon"
2026-02-01 19:35:25 INFO module=auth msg="job scheduled"
2026-02-01 19:36:06 DEBUG module=sched msg="heartbeat sent"
2026-02-01 19:50:03 INFO module=cache msg="config reloaded"
2026-02-01 19:50:42 INFO module=api msg="user logged in"
2026-02-01 19:51:57 WARN module=disk msg="slow response"
2026-02-01 19:52:19 INFO module=auth msg="config reloaded"
2026-02-01 19:53:44 WARN module=auth msg="retrying request"
2026-02-01 19:54:02 INFO module=auth msg="job scheduled"
2026-02-01 19:55:42 WARN module=net msg="retrying request"
2026-02-01 19:56:42 INFO module=disk msg="cache warmed up"
2026-02-01 19:57:26 INFO module=api msg="cache warmed up"
2026-02-01 20:11:12 INFO module=auth msg="config reloaded"
2026-02-01 20:14:01 INFO module=net msg="request completed"
2026-02-01 20:14:09 INFO module=disk msg="user logged in"
2026-02-01 20:15:49 DEBUG module=fs msg="entering handler"
2026-02-01 20:17:46 INFO module=auth msg="service started"
2026-02-01 20:18:36 INFO module=net msg="user logged in"
2026-02-01 20:22:53 DEBUG module=sched msg="buffer flushed"
2026-02-01 20:27:42 INFO module=net msg="request completed"
2026-02-01 20:29:31 WARN module=disk msg="deprecated option used"
2026-02-01 20:32:04 INFO module=db msg="service started"
2026-02-01 20:40:54 INFO module=net msg="cache warmed up"
2026-02-01 20:44:49 ERROR module=api msg="no space left on device"
2026-02-01 20:48:43 WARN module=auth msg="retrying request"
2026-02-01 20:50:16 INFO module=cache msg="cache warmed up"
2026-02-01 20:50:47 WARN module=net msg="deprecated option used"
2026-02-01 20:54:32 INFO module=disk msg="job scheduled"
2026-02-01 20:57:14 INFO module=net msg="request completed"
2026-02-01 21:01:24 INFO module=net msg="job scheduled"
2026-02-01 21:08:25 INFO module=db msg="service started"
2026-02-01 21:13:43 INFO module=db msg="request completed"
2026-02-01 21:19:31 DEBUG module=cache msg="retry counter reset"
2026-02-01 21:20:12 WARN module=auth msg="slow response"
2026-02-01 21:21:16 DEBUG module=disk msg="entering handler"
2026-02-01 21:24:21 INFO module=sched msg="config reloaded"
2026-02-01 21:24:44 WARN module=db msg="deprecated option used"
2026-02-01 21:31:37 WARN module=api msg="disk usage above 80%"
2026-02-01 21:44:45 INFO module=api msg="config reloaded"
2026-02-01 21:46:38 INFO module=auth msg="service started"
2026-02-01 21:46:49 INFO module=db msg="cache warmed up"
2026-02-01 21:51:04 INFO module=cache msg="user logged in"
2026-02-01 21:52:58 INFO module=fs msg="job scheduled"
2026-02-01 22:12:51 INFO module=db msg="config reloaded"
2026-02-01 22:21:44 INFO module=db msg="service started"
2026-02-01 22:31:21 WARN module=db msg="retrying request"
2026-02-01 22:36:07 DEBUG module=disk msg="retry counter reset"
2026-02-01 22:36:45 DEBUG module=fs msg="entering handler"
2026-02-01 22:37:39 DEBUG module=sched msg="buffer flushed"
2026-02-01 22:39:27 DEBUG module=cache msg="entering handler"
2026-02-01 22:41:42 ERROR module=cache msg="permission denied"
2026-02-01 22:48:58 WARN module=disk msg="disk usage above 80%"
2026-02-01 22:56:26 INFO module=auth msg="user logged in"
2026-02-01 23:08:04 INFO module=auth msg="user logged in"
2026-02-01 23:13:06 WARN module=net msg="deprecated option used"
2026-02-01 23:19:57 INFO module=sched msg="job scheduled"
2026-02-01 23:28:34 INFO module=fs msg="service started"
2026-02-01 23:30:26 INFO module=auth msg="user logged in"
2026-02-01 23:30:30 INFO module=fs msg="job scheduled"
2026-02-01 23:31:05 INFO module=db msg="service started"
2026-02-01 23:31:48 INFO module=db msg="job scheduled"
2026-02-01 23:33:05 INFO module=api msg="config reloaded"
2026-02-01 23:33:49 INFO module=net msg="config reloaded"
2026-02-01 23:33:53 INFO module=sched msg="service started"
2026-02-01 23:36:04 INFO module=net msg="cache warmed up"
2026-02-01 23:36:46 INFO module=cache msg="service started"
2026-02-01 23:52:16 WARN module=cache msg="slow response"
