2026-02-03 00:15:15 INFO module=net msg="cache warmed up"
2026-02-03 00:16:18 DEBUG module=cache msg="entering handler"
2026-02-03 00:16:32 DEBUG module=cache msg="heartbeat sent"
2026-02-03 00:17:58 ERROR module=auth msg="invalid token"
2026-02-03 00:18:56 INFO module=disk msg="service started"
2026-02-03 00:25:52 INFO module=disk msg="job scheduled"
2026-02-03 00:26:47 INFO module=auth msg="request completed"
2026-02-03 00:27:01 INFO module=disk msg="service started"
2026-02-03 00:27:43 INFO module=api msg="service started"
2026-02-03 00:28:47 INFO module=cache msg="job scheduled"
2026-02-03 00:34:08 DEBUG module=fs msg="retry counter reset"
2026-02-03 00:34:09 DEBUG module=disk msg="entering handler"
2026-02-03 00:34:21 INFO module=sched msg="service started"
2026-02-03 00:35:05 ERROR module=net msg="no space left on device"
2026-02-03 00:36:04 ERROR module=net msg="connection refused"
2026-02-03 00:40:38 INFO module=api msg="request completed"
2026-02-03 00:42:41 DEBUG module=fs msg="queue length checked"
2026-02-03 00:44:27 WARN module=api msg="retrying request"
2026-02-03 00:47:07 INFO module=cache msg="job scheduled"
2026-02-03 00:48:00 DEBUG module=fs msg="buffer flushed"
2026-02-03 00:48:35 INFO module=sched msg="cache warmed up"
2026-02-03 00:53:57 DEBUG module=db msg="queue length checked"
2026-02-03 00:57:13 INFO module=auth msg="service started"
2026-02-03 00:57:46 INFO module=api msg="cache warmed up"
2026-02-03 00:58:43 INFO module=auth msg="user logged in"
2026-02-03 00:59:19 INFO module=sched msg="config reloaded"
2026-02-03 01:00:18 INFO module=auth msg="config reloaded"
2026-02-03 01:01:06 WARN module=auth msg="slow response"
2026-02-03 01:02:37 INFO module=sched msg="request completed"
2026-02-03 01:03:24 INFO module=auth msg="cache warmed up"
2026-02-03 01:11:26 INFO module=cache msg="request completed"
2026-02-03 01:16:32 WARN module=sched msg="disk usage above 80%"
2026-02-03 01:19:18 INFO module=net msg="service started"
2026-02-03 01:19:58 WARN module=net msg="slow response"
2026-02-03 01:20:34 INFO module=api msg="service started"
2026-02-03 01:24:12 INFO module=cache msg="service started"
2026-02-03 01:27:07 INFO module=api msg="request completed"
2026-02-03 01:27:42 DEBUG module=cache msg="entering handler"
2026-02-03 01:31:14 DEBUG module=fs msg="retry counter reset"
2026-02-03 01:33:44 INFO module=api msg="cache warmed up"
2026-02-03 01:35:33 DEBUG module=net msg="queue length checked"
2026-02-03 01:38:45 INFO module=sched msg="cache warmed up"
2026-02-03 01:39:32 INFO module=disk msg="user logged in"
2026-02-03 01:39:42 INFO module=disk msg="cache warmed up"
2026-02-03 01:40:44 DEBUG module=cache msg="retry counter reset"
2026-02-03 01:41:07 INFO module=api msg="config reloaded"
2026-02-03 01:42:55 DEBUG module=db msg="heartbeat sent"
2026-02-03 01:43:42 WARN module=db msg="token expires soon"
2026-02-03 01:43:51 ERROR module=net msg="connection timeout"
2026-02-03 01:47:09 WARN module=auth msg="deprecated option used"
2026-02-03 01:48:32 INFO module=db msg="config reloaded"
2026-02-03 01:50:28 INFO module=cache msg="user logged in"
2026-02-03 01:53:16 INFO module=api msg="job scheduled"
2026-02-03 02:05:46 DEBUG module=db msg="entering handler"
2026-02-03 02:07:02 WARN module=cache msg="token expires soon"
2026-02-03 02:08:35 INFO module=db msg="config reloaded"
2026-02-03 02:09:16 DEBUG module=fs msg="entering handler"
2026-02-03 02:10:34 INFO module=db msg="config reloaded"
2026-02-03 02:11:42 WARN module=db msg="token expires soon"
2026-02-03 02:16:34 INFO module=net msg="job scheduled"
2026-02-03 02:19:17 INFO module=api msg="cache warmed up"
2026-02-03 02:19:20 INFO module=sched msg="job scheduled"
2026-02-03 02:20:17 INFO module=fs msg="job scheduled"
2026-02-03 02:26:19 DEBUG module=cache msg="entering handler"
2026-02-03 02:26:56 WARN module=net msg="slow response"
2026-02-03 02:30:28 INFO module=disk msg="job scheduled"
2026-02-03 02:35:56 DEBUG module=cache msg="buffer flushed"
2026-02-03 02:36:06 WARN module=disk msg="disk usage above 80%"
2026-02-03 02:37:33 INFO module=auth msg="config reloaded"
2026-02-03 02:40:28 INFO module=auth msg="job scheduled"
2026-02-03 02:46:00 INFO module=db msg="user logged in"
2026-02-03 02:46:33 INFO module=api msg="config reloaded"
2026-02-03 02:52:32 INFO module=net msg="user logged in"
2026-02-03 02:56:24 INFO module=auth msg="request completed"
2026-02-03 02:56:41 INFO module=db msg="cache warmed up"
2026-02-03 03:00:19 WARN module=cache msg="disk usage above 80%"
2026-02-03 03:02:03 INFO module=db msg="config reloaded"
2026-02-03 03:04:07 WARN module=cache msg="token expires soon"
2026-02-03 03:06:21 INFO module=auth msg="request completed"
2026-02-03 03:11:24 INFO module=api msg="job scheduled"
2026-02-03 03:14:16 DEBUG module=fs msg="buffer flushed"
2026-02-03 03:14:54 INFO module=sched msg="job scheduled"
2026-02-03 03:16:54 INFO module=disk msg="job scheduled"
2026-02-03 03:17:23 WARN module=cache msg="slow response"
2026-02-03 03:18:39 INFO module=auth msg="job scheduled"
2026-02-03 03:26:40 ERROR module=disk msg="connection refused"
2026-02-03 03:27:05 WARN module=net msg="slow response"
2026-02-03 03:28:47 INFO module=fs msg="service started"
2026-02-03 03:29:04 INFO module=net msg="service started"
2026-02-03 03:31:10 INFO module=auth msg="config reloaded"
2026-02-03 03:32:22 INFO module=db msg="config reloaded"
2026-02-03 03:33:11 DEBUG module=net msg="retry counter reset"
2026-02-03 03:34:21 INFO module=net msg="cache warmed up"
2026-02-03 03:34:49 WARN module=sched msg="disk usage above 80%"
2026-02-03 03:44:00 INFO module=net msg="user logged in"
2026-02-03 03:48:46 INFO module=disk msg="cache warmed up"
2026-02-03 03:53:21 WARN module=cache msg="retrying request"
2026-02-03 03:54:21 INFO module=disk msg="job scheduled"
2026-02-03 03:57:53 DEBUG module=disk msg="entering handler"
2026-02-03 04:04:12 DEBUG module=net msg="retry counter reset"
2026-02-03 04:05:53 INFO module=db msg="job scheduled"
2026-02-03 04:06:39 INFO module=db msg="user logged in"
2026-02-03 04:11:11 INFO module=net msg="service started"
2026-02-03 04:14:49 INFO module=db msg="config reloaded"
2026-02-03 04:22:29 INFO module=api msg="cache warmed up"
2026-02-03 04:26:50 INFO module=cache msg="user logged in"
2026-02-03 04:28:09 ERROR module=db msg="no space left on device"
2026-02-03 04:28:22 INFO module=cache msg="job scheduled"
2026-02-03 04:29:32 INFO module=disk msg="cache warmed up"
2026-02-03 04:30:30 WARN module=net msg="deprecated option used"
2026-02-03 04:32:23 INFO module=cache msg="service started"
2026-02-03 04:33:30 DEBUG module=cache msg="entering handler"
2026-02-03 04:34:46 INFO module=net msg="config reloaded"
2026-02-03 04:36:52 INFO module=auth msg="config reloaded"
2026-02-03 04:38:32 INFO module=net msg="job scheduled"
2026-02-03 04:39:07 INFO module=net msg="user logged in"
2026-02-03 04:39:59 WARN module=db msg="retrying request"
2026-02-03 04:41:40 INFO module=auth msg="service started"
2026-02-03 04:42:08 INFO module=api msg="request completed"
2026-02-03 04:44:23 WARN module=api msg="retrying request"
2026-02-03 04:46:36 WARN module=disk msg="token expires soon"
2026-02-03 04:46:42 ERROR module=net msg="no space left on device"
2026-02-03 04:46:53 DEBUG module=disk msg="entering handler"
2026-02-03 04:47:08 INFO module=net msg="job scheduled"
2026-02-03 04:47:12 INFO module=db msg="job scheduled"
2026-02-03 04:48:19 DEBUG module=fs msg="buffer flushed"
2026-02-03 04:49:36 DEBUG module=fs msg="heartbeat sent"
2026-02-03 04:51:52 DEBUG module=net msg="buffer flushed"
2026-02-03 04:55:06 INFO module=fs msg="user logged in"
2026-02-03 04:57:46 INFO module=fs msg="request completed"
2026-02-03 04:57:47 WARN module=cache msg="deprecated option used"
2026-02-03 05:01:38 ERROR module=net msg="invalid token"
2026-02-03 05:02:33 INFO module=net msg="service started"
2026-02-03 05:10:51 INFO module=api msg="service started"
2026-02-03 05:11:15 WARN module=disk msg="deprecated option used"
2026-02-03 05:11:30 INFO module=sched msg="request completed"
2026-02-03 05:11:51 INFO module=db msg="config reloaded"
2026-02-03 05:13:34 INFO module=fs msg="request completed"
2026-02-03 05:19:54 DEBUG module=sched msg="retry counter reset"
2026-02-03 05:23:35 INFO module=net msg="service started"
2026-02-03 05:24:08 INFO module=sched msg="job scheduled"
2026-02-03 05:26:15 WARN module=cache msg="deprecated option used"
2026-02-03 05:27:29 INFO module=cache msg="user logged in"
2026-02-03 05:32:41 INFO module=api msg="cache warmed up"
2026-02-03 05:33:16 INFO module=auth msg="user logged in"
2026-02-03 05:37:53 INFO module=fs msg="service started"
2026-02-03 05:39:49 INFO module=disk msg="service started"
2026-02-03 05:40:23 INFO module=disk msg="request completed"
2026-02-03 05:43:31 INFO module=auth msg="request completed"
2026-02-03 05:55:22 DEBUG module=cache msg="entering handler"
2026-02-03 06:02:37 DEBUG module=cache msg="heartbeat sent"
2026-02-03 06:09:09 DEBUG module=fs msg="retry counter reset"
2026-02-03 06:09:23 INFO module=sched msg="user logged in"
2026-02-03 06:12:14 WARN module=auth msg="token expires soon"
2026-02-03 06:12:28 DEBUG module=cache msg="retry counter reset"
2026-02-03 06:12:54 INFO module=auth msg="service started"
2026-02-03 06:14:56 DEBUG module=fs msg="heartbeat sent"
2026-02-03 06:17:29 ERROR module=db msg="connection refused"
2026-02-03 06:19:39 INFO module=disk msg="cache warmed up"
2026-02-03 06:23:08 INFO module=cache msg="service started"
2026-02-03 06:25:57 INFO module=sched msg="service started"
2026-02-03 06:32:01 INFO module=fs msg="service started"
2026-02-03 06:32:03 INFO module=fs msg="job scheduled"
2026-02-03 06:35:09 DEBUG module=cache msg="heartbeat sent"
2026-02-03 06:35:12 ERROR module=net msg="permission denied"
2026-02-03 06:37:55 INFO module=db msg="service started"
2026-02-03 06:38:58 WARN module=db msg="token expires soon"
2026-02-03 06:40:19 INFO module=net msg="config reloaded"
2026-02-03 06:43:28 INFO module=db msg="user logged in"
2026-02-03 06:46:30 INFO module=cache msg="cache warmed up"
2026-02-03 06:47:54 WARN module=db msg="token expires soon"
2026-02-03 06:59:08 INFO module=db msg="service started"
2026-02-03 06:59:13 WARN module=disk msg="slow response"
2026-02-03 07:03:48 INFO module=auth msg="request completed"
2026-02-03 07:04:30 INFO module=sched msg="service started"
2026-02-03 07:06:12 ERROR module=disk msg="invalid token"
2026-02-03 07:07:51 INFO module=auth msg="service started"
2026-02-03 07:12:18 WARN module=net msg="disk usage above 80%"
2026-02-03 07:14:44 INFO module=sched msg="service started"
2026-02-03 07:14:57 WARN module=cache msg="disk usage above 80%"
2026-02-03 07:18:53 INFO module=sched msg="cache warmed up"
2026-02-03 07:21:12 INFO module=db msg="config reloaded"
2026-02-03 07:23:21 INFO module=api msg="request completed"
2026-02-03 07:23:32 INFO module=api msg="request completed"
2026-02-03 07:25:05 ERROR module=auth msg="permission denied"
2026-02-03 07:25:54 INFO module=disk msg="job scheduled"
2026-02-03 07:27:04 WARN module=net msg="deprecated option used"
2026-02-03 07:28:44 WARN module=cache msg="deprecated option used"
2026-02-03 07:34:57 WARN module=cache msg="retrying request"
2026-02-03 07:36:15 WARN module=cache msg="retrying request"
2026-02-03 07:37:17 INFO module=net msg="config reloaded"
2026-02-03 07:40:20 WARN module=disk msg="slow response"
2026-02-03 07:44:49 INFO module=net msg="service started"
2026-02-03 07:48:02 INFO module=api msg="job scheduled"
2026-02-03 07:48:28 WARN module=api msg="slow response"
2026-02-03 07:51:01 INFO module=auth msg="request completed"
2026-02-03 07:56:22 INFO module=net msg="cache warmed up"
2026-02-03 08:10:42 INFO module=fs msg="user logged in"
2026-02-03 08:14:57 INFO module=disk msg="config reloaded"
2026-02-03 08:15:58 INFO module=api msg="config reloaded"
2026-02-03 08:17:25 WARN module=db msg="slow response"
2026-02-03 08:20:20 INFO module=cache msg="user logged in"
2026-02-03 08:21:37 INFO module=net msg="user logged in"
2026-02-03 08:25:17 INFO module=cache msg="user logged in"
2026-02-03 08:27:56 INFO module=api msg="service started"
2026-02-03 08:29:35 DEBUG module=cache msg="buffer flushed"
2026-02-03 08:30:39 INFO module=api msg="request completed"
2026-02-03 08:34:36 WARN module=db msg="retrying request"
2026-02-03 08:34:43 WARN module=net msg="deprecated option used"
2026-02-03 08:35:00 INFO module=db msg="job scheduled"
2026-02-03 08:35:07 INFO module=db msg="user logged in"
2026-02-03 08:35:08 INFO module=sched msg="job scheduled"
2026-02-03 08:37:56 DEBUG module=cache msg="heartbeat sent"
2026-02-03 08:40:18 INFO module=api msg="config reloaded"
2026-02-03 08:42:17 ERROR module=api msg="permission denied"
2026-02-03 08:46:14 INFO module=fs msg="request completed"
2026-02-03 08:51:41 WARN module=net msg="disk usage above 80%"
2026-02-03 08:52:39 INFO module=sched msg="config reloaded"
2026-02-03 08:59:43 ERROR module=net msg="connection timeout"
2026-02-03 09:01:37 INFO module=cache msg="request completed"
2026-02-03 09:02:07 WARN module=net msg="slow response"
2026-02-03 09:04:31 INFO module=db msg="cache warmed up"
2026-02-03 09:08:13 WARN module=net msg="slow response"
2026-02-03 09:09:15 WARN module=db msg="token expires soon"
2026-02-03 09:09:20 DEBUG module=fs msg="queue length checked"
2026-02-03 09:10:07 DEBUG module=fs msg="retry counter reset"
2026-02-03 09:10:51 WARN module=disk msg="deprecated option used"
2026-02-03 09:10:52 INFO module=db msg="config reloaded"
2026-02-03 09:12:18 INFO module=net msg="config reloaded"
2026-02-03 09:12:29 WARN module=auth msg="disk usage above 80%"
2026-02-03 09:21:15 WARN module=sched msg="disk usage above 80%"
2026-02-03 09:26:12 INFO module=auth msg="service started"
2026-02-03 09:29:31 INFO module=auth msg="service started"
2026-02-03 09:31:06 WARN module=sched msg="deprecated option used"
2026-02-03 09:32:25 INFO module=disk msg="user logged in"
2026-02-03 09:34:22 INFO module=db msg="user logged in"
2026-02-03 09:42:12 WARN module=fs msg="disk usage above 80%"
2026-02-03 09:46:19 INFO module=api msg="config reloaded"
2026-02-03 09:49:33 INFO module=db msg="config reloaded"
2026-02-03 09:52:27 INFO module=net msg="cache warmed up"
2026-02-03 09:56:18 ERROR module=disk msg="query failed"
2026-02-03 09:56:50 INFO module=sched msg="cache warmed up"
2026-02-03 09:58:59 INFO module=db msg="job scheduled"
2026-02-03 10:05:10 INFO module=api msg="request completed"
2026-02-03 10:05:17 WARN module=net msg="disk usage above 80%"
2026-02-03 10:06:12 INFO module=api msg="cache warmed up"
2026-02-03 10:16:26 INFO module=api msg="cache warmed up"
2026-02-03 10:17:41 INFO module=auth msg="request completed"
2026-02-03 10:22:03 WARN module=disk msg="retrying request"
2026-02-03 10:22:48 DEBUG module=sched msg="heartbeat sent"
2026-02-03 10:23:09 WARN module=auth msg="disk usage above 80%"
2026-02-03 10:24:03 ERROR module=net msg="connection refused"
2026-02-03 10:30:36 INFO module=sched msg="service started"
2026-02-03 10:35:33 DEBUG module=api msg="buffer flushed"
2026-02-03 10:42:08 INFO module=db msg="config reloaded"
2026-02-03 10:44:27 INFO module=db msg="service started"
2026-02-03 10:45:35 WARN module=disk msg="retrying request"
2026-02-03 10:55:53 INFO module=auth msg="user logged in"
2026-02-03 11:01:38 INFO module=auth msg="config reloaded"
2026-02-03 11:11:03 WARN module=auth msg="disk usage above 80%"
2026-02-03 11:15:38 INFO module=auth msg="user logged in"
2026-02-03 11:16:17 ERROR module=disk msg="no space left on device"
2026-02-03 11:20:08 INFO module=db msg="cache warmed up"
2026-02-03 11:24:00 WARN module=db msg="slow response"
2026-02-03 11:24:25 DEBUG module=api msg="retry counter reset"
2026-02-03 11:26:14 ERROR module=db msg="segment read failed"
2026-02-03 11:32:30 ERROR module=disk msg="connection refused"
2026-02-03 11:34:22 WARN module=disk msg="disk usage above 80%"
2026-02-03 11:37:24 WARN module=disk msg="retrying request"
2026-02-03 11:37:29 INFO module=cache msg="user logged in"
2026-02-03 11:38:37 WARN module=disk msg="retrying request"
2026-02-03 11:44:46 DEBUG module=db msg="entering handler"
2026-02-03 11:46:51 INFO module=db msg="service started"
2026-02-03 11:50:07 INFO module=sched msg="service started"
2026-02-03 11:52:36 INFO module=net msg="user logged in"
2026-02-03 11:57:36 INFO module=api msg="service started"
2026-02-03 11:59:59 INFO module=api msg="request completed"
2026-02-03 12:00:02 WARN module=auth msg="disk usage above 80%"
2026-02-03 12:00:50 WARN module=db msg="retrying request"
2026-02-03 12:00:55 DEBUG module=cache msg="retry counter reset"
2026-02-03 12:03:47 DEBUG module=db msg="entering handler"
2026-02-03 12:04:54 INFO module=cache msg="cache warmed up"
2026-02-03 12:06:43 INFO module=api msg="user logged in"
2026-02-03 12:15:19 INFO module=auth msg="user logged in"
2026-02-03 12:17:26 INFO module=sched msg="service started"
2026-02-03 12:21:48 ERROR module=disk msg="segment read failed"
2026-02-03 12:22:20 INFO module=disk msg="job scheduled"
2026-02-03 12:22:45 WARN module=db msg="retrying request"
2026-02-03 12:28:26 INFO module=api msg="config reloaded"
2026-02-03 12:30:39 INFO module=net msg="user logged in"
2026-02-03 12:31:27 INFO module=auth msg="cache warmed up"
2026-02-03 12:34:52 INFO module=sched msg="user logged in"
2026-02-03 12:42:09 INFO module=disk msg="service started"
2026-02-03 12:42:21 ERROR module=net msg="query failed"
2026-02-03 12:43:00 INFO module=api msg="user logged in"
2026-02-03 12:44:51 INFO module=auth msg="job scheduled"
2026-02-03 12:49:18 INFO module=net msg="job scheduled"
2026-02-03 12:49:20 WARN module=disk msg="token expires soon"
2026-02-03 12:51:49 INFO module=api msg="service started"
2026-02-03 12:53:16 INFO module=fs msg="request completed"
2026-02-03 12:54:13 DEBUG module=auth msg="entering handler"
2026-02-03 12:56:37 INFO module=fs msg="config reloaded"
2026-02-03 12:59:31 INFO module=auth msg="config reloaded"
2026-02-03 13:00:20 INFO module=auth msg="job scheduled"
2026-02-03 13:02:25 INFO module=api msg="cache warmed up"
2026-02-03 13:09:15 INFO module=fs msg="request completed"
2026-02-03 13:11:29 INFO module=auth msg="user logged in"
2026-02-03 13:13:48 INFO module=fs msg="job scheduled"
2026-02-03 13:16:28 INFO module=api msg="service started"
2026-02-03 13:18:58 INFO module=api msg="request completed"
2026-02-03 13:21:55 DEBUG module=sched msg="buffer flushed"
2026-02-03 13:22:12 INFO module=fs msg="user logged in"
2026-02-03 13:22:13 INFO module=sched msg="request completed"
2026-02-03 13:24:29 DEBUG module=auth msg="queue length checked"
2026-02-03 13:26:06 WARN module=cache msg="slow response"
2026-02-03 13:26:26 INFO module=disk msg="request completed"
2026-02-03 13:27:09 ERROR module=disk msg="segment read failed"
2026-02-03 13:30:13 WARN module=auth msg="token expires soon"
2026-02-03 13:31:41 INFO module=auth msg="cache warmed up"
2026-02-03 13:33:11 WARN module=cache msg="deprecated option used"
2026-02-03 13:38:20 WARN module=disk msg="slow response"
2026-02-03 13:39:54 INFO module=auth msg="cache warmed up"
2026-02-03 13:40:15 INFO module=api msg="service started"
2026-02-03 13:41:53 WARN module=db msg="slow response"
2026-02-03 13:44:53 INFO module=cache msg="job scheduled"
2026-02-03 13:47:41 ERROR module=auth msg="invalid token"
2026-02-03 13:47:54 INFO module=net msg="request completed"
2026-02-03 13:50:53 DEBUG module=sched msg="queue length checked"
2026-02-03 13:51:54 WARN module=auth msg="disk usage above 80%"
2026-02-03 13:52:16 DEBUG module=api msg="entering handler"
2026-02-03 13:54:19 ERROR module=fs msg="invalid token"
2026-02-03 13:54:25 WARN module=disk msg="disk usage above 80%"
2026-02-03 13:54:48 INFO module=auth msg="config reloaded"
2026-02-03 13:59:05 ERROR module=fs msg="query failed"
2026-02-03 14:04:27 WARN module=disk msg="retrying request"
2026-02-03 14:07:11 WARN module=api msg="retrying request"
2026-02-03 14:07:16 WARN module=disk msg="token expires soon"
2026-02-03 14:09:40 INFO module=api msg="request completed"
2026-02-03 14:15:23 INFO module=auth msg="request completed"
2026-02-03 14:16:12 INFO module=disk msg="request completed"
2026-02-03 14:23:48 DEBUG module=api msg="retry counter reset"
2026-02-03 14:24:39 DEBUG module=sched msg="retry counter reset"
2026-02-03 14:27:48 INFO module=cache msg="request completed"
2026-02-03 14:28:23 INFO module=db msg="job scheduled"
2026-02-03 14:31:34 INFO module=cache msg="cache warmed up"
2026-02-03 14:33:48 INFO module=disk msg="service started"
2026-02-03 14:34:29 WARN module=cache msg="retrying request"
2026-02-03 14:36:57 INFO module=db msg="cache warmed up"
2026-02-03 14:38:15 INFO module=auth msg="cache warmed up"
2026-02-03 14:46:22 WARN module=api msg="disk usage above 80%"
2026-02-03 14:46:53 INFO module=api msg="request completed"
2026-02-03 14:49:48 INFO module=disk msg="cache warmed up"
2026-02-03 15:01:47 WARN module=cache msg="slow response"
2026-02-03 15:02:18 INFO module=net msg="cache warmed up"
2026-02-03 15:04:39 DEBUG module=api msg="entering handler"
2026-02-03 15:18:29 INFO module=api msg="cache warmed up"
2026-02-03 15:20:25 INFO module=net msg="config reloaded"
2026-02-03 15:20:51 INFO module=net msg="config reloaded"
2026-02-03 15:24:54 INFO module=auth msg="user logged in"
2026-02-03 15:28:59 INFO module=cache msg="service started"
2026-02-03 15:37:04 INFO module=fs msg="job scheduled"
2026-02-03 15:37:46 ERROR module=net msg="segment read failed"
2026-02-03 15:38:17 INFO module=auth msg="request completed"
2026-02-03 15:40:04 WARN module=disk msg="deprecated option used"
2026-02-03 15:40:16 WARN module=api msg="token expires soon"
2026-02-03 15:43:10 DEBUG module=cache msg="retry counter reset"
2026-02-03 15:43:41 INFO module=disk msg="user logged in"
2026-02-03 15:44:35 ERROR module=fs msg="invalid token"
2026-02-03 15:44:50 INFO module=api msg="user logged in"
2026-02-03 15:46:08 WARN module=db msg="retrying request"
2026-02-03 15:46:18 INFO module=net msg="cache warmed up"
2026-02-03 15:47:35 INFO module=auth msg="request completed"
2026-02-03 15:47:50 WARN module=api msg="retrying request"
2026-02-03 15:53:11 INFO module=auth msg="user logged in"
2026-02-03 15:56:53 INFO module=db msg="job scheduled"
2026-02-03 15:58:02 WARN module=api msg="disk usage above 80%"
2026-02-03 15:59:07 DEBUG module=disk msg="heartbeat sent"
2026-02-03 16:04:01 INFO module=sched msg="request completed"
2026-02-03 16:04:37 WARN module=net msg="slow response"
2026-02-03 16:07:21 INFO module=fs msg="cache warmed up"
2026-02-03 16:08:45 WARN module=db msg="disk usage above 80%"
2026-02-03 16:09:14 INFO module=auth msg="job scheduled"
2026-02-03 16:10:23 INFO module=auth msg="job scheduled"
2026-02-03 16:11:17 INFO module=api msg="user logged in"
2026-02-03 16:11:19 ERROR module=net msg="connection timeout"
2026-02-03 16:11:23 INFO module=net msg="service started"
2026-02-03 16:12:07 INFO module=net msg="user logged in"
2026-02-03 16:14:55 INFO module=api msg="user logged in"
2026-02-03 16:22:50 INFO module=api msg="job scheduled"
2026-02-03 16:23:59 WARN module=sched msg="deprecated option used"
2026-02-03 16:24:11 WARN module=api msg="disk usage above 80%"
2026-02-03 16:27:58 INFO module=disk msg="cache warmed up"
2026-02-03 16:28:47 INFO module=auth msg="job scheduled"
2026-02-03 16:30:52 INFO module=api msg="service started"
2026-02-03 16:30:55 WARN module=sched msg="deprecated option used"
2026-02-03 16:31:48 DEBUG module=cache msg="retry counter reset"
2026-02-03 16:34:24 WARN module=net msg="retrying request"
2026-02-03 16:39:49 INFO module=db msg="config reloaded"
2026-02-03 16:40:21 INFO module=fs msg="service started"
2026-02-03 16:40:22 DEBUG module=sched msg="queue length checked"
2026-02-03 16:42:24 WARN module=net msg="disk usage above 80%"
2026-02-03 16:46:44 ERROR module=net msg="segment read failed"
2026-02-03 16:47:32 INFO module=api msg="cache warmed up"
2026-02-03 16:53:48 DEBUG module=fs msg="heartbeat sent"
2026-02-03 16:57:35 INFO module=net msg="user logged in"
2026-02-03 16:57:41 ERROR module=db msg="invalid token"
2026-02-03 16:59:27 INFO module=cache msg="user logged in"
2026-02-03 17:00:51 INFO module=cache msg="request completed"
2026-02-03 17:02:45 INFO module=sched msg="cache warmed up"
2026-02-03 17:02:46 WARN module=net msg="token expires soon"
2026-02-03 17:06:07 DEBUG module=cache msg="queue length checked"
2026-02-03 17:08:13 INFO module=net msg="config reloaded"
2026-02-03 17:09:21 ERROR module=net msg="no space left on device"
2026-02-03 17:09:53 INFO module=cache msg="cache warmed up"
2026-02-03 17:10:19 WARN module=net msg="slow response"
2026-02-03 17:10:42 DEBUG module=sched msg="retry counter reset"
2026-02-03 17:11:05 WARN module=disk msg="deprecated option used"
2026-02-03 17:11:43 INFO module=auth msg="request completed"
2026-02-03 17:15:11 INFO module=net msg="request completed"
2026-02-03 17:15:15 INFO module=fs msg="request completed"
2026-02-03 17:17:04 INFO module=disk msg="job scheduled"
2026-02-03 17:17:17 INFO module=disk msg="request completed"
2026-02-03 17:17:32 INFO module=api msg="service started"
2026-02-03 17:18:39 DEBUG module=cache msg="queue length checked"
2026-02-03 17:19:53 DEBUG module=sched msg="queue length checked"
2026-02-03 17:21:11 WARN module=cache msg="retrying request"
2026-02-03 17:22:14 DEBUG module=api msg="entering handler"
2026-02-03 17:22:20 INFO module=net msg="cache warmed up"
2026-02-03 17:27:57 INFO module=api msg="job scheduled"
2026-02-03 17:31:49 DEBUG module=sched msg="queue length checked"
2026-02-03 17:31:52 INFO module=db msg="cache warmed up"
2026-02-03 17:36:15 DEBUG module=db msg="retry counter reset"
2026-02-03 17:37:36 WARN module=disk msg="retrying request"
2026-02-03 17:39:44 WARN module=net msg="disk usage above 80%"
2026-02-03 17:45:23 ERROR module=db msg="connection refused"
2026-02-03 17:45:46 INFO module=sched msg="cache warmed up"
2026-02-03 17:49:18 WARN module=api msg="slow response"
2026-02-03 17:51:47 DEBUG module=sched msg="queue length checked"
2026-02-03 17:54:25 INFO module=fs msg="config reloaded"
2026-02-03 18:01:45 INFO module=fs msg="cache warmed up"
2026-02-03 18:02:13 WARN module=net msg="slow response"
2026-02-03 18:02:51 INFO module=sched msg="cache warmed up"
2026-02-03 18:04:35 INFO module=api msg="job scheduled"
2026-02-03 18:04:47 WARN module=cache msg="slow response"
2026-02-03 18:05:33 ERROR module=net msg="no space left on device"
2026-02-03 18:06:01 INFO module=api msg="config reloaded"
2026-02-03 18:06:13 INFO module=api msg="cache warmed up"
2026-02-03 18:07:57 WARN module=disk msg="disk usage above 80%"
2026-02-03 18:08:42 INFO module=sched msg="config reloaded"
2026-02-03 18:09:23 INFO module=fs msg="config reloaded"
2026-02-03 18:14:28 DEBUG module=net msg="entering handler"
2026-02-03 18:16:06 INFO module=db msg="cache warmed up"
2026-02-03 18:17:00 DEBUG module=sched msg="queue length checked"
2026-02-03 18:30:23 INFO module=api msg="config reloaded"
2026-02-03 18:32:09 INFO module=cache msg="service started"
2026-02-03 18:36:36 INFO module=net msg="user logged in"
2026-02-03 18:41:52 INFO module=api msg="service started"
2026-02-03 18:43:31 WARN module=sched msg="retrying request"
2026-02-03 18:43:33 INFO module=cache msg="config reloaded"
2026-02-03 18:45:34 DEBUG module=disk msg="heartbeat sent"
2026-02-03 18:47:20 INFO module=fs msg="user logged in"
2026-02-03 18:48:31 INFO module=auth msg="cache warmed up"
2026-02-03 18:48:35 DEBUG module=api msg="queue length checked"
2026-02-03 18:49:30 WARN module=cache msg="deprecated option used"
2026-02-03 18:49:57 DEBUG module=api msg="retry counter reset"
2026-02-03 18:50:55 INFO module=auth msg="job scheduled"
2026-02-03 18:51:04 DEBUG module=fs msg="entering handler"
2026-02-03 18:56:50 DEBUG module=api msg="heartbeat sent"
2026-02-03 18:59:09 INFO module=fs msg="service started"
2026-02-03 19:02:02 INFO module=api msg="user logged in"
2026-02-03 19:15:21 INFO module=disk msg="job scheduled"
2026-02-03 19:16:15 DEBUG module=fs msg="retry counter reset"
2026-02-03 19:23:38 INFO module=db msg="config reloaded"
2026-02-03 19:26:03 INFO module=api msg="service started"
2026-02-03 19:27:38 WARN module=cache msg="deprecated option used"
2026-02-03 19:30:48 INFO module=net msg="cache warmed up"
2026-02-03 19:32:24 WARN module=api msg="slow response"
2026-02-03 19:40:46 INFO module=fs msg="user logged in"
2026-02-03 19:42:04 DEBUG module=disk msg="entering handler"
2026-02-03 19:44:03 INFO module=db msg="cache warmed up"
2026-02-03 19:47:48 INFO module=auth msg="user logged in"
2026-02-03 19:49:30 WARN module=db msg="token expires soon"
2026-02-03 19:54:51 INFO module=fs msg="user logged in"
2026-02-03 19:58:00 INFO module=api msg="job scheduled"
2026-02-03 20:01:09 INFO module=db msg="cache warmed up"
2026-02-03 20:04:36 INFO module=fs msg="job scheduled"
2026-02-03 20:06:09 INFO module=disk msg="request completed"
2026-02-03 20:08:36 DEBUG module=cache msg="queue length checked"
2026-02-03 20:09:39 INFO module=net msg="config reloaded"
2026-02-03 20:11:12 WARN module=net msg="slow response"
2026-02-03 20:15:37 INFO module=api msg="cache warmed up"
2026-02-03 20:18:47 INFO module=net msg="request completed"
2026-02-03 20:25:11 INFO module=auth msg="config reloaded"
2026-02-03 20:26:39 INFO module=db msg="cache warmed up"
2026-02-03 20:30:31 INFO module=auth msg="job scheduled"
2026-02-03 20:40:47 INFO module=db msg="config reloaded"
2026-02-03 20:48:20 WARN module=net msg="token expires soon"
2026-02-03 20:50:18 INFO module=sched msg="cache warmed up"
2026-02-03 20:53:19 INFO module=net msg="user logged in"
2026-02-03 20:53:35 INFO module=db msg="request completed"
2026-02-03 20:55:55 INFO module=db msg="request completed"
2026-02-03 21:02:36 DEBUG module=auth msg="queue length checked"
2026-02-03 21:07:40 INFO module=db msg="cache warmed up"
2026-02-03 21:08:34 INFO module=auth msg="cache warmed up"
2026-02-03 21:13:29 WARN module=net msg="deprecated option used"
2026-02-03 21:14:33 DEBUG module=fs msg="retry counter reset"
2026-02-03 21:16:25 WARN module=db msg="disk usage above 80%"
2026-02-03 21:18:22 WARN module=net msg="disk usage above 80%"
2026-02-03 21:21:58 INFO module=fs msg="job scheduled"
2026-02-03 21:22:57 DEBUG module=db msg="entering handler"
2026-02-03 21:26:28 INFO module=fs msg="config reloaded"
2026-02-03 21:26:54 DEBUG module=cache msg="entering handler"
2026-02-03 21:27:10 WARN module=net msg="deprecated option used"
2026-02-03 21:38:07 INFO module=disk msg="cache warmed up"
2026-02-03 21:40:08 DEBUG module=auth msg="entering handler"
2026-02-03 21:44:10 INFO module=net msg="job scheduled"
2026-02-03 21:49:17 INFO module=auth msg="request completed"
2026-02-03 21:51:21 INFO module=cache msg="config reloaded"
2026-02-03 21:51:32 DEBUG module=api msg="retry counter reset"
2026-02-03 21:53:08 DEBUG module=db msg="queue length checked"
2026-02-03 22:02:00 WARN module=cache msg="retrying request"
2026-02-03 22:05:22 INFO module=sched msg="cache warmed up"
2026-02-03 22:06:25 INFO module=disk msg="cache warmed up"
2026-02-03 22:07:44 ERROR module=disk msg="segment read failed"
2026-02-03 22:08:34 INFO module=sched msg="user logged in"
2026-02-03 22:09:59 DEBUG module=api msg="entering handler"
2026-02-03 22:12:45 ERROR module=disk msg="query failed"
2026-02-03 22:23:36 INFO module=net msg="job scheduled"
2026-02-03 22:36:32 DEBUG module=sched msg="queue length checked"
2026-02-03 22:36:50 DEBUG module=cache msg="buffer flushed"
2026-02-03 22:38:03 INFO module=net msg="request completed"
2026-02-03 22:40:45 ERROR module=fs msg="connection timeout"
2026-02-03 22:42:07 DEBUG module=cache msg="retry counter reset"
2026-02-03 22:44:11 INFO module=net msg="service started"
2026-02-03 22:47:28 DEBUG module=auth msg="queue length checked"
2026-02-03 22:52:53 WARN module=api msg="retrying request"
2026-02-03 22:58:41 ERROR module=auth msg="no space left on device"
2026-02-03 22:58:44 WARN module=disk msg="deprecated option used"
2026-02-03 23:06:57 INFO module=sched msg="service started"
2026-02-03 23:07:51 INFO module=net msg="cache warmed up"
2026-02-03 23:10:23 INFO module=net msg="job scheduled"
2026-02-03 23:11:50 INFO module=api msg="job scheduled"
2026-02-03 23:14:19 INFO module=fs msg="config reloaded"
2026-02-03 23:15:54 INFO module=api msg="user logged in"
2026-02-03 23:17:35 INFO module=auth msg="cache warmed up"
2026-02-03 23:18:46 INFO module=auth msg="service started"
2026-02-03 23:19:18 INFO module=db msg="job scheduled"
2026-02-03 23:23:59 INFO module=sched msg="service started"
2026-02-03 23:24:14 DEBUG module=sched msg="retry counter reset"
2026-02-03 23:27:34 INFO module=fs msg="service started"
2026-02-03 23:28:59 INFO module=net msg="user logged in"
2026-02-03 23:33:56 INFO module=cache msg="cache warmed up"
2026-02-03 23:35:21 ERROR module=db msg="connection refused"
2026-02-03 23:39:56 INFO module=cache msg="job scheduled"
2026-02-03 23:48:33 DEBUG module=cache msg="queue length checked"
2026-02-03 23:55:48 DEBUG module=net msg="buffer flushed"
2026-02-03 23:55:58 DEBUG module=cache msg="buffer flushed"
2026-02-03 23:59:20 INFO module=fs msg="user logged in"
