2026-02-05 00:04:08 ERROR module=cache msg="no space left on device"
2026-02-05 00:14:08 ERROR module=net msg="query failed"
2026-02-05 00:14:16 INFO module=net msg="user logged in"
2026-02-05 00:17:15 WARN module=disk msg="retrying request"
2026-02-05 00:18:46 INFO module=cache msg="config reloaded"
2026-02-05 00:21:59 INFO module=disk msg="job scheduled"
2026-02-05 00:24:25 DEBUG module=api msg="buffer flushed"
2026-02-05 00:27:53 DEBUG module=net msg="buffer flushed"
2026-02-05 00:28:54 INFO module=net msg="cache warmed up"
2026-02-05 00:31:20 INFO module=disk msg="cache warmed up"
2026-02-05 00:38:06 ERROR module=net msg="invalid token"
2026-02-05 00:38:50 DEBUG module=disk msg="entering handler"
2026-02-05 00:38:55 INFO module=disk msg="request completed"
2026-02-05 00:44:51 INFO module=fs msg="service started"
2026-02-05 00:48:30 DEBUG module=cache msg="heartbeat sent"
2026-02-05 00:48:40 WARN module=disk msg="retrying request"
2026-02-05 00:49:05 WARN module=db msg="disk usage above 80%"
2026-02-05 00:56:36 ERROR module=api msg="invalid token"
2026-02-05 00:59:41 INFO module=cache msg="job scheduled"
2026-02-05 01:02:07 DEBUG module=sched msg="buffer flushed"
2026-02-05 01:07:50 WARN module=disk msg="retrying request"
2026-02-05 01:13:43 ERROR module=auth msg="query failed"
2026-02-05 01:17:12 INFO module=api msg="user logged in"
2026-02-05 01:18:27 INFO module=api msg="config reloaded"
2026-02-05 01:20:13 DEBUG module=sched msg="heartbeat sent"
2026-02-05 01:20:55 INFO module=api msg="config reloaded"
2026-02-05 01:22:40 DEBUG module=cache msg="heartbeat sent"
2026-02-05 01:22:45 INFO module=api msg="job scheduled"
2026-02-05 01:24:22 INFO module=api msg="cache warmed up"
2026-02-05 01:24:41 INFO module=auth msg="config reloaded"
2026-02-05 01:25:26 INFO module=auth msg="service started"
2026-02-05 01:32:45 WARN module=api msg="retrying request"
2026-02-05 01:33:35 DEBUG module=api msg="queue length checked"
2026-02-05 01:33:58 INFO module=api msg="config reloaded"
2026-02-05 01:35:45 ERROR module=disk msg="invalid token"
2026-02-05 01:36:31 INFO module=disk msg="config reloaded"
2026-02-05 01:40:45 INFO module=sched msg="request completed"
2026-02-05 01:40:56 INFO module=cache msg="service started"
2026-02-05 01:43:43 INFO module=cache msg="cache warmed up"
2026-02-05 01:44:25 DEBUG module=auth msg="buffer flushed"
2026-02-05 01:45:16 INFO module=disk msg="cache warmed up"
2026-02-05 01:47:07 INFO module=sched msg="cache warmed up"
2026-02-05 01:47:27 INFO module=auth msg="request completed"
2026-02-05 01:48:58 ERROR module=db msg="connection timeout"
2026-02-05 01:49:35 INFO module=auth msg="cache warmed up"
2026-02-05 01:50:55 INFO module=fs msg="service started"
2026-02-05 01:52:39 WARN module=net msg="retrying request"
2026-02-05 01:58:18 WARN module=auth msg="disk usage above 80%"
2026-02-05 01:58:49 WARN module=db msg="deprecated option used"
2026-02-05 01:59:13 ERROR module=disk msg="invalid token"
2026-02-05 02:01:38 WARN module=disk msg="slow response"
2026-02-05 02:02:37 WARN module=net msg="deprecated option used"
2026-02-05 02:05:23 INFO module=net msg="request completed"
2026-02-05 02:07:03 WARN module=fs msg="retrying request"
2026-02-05 02:07:16 INFO module=net msg="cache warmed up"
2026-02-05 02:08:56 INFO module=net msg="request completed"
2026-02-05 02:10:17 INFO module=disk msg="cache warmed up"
2026-02-05 02:11:13 INFO module=api msg="config reloaded"
2026-02-05 02:12:13 INFO module=sched msg="service started"
2026-02-05 02:17:26 INFO module=api msg="user logged in"
2026-02-05 02:18:27 INFO module=auth msg="service started"
2026-02-05 02:19:17 INFO module=sched msg="config reloaded"
2026-02-05 02:20:46 INFO module=cache msg="service started"
2026-02-05 02:21:59 INFO module=auth msg="user logged in"
2026-02-05 02:22:50 INFO module=auth msg="cache warmed up"
2026-02-05 02:23:49 ERROR module=db msg="connection timeout"
2026-02-05 02:24:27 DEBUG module=net msg="entering handler"
2026-02-05 02:27:04 INFO module=api msg="cache warmed up"
2026-02-05 02:29:11 INFO module=api msg="service started"
2026-02-05 02:35:03 INFO module=db msg="cache warmed up"
2026-02-05 02:38:03 INFO module=disk msg="service started"
2026-02-05 02:38:11 INFO module=cache msg="service started"
2026-02-05 02:40:21 INFO module=fs msg="job scheduled"
2026-02-05 02:42:15 INFO module=db msg="user logged in"
2026-02-05 02:45:34 INFO module=db msg="config reloaded"
2026-02-05 02:48:06 ERROR module=fs msg="connection timeout"
2026-02-05 02:52:58 INFO module=net msg="service started"
2026-02-05 02:54:22 INFO module=fs msg="service started"
2026-02-05 02:55:30 INFO module=cache msg="config reloaded"
2026-02-05 02:57:43 WARN module=db msg="retrying request"
2026-02-05 02:58:50 INFO module=net msg="config reloaded"
2026-02-05 03:00:06 INFO module=net msg="service started"
2026-02-05 03:03:32 INFO module=db msg="config reloaded"
2026-02-05 03:07:19 INFO module=cache msg="config reloaded"
2026-02-05 03:09:54 ERROR module=api msg="query failed"
2026-02-05 03:13:25 INFO module=disk msg="cache warmed up"
2026-02-05 03:16:04 INFO module=api msg="config reloaded"
2026-02-05 03:17:07 INFO module=net msg="job scheduled"
2026-02-05 03:21:15 INFO module=sched msg="job scheduled"
2026-02-05 03:21:39 ERROR module=disk msg="connection timeout"
2026-02-05 03:23:27 INFO module=sched msg="request completed"
2026-02-05 03:24:21 INFO module=net msg="job scheduled"
2026-02-05 03:24:53 INFO module=fs msg="user logged in"
2026-02-05 03:26:10 DEBUG module=sched msg="entering handler"
2026-02-05 03:27:56 DEBUG module=sched msg="retry counter reset"
2026-02-05 03:34:25 INFO module=db msg="config reloaded"
2026-02-05 03:38:46 INFO module=auth msg="user logged in"
2026-02-05 03:39:47 WARN module=db msg="slow response"
2026-02-05 03:42:09 INFO module=api msg="cache warmed up"
2026-02-05 03:42:28 INFO module=net msg="service started"
2026-02-05 03:42:56 WARN module=net msg="deprecated option used"
2026-02-05 03:48:27 WARN module=disk msg="token expires soon"
2026-02-05 03:49:16 INFO module=net msg="cache warmed up"
2026-02-05 03:49:27 DEBUG module=sched msg="buffer flushed"
2026-02-05 03:50:35 WARN module=net msg="disk usage above 80%"
2026-02-05 03:51:11 DEBUG module=cache msg="entering handler"
2026-02-05 03:51:13 INFO module=db msg="user logged in"
2026-02-05 03:52:37 DEBUG module=cache msg="retry counter reset"
2026-02-05 03:52:42 WARN module=net msg="token expires soon"
2026-02-05 04:06:06 WARN module=cache msg="token expires soon"
2026-02-05 04:08:13 ERROR module=disk msg="invalid token"
2026-02-05 04:09:24 DEBUG module=sched msg="buffer flushed"
2026-02-05 04:10:31 DEBUG module=sched msg="retry counter reset"
2026-02-05 04:10:40 WARN module=net msg="retrying request"
2026-02-05 04:11:22 WARN module=disk msg="token expires soon"
2026-02-05 04:12:34 INFO module=net msg="cache warmed up"
2026-02-05 04:16:38 INFO module=disk msg="service started"
2026-02-05 04:18:02 WARN module=fs msg="slow response"
2026-02-05 04:20:11 INFO module=sched msg="request completed"
2026-02-05 04:21:25 WARN module=sched msg="token expires soon"
2026-02-05 04:22:23 INFO module=net msg="user logged in"
2026-02-05 04:23:36 DEBUG module=fs msg="heartbeat sent"
2026-02-05 04:25:32 INFO module=net msg="request completed"
2026-02-05 04:28:21 INFO module=db msg="job scheduled"
2026-02-05 04:29:34 INFO module=cache msg="job scheduled"
2026-02-05 04:32:29 INFO module=disk msg="user logged in"
2026-02-05 04:32:54 INFO module=disk msg="service started"
2026-02-05 04:35:51 INFO module=sched msg="user logged in"
2026-02-05 04:36:07 INFO module=api msg="request completed"
2026-02-05 04:38:51 ERROR module=net msg="connection timeout"
2026-02-05 04:43:32 INFO module=disk msg="job scheduled"
2026-02-05 04:43:43 DEBUG module=fs msg="heartbeat sent"
2026-02-05 04:48:26 INFO module=net msg="cache warmed up"
2026-02-05 04:48:31 INFO module=db msg="service started"
2026-02-05 04:49:08 INFO module=disk msg="config reloaded"
2026-02-05 04:51:17 WARN module=disk msg="retrying request"
2026-02-05 04:51:41 WARN module=disk msg="slow response"
2026-02-05 04:56:10 INFO module=net msg="user logged in"
2026-02-05 05:06:40 INFO module=db msg="request completed"
2026-02-05 05:07:00 INFO module=api msg="user logged in"
2026-02-05 05:07:57 INFO module=fs msg="cache warmed up"
2026-02-05 05:08:43 ERROR module=db msg="connection refused"
2026-02-05 05:10:30 INFO module=sched msg="service started"
2026-02-05 05:10:52 INFO module=api msg="request completed"
2026-02-05 05:12:41 INFO module=api msg="job scheduled"
2026-02-05 05:13:45 DEBUG module=net msg="entering handler"
2026-02-05 05:14:03 INFO module=db msg="user logged in"
2026-02-05 05:14:31 INFO module=fs msg="user logged in"
2026-02-05 05:16:05 INFO module=disk msg="cache warmed up"
2026-02-05 05:22:02 INFO module=cache msg="cache warmed up"
2026-02-05 05:23:08 INFO module=cache msg="user logged in"
2026-02-05 05:25:01 INFO module=net msg="job scheduled"
2026-02-05 05:28:47 INFO module=db msg="request completed"
2026-02-05 05:29:38 INFO module=api msg="cache warmed up"
2026-02-05 05:32:15 INFO module=auth msg="job scheduled"
2026-02-05 05:34:05 INFO module=db msg="request completed"
2026-02-05 05:35:47 INFO module=cache msg="job scheduled"
2026-02-05 05:39:03 INFO module=api msg="request completed"
2026-02-05 05:41:14 INFO module=net msg="request completed"
2026-02-05 05:41:39 INFO module=auth msg="service started"
2026-02-05 05:42:01 INFO module=auth msg="config reloaded"
2026-02-05 05:42:26 INFO module=fs msg="job scheduled"
2026-02-05 05:49:04 INFO module=db msg="cache warmed up"
2026-02-05 05:49:47 INFO module=api msg="cache warmed up"
2026-02-05 05:49:52 WARN module=disk msg="retrying request"
2026-02-05 05:51:12 INFO module=disk msg="service started"
2026-02-05 05:53:46 DEBUG module=cache msg="retry counter reset"
2026-02-05 05:55:03 INFO module=cache msg="user logged in"
2026-02-05 05:55:42 ERROR module=net msg="connection timeout"
2026-02-05 06:00:42 INFO module=api msg="service started"
2026-02-05 06:03:13 INFO module=auth msg="user logged in"
2026-02-05 06:03:14 WARN module=disk msg="token expires soon"
2026-02-05 06:03:25 INFO module=sched msg="job scheduled"
2026-02-05 06:05:15 INFO module=sched msg="user logged in"
2026-02-05 06:09:47 ERROR module=cache msg="no space left on device"
2026-02-05 06:10:55 INFO module=db msg="cache warmed up"
2026-02-05 06:13:00 INFO module=db msg="user logged in"
2026-02-05 06:13:14 WARN module=cache msg="retrying request"
2026-02-05 06:13:16 INFO module=disk msg="service started"
2026-02-05 06:13:59 ERROR module=disk msg="permission denied"
2026-02-05 06:15:20 ERROR module=net msg="connection refused"
2026-02-05 06:18:21 DEBUG module=cache msg="retry counter reset"
2026-02-05 06:22:36 INFO module=db msg="config reloaded"
2026-02-05 06:27:36 WARN module=net msg="slow response"
2026-02-05 06:28:08 INFO module=fs msg="service started"
2026-02-05 06:30:16 WARN module=disk msg="disk usage above 80%"
2026-02-05 06:33:29 INFO module=cache msg="config reloaded"
2026-02-05 06:33:38 WARN module=db msg="slow response"
2026-02-05 06:34:19 ERROR module=sched msg="connection timeout"
2026-02-05 06:35:30 INFO module=api msg="job scheduled"
2026-02-05 06:35:43 INFO module=net msg="user logged in"
2026-02-05 06:40:09 INFO module=auth msg="request completed"
2026-02-05 06:41:41 WARN module=cache msg="token expires soon"
2026-02-05 06:41:50 INFO module=cache msg="user logged in"
2026-02-05 06:44:43 WARN module=db msg="slow response"
2026-02-05 06:45:32 DEBUG module=sched msg="heartbeat sent"
2026-02-05 06:46:15 INFO module=api msg="job scheduled"
2026-02-05 06:47:39 INFO module=net msg="service started"
2026-02-05 06:48:22 INFO module=db msg="cache warmed up"
2026-02-05 06:51:20 DEBUG module=disk msg="buffer flushed"
2026-02-05 06:54:26 ERROR module=disk msg="invalid token"
2026-02-05 07:00:12 INFO module=auth msg="cache warmed up"
2026-02-05 07:01:04 ERROR module=api msg="invalid token"
2026-02-05 07:03:25 WARN module=sched msg="token expires soon"
2026-02-05 07:05:42 INFO module=db msg="user logged in"
2026-02-05 07:06:10 WARN module=db msg="retrying request"
2026-02-05 07:07:35 INFO module=net msg="cache warmed up"
2026-02-05 07:09:32 DEBUG module=disk msg="queue length checked"
2026-02-05 07:10:36 WARN module=auth msg="retrying request"
2026-02-05 07:12:45 WARN module=db msg="slow response"
2026-02-05 07:14:47 INFO module=fs msg="user logged in"
2026-02-05 07:19:21 ERROR module=api msg="segment read failed"
2026-02-05 07:20:31 DEBUG module=api msg="queue length checked"
2026-02-05 07:25:03 WARN module=auth msg="deprecated option used"
2026-02-05 07:25:29 ERROR module=net msg="connection timeout"
2026-02-05 07:27:40 DEBUG module=api msg="queue length checked"
2026-02-05 07:28:06 ERROR module=disk msg="no space left on device"
2026-02-05 07:29:16 DEBUG module=cache msg="entering handler"
2026-02-05 07:33:00 INFO module=auth msg="request completed"
2026-02-05 07:33:55 DEBUG module=net msg="queue length checked"
2026-02-05 07:35:10 DEBUG module=cache msg="entering handler"
2026-02-05 07:36:56 DEBUG module=disk msg="queue length checked"
2026-02-05 07:38:11 INFO module=sched msg="cache warmed up"
2026-02-05 07:43:13 INFO module=net msg="user logged in"
2026-02-05 07:46:03 INFO module=db msg="job scheduled"
2026-02-05 07:47:48 DEBUG module=cache msg="buffer flushed"
2026-02-05 07:48:14 INFO module=db msg="config reloaded"
2026-02-05 07:52:09 INFO module=disk msg="user logged in"
2026-02-05 07:57:05 INFO module=auth msg="job scheduled"
2026-02-05 07:59:03 INFO module=net msg="service started"
2026-02-05 07:59:07 WARN module=auth msg="retrying request"
2026-02-05 07:59:23 DEBUG module=fs msg="buffer flushed"
2026-02-05 07:59:37 INFO module=api msg="user logged in"
2026-02-05 08:00:32 INFO module=net msg="job scheduled"
2026-02-05 08:01:27 ERROR module=cache msg="no space left on device"
2026-02-05 08:02:34 WARN module=db msg="retrying request"
2026-02-05 08:02:35 INFO module=auth msg="request completed"
2026-02-05 08:02:57 WARN module=disk msg="deprecated option used"
2026-02-05 08:05:13 DEBUG module=fs msg="retry counter reset"
2026-02-05 08:07:06 WARN module=api msg="slow response"
2026-02-05 08:07:27 INFO module=sched msg="cache warmed up"
2026-02-05 08:09:35 INFO module=auth msg="service started"
2026-02-05 08:10:00 INFO module=net msg="service started"
2026-02-05 08:18:18 INFO module=api msg="user logged in"
2026-02-05 08:19:21 INFO module=api msg="config reloaded"
2026-02-05 08:21:15 DEBUG module=disk msg="queue length checked"
2026-02-05 08:23:16 INFO module=db msg="service started"
2026-02-05 08:24:07 INFO module=sched msg="config reloaded"
2026-02-05 08:31:18 INFO module=net msg="config reloaded"
2026-02-05 08:32:33 WARN module=net msg="retrying request"
2026-02-05 08:33:50 WARN module=net msg="disk usage above 80%"
2026-02-05 08:34:02 INFO module=fs msg="job scheduled"
2026-02-05 08:35:09 INFO module=api msg="service started"
2026-02-05 08:35:20 INFO module=fs msg="request completed"
2026-02-05 08:35:43 INFO module=fs msg="service started"
2026-02-05 08:38:48 INFO module=net msg="service started"
2026-02-05 08:39:05 WARN module=fs msg="disk usage above 80%"
2026-02-05 08:40:51 WARN module=auth msg="disk usage above 80%"
2026-02-05 08:42:12 WARN module=net msg="token expires soon"
2026-02-05 08:42:44 DEBUG module=cache msg="entering handler"
2026-02-05 08:43:07 ERROR module=net msg="connection refused"
2026-02-05 08:43:37 WARN module=api msg="token expires soon"
2026-02-05 08:44:29 DEBUG module=api msg="heartbeat sent"
2026-02-05 08:45:19 WARN module=api msg="disk usage above 80%"
2026-02-05 08:46:37 INFO module=sched msg="service started"
2026-02-05 08:49:54 WARN module=db msg="slow response"
2026-02-05 08:52:41 INFO module=auth msg="config reloaded"
2026-02-05 08:53:08 INFO module=sched msg="request completed"
2026-02-05 08:54:09 DEBUG module=cache msg="retry counter reset"
2026-02-05 08:55:43 WARN module=cache msg="disk usage above 80%"
2026-02-05 09:01:08 INFO module=auth msg="request completed"
2026-02-05 09:01:32 INFO module=sched msg="service started"
2026-02-05 09:01:54 ERROR module=sched msg="permission denied"
2026-02-05 09:04:26 DEBUG module=db msg="retry counter reset"
2026-02-05 09:05:09 INFO module=api msg="user logged in"
2026-02-05 09:07:32 INFO module=net msg="request completed"
2026-02-05 09:09:01 INFO module=fs msg="config reloaded"
2026-02-05 09:09:33 DEBUG module=api msg="buffer flushed"
2026-02-05 09:09:39 INFO module=sched msg="service started"
2026-02-05 09:13:01 INFO module=db msg="cache warmed up"
2026-02-05 09:16:43 WARN module=disk msg="retrying request"
2026-02-05 09:16:49 INFO module=cache msg="user logged in"
2026-02-05 09:17:48 DEBUG module=sched msg="retry counter reset"
2026-02-05 09:20:27 ERROR module=db msg="query failed"
2026-02-05 09:22:59 WARN module=net msg="slow response"
2026-02-05 09:23:51 WARN module=disk msg="deprecated option used"
2026-02-05 09:24:11 INFO module=auth msg="user logged in"
2026-02-05 09:25:22 DEBUG module=sched msg="queue length checked"
2026-02-05 09:27:00 INFO module=net msg="user logged in"
2026-02-05 09:28:34 INFO module=fs msg="request completed"
2026-02-05 09:32:09 DEBUG module=db msg="retry counter reset"
2026-02-05 09:36:13 DEBUG module=auth msg="buffer flushed"
2026-02-05 09:37:35 INFO module=net msg="user logged in"
2026-02-05 09:39:57 DEBUG module=fs msg="queue length checked"
2026-02-05 09:40:11 INFO module=net msg="config reloaded"
2026-02-05 09:42:26 WARN module=net msg="retrying request"
2026-02-05 09:42:32 WARN module=net msg="deprecated option used"
2026-02-05 09:44:08 DEBUG module=sched msg="queue length checked"
2026-02-05 09:45:20 INFO module=net msg="service started"
2026-02-05 09:54:25 INFO module=fs msg="cache warmed up"
2026-02-05 09:55:09 INFO module=fs msg="user logged in"
2026-02-05 09:56:36 INFO module=api msg="user logged in"
2026-02-05 09:56:52 WARN module=disk msg="slow response"
2026-02-05 09:59:28 INFO module=api msg="config reloaded"
2026-02-05 09:59:47 ERROR module=net msg="segment read failed"
2026-02-05 10:00:53 INFO module=net msg="cache warmed up"
2026-02-05 10:02:02 WARN module=db msg="disk usage above 80%"
2026-02-05 10:02:25 ERROR module=disk msg="connection timeout"
2026-02-05 10:03:05 INFO module=db msg="user logged in"
2026-02-05 10:04:47 DEBUG module=sched msg="heartbeat sent"
2026-02-05 10:11:38 DEBUG module=disk msg="heartbeat sent"
2026-02-05 10:12:53 INFO module=cache msg="job scheduled"
2026-02-05 10:16:07 DEBUG module=fs msg="entering handler"
2026-02-05 10:16:32 WARN module=db msg="retrying request"
2026-02-05 10:17:16 INFO module=db msg="cache warmed up"
2026-02-05 10:17:36 ERROR module=net msg="no space left on device"
2026-02-05 10:18:19 INFO module=auth msg="request completed"
2026-02-05 10:18:46 INFO module=auth msg="user logged in"
2026-02-05 10:20:22 INFO module=fs msg="job scheduled"
2026-02-05 10:20:28 ERROR module=db msg="segment read failed"
2026-02-05 10:20:58 INFO module=net msg="service started"
2026-02-05 10:21:19 INFO module=api msg="request completed"
2026-02-05 10:22:51 INFO module=api msg="config reloaded"
2026-02-05 10:23:22 INFO module=api msg="request completed"
2026-02-05 10:26:33 DEBUG module=disk msg="retry counter reset"
2026-02-05 10:28:57 DEBUG module=sched msg="entering handler"
2026-02-05 10:29:59 INFO module=net msg="config reloaded"
2026-02-05 10:30:14 INFO module=auth msg="config reloaded"
2026-02-05 10:31:18 WARN module=db msg="deprecated option used"
2026-02-05 10:37:50 DEBUG module=fs msg="queue length checked"
2026-02-05 10:41:31 INFO module=cache msg="service started"
2026-02-05 10:44:20 INFO module=db msg="user logged in"
2026-02-05 10:47:10 WARN module=db msg="retrying request"
2026-02-05 10:47:20 INFO module=disk msg="config reloaded"
2026-02-05 10:47:54 INFO module=sched msg="config reloaded"
2026-02-05 10:49:15 WARN module=fs msg="token expires soon"
2026-02-05 10:50:23 INFO module=api msg="job scheduled"
2026-02-05 10:51:29 INFO module=net msg="user logged in"
2026-02-05 10:54:38 ERROR module=db msg="query failed"
2026-02-05 11:00:37 INFO module=cache msg="service started"
2026-02-05 11:01:16 INFO module=auth msg="user logged in"
2026-02-05 11:07:24 DEBUG module=db msg="queue length checked"
2026-02-05 11:09:27 INFO module=sched msg="request completed"
2026-02-05 11:11:53 INFO module=sched msg="user logged in"
2026-02-05 11:13:36 DEBUG module=api msg="heartbeat sent"
2026-02-05 11:14:27 INFO module=cache msg="service started"
2026-02-05 11:16:59 INFO module=net msg="cache warmed up"
2026-02-05 11:18:24 INFO module=disk msg="config reloaded"
2026-02-05 11:20:47 INFO module=cache msg="service started"
2026-02-05 11:24:40 INFO module=db msg="service started"
2026-02-05 11:30:35 WARN module=db msg="disk usage above 80%"
2026-02-05 11:31:12 INFO module=net msg="service started"
2026-02-05 11:32:39 INFO module=db msg="request completed"
2026-02-05 11:33:07 DEBUG module=api msg="queue length checked"
2026-02-05 11:33:47 INFO module=db msg="request completed"
2026-02-05 11:33:55 INFO module=sched msg="cache warmed up"
2026-02-05 11:34:01 WARN module=disk msg="deprecated option used"
2026-02-05 11:36:48 INFO module=auth msg="job scheduled"
2026-02-05 11:37:27 DEBUG module=sched msg="heartbeat sent"
2026-02-05 11:38:30 WARN module=cache msg="deprecated option used"
2026-02-05 11:42:50 INFO module=api msg="request completed"
2026-02-05 11:43:58 WARN module=fs msg="retrying request"
2026-02-05 11:44:34 INFO module=api msg="service started"
2026-02-05 11:51:54 DEBUG module=fs msg="heartbeat sent"
2026-02-05 11:53:22 WARN module=db msg="retrying request"
2026-02-05 11:55:21 INFO module=db msg="service started"
2026-02-05 11:59:23 INFO module=db msg="cache warmed up"
2026-02-05 11:59:31 INFO module=db msg="config reloaded"
2026-02-05 12:03:49 INFO module=api msg="user logged in"
2026-02-05 12:17:08 DEBUG module=sched msg="entering handler"
2026-02-05 12:18:37 INFO module=cache msg="config reloaded"
2026-02-05 12:19:14 INFO module=cache msg="user logged in"
2026-02-05 12:22:32 INFO module=db msg="service started"
2026-02-05 12:26:34 WARN module=db msg="deprecated option used"
2026-02-05 12:28:26 INFO module=auth msg="user logged in"
2026-02-05 12:29:20 INFO module=api msg="user logged in"
2026-02-05 12:30:19 INFO module=sched msg="cache warmed up"
2026-02-05 12:30:32 INFO module=fs msg="config reloaded"
2026-02-05 12:31:05 INFO module=auth msg="cache warmed up"
2026-02-05 12:32:41 WARN module=api msg="token expires soon"
2026-02-05 12:33:41 INFO module=auth msg="config reloaded"
2026-02-05 12:33:57 DEBUG module=cache msg="heartbeat sent"
2026-02-05 12:35:46 WARN module=disk msg="disk usage above 80%"
2026-02-05 12:36:45 INFO module=db msg="cache warmed up"
2026-02-05 12:44:35 INFO module=sched msg="cache warmed up"
2026-02-05 12:48:57 INFO module=fs msg="request completed"
2026-02-05 12:50:57 WARN module=disk msg="slow response"
2026-02-05 12:51:36 DEBUG module=db msg="queue length checked"
2026-02-05 12:51:47 INFO module=disk msg="service started"
2026-02-05 12:53:05 DEBUG module=net msg="buffer flushed"
2026-02-05 12:57:52 INFO module=fs msg="config reloaded"
2026-02-05 13:02:34 DEBUG module=sched msg="buffer flushed"
2026-02-05 13:03:25 WARN module=db msg="retrying request"
2026-02-05 13:04:55 INFO module=net msg="request completed"
2026-02-05 13:06:15 INFO module=net msg="config reloaded"
2026-02-05 13:06:36 ERROR module=net msg="no space left on device"
2026-02-05 13:06:51 WARN module=cache msg="token expires soon"
2026-02-05 13:07:14 INFO module=db msg="user logged in"
2026-02-05 13:08:24 INFO module=db msg="cache warmed up"
2026-02-05 13:08:42 ERROR module=db msg="no space left on device"
2026-02-05 13:08:58 INFO module=net msg="request completed"
2026-02-05 13:10:01 INFO module=db msg="service started"
2026-02-05 13:10:49 DEBUG module=cache msg="queue length checked"
2026-02-05 13:13:08 INFO module=sched msg="request completed"
2026-02-05 13:13:24 INFO module=api msg="request completed"
2026-02-05 13:17:29 INFO module=net msg="request completed"
2026-02-05 13:18:38 WARN module=disk msg="retrying request"
2026-02-05 13:22:08 WARN module=api msg="deprecated option used"
2026-02-05 13:23:59 INFO module=fs msg="request completed"
2026-02-05 13:27:06 WARN module=disk msg="token expires soon"
2026-02-05 13:28:29 ERROR module=auth msg="no space left on device"
2026-02-05 13:28:30 INFO module=db msg="config reloaded"
2026-02-05 13:28:55 INFO module=db msg="user logged in"
2026-02-05 13:30:08 ERROR module=net msg="no space left on device"
2026-02-05 13:30:13 WARN module=auth msg="deprecated option used"
2026-02-05 13:31:35 INFO module=cache msg="service started"
2026-02-05 13:35:07 WARN module=cache msg="retrying request"
2026-02-05 13:39:39 INFO module=db msg="cache warmed up"
2026-02-05 13:39:41 WARN module=disk msg="deprecated option used"
2026-02-05 13:42:15 WARN module=cache msg="deprecated option used"
2026-02-05 13:43:06 WARN module=auth msg="deprecated option used"
2026-02-05 13:48:58 INFO module=auth msg="job scheduled"
2026-02-05 13:49:05 INFO module=cache msg="config reloaded"
2026-02-05 13:51:56 WARN module=db msg="deprecated option used"
2026-02-05 13:53:18 WARN module=fs msg="disk usage above 80%"
2026-02-05 13:57:49 INFO module=cache msg="user logged in"
2026-02-05 14:01:50 INFO module=fs msg="request completed"
2026-02-05 14:04:00 ERROR module=net msg="segment read failed"
2026-02-05 14:05:05 WARN module=net msg="disk usage above 80%"
2026-02-05 14:08:17 INFO module=auth msg="config reloaded"
2026-02-05 14:08:53 INFO module=fs msg="cache warmed up"
2026-02-05 14:09:45 INFO module=disk msg="cache warmed up"
2026-02-05 14:11:29 DEBUG module=sched msg="heartbeat sent"
2026-02-05 14:11:45 WARN module=net msg="token expires soon"
2026-02-05 14:12:26 INFO module=api msg="request completed"
2026-02-05 14:14:47 INFO module=db msg="cache warmed up"
2026-02-05 14:15:58 INFO module=db msg="user logged in"
2026-02-05 14:16:24 INFO module=disk msg="request completed"
2026-02-05 14:16:53 INFO module=net msg="config reloaded"
2026-02-05 14:22:18 INFO module=auth msg="service started"
2026-02-05 14:22:48 ERROR module=cache msg="permission denied"
2026-02-05 14:23:17 INFO module=db msg="cache warmed up"
2026-02-05 14:23:56 WARN module=api msg="slow response"
2026-02-05 14:26:23 INFO module=cache msg="config reloaded"
2026-02-05 14:28:55 INFO module=net msg="cache warmed up"
2026-02-05 14:30:26 INFO module=fs msg="job scheduled"
2026-02-05 14:32:56 DEBUG module=cache msg="buffer flushed"
2026-02-05 14:35:09 ERROR module=api msg="no space left on device"
2026-02-05 14:35:19 WARN module=net msg="deprecated option used"
2026-02-05 14:36:24 DEBUG module=disk msg="heartbeat sent"
2026-02-05 14:38:11 INFO module=db msg="request completed"
2026-02-05 14:41:05 INFO module=api msg="config reloaded"
2026-02-05 14:42:55 INFO module=api msg="user logged in"
2026-02-05 14:45:25 INFO module=cache msg="user logged in"
2026-02-05 14:49:48 INFO module=db msg="job scheduled"
2026-02-05 14:49:49 INFO module=cache msg="config reloaded"
2026-02-05 14:50:57 INFO module=cache msg="service started"
2026-02-05 14:51:00 INFO module=db msg="service started"
2026-02-05 14:56:16 INFO module=api msg="user logged in"
2026-02-05 14:57:23 ERROR module=db msg="segment read failed"
2026-02-05 14:58:12 WARN module=auth msg="token expires soon"
2026-02-05 15:00:20 DEBUG module=sched msg="buffer flushed"
2026-02-05 15:01:13 INFO module=db msg="user logged in"
2026-02-05 15:05:24 INFO module=cache msg="service started"
2026-02-05 15:06:10 WARN module=db msg="slow response"
2026-02-05 15:06:38 DEBUG module=fs msg="buffer flushed"
2026-02-05 15:07:56 INFO module=net msg="user logged in"
2026-02-05 15:11:32 ERROR module=api msg="query failed"
2026-02-05 15:11:36 INFO module=db msg="user logged in"
2026-02-05 15:14:15 WARN module=db msg="token expires soon"
2026-02-05 15:15:03 INFO module=cache msg="request completed"
2026-02-05 15:15:22 INFO module=api msg="request completed"
2026-02-05 15:16:21 INFO module=cache msg="job scheduled"
2026-02-05 15:18:08 INFO module=fs msg="config reloaded"
2026-02-05 15:18:21 INFO module=sched msg="service started"
2026-02-05 15:23:19 ERROR module=disk msg="segment read failed"
2026-02-05 15:26:14 DEBUG module=cache msg="buffer flushed"
2026-02-05 15:26:19 WARN module=auth msg="deprecated option used"
2026-02-05 15:26:21 INFO module=sched msg="cache warmed up"
2026-02-05 15:26:46 WARN module=disk msg="slow response"
2026-02-05 15:29:17 INFO module=net msg="user logged in"
2026-02-05 15:29:37 INFO module=api msg="request completed"
2026-02-05 15:32:37 ERROR module=net msg="connection refused"
2026-02-05 15:33:21 INFO module=net msg="service started"
2026-02-05 15:35:51 INFO module=api msg="cache warmed up"
2026-02-05 15:37:15 DEBUG module=db msg="heartbeat sent"
2026-02-05 15:38:51 DEBUG module=cache msg="buffer flushed"
2026-02-05 15:40:54 DEBUG module=fs msg="queue length checked"
2026-02-05 15:41:53 INFO module=auth msg="request completed"
2026-02-05 15:48:22 DEBUG module=cache msg="retry counter reset"
2026-02-05 15:48:45 DEBUG module=cache msg="buffer flushed"
2026-02-05 15:52:16 INFO module=fs msg="request completed"
2026-02-05 15:52:26 DEBUG module=sched msg="retry counter reset"
2026-02-05 15:52:32 DEBUG module=db msg="retry counter reset"
2026-02-05 15:54:42 INFO module=db msg="request completed"
2026-02-05 15:57:39 DEBUG module=sched msg="buffer flushed"
2026-02-05 15:57:41 INFO module=disk msg="service started"
2026-02-05 16:03:07 WARN module=cache msg="slow response"
2026-02-05 16:05:40 INFO module=net msg="user logged in"
2026-02-05 16:06:05 WARN module=fs msg="deprecated option used"
2026-02-05 16:06:39 INFO module=sched msg="user logged in"
2026-02-05 16:06:55 INFO module=disk msg="service started"
2026-02-05 16:08:00 INFO module=api msg="request completed"
2026-02-05 16:08:13 ERROR module=net msg="no space left on device"
2026-02-05 16:10:49 ERROR module=cache msg="connection refused"
2026-02-05 16:11:12 INFO module=db msg="job scheduled"
2026-02-05 16:11:58 INFO module=api msg="request completed"
2026-02-05 16:12:25 WARN module=cache msg="retrying request"
2026-02-05 16:14:17 INFO module=db msg="config reloaded"
2026-02-05 16:15:07 INFO module=auth msg="user logged in"
2026-02-05 16:15:22 WARN module=net msg="slow response"
2026-02-05 16:15:38 WARN module=api msg="token expires soon"
2026-02-05 16:15:42 DEBUG module=db msg="entering handler"
2026-02-05 16:15:50 INFO module=fs msg="config reloaded"
2026-02-05 16:16:29 DEBUG module=fs msg="queue length checked"
2026-02-05 16:22:47 WARN module=net msg="deprecated option used"
2026-02-05 16:27:34 DEBUG module=sched msg="heartbeat sent"
2026-02-05 16:27:55 INFO module=fs msg="job scheduled"
2026-02-05 16:28:51 INFO module=auth msg="service started"
2026-02-05 16:29:10 DEBUG module=net msg="entering handler"
2026-02-05 16:29:40 INFO module=disk msg="user logged in"
2026-02-05 16:29:47 INFO module=sched msg="job scheduled"
2026-02-05 16:31:36 DEBUG module=api msg="buffer flushed"
2026-02-05 16:36:55 INFO module=api msg="cache warmed up"
2026-02-05 16:36:57 INFO module=disk msg="cache warmed up"
2026-02-05 16:37:17 INFO module=net msg="user logged in"
2026-02-05 16:37:42 INFO module=cache msg="job scheduled"
2026-02-05 16:37:47 INFO module=sched msg="config reloaded"
2026-02-05 16:38:09 WARN module=auth msg="disk usage above 80%"
2026-02-05 16:44:12 INFO module=auth msg="request completed"
2026-02-05 16:44:25 INFO module=net msg="job scheduled"
2026-02-05 16:46:41 INFO module=api msg="service started"
2026-02-05 16:49:20 INFO module=api msg="request completed"
2026-02-05 16:49:24 INFO module=disk msg="service started"
2026-02-05 16:50:21 INFO module=auth msg="config reloaded"
2026-02-05 16:50:31 WARN module=fs msg="slow response"
2026-02-05 16:50:34 INFO module=auth msg="service started"
2026-02-05 16:51:36 ERROR module=sched msg="connection timeout"
2026-02-05 16:54:19 INFO module=net msg="config reloaded"
2026-02-05 16:54:40 INFO module=disk msg="request completed"
2026-02-05 16:55:14 WARN module=db msg="disk usage above 80%"
2026-02-05 16:57:24 WARN module=api msg="retrying request"
2026-02-05 16:57:56 INFO module=sched msg="service started"
2026-02-05 16:59:59 DEBUG module=cache msg="buffer flushed"
2026-02-05 17:06:59 INFO module=fs msg="request completed"
2026-02-05 17:07:52 DEBUG module=cache msg="buffer flushed"
2026-02-05 17:10:30 WARN module=sched msg="token expires soon"
2026-02-05 17:11:08 INFO module=api msg="user logged in"
2026-02-05 17:12:55 INFO module=api msg="request completed"
2026-02-05 17:13:10 DEBUG module=sched msg="queue length checked"
2026-02-05 17:13:24 WARN module=api msg="token expires soon"
2026-02-05 17:19:37 INFO module=disk msg="user logged in"
2026-02-05 17:19:51 INFO module=disk msg="config reloaded"
2026-02-05 17:21:39 WARN module=db msg="deprecated option used"
2026-02-05 17:26:08 INFO module=api msg="cache warmed up"
2026-02-05 17:29:21 INFO module=sched msg="request completed"
2026-02-05 17:32:07 DEBUG module=net msg="entering handler"
2026-02-05 17:33:12 WARN module=db msg="token expires soon"
2026-02-05 17:33:22 WARN module=disk msg="deprecated option used"
2026-02-05 17:35:17 INFO module=sched msg="cache warmed up"
2026-02-05 17:38:01 INFO module=api msg="config reloaded"
2026-02-05 17:42:46 INFO module=auth msg="config reloaded"
2026-02-05 17:44:09 INFO module=fs msg="config reloaded"
2026-02-05 17:46:38 INFO module=cache msg="service started"
2026-02-05 17:47:19 WARN module=auth msg="token expires soon"
2026-02-05 17:47:29 WARN module=sched msg="disk usage above 80%"
2026-02-05 17:47:31 INFO module=net msg="cache warmed up"
2026-02-05 17:49:02 DEBUG module=disk msg="entering handler"
2026-02-05 17:49:32 INFO module=net msg="job scheduled"
2026-02-05 17:52:46 DEBUG module=api msg="retry counter reset"
2026-02-05 17:53:14 WARN module=fs msg="disk usage above 80%"
2026-02-05 17:54:19 WARN module=disk msg="token expires soon"
2026-02-05 17:56:15 ERROR module=fs msg="permission denied"
2026-02-05 18:02:30 DEBUG module=api msg="queue length checked"
2026-02-05 18:03:18 INFO module=api msg="job scheduled"
2026-02-05 18:03:54 INFO module=disk msg="config reloaded"
2026-02-05 18:04:21 INFO module=auth msg="config reloaded"
2026-02-05 18:04:33 INFO module=api msg="request completed"
2026-02-05 18:06:42 DEBUG module=cache msg="queue length checked"
2026-02-05 18:08:50 ERROR module=disk msg="query failed"
2026-02-05 18:12:31 INFO module=api msg="request completed"
2026-02-05 18:13:17 INFO module=db msg="job scheduled"
2026-02-05 18:14:42 ERROR module=net msg="segment read failed"
2026-02-05 18:15:03 DEBUG module=api msg="retry counter reset"
2026-02-05 18:20:27 DEBUG module=sched msg="queue length checked"
2026-02-05 18:20:36 INFO module=fs msg="user logged in"
2026-02-05 18:26:17 ERROR module=fs msg="invalid token"
2026-02-05 18:31:29 ERROR module=auth msg="connection refused"
2026-02-05 18:31:59 INFO module=cache msg="user logged in"
2026-02-05 18:33:26 INFO module=fs msg="cache warmed up"
2026-02-05 18:38:57 INFO module=cache msg="config reloaded"
2026-02-05 18:39:30 ERROR module=net msg="segment read failed"
2026-02-05 18:41:59 WARN module=fs msg="token expires soon"
2026-02-05 18:43:44 WARN module=db msg="slow response"
2026-02-05 18:46:26 INFO module=cache msg="user logged in"
2026-02-05 18:48:53 ERROR module=cache msg="permission denied"
2026-02-05 18:51:26 ERROR module=db msg="connection timeout"
2026-02-05 18:52:17 INFO module=disk msg="request completed"
2026-02-05 18:53:45 INFO module=net msg="cache warmed up"
2026-02-05 18:56:42 INFO module=net msg="job scheduled"
2026-02-05 19:01:16 ERROR module=db msg="connection refused"
2026-02-05 19:03:21 INFO module=net msg="request completed"
2026-02-05 19:04:01 INFO module=api msg="cache warmed up"
2026-02-05 19:04:58 INFO module=db msg="config reloaded"
2026-02-05 19:05:50 INFO module=api msg="service started"
2026-02-05 19:07:24 INFO module=api msg="request completed"
2026-02-05 19:11:13 DEBUG module=net msg="entering handler"
2026-02-05 19:14:08 INFO module=sched msg="job scheduled"
2026-02-05 19:16:07 INFO module=net msg="config reloaded"
2026-02-05 19:16:58 DEBUG module=api msg="queue length checked"
2026-02-05 19:17:05 DEBUG module=cache msg="heartbeat sent"
2026-02-05 19:18:51 INFO module=net msg="job scheduled"
2026-02-05 19:21:04 INFO module=api msg="user logged in"
2026-02-05 19:25:39 INFO module=cache msg="config reloaded"
2026-02-05 19:27:43 INFO module=auth msg="request completed"
2026-02-05 19:28:18 DEBUG module=cache msg="buffer flushed"
2026-02-05 19:29:19 DEBUG module=cache msg="queue length checked"
2026-02-05 19:30:56 WARN module=net msg="disk usage above 80%"
2026-02-05 19:31:28 INFO module=api msg="request completed"
2026-02-05 19:33:09 DEBUG module=cache msg="queue length checked"
2026-02-05 19:37:16 INFO module=sched msg="service started"
2026-02-05 19:37:47 DEBUG module=cache msg="buffer flushed"
2026-02-05 19:40:46 INFO module=net msg="cache warmed up"
2026-02-05 19:41:35 ERROR module=db msg="invalid token"
2026-02-05 19:41:59 WARN module=api msg="slow response"
2026-02-05 19:42:37 INFO module=cache msg="user logged in"
2026-02-05 19:44:10 ERROR module=disk msg="no space left on device"
2026-02-05 19:45:00 DEBUG module=sched msg="heartbeat sent"
2026-02-05 19:45:40 INFO module=net msg="service started"
2026-02-05 19:49:02 INFO module=sched msg="service started"
2026-02-05 19:50:51 DEBUG module=cache msg="retry counter reset"
2026-02-05 19:52:30 INFO module=disk msg="request completed"
2026-02-05 19:54:45 INFO module=auth msg="service started"
2026-02-05 19:57:02 INFO module=sched msg="user logged in"
2026-02-05 20:02:15 DEBUG module=sched msg="buffer flushed"
2026-02-05 20:02:36 DEBUG module=fs msg="buffer flushed"
2026-02-05 20:03:32 INFO module=auth msg="request completed"
2026-02-05 20:12:22 INFO module=sched msg="config reloaded"
2026-02-05 20:15:52 INFO module=api msg="config reloaded"
2026-02-05 20:16:14 DEBUG module=fs msg="heartbeat sent"
2026-02-05 20:20:25 INFO module=api msg="cache warmed up"
2026-02-05 20:20:35 INFO module=cache msg="config reloaded"
2026-02-05 20:24:54 DEBUG module=fs msg="heartbeat sent"
2026-02-05 20:29:08 DEBUG module=cache msg="retry counter reset"
2026-02-05 20:31:24 INFO module=auth msg="user logged in"
2026-02-05 20:35:18 DEBUG module=cache msg="entering handler"
2026-02-05 20:37:35 WARN module=net msg="disk usage above 80%"
2026-02-05 20:39:23 WARN module=cache msg="deprecated option used"
2026-02-05 20:39:49 INFO module=net msg="request completed"
2026-02-05 20:43:13 ERROR module=auth msg="connection refused"
2026-02-05 20:44:03 ERROR module=auth msg="permission denied"
2026-02-05 20:45:24 INFO module=auth msg="job scheduled"
2026-02-05 21:06:38 INFO module=disk msg="job scheduled"
2026-02-05 21:11:44 ERROR module=api msg="permission denied"
2026-02-05 21:15:27 INFO module=disk msg="service started"
2026-02-05 21:21:36 WARN module=disk msg="slow response"
2026-02-05 21:22:07 DEBUG module=sched msg="buffer flushed"
2026-02-05 21:22:21 WARN module=api msg="retrying request"
2026-02-05 21:24:09 INFO module=disk msg="config reloaded"
2026-02-05 21:30:34 INFO module=db msg="request completed"
2026-02-05 21:32:02 INFO module=disk msg="job scheduled"
2026-02-05 21:33:26 INFO module=net msg="config reloaded"
2026-02-05 21:35:24 INFO module=net msg="user logged in"
2026-02-05 21:38:28 INFO module=auth msg="service started"
2026-02-05 21:44:55 INFO module=api msg="config reloaded"
2026-02-05 21:46:53 INFO module=net msg="cache warmed up"
2026-02-05 21:47:09 DEBUG module=cache msg="heartbeat sent"
2026-02-05 21:47:27 WARN module=cache msg="token expires soon"
2026-02-05 21:48:19 INFO module=auth msg="cache warmed up"
2026-02-05 21:48:32 INFO module=sched msg="user logged in"
2026-02-05 21:51:30 INFO module=cache msg="cache warmed up"
2026-02-05 21:51:35 INFO module=auth msg="cache warmed up"
2026-02-05 21:51:36 INFO module=net msg="user logged in"
2026-02-05 21:53:49 INFO module=auth msg="cache warmed up"
2026-02-05 21:55:49 INFO module=sched msg="request completed"
2026-02-05 21:56:14 DEBUG module=disk msg="heartbeat sent"
2026-02-05 21:58:37 INFO module=db msg="user logged in"
2026-02-05 21:58:40 DEBUG module=cache msg="buffer flushed"
2026-02-05 22:00:05 INFO module=api msg="config reloaded"
2026-02-05 22:00:18 DEBUG module=disk msg="entering handler"
2026-02-05 22:03:49 INFO module=auth msg="cache warmed up"
2026-02-05 22:06:59 WARN module=api msg="retrying request"
2026-02-05 22:07:36 INFO module=sched msg="service started"
2026-02-05 22:08:21 DEBUG module=net msg="buffer flushed"
2026-02-05 22:09:47 WARN module=api msg="deprecated option used"
2026-02-05 22:10:15 INFO module=sched msg="cache warmed up"
2026-02-05 22:10:36 INFO module=db msg="cache warmed up"
2026-02-05 22:11:15 INFO module=auth msg="request completed"
2026-02-05 22:16:41 ERROR module=net msg="invalid token"
2026-02-05 22:16:46 INFO module=auth msg="request completed"
2026-02-05 22:17:00 INFO module=fs msg="request completed"
2026-02-05 22:18:15 INFO module=auth msg="config reloaded"
2026-02-05 22:18:27 INFO module=db msg="service started"
2026-02-05 22:18:44 DEBUG module=sched msg="queue length checked"
2026-02-05 22:23:47 DEBUG module=net msg="queue length checked"
2026-02-05 22:24:29 WARN module=cache msg="retrying request"
2026-02-05 22:25:27 INFO module=sched msg="user logged in"
2026-02-05 22:26:01 INFO module=db msg="request completed"
2026-02-05 22:28:25 INFO module=db msg="user logged in"
2026-02-05 22:28:45 ERROR module=cache msg="query failed"
2026-02-05 22:29:30 INFO module=sched msg="service started"
2026-02-05 22:30:14 INFO module=cache msg="user logged in"
2026-02-05 22:30:33 INFO module=auth msg="request completed"
2026-02-05 22:30:59 WARN module=cache msg="deprecated option used"
2026-02-05 22:36:36 INFO module=api msg="job scheduled"
2026-02-05 22:36:52 INFO module=disk msg="config reloaded"
2026-02-05 22:37:57 INFO module=net msg="cache warmed up"
2026-02-05 22:38:20 INFO module=auth msg="user logged in"
2026-02-05 22:40:15 INFO module=db msg="user logged in"
2026-02-05 22:40:29 DEBUG module=sched msg="buffer flushed"
2026-02-05 22:40:40 DEBUG module=api msg="heartbeat sent"
2026-02-05 22:43:52 WARN module=fs msg="slow response"
2026-02-05 22:47:29 INFO module=db msg="config reloaded"
2026-02-05 22:49:46 INFO module=sched msg="service started"
2026-02-05 22:49:54 DEBUG module=fs msg="queue length checked"
2026-02-05 22:50:25 INFO module=sched msg="service started"
2026-02-05 22:51:37 INFO module=auth msg="user logged in"
2026-02-05 22:51:53 INFO module=auth msg="job scheduled"
2026-02-05 22:54:10 DEBUG module=fs msg="queue length checked"
2026-02-05 22:54:52 DEBUG module=api msg="buffer flushed"
2026-02-05 22:57:34 DEBUG module=db msg="entering handler"
2026-02-05 22:59:05 DEBUG module=cache msg="entering handler"
2026-02-05 23:00:24 INFO module=cache msg="cache warmed up"
2026-02-05 23:01:56 WARN module=net msg="token expires soon"
2026-02-05 23:03:28 DEBUG module=api msg="buffer flushed"
2026-02-05 23:05:10 INFO module=auth msg="service started"
2026-02-05 23:07:54 INFO module=db msg="config reloaded"
2026-02-05 23:07:59 WARN module=disk msg="token expires soon"
2026-02-05 23:11:36 INFO module=db msg="cache warmed up"
2026-02-05 23:11:41 INFO module=api msg="cache warmed up"
2026-02-05 23:12:07 DEBUG module=net msg="heartbeat sent"
2026-02-05 23:12:36 INFO module=auth msg="service started"
2026-02-05 23:13:01 WARN module=db msg="disk usage above 80%"
2026-02-05 23:14:35 INFO module=fs msg="user logged in"
2026-02-05 23:16:16 INFO module=fs msg="service started"
2026-02-05 23:18:44 WARN module=db msg="disk usage above 80%"
2026-02-05 23:22:28 WARN module=disk msg="token expires soon"
2026-02-05 23:23:40 DEBUG module=sched msg="heartbeat sent"
2026-02-05 23:24:15 INFO module=fs msg="user logged in"
2026-02-05 23:24:24 INFO module=api msg="service started"
2026-02-05 23:24:46 INFO module=fs msg="config reloaded"
2026-02-05 23:25:26 INFO module=db msg="request completed"
2026-02-05 23:28:22 DEBUG module=disk msg="buffer flushed"
2026-02-05 23:30:07 WARN module=fs msg="disk usage above 80%"
2026-02-05 23:31:19 INFO module=api msg="cache warmed up"
2026-02-05 23:32:26 INFO module=api msg="cache warmed up"
2026-02-05 23:33:53 DEBUG module=sched msg="retry counter reset"
2026-02-05 23:35:05 INFO module=db msg="request completed"
2026-02-05 23:42:15 WARN module=disk msg="deprecated option used"
2026-02-05 23:42:37 WARN module=db msg="slow response"
2026-02-05 23:47:59 INFO module=db msg="user logged in"
2026-02-05 23:50:16 INFO module=disk msg="user logged in"
2026-02-05 23:50:35 INFO module=auth msg="user logged in"
2026-02-05 23:51:02 DEBUG module=auth msg="buffer flushed"
2026-02-05 23:51:16 INFO module=net msg="config reloaded"
2026-02-05 23:55:15 INFO module=sched msg="service started"
2026-02-05 23:57:24 INFO module=sched msg="request completed"
