2026-02-06 00:01:28 ERROR module=db msg="no space left on device"
2026-02-06 00:14:12 INFO module=sched msg="job scheduled"
2026-02-06 00:17:09 INFO module=net msg="request completed"
2026-02-06 00:31:15 INFO module=net msg="job scheduled"
2026-02-06 00:32:50 INFO module=net msg="user logged in"
2026-02-06 00:41:35 WARN module=disk msg="disk usage above 80%"
2026-02-06 00:49:30 INFO module=auth msg="job scheduled"
2026-02-06 01:01:22 WARN module=net msg="slow response"
2026-02-06 01:02:18 INFO module=db msg="job scheduled"
2026-02-06 01:32:22 INFO module=api msg="request completed"
2026-02-06 01:33:14 WARN module=sched msg="retrying request"
2026-02-06 01:33:34 INFO module=net msg="service started"
2026-02-06 01:34:21 INFO module=db msg="job scheduled"
2026-02-06 01:35:14 INFO module=sched msg="request completed"
2026-02-06 01:35:33 INFO module=fs msg="job scheduled"
2026-02-06 01:38:25 INFO module=db msg="cache warmed up"
2026-02-06 01:42:38 DEBUG module=sched msg="retry counter reset"
2026-02-06 01:55:36 INFO module=sched msg="job scheduled"
2026-02-06 01:59:58 INFO module=net msg="config reloaded"
2026-02-06 02:03:10 DEBUG module=api msg="queue length checked"
2026-02-06 02:12:39 INFO module=net msg="job scheduled"
2026-02-06 02:20:57 ERROR module=auth msg="query failed"
2026-02-06 02:22:11 INFO module=sched msg="job scheduled"
2026-02-06 02:23:52 INFO module=auth msg="service started"
2026-02-06 02:24:19 WARN module=db msg="slow response"
2026-02-06 02:27:51 INFO module=disk msg="user logged in"
2026-02-06 02:30:15 INFO module=db msg="cache warmed up"
2026-02-06 02:32:21 DEBUG module=cache msg="heartbeat sent"
2026-02-06 02:38:52 INFO module=cache msg="config reloaded"
2026-02-06 02:41:26 INFO module=net msg="request completed"
2026-02-06 02:44:54 INFO module=net msg="cache warmed up"
2026-02-06 02:45:36 WARN module=cache msg="slow response"
2026-02-06 02:51:53 INFO module=net msg="user logged in"
2026-02-06 02:52:58 INFO module=db msg="job scheduled"
2026-02-06 02:54:06 INFO module=api msg="cache warmed up"
2026-02-06 02:57:56 INFO module=sched msg="service started"
2026-02-06 02:59:30 INFO module=db msg="job scheduled"
2026-02-06 03:02:18 INFO module=auth msg="user logged in"
2026-02-06 03:04:25 ERROR module=db msg="invalid token"
2026-02-06 03:12:31 WARN module=db msg="retrying request"
2026-02-06 03:17:06 INFO module=fs msg="job scheduled"
2026-02-06 03:24:59 DEBUG module=disk msg="buffer flushed"
2026-02-06 03:27:58 INFO module=cache msg="service started"
2026-02-06 03:40:56 WARN module=fs msg="slow response"
2026-02-06 03:49:37 INFO module=cache msg="config reloaded"
2026-02-06 03:53:37 INFO module=fs msg="request completed"
2026-02-06 04:16:51 WARN module=net msg="disk usage above 80%"
2026-02-06 04:23:18 INFO module=api msg="config reloaded"
2026-02-06 04:24:04 INFO module=sched msg="service started"
2026-02-06 04:24:39 INFO module=sched msg="user logged in"
2026-02-06 04:25:27 WARN module=net msg="retrying request"
2026-02-06 04:32:15 INFO module=sched msg="user logged in"
2026-02-06 04:35:47 INFO module=auth msg="cache warmed up"
2026-02-06 04:36:03 INFO module=sched msg="cache warmed up"
2026-02-06 04:41:21 INFO module=disk msg="user logged in"
2026-02-06 04:47:47 INFO module=net msg="job scheduled"
2026-02-06 04:51:12 INFO module=net msg="cache warmed up"
2026-02-06 04:58:19 INFO module=net msg="job scheduled"
2026-02-06 04:58:59 INFO module=db msg="cache warmed up"
2026-02-06 04:59:04 DEBUG module=cache msg="queue length checked"
2026-02-06 05:05:06 INFO module=fs msg="config reloaded"
2026-02-06 05:07:15 INFO module=api msg="job scheduled"
2026-02-06 05:10:28 INFO module=net msg="cache warmed up"
2026-02-06 05:11:00 INFO module=db msg="request completed"
2026-02-06 05:18:59 INFO module=auth msg="service started"
2026-02-06 05:19:15 INFO module=net msg="request completed"
2026-02-06 05:24:04 INFO module=fs msg="cache warmed up"
2026-02-06 05:28:23 INFO module=disk msg="user logged in"
2026-02-06 05:33:38 INFO module=api msg="user logged in"
2026-02-06 05:34:45 INFO module=auth msg="service started"
2026-02-06 05:57:27 INFO module=disk msg="job scheduled"
2026-02-06 06:02:18 INFO module=cache msg="cache warmed up"
2026-02-06 06:06:33 INFO module=db msg="request completed"
2026-02-06 06:09:03 INFO module=cache msg="request completed"
2026-02-06 06:12:11 WARN module=cache msg="slow response"
2026-02-06 06:14:51 INFO module=api msg="config reloaded"
2026-02-06 06:15:32 INFO module=net msg="request completed"
2026-02-06 06:16:06 INFO module=sched msg="user logged in"
2026-02-06 06:19:05 INFO module=cache msg="config reloaded"
2026-02-06 06:24:53 WARN module=net msg="token expires soon"
2026-02-06 06:31:15 WARN module=db msg="retrying request"
2026-02-06 06:31:32 INFO module=api msg="job scheduled"
2026-02-06 06:32:39 INFO module=fs msg="job scheduled"
2026-02-06 06:42:59 INFO module=auth msg="service started"
2026-02-06 06:44:29 DEBUG module=db msg="heartbeat sent"
2026-02-06 06:46:56 INFO module=db msg="config reloaded"
2026-02-06 06:48:26 DEBUG module=cache msg="retry counter reset"
2026-02-06 06:58:50 INFO module=auth msg="job scheduled"
2026-02-06 07:00:20 DEBUG module=auth msg="entering handler"
2026-02-06 07:09:46 INFO module=db msg="job scheduled"
2026-02-06 07:11:35 DEBUG module=cache msg="heartbeat sent"
2026-02-06 07:13:28 INFO module=db msg="request completed"
2026-02-06 07:15:26 INFO module=auth msg="cache warmed up"
2026-02-06 07:18:06 INFO module=auth msg="config reloaded"
2026-02-06 07:18:35 INFO module=db msg="config reloaded"
2026-02-06 07:21:00 INFO module=sched msg="cache warmed up"
2026-02-06 07:25:24 INFO module=cache msg="request completed"
2026-02-06 07:27:33 DEBUG module=api msg="buffer flushed"
2026-02-06 07:32:18 ERROR module=db msg="invalid token"
2026-02-06 07:41:59 INFO module=fs msg="job scheduled"
2026-02-06 07:46:17 INFO module=net msg="cache warmed up"
2026-02-06 07:51:33 INFO module=disk msg="job scheduled"
2026-02-06 07:59:39 DEBUG module=fs msg="entering handler"
2026-02-06 08:07:03 WARN module=disk msg="disk usage above 80%"
2026-02-06 08:08:02 INFO module=net msg="config reloaded"
2026-02-06 08:16:44 ERROR module=net msg="connection timeout"
2026-02-06 08:24:28 INFO module=api msg="cache warmed up"
2026-02-06 08:26:40 WARN module=db msg="retrying request"
2026-02-06 08:31:26 DEBUG module=cache msg="buffer flushed"
2026-02-06 08:34:41 WARN module=disk msg="disk usage above 80%"
2026-02-06 08:59:58 INFO module=net msg="job scheduled"
2026-02-06 09:02:10 DEBUG module=api msg="entering handler"
2026-02-06 09:02:53 WARN module=api msg="disk usage above 80%"
2026-02-06 09:04:02 INFO module=sched msg="job scheduled"
2026-02-06 09:05:00 ERROR module=db msg="connection refused"
2026-02-06 09:05:26 DEBUG module=cache msg="retry counter reset"
2026-02-06 09:10:54 DEBUG module=sched msg="retry counter reset"
2026-02-06 09:15:14 INFO module=auth msg="service started"
2026-02-06 09:17:52 DEBUG module=cache msg="entering handler"
2026-02-06 09:20:09 INFO module=auth msg="job scheduled"
2026-02-06 09:21:16 WARN module=disk msg="deprecated option used"
2026-02-06 09:21:32 INFO module=auth msg="request completed"
2026-02-06 09:33:56 INFO module=net msg="user logged in"
2026-02-06 09:36:39 INFO module=disk msg="job scheduled"
2026-02-06 09:37:41 INFO module=api msg="request completed"
2026-02-06 09:38:54 DEBUG module=db msg="heartbeat sent"
2026-02-06 09:43:52 INFO module=auth msg="service started"
2026-02-06 09:53:14 INFO module=db msg="service started"
2026-02-06 09:56:07 INFO module=cache msg="job scheduled"
2026-02-06 10:01:50 INFO module=disk msg="user logged in"
2026-02-06 10:05:55 INFO module=net msg="config reloaded"
2026-02-06 10:11:41 DEBUG module=net msg="queue length checked"
2026-02-06 10:12:00 INFO module=auth msg="cache warmed up"
2026-02-06 10:30:06 INFO module=sched msg="user logged in"
2026-02-06 10:34:15 INFO module=db msg="request completed"
2026-02-06 10:37:11 ERROR module=db msg="no space left on device"
2026-02-06 10:38:45 INFO module=net msg="user logged in"
2026-02-06 10:42:33 WARN module=api msg="retrying request"
2026-02-06 10:44:44 INFO module=net msg="service started"
2026-02-06 10:46:15 WARN module=net msg="token expires soon"
2026-02-06 10:50:01 INFO module=net msg="cache warmed up"
2026-02-06 10:50:42 INFO module=db msg="user logged in"
2026-02-06 10:53:26 INFO module=disk msg="job scheduled"
2026-02-06 10:55:51 ERROR module=net msg="permission denied"
2026-02-06 10:56:00 INFO module=net msg="request completed"
2026-02-06 11:06:08 INFO module=db msg="job scheduled"
2026-02-06 11:06:24 WARN module=disk msg="slow response"
2026-02-06 11:10:39 INFO module=cache msg="request completed"
2026-02-06 11:11:06 DEBUG module=disk msg="buffer flushed"
2026-02-06 11:25:30 DEBUG module=fs msg="queue length checked"
2026-02-06 11:26:25 DEBUG module=sched msg="retry counter reset"
2026-02-06 11:29:51 INFO module=net msg="service started"
2026-02-06 11:34:55 INFO module=auth msg="request completed"
2026-02-06 11:37:00 INFO module=db msg="config reloaded"
2026-02-06 11:40:59 WARN module=fs msg="retrying request"
2026-02-06 11:43:41 ERROR module=db msg="invalid token"
2026-02-06 11:50:34 INFO module=disk msg="config reloaded"
2026-02-06 11:54:50 INFO module=auth msg="config reloaded"
2026-02-06 12:02:27 ERROR module=db msg="no space left on device"
2026-02-06 12:05:42 INFO module=api msg="cache warmed up"
2026-02-06 12:17:33 INFO module=api msg="config reloaded"
2026-02-06 12:18:41 INFO module=disk msg="request completed"
2026-02-06 12:21:38 WARN module=disk msg="disk usage above 80%"
2026-02-06 12:23:05 INFO module=fs msg="service started"
2026-02-06 12:26:08 INFO module=db msg="request completed"
2026-02-06 12:26:17 WARN module=disk msg="deprecated option used"
2026-02-06 12:29:59 INFO module=disk msg="service started"
2026-02-06 12:31:33 DEBUG module=cache msg="retry counter reset"
2026-02-06 12:35:47 INFO module=net msg="config reloaded"
2026-02-06 12:41:56 INFO module=api msg="user logged in"
2026-02-06 12:42:33 INFO module=disk msg="service started"
2026-02-06 12:42:45 INFO module=api msg="service started"
2026-02-06 12:50:05 INFO module=auth msg="service started"
2026-02-06 12:53:48 INFO module=cache msg="config reloaded"
2026-02-06 12:53:50 DEBUG module=cache msg="retry counter reset"
2026-02-06 13:06:05 INFO module=api msg="job scheduled"
2026-02-06 13:08:15 INFO module=net msg="request completed"
2026-02-06 13:12:44 INFO module=api msg="user logged in"
2026-02-06 13:17:10 DEBUG module=disk msg="buffer flushed"
2026-02-06 13:18:10 INFO module=auth msg="job scheduled"
2026-02-06 13:26:28 WARN module=disk msg="disk usage above 80%"
2026-02-06 13:31:11 ERROR module=db msg="permission denied"
2026-02-06 13:41:24 INFO module=auth msg="job scheduled"
2026-02-06 13:47:18 INFO module=fs msg="request completed"
2026-02-06 13:51:08 INFO module=sched msg="service started"
2026-02-06 13:58:18 ERROR module=api msg="segment read failed"
2026-02-06 14:00:01 INFO module=db msg="job scheduled"
2026-02-06 14:02:46 INFO module=auth msg="user logged in"
2026-02-06 14:12:09 ERROR module=sched msg="invalid token"
2026-02-06 14:13:59 INFO module=api msg="job scheduled"
2026-02-06 14:15:24 INFO module=api msg="request completed"
2026-02-06 14:19:02 ERROR module=db msg="connection timeout"
2026-02-06 14:35:08 INFO module=cache msg="job scheduled"
2026-02-06 14:36:40 DEBUG module=disk msg="buffer flushed"
2026-02-06 14:40:32 INFO module=fs msg="request completed"
2026-02-06 14:51:29 INFO module=api msg="cache warmed up"
2026-02-06 14:53:03 INFO module=net msg="cache warmed up"
2026-02-06 14:57:34 DEBUG module=cache msg="retry counter reset"
2026-02-06 15:03:46 DEBUG module=disk msg="buffer flushed"
2026-02-06 15:07:21 INFO module=api msg="service started"
2026-02-06 15:08:27 INFO module=fs msg="service started"
2026-02-06 15:11:16 INFO module=auth msg="job scheduled"
2026-02-06 15:11:55 WARN module=net msg="token expires soon"
2026-02-06 15:15:46 DEBUG module=cache msg="buffer flushed"
2026-02-06 15:18:14 INFO module=auth msg="job scheduled"
2026-02-06 15:18:30 DEBUG module=cache msg="heartbeat sent"
2026-02-06 15:30:51 INFO module=sched msg="job scheduled"
2026-02-06 15:33:04 INFO module=auth msg="request completed"
2026-02-06 15:38:51 WARN module=net msg="disk usage above 80%"
2026-02-06 15:42:55 INFO module=db msg="config reloaded"
2026-02-06 15:44:58 ERROR module=db msg="connection timeout"
2026-02-06 15:48:50 INFO module=cache msg="request completed"
2026-02-06 15:50:47 WARN module=net msg="deprecated option used"
2026-02-06 16:03:26 WARN module=sched msg="disk usage above 80%"
2026-02-06 16:06:09 ERROR module=disk msg="no space left on device"
2026-02-06 16:11:31 INFO module=net msg="user logged in"
2026-02-06 16:19:07 INFO module=net msg="user logged in"
2026-02-06 16:19:13 WARN module=cache msg="token expires soon"
2026-02-06 16:19:39 INFO module=auth msg="request completed"
2026-02-06 16:20:41 INFO module=db msg="user logged in"
2026-02-06 16:24:22 WARN module=disk msg="disk usage above 80%"
2026-02-06 16:31:11 INFO module=disk msg="job scheduled"
2026-02-06 16:33:32 INFO module=sched msg="cache warmed up"
2026-02-06 16:44:20 WARN module=sched msg="deprecated option used"
2026-02-06 16:45:07 DEBUG module=cache msg="entering handler"
2026-02-06 16:46:49 ERROR module=db msg="permission denied"
2026-02-06 16:50:18 DEBUG module=disk msg="retry counter reset"
2026-02-06 17:07:49 INFO module=api msg="config reloaded"
2026-02-06 17:08:48 DEBUG module=disk msg="entering handler"
2026-02-06 17:11:47 INFO module=fs msg="job scheduled"
2026-02-06 17:12:14 INFO module=auth msg="cache warmed up"
2026-02-06 17:12:22 INFO module=disk msg="service started"
2026-02-06 17:12:57 WARN module=fs msg="slow response"
2026-02-06 17:13:40 WARN module=disk msg="token expires soon"
2026-02-06 17:14:08 INFO module=auth msg="config reloaded"
2026-02-06 17:20:29 INFO module=cache msg="service started"
2026-02-06 17:57:37 INFO module=auth msg="request completed"
2026-02-06 18:01:46 INFO module=sched msg="job scheduled"
2026-02-06 18:03:10 ERROR module=db msg="permission denied"
2026-02-06 18:12:01 ERROR module=db msg="query failed"
2026-02-06 18:15:41 WARN module=sched msg="deprecated option used"
2026-02-06 18:15:43 INFO module=auth msg="user logged in"
2026-02-06 18:27:19 INFO module=api msg="job scheduled"
2026-02-06 18:29:38 WARN module=net msg="token expires soon"
2026-02-06 18:31:51 WARN module=disk msg="deprecated option used"
2026-02-06 18:33:47 INFO module=fs msg="service started"
2026-02-06 18:36:21 ERROR module=api msg="segment read failed"
2026-02-06 18:36:45 INFO module=auth msg="job scheduled"
2026-02-06 18:38:09 WARN module=auth msg="token expires soon"
2026-02-06 18:42:25 INFO module=net msg="cache warmed up"
2026-02-06 18:50:24 INFO module=auth msg="job scheduled"
2026-02-06 19:00:42 ERROR module=cache msg="invalid token"
2026-02-06 19:02:44 INFO module=auth msg="cache warmed up"
2026-02-06 19:04:30 WARN module=sched msg="retrying request"
2026-02-06 19:08:26 WARN module=db msg="deprecated option used"
2026-02-06 19:30:24 WARN module=cache msg="slow response"
2026-02-06 19:37:37 INFO module=cache msg="service started"
2026-02-06 19:41:49 INFO module=auth msg="config reloaded"
2026-02-06 19:43:30 DEBUG module=net msg="heartbeat sent"
2026-02-06 19:47:28 INFO module=net msg="service started"
2026-02-06 19:47:37 WARN module=disk msg="retrying request"
2026-02-06 19:49:05 INFO module=auth msg="config reloaded"
2026-02-06 19:49:55 INFO module=db msg="config reloaded"
2026-02-06 19:51:04 ERROR module=db msg="permission denied"
2026-02-06 19:59:00 INFO module=fs msg="config reloaded"
2026-02-06 20:03:19 WARN module=fs msg="slow response"
2026-02-06 20:03:55 INFO module=db msg="request completed"
2026-02-06 20:07:50 INFO module=disk msg="user logged in"
2026-02-06 20:19:30 INFO module=sched msg="service started"
2026-02-06 20:31:01 DEBUG module=disk msg="retry counter reset"
2026-02-06 20:31:23 DEBUG module=auth msg="queue length checked"
2026-02-06 20:37:46 ERROR module=db msg="segment read failed"
2026-02-06 20:39:08 INFO module=sched msg="service started"
2026-02-06 20:40:05 INFO module=api msg="job scheduled"
2026-02-06 20:41:10 INFO module=sched msg="job scheduled"
2026-02-06 20:48:32 INFO module=fs msg="request completed"
2026-02-06 20:50:21 INFO module=fs msg="request completed"
2026-02-06 20:51:37 INFO module=net msg="user logged in"
2026-02-06 21:02:53 INFO module=auth msg="request completed"
2026-02-06 21:03:42 INFO module=db msg="user logged in"
2026-02-06 21:05:22 ERROR module=auth msg="connection refused"
2026-02-06 21:05:55 DEBUG module=sched msg="buffer flushed"
2026-02-06 21:08:09 INFO module=disk msg="config reloaded"
2026-02-06 21:08:54 INFO module=db msg="request completed"
2026-02-06 21:16:17 INFO module=disk msg="cache warmed up"
2026-02-06 21:33:33 INFO module=api msg="request completed"
2026-02-06 21:35:49 INFO module=cache msg="service started"
2026-02-06 21:38:01 ERROR module=net msg="connection refused"
2026-02-06 21:40:12 INFO module=sched msg="service started"
2026-02-06 21:49:53 WARN module=auth msg="slow response"
2026-02-06 21:51:01 INFO module=net msg="user logged in"
2026-02-06 21:51:49 DEBUG module=sched msg="heartbeat sent"
2026-02-06 22:03:14 INFO module=auth msg="cache warmed up"
2026-02-06 22:03:49 INFO module=db msg="config reloaded"
2026-02-06 22:04:09 WARN module=net msg="deprecated option used"
2026-02-06 22:23:02 INFO module=disk msg="service started"
2026-02-06 22:30:51 WARN module=db msg="token expires soon"
2026-02-06 22:35:12 INFO module=net msg="cache warmed up"
2026-02-06 22:42:07 DEBUG module=auth msg="heartbeat sent"
2026-02-06 22:47:13 INFO module=disk msg="job scheduled"
2026-02-06 22:47:20 INFO module=auth msg="request completed"
2026-02-06 22:50:16 INFO module=api msg="service started"
2026-02-06 22:50:20 INFO module=sched msg="user logged in"
2026-02-06 22:53:45 INFO module=net msg="cache warmed up"
2026-02-06 22:55:34 INFO module=api msg="request completed"
2026-02-06 23:07:26 INFO module=auth msg="request completed"
2026-02-06 23:13:30 DEBUG module=sched msg="entering handler"
2026-02-06 23:21:33 DEBUG module=disk msg="retry counter reset"
2026-02-06 23:25:45 ERROR module=net msg="invalid token"
2026-02-06 23:30:44 INFO module=db msg="request completed"
2026-02-06 23:31:18 INFO module=auth msg="config reloaded"
2026-02-06 23:34:12 DEBUG module=cache msg="entering handler"
2026-02-06 23:35:21 INFO module=fs msg="cache warmed up"
2026-02-06 23:40:28 INFO module=disk msg="job scheduled"
2026-02-06 23:54:17 WARN module=disk msg="disk usage above 80%"
2026-02-06 23:56:20 ERROR module=sched msg="no space left on device"
2026-02-06 23:57:10 DEBUG module=cache msg="retry counter reset"
