2026-02-08 00:01:00 INFO module=net msg="job scheduled"
2026-02-08 00:05:08 INFO module=api msg="config reloaded"
2026-02-08 00:07:02 WARN module=db msg="token expires soon"
2026-02-08 00:12:36 WARN module=db msg="token expires soon"
2026-02-08 00:16:18 WARN module=sched msg="disk usage above 80%"
2026-02-08 00:16:46 INFO module=auth msg="user logged in"
2026-02-08 00:17:16 INFO module=db msg="job scheduled"
2026-02-08 00:23:25 DEBUG module=api msg="buffer flushed"
2026-02-08 00:26:10 DEBUG module=sched msg="buffer flushed"
2026-02-08 00:30:22 WARN module=api msg="token expires soon"
2026-02-08 00:38:39 INFO module=cache msg="config reloaded"
2026-02-08 00:38:40 WARN module=cache msg="retrying request"
2026-02-08 00:39:08 INFO module=auth msg="config reloaded"
2026-02-08 00:41:32 WARN module=disk msg="slow response"
2026-02-08 00:41:53 INFO module=db msg="user logged in"
2026-02-08 00:44:28 WARN module=auth msg="disk usage above 80%"
2026-02-08 00:52:52 INFO module=sched msg="cache warmed up"
2026-02-08 01:05:45 INFO module=db msg="job scheduled"
2026-02-08 01:12:11 INFO module=disk msg="service started"
2026-02-08 01:13:09 DEBUG module=fs msg="entering handler"
2026-02-08 01:18:12 INFO module=api msg="user logged in"
2026-02-08 01:19:00 DEBUG module=disk msg="retry counter reset"
2026-02-08 01:19:06 WARN module=api msg="disk usage above 80%"
2026-02-08 01:19:22 WARN module=net msg="slow response"
2026-02-08 01:22:10 WARN module=cache msg="deprecated option used"
2026-02-08 01:22:29 INFO module=fs msg="config reloaded"
2026-02-08 01:25:46 INFO module=api msg="request completed"
2026-02-08 01:37:05 WARN module=db msg="retrying request"
2026-02-08 01:48:07 WARN module=sched msg="token expires soon"
2026-02-08 01:49:11 INFO module=net msg="cache warmed up"
2026-02-08 01:50:57 WARN module=db msg="disk usage above 80%"
2026-02-08 01:58:07 WARN module=cache msg="deprecated option used"
2026-02-08 02:01:02 WARN module=disk msg="disk usage above 80%"
2026-02-08 02:04:34 WARN module=disk msg="retrying request"
2026-02-08 02:16:37 INFO module=auth msg="job scheduled"
2026-02-08 02:16:59 INFO module=fs msg="service started"
2026-02-08 02:36:38 INFO module=auth msg="job scheduled"
2026-02-08 02:36:43 WARN module=cache msg="deprecated option used"
2026-02-08 02:53:26 INFO module=cache msg="cache warmed up"
2026-02-08 02:53:32 WARN module=api msg="slow response"
2026-02-08 02:58:52 DEBUG module=cache msg="retry counter reset"
2026-02-08 02:59:22 WARN module=db msg="retrying request"
2026-02-08 03:03:01 DEBUG module=net msg="buffer flushed"
2026-02-08 03:03:21 INFO module=net msg="config reloaded"
2026-02-08 03:03:37 INFO module=disk msg="config reloaded"
2026-02-08 03:06:06 INFO module=auth msg="job scheduled"
2026-02-08 03:07:55 DEBUG module=fs msg="heartbeat sent"
2026-02-08 03:08:09 INFO module=fs msg="request completed"
2026-02-08 03:10:30 INFO module=auth msg="config reloaded"
2026-02-08 03:11:42 DEBUG module=net msg="entering handler"
2026-02-08 03:22:46 INFO module=cache msg="user logged in"
2026-02-08 03:27:44 INFO module=net msg="request completed"
2026-02-08 03:32:42 INFO module=db msg="service started"
2026-02-08 03:32:51 WARN module=auth msg="retrying request"
2026-02-08 03:39:16 INFO module=disk msg="job scheduled"
2026-02-08 03:42:02 INFO module=api msg="config reloaded"
2026-02-08 03:48:34 DEBUG module=cache msg="entering handler"
2026-02-08 03:52:37 INFO module=auth msg="cache warmed up"
2026-02-08 03:54:04 INFO module=sched msg="request completed"
2026-02-08 04:02:02 INFO module=auth msg="config reloaded"
2026-02-08 04:09:13 DEBUG module=api msg="heartbeat sent"
2026-02-08 04:14:02 WARN module=cache msg="disk usage above 80%"
2026-02-08 04:14:22 INFO module=fs msg="config reloaded"
2026-02-08 04:22:02 WARN module=disk msg="retrying request"
2026-02-08 04:22:29 INFO module=cache msg="request completed"
2026-02-08 04:24:39 INFO module=net msg="user logged in"
2026-02-08 04:24:48 INFO module=sched msg="user logged in"
2026-02-08 04:25:20 WARN module=auth msg="token expires soon"
2026-02-08 04:25:34 INFO module=disk msg="user logged in"
2026-02-08 04:32:45 WARN module=db msg="slow response"
2026-02-08 04:42:20 INFO module=db msg="cache warmed up"
2026-02-08 04:43:16 INFO module=db msg="config reloaded"
2026-02-08 04:43:27 WARN module=cache msg="slow response"
2026-02-08 04:44:39 INFO module=api msg="job scheduled"
2026-02-08 04:44:43 WARN module=disk msg="disk usage above 80%"
2026-02-08 04:46:58 INFO module=api msg="user logged in"
2026-02-08 04:47:57 INFO module=fs msg="service started"
2026-02-08 04:48:06 WARN module=disk msg="retrying request"
2026-02-08 04:49:23 WARN module=api msg="disk usage above 80%"
2026-02-08 04:51:40 INFO module=cache msg="request completed"
2026-02-08 05:01:54 INFO module=api msg="config reloaded"
2026-02-08 05:02:41 INFO module=net msg="cache warmed up"
2026-02-08 05:06:20 INFO module=net msg="job scheduled"
2026-02-08 05:12:40 DEBUG module=api msg="buffer flushed"
2026-02-08 05:13:07 INFO module=disk msg="request completed"
2026-02-08 05:15:34 WARN module=fs msg="token expires soon"
2026-02-08 05:20:11 INFO module=api msg="config reloaded"
2026-02-08 05:24:04 INFO module=fs msg="request completed"
2026-02-08 05:25:08 WARN module=disk msg="retrying request"
2026-02-08 05:33:57 WARN module=disk msg="retrying request"
2026-02-08 05:37:24 INFO module=net msg="service started"
2026-02-08 05:44:09 INFO module=sched msg="job scheduled"
2026-02-08 05:54:27 WARN module=auth msg="slow response"
2026-02-08 05:57:45 DEBUG module=api msg="retry counter reset"
2026-02-08 06:01:16 INFO module=net msg="cache warmed up"
2026-02-08 06:03:40 INFO module=disk msg="service started"
2026-02-08 06:05:22 INFO module=net msg="config reloaded"
2026-02-08 06:08:08 INFO module=sched msg="request completed"
2026-02-08 06:14:57 INFO module=db msg="request completed"
2026-02-08 06:22:24 INFO module=net msg="cache warmed up"
2026-02-08 06:29:34 INFO module=db msg="service started"
2026-02-08 06:33:40 INFO module=auth msg="cache warmed up"
2026-02-08 06:44:27 INFO module=net msg="cache warmed up"
2026-02-08 06:57:52 WARN module=disk msg="slow response"
2026-02-08 06:59:00 DEBUG module=sched msg="retry counter reset"
2026-02-08 06:59:05 INFO module=net msg="service started"
2026-02-08 07:05:28 DEBUG module=auth msg="queue length checked"
2026-02-08 07:08:31 INFO module=auth msg="service started"
2026-02-08 07:10:22 INFO module=db msg="service started"
2026-02-08 07:15:13 INFO module=db msg="config reloaded"
2026-02-08 07:16:37 DEBUG module=db msg="buffer flushed"
2026-02-08 07:17:08 INFO module=auth msg="service started"
2026-02-08 07:18:19 INFO module=sched msg="config reloaded"
2026-02-08 07:18:47 DEBUG module=api msg="entering handler"
2026-02-08 07:31:06 INFO module=cache msg="service started"
2026-02-08 07:46:34 WARN module=net msg="disk usage above 80%"
2026-02-08 07:50:18 INFO module=net msg="cache warmed up"
2026-02-08 07:51:56 INFO module=db msg="service started"
2026-02-08 07:52:21 DEBUG module=fs msg="entering handler"
2026-02-08 07:59:52 INFO module=cache msg="job scheduled"
2026-02-08 08:06:42 WARN module=net msg="slow response"
2026-02-08 08:07:08 INFO module=api msg="service started"
2026-02-08 08:14:09 WARN module=auth msg="slow response"
2026-02-08 08:15:49 INFO module=fs msg="user logged in"
2026-02-08 08:19:55 INFO module=cache msg="request completed"
2026-02-08 08:20:14 INFO module=auth msg="user logged in"
2026-02-08 08:24:39 INFO module=fs msg="cache warmed up"
2026-02-08 08:27:38 INFO module=cache msg="request completed"
2026-02-08 08:28:26 INFO module=db msg="request completed"
2026-02-08 08:33:16 INFO module=net msg="config reloaded"
2026-02-08 08:37:33 DEBUG module=cache msg="heartbeat sent"
2026-02-08 08:39:08 WARN module=net msg="deprecated option used"
2026-02-08 08:39:33 WARN module=db msg="slow response"
2026-02-08 08:48:43 INFO module=net msg="job scheduled"
2026-02-08 08:51:10 INFO module=disk msg="service started"
2026-02-08 09:00:46 INFO module=cache msg="config reloaded"
2026-02-08 09:01:05 INFO module=auth msg="service started"
2026-02-08 09:01:31 INFO module=net msg="config reloaded"
2026-02-08 09:06:36 DEBUG module=db msg="queue length checked"
2026-02-08 09:08:44 INFO module=api msg="request completed"
2026-02-08 09:13:58 INFO module=sched msg="config reloaded"
2026-02-08 09:26:55 INFO module=disk msg="service started"
2026-02-08 09:27:58 INFO module=auth msg="cache warmed up"
2026-02-08 09:31:46 INFO module=net msg="service started"
2026-02-08 09:38:08 DEBUG module=cache msg="entering handler"
2026-02-08 09:40:58 INFO module=net msg="service started"
2026-02-08 09:46:46 INFO module=disk msg="cache warmed up"
2026-02-08 09:48:23 DEBUG module=api msg="retry counter reset"
2026-02-08 09:48:43 INFO module=net msg="job scheduled"
2026-02-08 09:49:56 WARN module=db msg="token expires soon"
2026-02-08 09:51:49 INFO module=auth msg="job scheduled"
2026-02-08 10:01:35 INFO module=net msg="user logged in"
2026-02-08 10:02:24 WARN module=net msg="deprecated option used"
2026-02-08 10:04:07 INFO module=api msg="service started"
2026-02-08 10:05:46 WARN module=disk msg="retrying request"
2026-02-08 10:06:55 INFO module=fs msg="config reloaded"
2026-02-08 10:10:15 INFO module=auth msg="user logged in"
2026-02-08 10:23:00 INFO module=sched msg="cache warmed up"
2026-02-08 10:23:40 DEBUG module=fs msg="buffer flushed"
2026-02-08 10:37:24 WARN module=sched msg="disk usage above 80%"
2026-02-08 10:37:35 INFO module=fs msg="job scheduled"
2026-02-08 10:46:38 INFO module=net msg="user logged in"
2026-02-08 10:47:41 INFO module=cache msg="request completed"
2026-02-08 10:48:39 WARN module=disk msg="token expires soon"
2026-02-08 10:57:36 INFO module=auth msg="user logged in"
2026-02-08 11:05:18 INFO module=auth msg="config reloaded"
2026-02-08 11:12:25 WARN module=api msg="retrying request"
2026-02-08 11:15:47 WARN module=disk msg="token expires soon"
2026-02-08 11:16:35 WARN module=disk msg="disk usage above 80%"
2026-02-08 11:17:43 INFO module=api msg="request completed"
2026-02-08 11:19:00 INFO module=sched msg="request completed"
2026-02-08 11:22:12 WARN module=db msg="retrying request"
2026-02-08 11:29:55 INFO module=cache msg="service started"
2026-02-08 11:30:05 INFO module=cache msg="request completed"
2026-02-08 11:33:31 INFO module=disk msg="config reloaded"
2026-02-08 11:36:23 INFO module=api msg="user logged in"
2026-02-08 11:36:51 INFO module=db msg="service started"
2026-02-08 11:37:28 INFO module=net msg="user logged in"
2026-02-08 11:40:42 INFO module=api msg="service started"
2026-02-08 11:46:11 INFO module=disk msg="cache warmed up"
2026-02-08 11:47:34 INFO module=db msg="job scheduled"
2026-02-08 11:48:00 INFO module=sched msg="service started"
2026-02-08 11:53:45 INFO module=cache msg="service started"
2026-02-08 12:03:48 INFO module=auth msg="service started"
2026-02-08 12:07:38 DEBUG module=sched msg="queue length checked"
2026-02-08 12:10:56 INFO module=auth msg="request completed"
2026-02-08 12:25:59 INFO module=api msg="request completed"
2026-02-08 12:26:47 INFO module=disk msg="job scheduled"
2026-02-08 12:28:07 INFO module=fs msg="service started"
2026-02-08 12:30:05 INFO module=db msg="user logged in"
2026-02-08 12:37:25 INFO module=fs msg="job scheduled"
2026-02-08 12:40:05 INFO module=sched msg="job scheduled"
2026-02-08 12:43:13 INFO module=disk msg="user logged in"
2026-02-08 12:48:06 INFO module=net msg="config reloaded"
2026-02-08 12:48:48 INFO module=sched msg="cache warmed up"
2026-02-08 12:49:06 INFO module=cache msg="request completed"
2026-02-08 12:49:35 INFO module=cache msg="config reloaded"
2026-02-08 12:51:38 DEBUG module=cache msg="retry counter reset"
2026-02-08 12:58:17 INFO module=api msg="config reloaded"
2026-02-08 13:06:16 WARN module=db msg="slow response"
2026-02-08 13:06:22 DEBUG module=fs msg="queue length checked"
2026-02-08 13:09:39 INFO module=sched msg="job scheduled"
2026-02-08 13:10:08 INFO module=sched msg="config reloaded"
2026-02-08 13:13:44 DEBUG module=sched msg="entering handler"
2026-02-08 13:15:24 WARN module=disk msg="deprecated option used"
2026-02-08 13:17:54 INFO module=api msg="service started"
2026-02-08 13:21:55 INFO module=fs msg="job scheduled"
2026-02-08 13:25:33 INFO module=db msg="user logged in"
2026-02-08 13:31:12 INFO module=net msg="request completed"
2026-02-08 13:34:18 INFO module=api msg="job scheduled"
2026-02-08 13:34:34 INFO module=fs msg="user logged in"
2026-02-08 13:37:37 INFO module=api msg="cache warmed up"
2026-02-08 13:42:46 INFO module=api msg="service started"
2026-02-08 13:43:30 WARN module=auth msg="slow response"
2026-02-08 13:47:37 INFO module=disk msg="service started"
2026-02-08 13:54:07 WARN module=api msg="retrying request"
2026-02-08 13:54:53 WARN module=disk msg="disk usage above 80%"
2026-02-08 13:55:59 DEBUG module=cache msg="entering handler"
2026-02-08 14:03:26 INFO module=fs msg="service started"
2026-02-08 14:15:09 INFO module=fs msg="cache warmed up"
2026-02-08 14:22:14 INFO module=net msg="cache warmed up"
2026-02-08 14:22:50 INFO module=fs msg="service started"
2026-02-08 14:37:27 INFO module=api msg="service started"
2026-02-08 14:39:52 WARN module=sched msg="slow response"
2026-02-08 14:40:31 WARN module=api msg="disk usage above 80%"
2026-02-08 14:54:46 DEBUG module=fs msg="buffer flushed"
2026-02-08 14:57:47 INFO module=db msg="cache warmed up"
2026-02-08 15:01:06 INFO module=sched msg="config reloaded"
2026-02-08 15:01:35 INFO module=disk msg="user logged in"
2026-02-08 15:01:43 WARN module=cache msg="token expires soon"
2026-02-08 15:03:37 INFO module=db msg="user logged in"
2026-02-08 15:06:54 INFO module=api msg="user logged in"
2026-02-08 15:08:50 WARN module=disk msg="token expires soon"
2026-02-08 15:10:46 WARN module=disk msg="retrying request"
2026-02-08 15:11:25 WARN module=disk msg="disk usage above 80%"
2026-02-08 15:13:25 DEBUG module=fs msg="buffer flushed"
2026-02-08 15:16:58 INFO module=net msg="service started"
2026-02-08 15:17:10 INFO module=fs msg="config reloaded"
2026-02-08 15:18:29 WARN module=auth msg="disk usage above 80%"
2026-02-08 15:27:58 INFO module=api msg="cache warmed up"
2026-02-08 15:28:17 INFO module=api msg="request completed"
2026-02-08 15:30:42 INFO module=net msg="job scheduled"
2026-02-08 15:45:07 INFO module=cache msg="config reloaded"
2026-02-08 15:47:09 INFO module=disk msg="service started"
2026-02-08 15:47:54 INFO module=fs msg="cache warmed up"
2026-02-08 15:59:33 INFO module=auth msg="config reloaded"
2026-02-08 16:01:45 INFO module=sched msg="request completed"
2026-02-08 16:03:16 DEBUG module=fs msg="heartbeat sent"
2026-02-08 16:08:22 INFO module=fs msg="config reloaded"
2026-02-08 16:11:45 INFO module=net msg="request completed"
2026-02-08 16:12:35 WARN module=net msg="retrying request"
2026-02-08 16:16:59 DEBUG module=fs msg="queue length checked"
2026-02-08 16:17:29 INFO module=db msg="service started"
2026-02-08 16:17:40 INFO module=net msg="config reloaded"
2026-02-08 16:26:30 INFO module=db msg="request completed"
2026-02-08 16:27:21 INFO module=net msg="cache warmed up"
2026-02-08 16:30:54 INFO module=db msg="job scheduled"
2026-02-08 16:42:34 INFO module=db msg="cache warmed up"
2026-02-08 16:51:41 INFO module=net msg="request completed"
2026-02-08 17:00:00 INFO module=api msg="request completed"
2026-02-08 17:08:42 INFO module=db msg="user logged in"
2026-02-08 17:16:50 INFO module=disk msg="cache warmed up"
2026-02-08 17:18:41 INFO module=auth msg="config reloaded"
2026-02-08 17:27:21 INFO module=fs msg="config reloaded"
2026-02-08 17:29:06 WARN module=db msg="slow response"
2026-02-08 17:30:17 WARN module=disk msg="token expires soon"
2026-02-08 17:31:52 INFO module=db msg="job scheduled"
2026-02-08 17:32:36 WARN module=sched msg="disk usage above 80%"
2026-02-08 17:36:29 INFO module=auth msg="job scheduled"
2026-02-08 17:39:04 INFO module=fs msg="cache warmed up"
2026-02-08 17:40:38 INFO module=auth msg="cache warmed up"
2026-02-08 17:41:46 WARN module=auth msg="deprecated option used"
2026-02-08 17:48:55 INFO module=sched msg="cache warmed up"
2026-02-08 17:54:36 WARN module=db msg="token expires soon"
2026-02-08 18:01:00 INFO module=net msg="user logged in"
2026-02-08 18:15:49 WARN module=cache msg="slow response"
2026-02-08 18:21:34 INFO module=fs msg="job scheduled"
2026-02-08 18:30:25 INFO module=disk msg="service started"
2026-02-08 18:36:16 WARN module=cache msg="retrying request"
2026-02-08 18:45:07 INFO module=auth msg="user logged in"
2026-02-08 18:46:28 INFO module=disk msg="user logged in"
2026-02-08 18:50:39 WARN module=db msg="retrying request"
2026-02-08 19:07:44 INFO module=api msg="user logged in"
2026-02-08 19:10:24 INFO module=disk msg="config reloaded"
2026-02-08 19:17:39 INFO module=db msg="service started"
2026-02-08 19:19:50 INFO module=auth msg="config reloaded"
2026-02-08 19:22:52 WARN module=sched msg="disk usage above 80%"
2026-02-08 19:29:32 INFO module=api msg="config reloaded"
2026-02-08 19:33:59 DEBUG module=cache msg="retry counter reset"
2026-02-08 19:40:46 INFO module=db msg="request completed"
2026-02-08 19:52:35 INFO module=api msg="config reloaded"
2026-02-08 19:53:58 WARN module=net msg="slow response"
2026-02-08 20:12:35 INFO module=api msg="cache warmed up"
2026-02-08 20:15:10 INFO module=net msg="user logged in"
2026-02-08 20:16:05 INFO module=db msg="request completed"
2026-02-08 20:17:55 WARN module=sched msg="token expires soon"
2026-02-08 20:23:50 INFO module=db msg="user logged in"
2026-02-08 20:24:17 INFO module=net msg="user logged in"
2026-02-08 20:25:11 INFO module=auth msg="cache warmed up"
2026-02-08 20:28:42 INFO module=disk msg="config reloaded"
2026-02-08 20:31:00 WARN module=db msg="retrying request"
2026-02-08 20:36:10 INFO module=sched msg="request completed"
2026-02-08 20:39:12 INFO module=net msg="user logged in"
2026-02-08 20:44:02 WARN module=db msg="slow response"
2026-02-08 20:50:27 WARN module=net msg="slow response"
2026-02-08 20:50:49 DEBUG module=sched msg="queue length checked"
2026-02-08 21:04:18 DEBUG module=db msg="entering handler"
2026-02-08 21:04:52 INFO module=sched msg="cache warmed up"
2026-02-08 21:05:55 INFO module=disk msg="job scheduled"
2026-02-08 21:08:46 WARN module=net msg="retrying request"
2026-02-08 21:10:09 INFO module=disk msg="service started"
2026-02-08 21:14:05 DEBUG module=net msg="heartbeat sent"
2026-02-08 21:20:03 WARN module=auth msg="token expires soon"
2026-02-08 21:25:23 INFO module=db msg="request completed"
2026-02-08 21:27:21 INFO module=auth msg="user logged in"
2026-02-08 21:42:50 WARN module=api msg="token expires soon"
2026-02-08 21:43:23 DEBUG module=net msg="queue length checked"
2026-02-08 21:51:09 WARN module=disk msg="slow response"
2026-02-08 21:51:40 INFO module=api msg="job scheduled"
2026-02-08 21:52:03 WARN module=db msg="token expires soon"
2026-02-08 21:54:31 INFO module=disk msg="config reloaded"
2026-02-08 21:59:07 INFO module=auth msg="config reloaded"
2026-02-08 22:00:05 WARN module=cache msg="slow response"
2026-02-08 22:08:37 WARN module=disk msg="deprecated option used"
2026-02-08 22:09:59 INFO module=disk msg="request completed"
2026-02-08 22:24:57 INFO module=auth msg="request completed"
2026-02-08 22:26:45 INFO module=db msg="cache warmed up"
2026-02-08 22:33:08 DEBUG module=fs msg="queue length checked"
2026-02-08 22:35:54 INFO module=auth msg="job scheduled"
2026-02-08 22:37:23 WARN module=api msg="disk usage above 80%"
2026-02-08 22:40:01 INFO module=db msg="config reloaded"
2026-02-08 22:40:15 INFO module=auth msg="cache warmed up"
2026-02-08 22:40:17 INFO module=db msg="service started"
2026-02-08 22:40:27 WARN module=cache msg="deprecated option used"
2026-02-08 22:47:32 INFO module=auth msg="job scheduled"
2026-02-08 22:53:53 INFO module=db msg="request completed"
2026-02-08 23:00:17 INFO module=api msg="user logged in"
2026-02-08 23:06:09 INFO module=fs msg="user logged in"
2026-02-08 23:06:30 INFO module=db msg="request completed"
2026-02-08 23:14:34 INFO module=sched msg="cache warmed up"
2026-02-08 23:17:37 INFO module=api msg="service started"
2026-02-08 23:24:48 WARN module=disk msg="retrying request"
2026-02-08 23:25:06 INFO module=disk msg="request completed"
2026-02-08 23:26:11 WARN module=sched msg="token expires soon"
2026-02-08 23:29:08 INFO module=sched msg="cache warmed up"
2026-02-08 23:29:52 INFO module=auth msg="service started"
2026-02-08 23:29:59 WARN module=net msg="retrying request"
2026-02-08 23:33:37 INFO module=fs msg="job scheduled"
2026-02-08 23:35:00 INFO module=net msg="job scheduled"
2026-02-08 23:42:55 INFO module=db msg="request completed"
2026-02-08 23:51:17 DEBUG module=db msg="queue length checked"
2026-02-08 23:53:49 WARN module=net msg="retrying request"
2026-02-08 23:55:07 INFO module=auth msg="service started"
2026-02-08 23:56:18 INFO module=db msg="cache warmed up"
