2026-02-10 00:00:13 INFO module=net msg="service started"
2026-02-10 00:00:49 INFO module=net msg="cache warmed up"
2026-02-10 00:03:03 INFO module=api msg="user logged in"
2026-02-10 00:04:38 INFO module=disk msg="config reloaded"
2026-02-10 00:07:07 INFO module=auth msg="service started"
2026-02-10 00:13:46 ERROR module=db msg="permission denied"
2026-02-10 00:16:12 INFO module=db msg="job scheduled"
2026-02-10 00:17:46 DEBUG module=api msg="heartbeat sent"
2026-02-10 00:18:28 WARN module=sched msg="deprecated option used"
2026-02-10 00:20:07 INFO module=db msg="cache warmed up"
2026-02-10 00:20:08 DEBUG module=disk msg="heartbeat sent"
2026-02-10 00:25:26 INFO module=db msg="cache warmed up"
2026-02-10 00:26:20 DEBUG module=cache msg="queue length checked"
2026-02-10 00:26:47 INFO module=fs msg="service started"
2026-02-10 00:26:56 WARN module=disk msg="token expires soon"
2026-02-10 00:27:05 INFO module=db msg="cache warmed up"
2026-02-10 00:27:50 WARN module=auth msg="slow response"
2026-02-10 00:28:14 DEBUG module=fs msg="entering handler"
2026-02-10 00:28:40 INFO module=sched msg="job scheduled"
2026-02-10 00:28:49 INFO module=auth msg="user logged in"
2026-02-10 00:29:39 INFO module=net msg="request completed"
2026-02-10 00:32:03 INFO module=db msg="request completed"
2026-02-10 00:34:00 DEBUG module=cache msg="queue length checked"
2026-02-10 00:34:51 INFO module=net msg="config reloaded"
2026-02-10 00:36:35 DEBUG module=api msg="entering handler"
2026-02-10 00:41:14 INFO module=sched msg="cache warmed up"
2026-02-10 00:44:50 INFO module=auth msg="config reloaded"
2026-02-10 00:44:57 INFO module=sched msg="job scheduled"
2026-02-10 00:46:23 WARN module=auth msg="deprecated option used"
2026-02-10 00:47:03 INFO module=auth msg="cache warmed up"
2026-02-10 00:48:44 WARN module=fs msg="disk usage above 80%"
2026-02-10 00:48:52 INFO module=fs msg="service started"
2026-02-10 00:49:43 INFO module=sched msg="service started"
2026-02-10 00:50:23 WARN module=auth msg="slow response"
2026-02-10 00:52:25 INFO module=api msg="cache warmed up"
2026-02-10 00:53:43 ERROR module=cache msg="no space left on device"
2026-02-10 00:53:59 INFO module=cache msg="config reloaded"
2026-02-10 00:55:42 INFO module=auth msg="config reloaded"
2026-02-10 00:58:41 INFO module=disk msg="job scheduled"
2026-02-10 00:58:42 INFO module=disk msg="config reloaded"
2026-02-10 00:59:36 DEBUG module=cache msg="queue length checked"
2026-02-10 01:01:16 DEBUG module=auth msg="entering handler"
2026-02-10 01:04:43 INFO module=net msg="service started"
2026-02-10 01:05:51 INFO module=net msg="service started"
2026-02-10 01:09:26 INFO module=sched msg="user logged in"
2026-02-10 01:11:59 INFO module=cache msg="cache warmed up"
2026-02-10 01:14:06 INFO module=sched msg="request completed"
2026-02-10 01:16:39 WARN module=api msg="slow response"
2026-02-10 01:19:06 WARN module=auth msg="token expires soon"
2026-02-10 01:22:53 INFO module=auth msg="job scheduled"
2026-02-10 01:25:14 INFO module=auth msg="config reloaded"
2026-02-10 01:26:31 INFO module=fs msg="request completed"
2026-02-10 01:26:59 DEBUG module=net msg="entering handler"
2026-02-10 01:27:08 DEBUG module=cache msg="buffer flushed"
2026-02-10 01:27:50 INFO module=net msg="config reloaded"
2026-02-10 01:29:21 INFO module=cache msg="cache warmed up"
2026-02-10 01:32:53 INFO module=cache msg="request completed"
2026-02-10 01:35:24 INFO module=disk msg="user logged in"
2026-02-10 01:36:43 DEBUG module=sched msg="retry counter reset"
2026-02-10 01:37:05 WARN module=cache msg="deprecated option used"
2026-02-10 01:37:07 INFO module=net msg="request completed"
2026-02-10 01:39:53 INFO module=api msg="config reloaded"
2026-02-10 01:41:03 INFO module=auth msg="config reloaded"
2026-02-10 01:44:09 INFO module=auth msg="job scheduled"
2026-02-10 01:45:03 WARN module=cache msg="slow response"
2026-02-10 01:45:57 INFO module=api msg="service started"
2026-02-10 01:46:54 DEBUG module=fs msg="queue length checked"
2026-02-10 01:47:29 INFO module=net msg="config reloaded"
2026-02-10 01:47:40 DEBUG module=sched msg="heartbeat sent"
2026-02-10 01:50:05 ERROR module=auth msg="no space left on device"
2026-02-10 01:50:46 DEBUG module=api msg="retry counter reset"
2026-02-10 01:51:22 INFO module=auth msg="job scheduled"
2026-02-10 01:51:51 INFO module=net msg="job scheduled"
2026-02-10 01:52:52 WARN module=net msg="deprecated option used"
2026-02-10 01:53:01 WARN module=net msg="retrying request"
2026-02-10 01:54:06 INFO module=api msg="user logged in"
2026-02-10 01:55:13 ERROR module=db msg="connection refused"
2026-02-10 01:57:55 DEBUG module=sched msg="buffer flushed"
2026-02-10 02:00:30 ERROR module=db msg="permission denied"
2026-02-10 02:04:49 DEBUG module=cache msg="retry counter reset"
2026-02-10 02:08:12 INFO module=api msg="job scheduled"
2026-02-10 02:15:48 INFO module=auth msg="user logged in"
2026-02-10 02:16:57 WARN module=fs msg="disk usage above 80%"
2026-02-10 02:18:32 WARN module=cache msg="disk usage above 80%"
2026-02-10 02:19:24 DEBUG module=cache msg="retry counter reset"
2026-02-10 02:19:30 INFO module=sched msg="cache warmed up"
2026-02-10 02:22:42 DEBUG module=net msg="retry counter reset"
2026-02-10 02:23:35 DEBUG module=disk msg="retry counter reset"
2026-02-10 02:25:33 DEBUG module=cache msg="queue length checked"
2026-02-10 02:25:40 INFO module=disk msg="job scheduled"
2026-02-10 02:26:05 ERROR module=sched msg="connection refused"
2026-02-10 02:28:01 INFO module=api msg="request completed"
2026-02-10 02:29:25 DEBUG module=auth msg="heartbeat sent"
2026-02-10 02:32:06 INFO module=auth msg="user logged in"
2026-02-10 02:33:59 WARN module=fs msg="retrying request"
2026-02-10 02:36:03 INFO module=disk msg="config reloaded"
2026-02-10 02:36:50 DEBUG module=fs msg="queue length checked"
2026-02-10 02:37:39 WARN module=db msg="token expires soon"
2026-02-10 02:40:33 INFO module=db msg="service started"
2026-02-10 02:41:53 INFO module=auth msg="service started"
2026-02-10 02:42:02 INFO module=db msg="config reloaded"
2026-02-10 02:42:54 INFO module=api msg="user logged in"
2026-02-10 02:43:42 INFO module=fs msg="cache warmed up"
2026-02-10 02:45:23 INFO module=net msg="config reloaded"
2026-02-10 02:46:48 INFO module=net msg="config reloaded"
2026-02-10 02:47:59 ERROR module=db msg="no space left on device"
2026-02-10 02:50:11 INFO module=fs msg="cache warmed up"
2026-02-10 02:50:55 ERROR module=db msg="permission denied"
2026-02-10 02:51:05 INFO module=cache msg="job scheduled"
2026-02-10 02:51:36 INFO module=auth msg="request completed"
2026-02-10 02:52:08 INFO module=net msg="job scheduled"
2026-02-10 02:52:55 INFO module=auth msg="request completed"
2026-02-10 02:56:06 INFO module=cache msg="service started"
2026-02-10 03:04:41 INFO module=auth msg="service started"
2026-02-10 03:04:47 INFO module=disk msg="request completed"
2026-02-10 03:04:53 WARN module=net msg="retrying request"
2026-02-10 03:07:40 WARN module=net msg="disk usage above 80%"
2026-02-10 03:09:17 INFO module=sched msg="config reloaded"
2026-02-10 03:13:19 INFO module=auth msg="user logged in"
2026-02-10 03:18:42 ERROR module=net msg="connection timeout"
2026-02-10 03:21:07 WARN module=cache msg="token expires soon"
2026-02-10 03:21:21 INFO module=api msg="job scheduled"
2026-02-10 03:23:04 WARN module=net msg="slow response"
2026-02-10 03:24:37 INFO module=net msg="job scheduled"
2026-02-10 03:25:37 INFO module=net msg="request completed"
2026-02-10 03:28:30 ERROR module=disk msg="permission denied"
2026-02-10 03:31:52 INFO module=net msg="user logged in"
2026-02-10 03:32:15 DEBUG module=cache msg="queue length checked"
2026-02-10 03:33:14 DEBUG module=db msg="entering handler"
2026-02-10 03:33:30 INFO module=disk msg="cache warmed up"
2026-02-10 03:33:36 INFO module=auth msg="config reloaded"
2026-02-10 03:34:53 INFO module=auth msg="job scheduled"
2026-02-10 03:35:57 ERROR module=net msg="connection refused"
2026-02-10 03:39:39 INFO module=disk msg="job scheduled"
2026-02-10 03:39:50 INFO module=db msg="job scheduled"
2026-02-10 03:41:16 ERROR module=cache msg="permission denied"
2026-02-10 03:44:56 ERROR module=net msg="query failed"
2026-02-10 03:45:19 INFO module=db msg="cache warmed up"
2026-02-10 03:46:00 DEBUG module=sched msg="heartbeat sent"
2026-02-10 03:46:06 WARN module=cache msg="retrying request"
2026-02-10 03:46:29 WARN module=net msg="slow response"
2026-02-10 03:47:45 INFO module=net msg="user logged in"
2026-02-10 03:48:41 INFO module=fs msg="service started"
2026-02-10 03:53:28 INFO module=fs msg="cache warmed up"
2026-02-10 03:56:37 INFO module=auth msg="job scheduled"
2026-02-10 03:56:51 INFO module=sched msg="cache warmed up"
2026-02-10 03:57:21 WARN module=disk msg="disk usage above 80%"
2026-02-10 03:57:38 INFO module=sched msg="user logged in"
2026-02-10 03:59:03 INFO module=fs msg="service started"
2026-02-10 04:00:13 WARN module=disk msg="deprecated option used"
2026-02-10 04:01:26 DEBUG module=api msg="heartbeat sent"
2026-02-10 04:03:03 WARN module=auth msg="deprecated option used"
2026-02-10 04:06:14 INFO module=net msg="job scheduled"
2026-02-10 04:06:23 INFO module=api msg="cache warmed up"
2026-02-10 04:08:32 ERROR module=disk msg="segment read failed"
2026-02-10 04:09:44 INFO module=db msg="cache warmed up"
2026-02-10 04:10:14 INFO module=cache msg="job scheduled"
2026-02-10 04:10:41 WARN module=db msg="retrying request"
2026-02-10 04:14:17 ERROR module=api msg="no space left on device"
2026-02-10 04:14:40 DEBUG module=cache msg="buffer flushed"
2026-02-10 04:18:39 INFO module=cache msg="service started"
2026-02-10 04:19:29 INFO module=cache msg="config reloaded"
2026-02-10 04:24:03 INFO module=cache msg="request completed"
2026-02-10 04:25:12 INFO module=auth msg="request completed"
2026-02-10 04:25:39 WARN module=disk msg="disk usage above 80%"
2026-02-10 04:29:06 INFO module=auth msg="request completed"
2026-02-10 04:29:48 INFO module=sched msg="config reloaded"
2026-02-10 04:32:34 INFO module=sched msg="user logged in"
2026-02-10 04:32:45 INFO module=fs msg="cache warmed up"
2026-02-10 04:33:07 ERROR module=auth msg="segment read failed"
2026-02-10 04:34:24 ERROR module=db msg="no space left on device"
2026-02-10 04:37:20 INFO module=api msg="service started"
2026-02-10 04:38:21 INFO module=net msg="job scheduled"
2026-02-10 04:38:33 INFO module=db msg="cache warmed up"
2026-02-10 04:41:37 DEBUG module=net msg="entering handler"
2026-02-10 04:42:11 INFO module=disk msg="config reloaded"
2026-02-10 04:44:17 WARN module=net msg="slow response"
2026-02-10 04:47:13 INFO module=db msg="job scheduled"
2026-02-10 04:53:56 WARN module=db msg="deprecated option used"
2026-02-10 04:58:36 INFO module=auth msg="cache warmed up"
2026-02-10 04:58:49 INFO module=db msg="cache warmed up"
2026-02-10 04:59:45 ERROR module=db msg="connection timeout"
2026-02-10 05:05:55 INFO module=fs msg="request completed"
2026-02-10 05:07:25 INFO module=net msg="user logged in"
2026-02-10 05:10:33 INFO module=cache msg="user logged in"
2026-02-10 05:10:34 DEBUG module=cache msg="queue length checked"
2026-02-10 05:11:44 ERROR module=db msg="permission denied"
2026-02-10 05:13:13 INFO module=net msg="user logged in"
2026-02-10 05:15:05 INFO module=api msg="job scheduled"
2026-02-10 05:15:12 INFO module=cache msg="request completed"
2026-02-10 05:15:20 INFO module=fs msg="service started"
2026-02-10 05:15:36 DEBUG module=db msg="heartbeat sent"
2026-02-10 05:17:18 INFO module=sched msg="service started"
2026-02-10 05:18:58 DEBUG module=disk msg="buffer flushed"
2026-02-10 05:20:07 INFO module=cache msg="request completed"
2026-02-10 05:22:12 DEBUG module=sched msg="heartbeat sent"
2026-02-10 05:23:53 DEBUG module=cache msg="buffer flushed"
2026-02-10 05:24:35 INFO module=net msg="request completed"
2026-02-10 05:26:28 INFO module=auth msg="config reloaded"
2026-02-10 05:28:12 INFO module=cache msg="service started"
2026-02-10 05:28:59 DEBUG module=auth msg="queue length checked"
2026-02-10 05:29:18 DEBUG module=db msg="entering handler"
2026-02-10 05:29:59 INFO module=db msg="config reloaded"
2026-02-10 05:30:02 INFO module=db msg="job scheduled"
2026-02-10 05:32:05 INFO module=db msg="cache warmed up"
2026-02-10 05:32:50 DEBUG module=fs msg="entering handler"
2026-02-10 05:33:42 INFO module=api msg="user logged in"
2026-02-10 05:34:47 INFO module=db msg="cache warmed up"
2026-02-10 05:42:04 ERROR module=net msg="no space left on device"
2026-02-10 05:43:50 INFO module=api msg="request completed"
2026-02-10 05:44:10 WARN module=disk msg="disk usage above 80%"
2026-02-10 05:48:06 WARN module=net msg="token expires soon"
2026-02-10 05:48:25 INFO module=fs msg="service started"
2026-02-10 05:49:02 INFO module=cache msg="config reloaded"
2026-02-10 05:49:48 INFO module=cache msg="cache warmed up"
2026-02-10 05:52:47 INFO module=api msg="cache warmed up"
2026-02-10 05:54:31 INFO module=api msg="request completed"
2026-02-10 05:54:50 INFO module=cache msg="cache warmed up"
2026-02-10 05:55:44 INFO module=net msg="service started"
2026-02-10 05:58:20 DEBUG module=disk msg="retry counter reset"
2026-02-10 05:58:25 INFO module=api msg="config reloaded"
2026-02-10 06:02:30 INFO module=net msg="config reloaded"
2026-02-10 06:02:40 INFO module=db msg="request completed"
2026-02-10 06:03:27 ERROR module=auth msg="query failed"
2026-02-10 06:08:41 INFO module=net msg="job scheduled"
2026-02-10 06:09:50 ERROR module=db msg="permission denied"
2026-02-10 06:13:44 WARN module=disk msg="retrying request"
2026-02-10 06:19:42 INFO module=net msg="user logged in"
2026-02-10 06:21:24 WARN module=api msg="retrying request"
2026-02-10 06:25:55 WARN module=net msg="retrying request"
2026-02-10 06:29:17 DEBUG module=db msg="entering handler"
2026-02-10 06:32:25 INFO module=db msg="config reloaded"
2026-02-10 06:34:18 INFO module=fs msg="request completed"
2026-02-10 06:36:34 INFO module=disk msg="job scheduled"
2026-02-10 06:36:45 INFO module=net msg="job scheduled"
2026-02-10 06:37:42 WARN module=disk msg="token expires soon"
2026-02-10 06:38:34 INFO module=api msg="request completed"
2026-02-10 06:38:49 INFO module=auth msg="cache warmed up"
2026-02-10 06:41:44 DEBUG module=net msg="heartbeat sent"
2026-02-10 06:42:47 INFO module=sched msg="cache warmed up"
2026-02-10 06:43:37 INFO module=auth msg="user logged in"
2026-02-10 06:48:59 INFO module=fs msg="service started"
2026-02-10 06:50:03 ERROR module=net msg="permission denied"
2026-02-10 06:52:14 INFO module=net msg="service started"
2026-02-10 06:53:10 DEBUG module=net msg="queue length checked"
2026-02-10 06:54:02 ERROR module=auth msg="permission denied"
2026-02-10 06:54:08 INFO module=auth msg="user logged in"
2026-02-10 06:54:46 INFO module=fs msg="cache warmed up"
2026-02-10 06:57:07 WARN module=db msg="disk usage above 80%"
2026-02-10 06:58:29 INFO module=db msg="user logged in"
2026-02-10 06:58:56 INFO module=api msg="job scheduled"
2026-02-10 07:00:31 DEBUG module=disk msg="retry counter reset"
2026-02-10 07:00:57 DEBUG module=api msg="heartbeat sent"
2026-02-10 07:01:54 DEBUG module=db msg="queue length checked"
2026-02-10 07:02:06 INFO module=sched msg="cache warmed up"
2026-02-10 07:03:04 INFO module=db msg="request completed"
2026-02-10 07:06:07 DEBUG module=net msg="retry counter reset"
2026-02-10 07:06:42 DEBUG module=api msg="buffer flushed"
2026-02-10 07:07:57 INFO module=db msg="request completed"
2026-02-10 07:09:54 INFO module=net msg="config reloaded"
2026-02-10 07:10:51 WARN module=fs msg="slow response"
2026-02-10 07:12:13 ERROR module=auth msg="segment read failed"
2026-02-10 07:14:32 INFO module=net msg="request completed"
2026-02-10 07:20:49 DEBUG module=net msg="retry counter reset"
2026-02-10 07:21:54 INFO module=sched msg="user logged in"
2026-02-10 07:22:03 INFO module=api msg="job scheduled"
2026-02-10 07:25:37 INFO module=auth msg="job scheduled"
2026-02-10 07:27:10 DEBUG module=net msg="retry counter reset"
2026-02-10 07:27:23 DEBUG module=sched msg="heartbeat sent"
2026-02-10 07:29:20 DEBUG module=sched msg="retry counter reset"
2026-02-10 07:32:04 WARN module=disk msg="retrying request"
2026-02-10 07:34:55 ERROR module=net msg="connection refused"
2026-02-10 07:36:31 INFO module=cache msg="cache warmed up"
2026-02-10 07:39:14 INFO module=net msg="config reloaded"
2026-02-10 07:41:53 DEBUG module=api msg="retry counter reset"
2026-02-10 07:44:34 DEBUG module=cache msg="heartbeat sent"
2026-02-10 07:44:42 INFO module=auth msg="job scheduled"
2026-02-10 07:49:18 INFO module=fs msg="config reloaded"
2026-02-10 07:50:47 INFO module=sched msg="service started"
2026-02-10 07:54:49 ERROR module=db msg="invalid token"
2026-02-10 07:55:36 INFO module=db msg="config reloaded"
2026-02-10 07:56:17 DEBUG module=fs msg="buffer flushed"
2026-02-10 07:58:47 INFO module=fs msg="request completed"
2026-02-10 07:58:58 ERROR module=auth msg="permission denied"
2026-02-10 08:00:05 INFO module=net msg="cache warmed up"
2026-02-10 08:00:57 DEBUG module=sched msg="entering handler"
2026-02-10 08:01:09 INFO module=disk msg="cache warmed up"
2026-02-10 08:03:58 WARN module=db msg="deprecated option used"
2026-02-10 08:05:08 INFO module=disk msg="service started"
2026-02-10 08:06:18 INFO module=api msg="request completed"
2026-02-10 08:07:03 DEBUG module=disk msg="entering handler"
2026-02-10 08:08:20 DEBUG module=sched msg="retry counter reset"
2026-02-10 08:08:49 INFO module=auth msg="user logged in"
2026-02-10 08:09:20 WARN module=cache msg="token expires soon"
2026-02-10 08:14:57 INFO module=disk msg="service started"
2026-02-10 08:17:51 INFO module=net msg="service started"
2026-02-10 08:18:03 DEBUG module=sched msg="heartbeat sent"
2026-02-10 08:18:43 INFO module=net msg="user logged in"
2026-02-10 08:19:30 INFO module=net msg="service started"
2026-02-10 08:22:27 INFO module=cache msg="user logged in"
2026-02-10 08:30:36 INFO module=disk msg="service started"
2026-02-10 08:31:35 INFO module=auth msg="cache warmed up"
2026-02-10 08:33:00 INFO module=auth msg="config reloaded"
2026-02-10 08:36:16 INFO module=cache msg="cache warmed up"
2026-02-10 08:39:15 INFO module=fs msg="user logged in"
2026-02-10 08:40:05 ERROR module=disk msg="permission denied"
2026-02-10 08:41:08 INFO module=api msg="service started"
2026-02-10 08:43:22 DEBUG module=cache msg="buffer flushed"
2026-02-10 08:44:13 INFO module=db msg="user logged in"
2026-02-10 08:46:01 DEBUG module=auth msg="heartbeat sent"
2026-02-10 08:47:21 DEBUG module=disk msg="entering handler"
2026-02-10 08:48:39 WARN module=net msg="disk usage above 80%"
2026-02-10 08:49:48 INFO module=api msg="user logged in"
2026-02-10 08:50:11 INFO module=disk msg="service started"
2026-02-10 08:51:38 DEBUG module=disk msg="queue length checked"
2026-02-10 08:56:48 INFO module=net msg="service started"
2026-02-10 08:58:56 ERROR module=db msg="segment read failed"
2026-02-10 09:06:24 INFO module=db msg="cache warmed up"
2026-02-10 09:10:43 WARN module=net msg="retrying request"
2026-02-10 09:11:38 DEBUG module=cache msg="entering handler"
2026-02-10 09:12:15 DEBUG module=net msg="buffer flushed"
2026-02-10 09:15:00 INFO module=fs msg="request completed"
2026-02-10 09:16:48 INFO module=db msg="service started"
2026-02-10 09:16:59 INFO module=cache msg="job scheduled"
2026-02-10 09:20:53 INFO module=auth msg="job scheduled"
2026-02-10 09:24:53 INFO module=fs msg="request completed"
2026-02-10 09:26:48 DEBUG module=db msg="heartbeat sent"
2026-02-10 09:27:21 DEBUG module=sched msg="entering handler"
2026-02-10 09:36:26 INFO module=auth msg="config reloaded"
2026-02-10 09:46:56 INFO module=auth msg="request completed"
2026-02-10 09:48:23 INFO module=auth msg="user logged in"
2026-02-10 09:49:03 INFO module=fs msg="service started"
2026-02-10 09:55:07 INFO module=auth msg="cache warmed up"
2026-02-10 09:55:53 INFO module=sched msg="request completed"
2026-02-10 10:01:46 WARN module=disk msg="retrying request"
2026-02-10 10:02:04 INFO module=api msg="cache warmed up"
2026-02-10 10:05:18 INFO module=api msg="request completed"
2026-02-10 10:09:04 INFO module=auth msg="request completed"
2026-02-10 10:09:06 WARN module=db msg="deprecated option used"
2026-02-10 10:09:53 INFO module=sched msg="user logged in"
2026-02-10 10:11:30 WARN module=auth msg="slow response"
2026-02-10 10:12:35 INFO module=sched msg="request completed"
2026-02-10 10:13:17 INFO module=cache msg="user logged in"
2026-02-10 10:21:14 DEBUG module=sched msg="heartbeat sent"
2026-02-10 10:29:10 WARN module=net msg="disk usage above 80%"
2026-02-10 10:31:27 INFO module=net msg="service started"
2026-02-10 10:33:12 INFO module=net msg="service started"
2026-02-10 10:36:43 INFO module=db msg="request completed"
2026-02-10 10:39:11 INFO module=db msg="service started"
2026-02-10 10:42:23 INFO module=sched msg="request completed"
2026-02-10 10:42:38 INFO module=api msg="service started"
2026-02-10 10:44:26 INFO module=disk msg="service started"
2026-02-10 10:54:51 WARN module=disk msg="retrying request"
2026-02-10 10:59:37 ERROR module=db msg="no space left on device"
2026-02-10 11:01:34 INFO module=auth msg="job scheduled"
2026-02-10 11:04:38 ERROR module=api msg="query failed"
2026-02-10 11:06:52 INFO module=auth msg="config reloaded"
2026-02-10 11:13:27 WARN module=net msg="disk usage above 80%"
2026-02-10 11:13:29 INFO module=auth msg="user logged in"
2026-02-10 11:14:20 ERROR module=disk msg="permission denied"
2026-02-10 11:16:32 WARN module=disk msg="slow response"
2026-02-10 11:17:04 DEBUG module=auth msg="heartbeat sent"
2026-02-10 11:17:29 WARN module=cache msg="retrying request"
2026-02-10 11:18:40 WARN module=cache msg="retrying request"
2026-02-10 11:25:38 INFO module=cache msg="job scheduled"
2026-02-10 11:34:51 WARN module=db msg="deprecated option used"
2026-02-10 11:43:34 DEBUG module=fs msg="heartbeat sent"
2026-02-10 11:47:36 INFO module=disk msg="job scheduled"
2026-02-10 11:49:32 INFO module=cache msg="request completed"
2026-02-10 11:51:00 INFO module=net msg="config reloaded"
2026-02-10 11:52:30 INFO module=sched msg="user logged in"
2026-02-10 11:53:15 INFO module=api msg="service started"
2026-02-10 11:53:24 DEBUG module=cache msg="entering handler"
2026-02-10 11:56:24 WARN module=sched msg="retrying request"
2026-02-10 12:01:30 WARN module=disk msg="token expires soon"
2026-02-10 12:07:04 INFO module=api msg="job scheduled"
2026-02-10 12:07:38 DEBUG module=net msg="heartbeat sent"
2026-02-10 12:08:15 INFO module=net msg="cache warmed up"
2026-02-10 12:11:19 INFO module=disk msg="cache warmed up"
2026-02-10 12:12:22 WARN module=api msg="slow response"
2026-02-10 12:13:39 DEBUG module=api msg="retry counter reset"
2026-02-10 12:15:02 INFO module=db msg="job scheduled"
2026-02-10 12:18:23 WARN module=disk msg="token expires soon"
2026-02-10 12:21:51 DEBUG module=disk msg="heartbeat sent"
2026-02-10 12:23:59 INFO module=sched msg="cache warmed up"
2026-02-10 12:25:06 INFO module=cache msg="request completed"
2026-02-10 12:25:13 INFO module=api msg="request completed"
2026-02-10 12:27:43 WARN module=cache msg="slow response"
2026-02-10 12:30:13 INFO module=db msg="user logged in"
2026-02-10 12:33:12 INFO module=sched msg="config reloaded"
2026-02-10 12:34:03 WARN module=fs msg="token expires soon"
2026-02-10 12:34:38 INFO module=net msg="cache warmed up"
2026-02-10 12:35:55 DEBUG module=fs msg="retry counter reset"
2026-02-10 12:36:38 DEBUG module=cache msg="queue length checked"
2026-02-10 12:38:21 INFO module=auth msg="service started"
2026-02-10 12:40:12 INFO module=fs msg="request completed"
2026-02-10 12:45:35 WARN module=net msg="retrying request"
2026-02-10 12:49:30 INFO module=api msg="service started"
2026-02-10 12:50:08 INFO module=sched msg="job scheduled"
2026-02-10 12:52:39 INFO module=db msg="job scheduled"
2026-02-10 12:52:53 ERROR module=cache msg="no space left on device"
2026-02-10 12:54:13 INFO module=sched msg="request completed"
2026-02-10 12:56:24 INFO module=db msg="service started"
2026-02-10 12:57:32 INFO module=api msg="config reloaded"
2026-02-10 12:58:20 ERROR module=db msg="invalid token"
2026-02-10 13:01:37 INFO module=cache msg="config reloaded"
2026-02-10 13:01:58 WARN module=sched msg="disk usage above 80%"
2026-02-10 13:02:35 ERROR module=net msg="segment read failed"
2026-02-10 13:03:16 INFO module=db msg="request completed"
2026-02-10 13:04:54 INFO module=auth msg="config reloaded"
2026-02-10 13:06:29 WARN module=fs msg="slow response"
2026-02-10 13:08:49 DEBUG module=sched msg="queue length checked"
2026-02-10 13:09:11 WARN module=net msg="deprecated option used"
2026-02-10 13:10:33 INFO module=fs msg="cache warmed up"
2026-02-10 13:10:53 DEBUG module=sched msg="retry counter reset"
2026-02-10 13:11:04 INFO module=cache msg="request completed"
2026-02-10 13:20:01 WARN module=fs msg="deprecated option used"
2026-02-10 13:20:29 INFO module=net msg="user logged in"
2026-02-10 13:20:54 ERROR module=auth msg="no space left on device"
2026-02-10 13:23:19 INFO module=cache msg="cache warmed up"
2026-02-10 13:25:35 DEBUG module=db msg="queue length checked"
2026-02-10 13:26:01 INFO module=sched msg="cache warmed up"
2026-02-10 13:26:36 DEBUG module=api msg="queue length checked"
2026-02-10 13:29:42 INFO module=api msg="service started"
2026-02-10 13:30:16 INFO module=net msg="request completed"
2026-02-10 13:30:34 DEBUG module=auth msg="buffer flushed"
2026-02-10 13:30:52 INFO module=api msg="request completed"
2026-02-10 13:31:23 DEBUG module=cache msg="retry counter reset"
2026-02-10 13:32:33 INFO module=sched msg="config reloaded"
2026-02-10 13:32:56 INFO module=db msg="cache warmed up"
2026-02-10 13:33:14 INFO module=api msg="cache warmed up"
2026-02-10 13:33:34 WARN module=fs msg="retrying request"
2026-02-10 13:33:53 INFO module=sched msg="cache warmed up"
2026-02-10 13:34:37 INFO module=net msg="request completed"
2026-02-10 13:34:47 INFO module=cache msg="cache warmed up"
2026-02-10 13:35:53 INFO module=disk msg="config reloaded"
2026-02-10 13:39:14 INFO module=sched msg="cache warmed up"
2026-02-10 13:39:19 INFO module=sched msg="user logged in"
2026-02-10 13:41:28 WARN module=db msg="slow response"
2026-02-10 13:48:47 INFO module=db msg="user logged in"
2026-02-10 13:49:08 INFO module=api msg="job scheduled"
2026-02-10 13:49:17 INFO module=disk msg="config reloaded"
2026-02-10 13:50:51 DEBUG module=api msg="heartbeat sent"
2026-02-10 13:51:54 INFO module=cache msg="user logged in"
2026-02-10 13:52:17 INFO module=disk msg="cache warmed up"
2026-02-10 13:52:54 INFO module=net msg="job scheduled"
2026-02-10 13:55:57 INFO module=api msg="request completed"
2026-02-10 13:58:10 INFO module=auth msg="user logged in"
2026-02-10 13:59:23 WARN module=sched msg="retrying request"
2026-02-10 14:05:25 INFO module=fs msg="request completed"
2026-02-10 14:11:34 INFO module=sched msg="config reloaded"
2026-02-10 14:17:53 INFO module=db msg="request completed"
2026-02-10 14:18:50 INFO module=net msg="user logged in"
2026-02-10 14:23:03 INFO module=api msg="job scheduled"
2026-02-10 14:25:27 INFO module=api msg="config reloaded"
2026-02-10 14:26:25 INFO module=api msg="request completed"
2026-02-10 14:27:20 INFO module=db msg="job scheduled"
2026-02-10 14:30:15 INFO module=api msg="request completed"
2026-02-10 14:30:42 WARN module=db msg="disk usage above 80%"
2026-02-10 14:32:57 WARN module=disk msg="token expires soon"
2026-02-10 14:34:41 INFO module=db msg="cache warmed up"
2026-02-10 14:38:54 INFO module=db msg="user logged in"
2026-02-10 14:46:34 INFO module=sched msg="job scheduled"
2026-02-10 14:51:30 INFO module=db msg="user logged in"
2026-02-10 14:51:41 DEBUG module=cache msg="buffer flushed"
2026-02-10 14:55:21 DEBUG module=api msg="entering handler"
2026-02-10 14:57:22 ERROR module=cache msg="query failed"
2026-02-10 14:59:34 INFO module=cache msg="service started"
2026-02-10 14:59:51 INFO module=net msg="job scheduled"
2026-02-10 15:00:59 INFO module=sched msg="service started"
2026-02-10 15:04:07 WARN module=db msg="token expires soon"
2026-02-10 15:04:10 INFO module=fs msg="cache warmed up"
2026-02-10 15:06:50 INFO module=auth msg="job scheduled"
2026-02-10 15:07:02 WARN module=auth msg="retrying request"
2026-02-10 15:08:01 INFO module=net msg="user logged in"
2026-02-10 15:08:22 WARN module=db msg="disk usage above 80%"
2026-02-10 15:09:23 INFO module=net msg="request completed"
2026-02-10 15:09:40 WARN module=db msg="disk usage above 80%"
2026-02-10 15:09:43 INFO module=api msg="job scheduled"
2026-02-10 15:11:10 INFO module=cache msg="job scheduled"
2026-02-10 15:12:33 ERROR module=db msg="invalid token"
2026-02-10 15:14:19 INFO module=db msg="user logged in"
2026-02-10 15:15:17 INFO module=api msg="service started"
2026-02-10 15:20:08 DEBUG module=net msg="entering handler"
2026-02-10 15:23:14 INFO module=fs msg="config reloaded"
2026-02-10 15:23:30 INFO module=sched msg="job scheduled"
2026-02-10 15:24:39 INFO module=api msg="cache warmed up"
2026-02-10 15:25:44 WARN module=api msg="retrying request"
2026-02-10 15:29:22 ERROR module=net msg="segment read failed"
2026-02-10 15:29:37 INFO module=auth msg="config reloaded"
2026-02-10 15:30:18 INFO module=cache msg="cache warmed up"
2026-02-10 15:32:22 WARN module=disk msg="deprecated option used"
2026-02-10 15:34:27 ERROR module=cache msg="no space left on device"
2026-02-10 15:37:31 ERROR module=net msg="invalid token"
2026-02-10 15:38:46 INFO module=fs msg="job scheduled"
2026-02-10 15:39:22 INFO module=sched msg="cache warmed up"
2026-02-10 15:41:15 INFO module=cache msg="service started"
2026-02-10 15:42:43 DEBUG module=db msg="heartbeat sent"
2026-02-10 15:45:26 WARN module=disk msg="retrying request"
2026-02-10 15:49:21 INFO module=net msg="service started"
2026-02-10 15:56:54 DEBUG module=fs msg="entering handler"
2026-02-10 16:00:24 INFO module=sched msg="user logged in"
2026-02-10 16:02:27 INFO module=disk msg="config reloaded"
2026-02-10 16:06:09 INFO module=auth msg="request completed"
2026-02-10 16:07:01 WARN module=db msg="disk usage above 80%"
2026-02-10 16:07:51 INFO module=fs msg="service started"
2026-02-10 16:09:12 INFO module=disk msg="service started"
2026-02-10 16:11:55 WARN module=disk msg="retrying request"
2026-02-10 16:14:43 INFO module=fs msg="cache warmed up"
2026-02-10 16:16:07 DEBUG module=sched msg="heartbeat sent"
2026-02-10 16:19:57 INFO module=net msg="cache warmed up"
2026-02-10 16:20:53 DEBUG module=api msg="buffer flushed"
2026-02-10 16:24:28 INFO module=api msg="service started"
2026-02-10 16:28:51 WARN module=net msg="deprecated option used"
2026-02-10 16:32:48 INFO module=fs msg="cache warmed up"
2026-02-10 16:33:47 INFO module=fs msg="service started"
2026-02-10 16:36:29 WARN module=cache msg="disk usage above 80%"
2026-02-10 16:38:52 DEBUG module=auth msg="buffer flushed"
2026-02-10 16:38:53 INFO module=net msg="user logged in"
2026-02-10 16:42:47 WARN module=cache msg="disk usage above 80%"
2026-02-10 16:43:29 ERROR module=cache msg="query failed"
2026-02-10 16:47:03 DEBUG module=fs msg="queue length checked"
2026-02-10 16:47:17 INFO module=db msg="service started"
2026-02-10 16:50:18 DEBUG module=sched msg="buffer flushed"
2026-02-10 16:51:05 INFO module=disk msg="cache warmed up"
2026-02-10 16:52:53 INFO module=fs msg="config reloaded"
2026-02-10 16:55:49 INFO module=cache msg="request completed"
2026-02-10 16:56:40 WARN module=cache msg="slow response"
2026-02-10 17:01:18 DEBUG module=db msg="heartbeat sent"
2026-02-10 17:02:42 INFO module=db msg="user logged in"
2026-02-10 17:05:50 INFO module=sched msg="cache warmed up"
2026-02-10 17:07:36 INFO module=db msg="cache warmed up"
2026-02-10 17:09:58 DEBUG module=cache msg="entering handler"
2026-02-10 17:11:20 ERROR module=disk msg="connection timeout"
2026-02-10 17:12:13 ERROR module=sched msg="segment read failed"
2026-02-10 17:12:25 INFO module=cache msg="service started"
2026-02-10 17:12:40 WARN module=net msg="retrying request"
2026-02-10 17:14:54 INFO module=db msg="cache warmed up"
2026-02-10 17:16:58 ERROR module=net msg="no space left on device"
2026-02-10 17:18:21 DEBUG module=api msg="retry counter reset"
2026-02-10 17:21:38 INFO module=db msg="cache warmed up"
2026-02-10 17:23:18 DEBUG module=sched msg="heartbeat sent"
2026-02-10 17:24:42 INFO module=sched msg="config reloaded"
2026-02-10 17:27:43 INFO module=fs msg="service started"
2026-02-10 17:28:38 WARN module=db msg="retrying request"
2026-02-10 17:31:00 INFO module=db msg="user logged in"
2026-02-10 17:31:14 INFO module=net msg="cache warmed up"
2026-02-10 17:35:42 ERROR module=net msg="no space left on device"
2026-02-10 17:37:58 WARN module=cache msg="deprecated option used"
2026-02-10 17:40:38 ERROR module=net msg="segment read failed"
2026-02-10 17:41:41 INFO module=net msg="job scheduled"
2026-02-10 17:42:06 INFO module=db msg="cache warmed up"
2026-02-10 17:42:17 INFO module=cache msg="service started"
2026-02-10 17:44:45 DEBUG module=cache msg="retry counter reset"
2026-02-10 17:45:50 INFO module=disk msg="config reloaded"
2026-02-10 17:47:28 WARN module=net msg="retrying request"
2026-02-10 17:50:02 INFO module=fs msg="config reloaded"
2026-02-10 17:51:12 INFO module=cache msg="user logged in"
2026-02-10 17:52:18 ERROR module=net msg="segment read failed"
2026-02-10 17:52:30 WARN module=api msg="token expires soon"
2026-02-10 17:54:36 ERROR module=api msg="segment read failed"
2026-02-10 17:55:08 INFO module=net msg="user logged in"
2026-02-10 17:56:48 DEBUG module=auth msg="retry counter reset"
2026-02-10 17:58:55 INFO module=net msg="job scheduled"
2026-02-10 18:00:27 INFO module=fs msg="request completed"
2026-02-10 18:00:55 INFO module=sched msg="config reloaded"
2026-02-10 18:01:13 INFO module=db msg="request completed"
2026-02-10 18:03:07 WARN module=net msg="retrying request"
2026-02-10 18:05:28 INFO module=db msg="job scheduled"
2026-02-10 18:07:14 ERROR module=db msg="query failed"
2026-02-10 18:09:29 INFO module=db msg="user logged in"
2026-02-10 18:10:53 INFO module=net msg="service started"
2026-02-10 18:15:00 DEBUG module=cache msg="retry counter reset"
2026-02-10 18:15:20 WARN module=cache msg="slow response"
2026-02-10 18:19:30 INFO module=fs msg="job scheduled"
2026-02-10 18:20:03 INFO module=auth msg="user logged in"
2026-02-10 18:20:04 INFO module=api msg="job scheduled"
2026-02-10 18:20:18 INFO module=net msg="config reloaded"
2026-02-10 18:22:18 DEBUG module=disk msg="queue length checked"
2026-02-10 18:22:30 INFO module=net msg="request completed"
2026-02-10 18:25:27 INFO module=api msg="config reloaded"
2026-02-10 18:27:03 DEBUG module=fs msg="retry counter reset"
2026-02-10 18:29:28 INFO module=auth msg="cache warmed up"
2026-02-10 18:30:26 DEBUG module=api msg="retry counter reset"
2026-02-10 18:35:09 INFO module=auth msg="cache warmed up"
2026-02-10 18:35:41 INFO module=net msg="config reloaded"
2026-02-10 18:39:10 INFO module=fs msg="request completed"
2026-02-10 18:41:33 INFO module=cache msg="cache warmed up"
2026-02-10 18:41:34 INFO module=db msg="config reloaded"
2026-02-10 18:42:28 INFO module=sched msg="user logged in"
2026-02-10 18:43:52 WARN module=auth msg="slow response"
2026-02-10 18:44:09 INFO module=sched msg="service started"
2026-02-10 18:45:23 WARN module=disk msg="disk usage above 80%"
2026-02-10 18:45:40 ERROR module=disk msg="connection timeout"
2026-02-10 18:48:21 INFO module=auth msg="job scheduled"
2026-02-10 18:49:23 WARN module=disk msg="slow response"
2026-02-10 18:51:16 INFO module=cache msg="job scheduled"
2026-02-10 18:58:14 ERROR module=disk msg="connection timeout"
2026-02-10 19:00:49 INFO module=cache msg="config reloaded"
2026-02-10 19:01:00 WARN module=fs msg="token expires soon"
2026-02-10 19:01:35 INFO module=api msg="request completed"
2026-02-10 19:03:08 WARN module=disk msg="slow response"
2026-02-10 19:05:26 INFO module=net msg="request completed"
2026-02-10 19:05:49 INFO module=fs msg="request completed"
2026-02-10 19:07:51 INFO module=disk msg="service started"
2026-02-10 19:09:40 INFO module=api msg="cache warmed up"
2026-02-10 19:10:36 INFO module=db msg="request completed"
2026-02-10 19:11:15 INFO module=db msg="request completed"
2026-02-10 19:15:41 INFO module=fs msg="job scheduled"
2026-02-10 19:16:11 INFO module=db msg="config reloaded"
2026-02-10 19:18:54 INFO module=auth msg="job scheduled"
2026-02-10 19:19:05 WARN module=cache msg="slow response"
2026-02-10 19:20:44 INFO module=disk msg="user logged in"
2026-02-10 19:22:44 WARN module=net msg="deprecated option used"
2026-02-10 19:28:16 INFO module=api msg="user logged in"
2026-02-10 19:28:49 DEBUG module=sched msg="entering handler"
2026-02-10 19:29:09 INFO module=sched msg="user logged in"
2026-02-10 19:32:37 ERROR module=cache msg="invalid token"
2026-02-10 19:34:24 INFO module=api msg="cache warmed up"
2026-02-10 19:35:10 INFO module=net msg="request completed"
2026-02-10 19:35:25 INFO module=api msg="service started"
2026-02-10 19:39:25 INFO module=auth msg="user logged in"
2026-02-10 19:40:33 INFO module=net msg="request completed"
2026-02-10 19:41:01 INFO module=db msg="request completed"
2026-02-10 19:44:05 INFO module=auth msg="request completed"
2026-02-10 19:46:45 INFO module=disk msg="cache warmed up"
2026-02-10 19:46:50 WARN module=cache msg="token expires soon"
2026-02-10 19:47:52 WARN module=auth msg="retrying request"
2026-02-10 19:49:11 WARN module=disk msg="slow response"
2026-02-10 19:49:14 INFO module=cache msg="cache warmed up"
2026-02-10 19:50:07 WARN module=auth msg="token expires soon"
2026-02-10 19:50:37 DEBUG module=disk msg="buffer flushed"
2026-02-10 19:52:43 INFO module=net msg="user logged in"
2026-02-10 19:54:50 WARN module=db msg="token expires soon"
2026-02-10 19:56:41 DEBUG module=cache msg="heartbeat sent"
2026-02-10 19:57:17 WARN module=disk msg="disk usage above 80%"
2026-02-10 19:57:20 INFO module=fs msg="job scheduled"
2026-02-10 19:59:42 INFO module=auth msg="user logged in"
2026-02-10 20:01:28 DEBUG module=sched msg="retry counter reset"
2026-02-10 20:01:52 INFO module=api msg="request completed"
2026-02-10 20:02:46 INFO module=net msg="request completed"
2026-02-10 20:03:40 ERROR module=sched msg="connection refused"
2026-02-10 20:04:21 WARN module=net msg="retrying request"
2026-02-10 20:05:56 ERROR module=net msg="connection timeout"
2026-02-10 20:08:55 INFO module=cache msg="service started"
2026-02-10 20:10:03 INFO module=db msg="request completed"
2026-02-10 20:11:17 INFO module=fs msg="cache warmed up"
2026-02-10 20:12:46 ERROR module=net msg="connection refused"
2026-02-10 20:13:40 INFO module=auth msg="job scheduled"
2026-02-10 20:15:07 DEBUG module=api msg="entering handler"
2026-02-10 20:15:58 DEBUG module=cache msg="buffer flushed"
2026-02-10 20:16:27 WARN module=api msg="disk usage above 80%"
2026-02-10 20:16:34 INFO module=sched msg="cache warmed up"
2026-02-10 20:16:38 INFO module=cache msg="user logged in"
2026-02-10 20:17:12 INFO module=sched msg="cache warmed up"
2026-02-10 20:17:46 INFO module=cache msg="job scheduled"
2026-02-10 20:21:47 INFO module=db msg="cache warmed up"
2026-02-10 20:22:21 ERROR module=auth msg="connection timeout"
2026-02-10 20:22:58 INFO module=net msg="config reloaded"
2026-02-10 20:26:33 INFO module=fs msg="config reloaded"
2026-02-10 20:27:51 INFO module=net msg="config reloaded"
2026-02-10 20:28:54 INFO module=api msg="request completed"
2026-02-10 20:29:42 INFO module=sched msg="service started"
2026-02-10 20:29:50 INFO module=disk msg="service started"
2026-02-10 20:31:49 INFO module=auth msg="cache warmed up"
2026-02-10 20:33:37 INFO module=auth msg="user logged in"
2026-02-10 20:34:22 INFO module=api msg="cache warmed up"
2026-02-10 20:35:01 INFO module=net msg="cache warmed up"
2026-02-10 20:37:04 INFO module=net msg="user logged in"
2026-02-10 20:37:13 WARN module=auth msg="deprecated option used"
2026-02-10 20:37:16 ERROR module=cache msg="no space left on device"
2026-02-10 20:40:22 INFO module=auth msg="user logged in"
2026-02-10 20:40:34 INFO module=fs msg="config reloaded"
2026-02-10 20:44:50 DEBUG module=db msg="queue length checked"
2026-02-10 20:45:38 INFO module=db msg="job scheduled"
2026-02-10 20:45:42 INFO module=auth msg="config reloaded"
2026-02-10 20:45:50 INFO module=auth msg="user logged in"
2026-02-10 20:47:39 INFO module=fs msg="config reloaded"
2026-02-10 20:49:37 INFO module=fs msg="job scheduled"
2026-02-10 20:49:38 WARN module=net msg="deprecated option used"
2026-02-10 20:51:15 INFO module=db msg="request completed"
2026-02-10 20:52:29 ERROR module=net msg="connection timeout"
2026-02-10 20:53:47 INFO module=net msg="request completed"
2026-02-10 20:55:26 DEBUG module=cache msg="heartbeat sent"
2026-02-10 20:57:46 WARN module=api msg="slow response"
2026-02-10 20:59:10 INFO module=auth msg="job scheduled"
2026-02-10 21:01:06 WARN module=api msg="retrying request"
2026-02-10 21:03:40 WARN module=disk msg="disk usage above 80%"
2026-02-10 21:04:10 INFO module=api msg="service started"
2026-02-10 21:04:13 INFO module=api msg="cache warmed up"
2026-02-10 21:04:34 INFO module=net msg="service started"
2026-02-10 21:06:09 INFO module=auth msg="config reloaded"
2026-02-10 21:06:13 INFO module=disk msg="user logged in"
2026-02-10 21:08:08 INFO module=net msg="user logged in"
2026-02-10 21:08:12 INFO module=api msg="config reloaded"
2026-02-10 21:08:23 ERROR module=db msg="connection timeout"
2026-02-10 21:10:51 ERROR module=db msg="segment read failed"
2026-02-10 21:12:11 INFO module=net msg="user logged in"
2026-02-10 21:15:03 INFO module=disk msg="job scheduled"
2026-02-10 21:15:16 WARN module=net msg="retrying request"
2026-02-10 21:17:03 INFO module=net msg="config reloaded"
2026-02-10 21:17:46 INFO module=sched msg="cache warmed up"
2026-02-10 21:19:30 ERROR module=api msg="connection refused"
2026-02-10 21:19:57 ERROR module=db msg="connection timeout"
2026-02-10 21:20:23 INFO module=api msg="config reloaded"
2026-02-10 21:20:58 INFO module=auth msg="cache warmed up"
2026-02-10 21:21:43 DEBUG module=sched msg="entering handler"
2026-02-10 21:26:50 INFO module=disk msg="config reloaded"
2026-02-10 21:27:38 DEBUG module=db msg="heartbeat sent"
2026-02-10 21:29:12 WARN module=cache msg="disk usage above 80%"
2026-02-10 21:32:40 DEBUG module=cache msg="queue length checked"
2026-02-10 21:33:37 INFO module=api msg="job scheduled"
2026-02-10 21:35:29 WARN module=db msg="disk usage above 80%"
2026-02-10 21:36:58 INFO module=disk msg="cache warmed up"
2026-02-10 21:39:23 WARN module=net msg="disk usage above 80%"
2026-02-10 21:39:32 INFO module=net msg="job scheduled"
2026-02-10 21:39:36 WARN module=api msg="disk usage above 80%"
2026-02-10 21:44:52 INFO module=api msg="user logged in"
2026-02-10 21:47:31 ERROR module=api msg="permission denied"
2026-02-10 21:48:50 DEBUG module=db msg="buffer flushed"
2026-02-10 21:55:20 DEBUG module=net msg="heartbeat sent"
2026-02-10 21:58:08 DEBUG module=fs msg="retry counter reset"
2026-02-10 22:00:06 ERROR module=net msg="invalid token"
2026-02-10 22:00:39 WARN module=net msg="deprecated option used"
2026-02-10 22:01:19 INFO module=net msg="cache warmed up"
2026-02-10 22:04:22 WARN module=disk msg="disk usage above 80%"
2026-02-10 22:04:41 INFO module=auth msg="request completed"
2026-02-10 22:06:12 INFO module=auth msg="config reloaded"
2026-02-10 22:09:57 DEBUG module=cache msg="queue length checked"
2026-02-10 22:10:24 DEBUG module=disk msg="buffer flushed"
2026-02-10 22:13:46 INFO module=auth msg="cache warmed up"
2026-02-10 22:13:59 ERROR module=db msg="connection refused"
2026-02-10 22:15:54 WARN module=disk msg="retrying request"
2026-02-10 22:16:18 INFO module=fs msg="user logged in"
2026-02-10 22:20:25 WARN module=cache msg="disk usage above 80%"
2026-02-10 22:20:58 INFO module=fs msg="cache warmed up"
2026-02-10 22:21:39 DEBUG module=db msg="entering handler"
2026-02-10 22:28:15 INFO module=auth msg="user logged in"
2026-02-10 22:31:15 WARN module=db msg="retrying request"
2026-02-10 22:36:07 INFO module=auth msg="job scheduled"
2026-02-10 22:36:35 INFO module=auth msg="job scheduled"
2026-02-10 22:40:19 WARN module=fs msg="token expires soon"
2026-02-10 22:41:34 INFO module=db msg="user logged in"
2026-02-10 22:41:41 DEBUG module=auth msg="buffer flushed"
2026-02-10 22:42:22 INFO module=cache msg="config reloaded"
2026-02-10 22:43:26 ERROR module=net msg="connection refused"
2026-02-10 22:45:39 INFO module=sched msg="cache warmed up"
2026-02-10 22:45:58 WARN module=cache msg="retrying request"
2026-02-10 22:47:03 DEBUG module=disk msg="retry counter reset"
2026-02-10 22:50:19 INFO module=sched msg="user logged in"
2026-02-10 22:50:40 WARN module=disk msg="disk usage above 80%"
2026-02-10 22:51:26 ERROR module=db msg="segment read failed"
2026-02-10 22:55:48 WARN module=disk msg="slow response"
2026-02-10 22:57:14 WARN module=net msg="slow response"
2026-02-10 22:57:49 INFO module=db msg="request completed"
2026-02-10 22:58:36 ERROR module=cache msg="connection refused"
2026-02-10 23:02:28 INFO module=api msg="service started"
2026-02-10 23:06:24 WARN module=net msg="deprecated option used"
2026-02-10 23:08:44 INFO module=fs msg="cache warmed up"
2026-02-10 23:10:29 DEBUG module=db msg="buffer flushed"
2026-02-10 23:13:09 DEBUG module=cache msg="retry counter reset"
2026-02-10 23:14:20 INFO module=net msg="request completed"
2026-02-10 23:14:27 WARN module=db msg="disk usage above 80%"
2026-02-10 23:19:31 DEBUG module=sched msg="buffer flushed"
2026-02-10 23:27:38 WARN module=disk msg="retrying request"
2026-02-10 23:32:28 INFO module=api msg="request completed"
2026-02-10 23:32:44 ERROR module=net msg="no space left on device"
2026-02-10 23:33:56 WARN module=net msg="deprecated option used"
2026-02-10 23:35:59 INFO module=db msg="config reloaded"
2026-02-10 23:36:26 INFO module=fs msg="cache warmed up"
2026-02-10 23:36:45 DEBUG module=cache msg="heartbeat sent"
2026-02-10 23:38:52 WARN module=sched msg="slow response"
2026-02-10 23:43:07 DEBUG module=auth msg="buffer flushed"
2026-02-10 23:43:54 INFO module=cache msg="service started"
2026-02-10 23:44:23 INFO module=fs msg="cache warmed up"
2026-02-10 23:45:17 ERROR module=db msg="no space left on device"
2026-02-10 23:46:01 INFO module=fs msg="user logged in"
2026-02-10 23:50:09 DEBUG module=disk msg="queue length checked"
2026-02-10 23:50:48 WARN module=net msg="disk usage above 80%"
2026-02-10 23:55:51 ERROR module=disk msg="connection timeout"
2026-02-10 23:58:41 INFO module=cache msg="user logged in"
