2026-02-13 00:01:16 WARN module=db msg="deprecated option used"
2026-02-13 00:01:41 INFO module=disk msg="config reloaded"
2026-02-13 00:02:49 DEBUG module=api msg="queue length checked"
2026-02-13 00:02:53 INFO module=net msg="request completed"
2026-02-13 00:04:40 INFO module=auth msg="service started"
2026-02-13 00:05:04 DEBUG module=net msg="entering handler"
2026-02-13 00:08:26 INFO module=net msg="cache warmed up"
2026-02-13 00:10:06 INFO module=sched msg="user logged in"
2026-02-13 00:11:35 INFO module=auth msg="job scheduled"
2026-02-13 00:14:15 INFO module=db msg="user logged in"
2026-02-13 00:15:10 INFO module=net msg="config reloaded"
2026-02-13 00:15:18 INFO module=auth msg="cache warmed up"
2026-02-13 00:17:49 INFO module=db msg="cache warmed up"
2026-02-13 00:18:44 INFO module=net msg="config reloaded"
2026-02-13 00:20:35 INFO module=sched msg="user logged in"
2026-02-13 00:23:00 WARN module=cache msg="slow response"
2026-02-13 00:25:08 INFO module=net msg="cache warmed up"
2026-02-13 00:26:19 WARN module=cache msg="retrying request"
2026-02-13 00:29:32 INFO module=api msg="request completed"
2026-02-13 00:30:34 INFO module=net msg="user logged in"
2026-02-13 00:34:45 INFO module=sched msg="cache warmed up"
2026-02-13 00:36:32 WARN module=net msg="disk usage above 80%"
2026-02-13 00:37:00 INFO module=auth msg="config reloaded"
2026-02-13 00:39:09 INFO module=sched msg="job scheduled"
2026-02-13 00:39:29 INFO module=api msg="request completed"
2026-02-13 00:41:26 INFO module=disk msg="user logged in"
2026-02-13 00:46:07 INFO module=auth msg="request completed"
2026-02-13 00:48:13 WARN module=disk msg="token expires soon"
2026-02-13 00:51:25 WARN module=net msg="retrying request"
2026-02-13 00:51:26 WARN module=disk msg="deprecated option used"
2026-02-13 00:51:36 INFO module=db msg="service started"
2026-02-13 00:52:52 INFO module=sched msg="service started"
2026-02-13 00:53:13 INFO module=disk msg="user logged in"
2026-02-13 00:59:46 INFO module=api msg="user logged in"
2026-02-13 01:02:30 INFO module=api msg="cache warmed up"
2026-02-13 01:02:48 ERROR module=auth msg="segment read failed"
2026-02-13 01:06:22 ERROR module=db msg="invalid token"
2026-02-13 01:08:29 DEBUG module=disk msg="retry counter reset"
2026-02-13 01:09:35 WARN module=auth msg="retrying request"
2026-02-13 01:12:06 INFO module=db msg="service started"
2026-02-13 01:14:20 ERROR module=db msg="connection timeout"
2026-02-13 01:14:51 DEBUG module=cache msg="heartbeat sent"
2026-02-13 01:16:48 WARN module=net msg="retrying request"
2026-02-13 01:17:30 INFO module=db msg="cache warmed up"
2026-02-13 01:18:50 INFO module=disk msg="cache warmed up"
2026-02-13 01:21:39 INFO module=net msg="request completed"
2026-02-13 01:24:21 INFO module=db msg="config reloaded"
2026-02-13 01:29:06 INFO module=api msg="user logged in"
2026-02-13 01:33:23 INFO module=api msg="request completed"
2026-02-13 01:36:29 INFO module=sched msg="config reloaded"
2026-02-13 01:38:36 WARN module=auth msg="slow response"
2026-02-13 01:39:31 INFO module=auth msg="service started"
2026-02-13 01:40:32 INFO module=fs msg="job scheduled"
2026-02-13 01:42:01 DEBUG module=disk msg="retry counter reset"
2026-02-13 01:42:22 INFO module=db msg="request completed"
2026-02-13 01:43:33 DEBUG module=net msg="entering handler"
2026-02-13 01:45:06 WARN module=db msg="retrying request"
2026-02-13 01:50:10 INFO module=api msg="config reloaded"
2026-02-13 01:50:43 INFO module=fs msg="job scheduled"
2026-02-13 01:54:00 INFO module=db msg="job scheduled"
2026-02-13 01:55:21 INFO module=db msg="user logged in"
2026-02-13 01:57:19 INFO module=net msg="request completed"
2026-02-13 01:58:34 DEBUG module=fs msg="retry counter reset"
2026-02-13 02:01:18 WARN module=disk msg="disk usage above 80%"
2026-02-13 02:01:45 INFO module=auth msg="job scheduled"
2026-02-13 02:02:17 INFO module=cache msg="service started"
2026-02-13 02:03:22 DEBUG module=cache msg="queue length checked"
2026-02-13 02:07:14 ERROR module=net msg="connection timeout"
2026-02-13 02:07:32 DEBUG module=db msg="entering handler"
2026-02-13 02:11:28 INFO module=cache msg="request completed"
2026-02-13 02:18:18 DEBUG module=disk msg="queue length checked"
2026-02-13 02:20:28 ERROR module=auth msg="connection timeout"
2026-02-13 02:24:20 INFO module=net msg="service started"
2026-02-13 02:25:52 INFO module=auth msg="cache warmed up"
2026-02-13 02:28:26 DEBUG module=api msg="queue length checked"
2026-02-13 02:29:22 ERROR module=auth msg="no space left on device"
2026-02-13 02:32:27 INFO module=auth msg="config reloaded"
2026-02-13 02:34:29 INFO module=sched msg="config reloaded"
2026-02-13 02:35:40 WARN module=net msg="slow response"
2026-02-13 02:36:13 INFO module=sched msg="user logged in"
2026-02-13 02:36:47 INFO module=api msg="user logged in"
2026-02-13 02:37:04 DEBUG module=net msg="buffer flushed"
2026-02-13 02:38:19 DEBUG module=disk msg="queue length checked"
2026-02-13 02:39:05 INFO module=net msg="cache warmed up"
2026-02-13 02:40:42 INFO module=cache msg="user logged in"
2026-02-13 02:41:27 WARN module=net msg="slow response"
2026-02-13 02:42:47 DEBUG module=cache msg="buffer flushed"
2026-02-13 02:43:34 WARN module=net msg="retrying request"
2026-02-13 02:44:20 DEBUG module=net msg="entering handler"
2026-02-13 02:44:51 WARN module=disk msg="token expires soon"
2026-02-13 02:46:40 INFO module=auth msg="service started"
2026-02-13 02:47:54 WARN module=db msg="disk usage above 80%"
2026-02-13 02:48:53 DEBUG module=disk msg="queue length checked"
2026-02-13 02:51:54 ERROR module=disk msg="query failed"
2026-02-13 03:00:17 DEBUG module=sched msg="heartbeat sent"
2026-02-13 03:01:33 ERROR module=db msg="connection refused"
2026-02-13 03:01:47 DEBUG module=db msg="queue length checked"
2026-02-13 03:03:01 INFO module=db msg="job scheduled"
2026-02-13 03:04:27 DEBUG module=auth msg="entering handler"
2026-02-13 03:05:44 WARN module=net msg="deprecated option used"
2026-02-13 03:06:35 INFO module=api msg="service started"
2026-02-13 03:08:11 INFO module=fs msg="service started"
2026-02-13 03:09:40 INFO module=fs msg="service started"
2026-02-13 03:15:47 WARN module=net msg="slow response"
2026-02-13 03:16:09 INFO module=db msg="config reloaded"
2026-02-13 03:16:36 INFO module=db msg="request completed"
2026-02-13 03:17:31 WARN module=api msg="disk usage above 80%"
2026-02-13 03:17:52 INFO module=net msg="service started"
2026-02-13 03:19:51 INFO module=api msg="request completed"
2026-02-13 03:26:12 INFO module=sched msg="service started"
2026-02-13 03:28:39 INFO module=cache msg="user logged in"
2026-02-13 03:29:07 INFO module=auth msg="job scheduled"
2026-02-13 03:29:09 WARN module=api msg="deprecated option used"
2026-02-13 03:30:25 INFO module=fs msg="config reloaded"
2026-02-13 03:34:47 INFO module=api msg="config reloaded"
2026-02-13 03:40:16 INFO module=sched msg="job scheduled"
2026-02-13 03:46:52 WARN module=net msg="retrying request"
2026-02-13 03:46:53 INFO module=api msg="service started"
2026-02-13 03:49:52 WARN module=auth msg="retrying request"
2026-02-13 03:51:33 INFO module=api msg="request completed"
2026-02-13 03:53:49 DEBUG module=disk msg="queue length checked"
2026-02-13 03:56:47 DEBUG module=sched msg="entering handler"
2026-02-13 03:58:50 WARN module=db msg="slow response"
2026-02-13 04:01:19 INFO module=auth msg="service started"
2026-02-13 04:02:59 ERROR module=api msg="no space left on device"
2026-02-13 04:04:02 INFO module=disk msg="cache warmed up"
2026-02-13 04:04:17 INFO module=db msg="request completed"
2026-02-13 04:04:51 DEBUG module=sched msg="buffer flushed"
2026-02-13 04:05:33 INFO module=db msg="service started"
2026-02-13 04:08:37 INFO module=db msg="cache warmed up"
2026-02-13 04:12:19 INFO module=net msg="service started"
2026-02-13 04:12:28 ERROR module=net msg="no space left on device"
2026-02-13 04:14:23 WARN module=cache msg="slow response"
2026-02-13 04:15:33 INFO module=api msg="service started"
2026-02-13 04:16:31 INFO module=auth msg="user logged in"
2026-02-13 04:18:09 DEBUG module=sched msg="retry counter reset"
2026-02-13 04:18:16 INFO module=db msg="user logged in"
2026-02-13 04:21:17 INFO module=db msg="request completed"
2026-02-13 04:22:47 INFO module=fs msg="config reloaded"
2026-02-13 04:23:20 ERROR module=db msg="permission denied"
2026-02-13 04:29:21 INFO module=api msg="cache warmed up"
2026-02-13 04:30:33 INFO module=auth msg="job scheduled"
2026-02-13 04:31:07 WARN module=disk msg="deprecated option used"
2026-02-13 04:31:08 INFO module=api msg="user logged in"
2026-02-13 04:31:15 WARN module=cache msg="disk usage above 80%"
2026-02-13 04:32:38 DEBUG module=cache msg="entering handler"
2026-02-13 04:32:50 INFO module=db msg="user logged in"
2026-02-13 04:36:01 INFO module=sched msg="config reloaded"
2026-02-13 04:37:13 INFO module=net msg="service started"
2026-02-13 04:37:18 INFO module=fs msg="config reloaded"
2026-02-13 04:38:24 INFO module=net msg="user logged in"
2026-02-13 04:38:58 DEBUG module=cache msg="heartbeat sent"
2026-02-13 04:40:14 INFO module=cache msg="config reloaded"
2026-02-13 04:40:28 DEBUG module=api msg="buffer flushed"
2026-02-13 04:41:01 INFO module=sched msg="job scheduled"
2026-02-13 04:42:34 INFO module=db msg="job scheduled"
2026-02-13 04:43:36 DEBUG module=sched msg="retry counter reset"
2026-02-13 04:43:39 WARN module=net msg="slow response"
2026-02-13 04:44:24 INFO module=fs msg="config reloaded"
2026-02-13 04:46:47 ERROR module=disk msg="segment read failed"
2026-02-13 04:47:25 INFO module=db msg="config reloaded"
2026-02-13 04:48:16 INFO module=net msg="config reloaded"
2026-02-13 04:50:24 ERROR module=disk msg="connection timeout"
2026-02-13 04:50:34 WARN module=disk msg="slow response"
2026-02-13 04:51:09 INFO module=net msg="cache warmed up"
2026-02-13 04:51:23 INFO module=sched msg="service started"
2026-02-13 04:54:48 INFO module=net msg="request completed"
2026-02-13 04:55:10 DEBUG module=sched msg="retry counter reset"
2026-02-13 05:05:59 INFO module=auth msg="config reloaded"
2026-02-13 05:09:17 INFO module=auth msg="request completed"
2026-02-13 05:09:44 INFO module=fs msg="user logged in"
2026-02-13 05:12:47 INFO module=auth msg="service started"
2026-02-13 05:13:21 INFO module=fs msg="service started"
2026-02-13 05:14:30 INFO module=auth msg="job scheduled"
2026-02-13 05:15:55 INFO module=fs msg="service started"
2026-02-13 05:16:44 ERROR module=disk msg="permission denied"
2026-02-13 05:20:02 DEBUG module=api msg="entering handler"
2026-02-13 05:20:22 INFO module=net msg="request completed"
2026-02-13 05:21:28 INFO module=cache msg="config reloaded"
2026-02-13 05:22:16 INFO module=db msg="config reloaded"
2026-02-13 05:22:45 INFO module=auth msg="cache warmed up"
2026-02-13 05:23:23 INFO module=sched msg="job scheduled"
2026-02-13 05:27:43 INFO module=disk msg="job scheduled"
2026-02-13 05:28:12 DEBUG module=db msg="buffer flushed"
2026-02-13 05:28:18 INFO module=disk msg="service started"
2026-02-13 05:33:19 INFO module=fs msg="job scheduled"
2026-02-13 05:35:32 WARN module=net msg="deprecated option used"
2026-02-13 05:36:04 INFO module=auth msg="request completed"
2026-02-13 05:36:28 INFO module=disk msg="user logged in"
2026-02-13 05:40:24 INFO module=db msg="job scheduled"
2026-02-13 05:40:40 WARN module=db msg="token expires soon"
2026-02-13 05:45:59 INFO module=fs msg="config reloaded"
2026-02-13 05:49:31 DEBUG module=auth msg="buffer flushed"
2026-02-13 05:49:46 WARN module=api msg="slow response"
2026-02-13 05:50:07 INFO module=net msg="request completed"
2026-02-13 05:50:57 INFO module=fs msg="service started"
2026-02-13 05:51:17 INFO module=db msg="config reloaded"
2026-02-13 05:51:36 INFO module=net msg="request completed"
2026-02-13 05:51:48 INFO module=cache msg="cache warmed up"
2026-02-13 05:52:59 INFO module=cache msg="user logged in"
2026-02-13 05:54:12 INFO module=fs msg="job scheduled"
2026-02-13 05:54:39 INFO module=fs msg="service started"
2026-02-13 05:55:55 ERROR module=sched msg="invalid token"
2026-02-13 05:57:04 ERROR module=net msg="query failed"
2026-02-13 05:57:48 DEBUG module=sched msg="queue length checked"
2026-02-13 06:03:21 INFO module=disk msg="config reloaded"
2026-02-13 06:05:16 INFO module=sched msg="config reloaded"
2026-02-13 06:06:23 WARN module=cache msg="token expires soon"
2026-02-13 06:07:09 INFO module=disk msg="job scheduled"
2026-02-13 06:08:45 INFO module=net msg="job scheduled"
2026-02-13 06:09:00 DEBUG module=auth msg="retry counter reset"
2026-02-13 06:10:32 WARN module=db msg="slow response"
2026-02-13 06:11:10 INFO module=db msg="config reloaded"
2026-02-13 06:12:46 DEBUG module=net msg="buffer flushed"
2026-02-13 06:12:52 WARN module=disk msg="slow response"
2026-02-13 06:13:56 INFO module=db msg="user logged in"
2026-02-13 06:14:17 WARN module=disk msg="slow response"
2026-02-13 06:16:40 ERROR module=disk msg="query failed"
2026-02-13 06:18:34 INFO module=disk msg="cache warmed up"
2026-02-13 06:24:53 ERROR module=db msg="invalid token"
2026-02-13 06:25:22 WARN module=fs msg="slow response"
2026-02-13 06:26:14 DEBUG module=db msg="buffer flushed"
2026-02-13 06:27:28 INFO module=cache msg="user logged in"
2026-02-13 06:27:36 WARN module=net msg="slow response"
2026-02-13 06:29:41 INFO module=auth msg="request completed"
2026-02-13 06:35:25 INFO module=net msg="service started"
2026-02-13 06:36:31 INFO module=fs msg="request completed"
2026-02-13 06:37:09 DEBUG module=api msg="queue length checked"
2026-02-13 06:43:31 ERROR module=auth msg="connection refused"
2026-02-13 06:45:00 INFO module=auth msg="user logged in"
2026-02-13 06:46:14 DEBUG module=sched msg="heartbeat sent"
2026-02-13 06:46:16 DEBUG module=disk msg="retry counter reset"
2026-02-13 06:47:44 WARN module=cache msg="retrying request"
2026-02-13 06:48:21 WARN module=cache msg="retrying request"
2026-02-13 06:48:37 INFO module=api msg="service started"
2026-02-13 06:49:49 INFO module=sched msg="job scheduled"
2026-02-13 06:51:02 INFO module=auth msg="request completed"
2026-02-13 06:51:35 INFO module=sched msg="service started"
2026-02-13 06:52:19 INFO module=api msg="request completed"
2026-02-13 06:53:53 INFO module=api msg="job scheduled"
2026-02-13 06:58:02 INFO module=api msg="job scheduled"
2026-02-13 06:58:04 INFO module=net msg="config reloaded"
2026-02-13 06:59:19 DEBUG module=fs msg="entering handler"
2026-02-13 07:02:32 INFO module=api msg="user logged in"
2026-02-13 07:03:34 DEBUG module=net msg="retry counter reset"
2026-02-13 07:04:15 INFO module=db msg="request completed"
2026-02-13 07:05:02 DEBUG module=sched msg="heartbeat sent"
2026-02-13 07:06:03 INFO module=net msg="config reloaded"
2026-02-13 07:07:57 INFO module=auth msg="user logged in"
2026-02-13 07:09:51 INFO module=sched msg="config reloaded"
2026-02-13 07:13:43 INFO module=auth msg="user logged in"
2026-02-13 07:15:33 INFO module=disk msg="service started"
2026-02-13 07:17:17 WARN module=auth msg="retrying request"
2026-02-13 07:17:24 WARN module=net msg="slow response"
2026-02-13 07:18:18 WARN module=fs msg="deprecated option used"
2026-02-13 07:21:13 INFO module=cache msg="request completed"
2026-02-13 07:27:10 INFO module=disk msg="job scheduled"
2026-02-13 07:28:05 INFO module=sched msg="user logged in"
2026-02-13 07:28:41 INFO module=api msg="request completed"
2026-02-13 07:30:11 WARN module=api msg="retrying request"
2026-02-13 07:32:02 INFO module=net msg="config reloaded"
2026-02-13 07:34:31 DEBUG module=api msg="retry counter reset"
2026-02-13 07:34:42 WARN module=fs msg="deprecated option used"
2026-02-13 07:34:52 WARN module=auth msg="retrying request"
2026-02-13 07:34:57 INFO module=fs msg="config reloaded"
2026-02-13 07:36:11 ERROR module=db msg="invalid token"
2026-02-13 07:37:26 WARN module=disk msg="deprecated option used"
2026-02-13 07:39:39 INFO module=api msg="service started"
2026-02-13 07:40:02 ERROR module=api msg="connection timeout"
2026-02-13 07:42:28 WARN module=db msg="disk usage above 80%"
2026-02-13 07:43:33 INFO module=sched msg="request completed"
2026-02-13 07:49:05 WARN module=api msg="slow response"
2026-02-13 07:49:51 INFO module=disk msg="job scheduled"
2026-02-13 07:50:47 ERROR module=net msg="segment read failed"
2026-02-13 07:53:01 WARN module=api msg="disk usage above 80%"
2026-02-13 07:55:42 WARN module=cache msg="retrying request"
2026-02-13 07:56:35 INFO module=db msg="service started"
2026-02-13 07:57:35 WARN module=sched msg="deprecated option used"
2026-02-13 07:58:34 INFO module=auth msg="config reloaded"
2026-02-13 07:59:14 ERROR module=disk msg="connection refused"
2026-02-13 07:59:58 INFO module=net msg="config reloaded"
2026-02-13 08:04:02 INFO module=api msg="request completed"
2026-02-13 08:04:58 INFO module=api msg="job scheduled"
2026-02-13 08:05:04 INFO module=disk msg="request completed"
2026-02-13 08:05:09 INFO module=cache msg="request completed"
2026-02-13 08:07:52 INFO module=db msg="service started"
2026-02-13 08:07:58 ERROR module=net msg="connection timeout"
2026-02-13 08:09:03 ERROR module=auth msg="segment read failed"
2026-02-13 08:10:01 INFO module=fs msg="cache warmed up"
2026-02-13 08:11:04 WARN module=disk msg="deprecated option used"
2026-02-13 08:11:08 DEBUG module=auth msg="entering handler"
2026-02-13 08:14:07 INFO module=net msg="request completed"
2026-02-13 08:14:21 INFO module=api msg="config reloaded"
2026-02-13 08:14:50 WARN module=sched msg="disk usage above 80%"
2026-02-13 08:17:53 ERROR module=fs msg="no space left on device"
2026-02-13 08:20:26 INFO module=disk msg="job scheduled"
2026-02-13 08:20:55 INFO module=db msg="job scheduled"
2026-02-13 08:21:42 DEBUG module=sched msg="retry counter reset"
2026-02-13 08:22:48 WARN module=db msg="disk usage above 80%"
2026-02-13 08:25:14 INFO module=auth msg="config reloaded"
2026-02-13 08:27:01 INFO module=net msg="cache warmed up"
2026-02-13 08:29:37 WARN module=disk msg="deprecated option used"
2026-02-13 08:29:40 DEBUG module=db msg="heartbeat sent"
2026-02-13 08:30:51 INFO module=net msg="user logged in"
2026-02-13 08:33:20 DEBUG module=fs msg="buffer flushed"
2026-02-13 08:35:02 INFO module=auth msg="user logged in"
2026-02-13 08:37:03 DEBUG module=auth msg="entering handler"
2026-02-13 08:40:00 INFO module=sched msg="service started"
2026-02-13 08:41:04 INFO module=api msg="service started"
2026-02-13 08:41:43 INFO module=auth msg="user logged in"
2026-02-13 08:41:55 INFO module=db msg="service started"
2026-02-13 08:42:26 DEBUG module=auth msg="entering handler"
2026-02-13 08:43:49 INFO module=db msg="job scheduled"
2026-02-13 08:45:58 INFO module=net msg="config reloaded"
2026-02-13 08:47:37 INFO module=net msg="job scheduled"
2026-02-13 08:50:47 DEBUG module=sched msg="entering handler"
2026-02-13 08:54:42 INFO module=net msg="config reloaded"
2026-02-13 08:54:48 INFO module=api msg="cache warmed up"
2026-02-13 09:00:25 INFO module=db msg="config reloaded"
2026-02-13 09:03:35 WARN module=db msg="retrying request"
2026-02-13 09:07:09 INFO module=cache msg="cache warmed up"
2026-02-13 09:08:36 INFO module=fs msg="request completed"
2026-02-13 09:09:17 ERROR module=cache msg="connection timeout"
2026-02-13 09:09:18 INFO module=db msg="config reloaded"
2026-02-13 09:10:40 INFO module=auth msg="service started"
2026-02-13 09:11:10 WARN module=api msg="token expires soon"
2026-02-13 09:15:13 INFO module=db msg="request completed"
2026-02-13 09:18:48 INFO module=net msg="job scheduled"
2026-02-13 09:20:49 ERROR module=net msg="segment read failed"
2026-02-13 09:21:00 INFO module=disk msg="job scheduled"
2026-02-13 09:21:39 ERROR module=auth msg="query failed"
2026-02-13 09:23:56 INFO module=cache msg="user logged in"
2026-02-13 09:24:28 INFO module=fs msg="request completed"
2026-02-13 09:26:28 INFO module=cache msg="config reloaded"
2026-02-13 09:27:26 INFO module=db msg="request completed"
2026-02-13 09:29:36 DEBUG module=fs msg="buffer flushed"
2026-02-13 09:31:10 INFO module=cache msg="job scheduled"
2026-02-13 09:36:29 WARN module=net msg="slow response"
2026-02-13 09:36:34 INFO module=auth msg="user logged in"
2026-02-13 09:37:37 WARN module=db msg="slow response"
2026-02-13 09:38:02 INFO module=net msg="service started"
2026-02-13 09:41:54 INFO module=fs msg="user logged in"
2026-02-13 09:42:52 INFO module=cache msg="job scheduled"
2026-02-13 09:44:00 INFO module=disk msg="cache warmed up"
2026-02-13 09:44:58 WARN module=fs msg="disk usage above 80%"
2026-02-13 09:48:04 DEBUG module=auth msg="entering handler"
2026-02-13 09:48:52 DEBUG module=sched msg="heartbeat sent"
2026-02-13 09:49:09 INFO module=sched msg="config reloaded"
2026-02-13 09:53:41 INFO module=auth msg="request completed"
2026-02-13 09:57:56 INFO module=sched msg="job scheduled"
2026-02-13 09:58:06 INFO module=net msg="user logged in"
2026-02-13 09:59:16 WARN module=disk msg="token expires soon"
2026-02-13 09:59:38 INFO module=db msg="job scheduled"
2026-02-13 10:01:00 INFO module=net msg="config reloaded"
2026-02-13 10:02:27 ERROR module=net msg="connection refused"
2026-02-13 10:04:01 INFO module=auth msg="request completed"
2026-02-13 10:04:22 WARN module=disk msg="deprecated option used"
2026-02-13 10:05:48 INFO module=disk msg="config reloaded"
2026-02-13 10:06:07 INFO module=net msg="cache warmed up"
2026-02-13 10:08:29 WARN module=disk msg="deprecated option used"
2026-02-13 10:08:39 INFO module=fs msg="service started"
2026-02-13 10:09:24 WARN module=db msg="retrying request"
2026-02-13 10:09:34 WARN module=api msg="disk usage above 80%"
2026-02-13 10:09:45 WARN module=fs msg="slow response"
2026-02-13 10:09:54 INFO module=cache msg="cache warmed up"
2026-02-13 10:10:44 INFO module=cache msg="cache warmed up"
2026-02-13 10:12:49 INFO module=auth msg="cache warmed up"
2026-02-13 10:13:16 INFO module=cache msg="service started"
2026-02-13 10:13:46 WARN module=cache msg="disk usage above 80%"
2026-02-13 10:19:25 WARN module=disk msg="deprecated option used"
2026-02-13 10:20:27 WARN module=net msg="retrying request"
2026-02-13 10:20:41 WARN module=db msg="token expires soon"
2026-02-13 10:21:10 INFO module=cache msg="service started"
2026-02-13 10:22:00 INFO module=cache msg="user logged in"
2026-02-13 10:24:27 DEBUG module=sched msg="heartbeat sent"
2026-02-13 10:25:48 INFO module=fs msg="service started"
2026-02-13 10:27:50 INFO module=auth msg="cache warmed up"
2026-02-13 10:29:01 INFO module=db msg="job scheduled"
2026-02-13 10:29:10 INFO module=net msg="service started"
2026-02-13 10:31:15 WARN module=db msg="disk usage above 80%"
2026-02-13 10:32:59 WARN module=api msg="retrying request"
2026-02-13 10:36:47 INFO module=cache msg="service started"
2026-02-13 10:37:49 INFO module=cache msg="request completed"
2026-02-13 10:39:03 INFO module=net msg="cache warmed up"
2026-02-13 10:40:47 INFO module=api msg="user logged in"
2026-02-13 10:41:25 DEBUG module=disk msg="heartbeat sent"
2026-02-13 10:42:05 DEBUG module=sched msg="buffer flushed"
2026-02-13 10:42:25 INFO module=cache msg="config reloaded"
2026-02-13 10:49:08 WARN module=disk msg="token expires soon"
2026-02-13 10:49:34 INFO module=cache msg="job scheduled"
2026-02-13 10:52:37 INFO module=api msg="job scheduled"
2026-02-13 10:56:06 DEBUG module=sched msg="entering handler"
2026-02-13 10:56:48 WARN module=api msg="deprecated option used"
2026-02-13 10:57:12 DEBUG module=cache msg="heartbeat sent"
2026-02-13 10:57:21 DEBUG module=api msg="entering handler"
2026-02-13 10:59:17 INFO module=sched msg="config reloaded"
2026-02-13 11:01:21 WARN module=sched msg="slow response"
2026-02-13 11:04:08 ERROR module=db msg="connection refused"
2026-02-13 11:07:44 INFO module=db msg="cache warmed up"
2026-02-13 11:07:52 WARN module=auth msg="retrying request"
2026-02-13 11:08:03 INFO module=sched msg="config reloaded"
2026-02-13 11:08:32 DEBUG module=disk msg="retry counter reset"
2026-02-13 11:14:52 INFO module=api msg="cache warmed up"
2026-02-13 11:15:04 INFO module=net msg="config reloaded"
2026-02-13 11:15:12 INFO module=auth msg="config reloaded"
2026-02-13 11:22:10 INFO module=fs msg="service started"
2026-02-13 11:22:45 DEBUG module=cache msg="heartbeat sent"
2026-02-13 11:24:46 INFO module=disk msg="user logged in"
2026-02-13 11:28:18 INFO module=cache msg="user logged in"
2026-02-13 11:30:13 WARN module=net msg="deprecated option used"
2026-02-13 11:30:26 INFO module=disk msg="request completed"
2026-02-13 11:30:31 INFO module=fs msg="job scheduled"
2026-02-13 11:32:59 DEBUG module=api msg="retry counter reset"
2026-02-13 11:34:42 INFO module=net msg="job scheduled"
2026-02-13 11:35:26 INFO module=db msg="job scheduled"
2026-02-13 11:40:19 INFO module=net msg="job scheduled"
2026-02-13 11:40:56 INFO module=db msg="job scheduled"
2026-02-13 11:41:42 INFO module=net msg="request completed"
2026-02-13 11:43:05 INFO module=fs msg="service started"
2026-02-13 11:43:57 DEBUG module=db msg="entering handler"
2026-02-13 11:46:02 INFO module=cache msg="cache warmed up"
2026-02-13 11:46:34 INFO module=cache msg="job scheduled"
2026-02-13 11:47:44 DEBUG module=disk msg="buffer flushed"
2026-02-13 11:49:30 DEBUG module=net msg="retry counter reset"
2026-02-13 11:51:59 INFO module=fs msg="request completed"
2026-02-13 11:55:54 INFO module=db msg="config reloaded"
2026-02-13 11:56:14 INFO module=db msg="user logged in"
2026-02-13 11:56:21 WARN module=db msg="retrying request"
2026-02-13 12:00:11 INFO module=db msg="request completed"
2026-02-13 12:00:21 INFO module=db msg="job scheduled"
2026-02-13 12:00:22 INFO module=sched msg="config reloaded"
2026-02-13 12:04:54 INFO module=db msg="cache warmed up"
2026-02-13 12:10:45 DEBUG module=api msg="queue length checked"
2026-02-13 12:11:20 DEBUG module=fs msg="retry counter reset"
2026-02-13 12:11:32 INFO module=sched msg="service started"
2026-02-13 12:11:43 DEBUG module=sched msg="heartbeat sent"
2026-02-13 12:12:50 INFO module=api msg="config reloaded"
2026-02-13 12:17:14 DEBUG module=sched msg="heartbeat sent"
2026-02-13 12:18:06 WARN module=disk msg="slow response"
2026-02-13 12:21:19 WARN module=api msg="token expires soon"
2026-02-13 12:21:26 DEBUG module=api msg="retry counter reset"
2026-02-13 12:24:04 ERROR module=disk msg="query failed"
2026-02-13 12:25:00 INFO module=disk msg="config reloaded"
2026-02-13 12:26:27 INFO module=api msg="user logged in"
2026-02-13 12:26:56 DEBUG module=db msg="buffer flushed"
2026-02-13 12:27:14 INFO module=api msg="cache warmed up"
2026-02-13 12:27:54 DEBUG module=sched msg="heartbeat sent"
2026-02-13 12:30:53 WARN module=auth msg="deprecated option used"
2026-02-13 12:33:12 INFO module=net msg="service started"
2026-02-13 12:33:39 WARN module=api msg="token expires soon"
2026-02-13 12:33:57 INFO module=disk msg="request completed"
2026-02-13 12:35:15 DEBUG module=cache msg="entering handler"
2026-02-13 12:38:34 INFO module=fs msg="cache warmed up"
2026-02-13 12:39:45 INFO module=auth msg="cache warmed up"
2026-02-13 12:39:49 INFO module=auth msg="user logged in"
2026-02-13 12:40:50 DEBUG module=sched msg="queue length checked"
2026-02-13 12:42:50 INFO module=db msg="cache warmed up"
2026-02-13 12:42:54 DEBUG module=auth msg="retry counter reset"
2026-02-13 12:44:05 INFO module=api msg="user logged in"
2026-02-13 12:45:02 INFO module=cache msg="service started"
2026-02-13 12:45:26 DEBUG module=api msg="heartbeat sent"
2026-02-13 12:46:03 ERROR module=auth msg="segment read failed"
2026-02-13 12:46:45 INFO module=db msg="cache warmed up"
2026-02-13 12:47:38 INFO module=db msg="cache warmed up"
2026-02-13 12:47:39 INFO module=auth msg="service started"
2026-02-13 12:48:13 INFO module=fs msg="service started"
2026-02-13 12:50:35 WARN module=auth msg="retrying request"
2026-02-13 12:52:37 INFO module=fs msg="service started"
2026-02-13 12:52:41 INFO module=auth msg="job scheduled"
2026-02-13 12:56:03 INFO module=auth msg="config reloaded"
2026-02-13 12:56:10 DEBUG module=auth msg="entering handler"
2026-02-13 12:57:08 INFO module=db msg="job scheduled"
2026-02-13 12:59:10 INFO module=net msg="user logged in"
2026-02-13 12:59:46 INFO module=fs msg="cache warmed up"
2026-02-13 13:01:12 INFO module=net msg="request completed"
2026-02-13 13:01:31 INFO module=api msg="user logged in"
2026-02-13 13:05:38 INFO module=db msg="config reloaded"
2026-02-13 13:07:48 INFO module=db msg="job scheduled"
2026-02-13 13:09:47 DEBUG module=auth msg="buffer flushed"
2026-02-13 13:14:15 INFO module=auth msg="job scheduled"
2026-02-13 13:14:31 DEBUG module=cache msg="heartbeat sent"
2026-02-13 13:16:18 INFO module=db msg="request completed"
2026-02-13 13:18:28 WARN module=cache msg="retrying request"
2026-02-13 13:19:03 DEBUG module=fs msg="retry counter reset"
2026-02-13 13:19:43 WARN module=cache msg="token expires soon"
2026-02-13 13:20:55 DEBUG module=sched msg="queue length checked"
2026-02-13 13:21:03 INFO module=auth msg="config reloaded"
2026-02-13 13:22:51 DEBUG module=auth msg="queue length checked"
2026-02-13 13:27:58 WARN module=net msg="token expires soon"
2026-02-13 13:28:24 WARN module=disk msg="token expires soon"
2026-02-13 13:32:37 WARN module=net msg="token expires soon"
2026-02-13 13:32:52 INFO module=db msg="user logged in"
2026-02-13 13:33:27 ERROR module=auth msg="no space left on device"
2026-02-13 13:36:27 INFO module=auth msg="request completed"
2026-02-13 13:37:59 INFO module=sched msg="service started"
2026-02-13 13:39:09 INFO module=sched msg="job scheduled"
2026-02-13 13:40:13 INFO module=disk msg="request completed"
2026-02-13 13:40:42 DEBUG module=sched msg="buffer flushed"
2026-02-13 13:41:13 INFO module=cache msg="user logged in"
2026-02-13 13:42:28 INFO module=db msg="request completed"
2026-02-13 13:42:56 INFO module=auth msg="user logged in"
2026-02-13 13:44:31 DEBUG module=sched msg="retry counter reset"
2026-02-13 13:44:35 WARN module=disk msg="disk usage above 80%"
2026-02-13 13:49:03 WARN module=cache msg="disk usage above 80%"
2026-02-13 13:49:37 INFO module=api msg="cache warmed up"
2026-02-13 13:50:01 DEBUG module=sched msg="retry counter reset"
2026-02-13 13:52:16 ERROR module=net msg="segment read failed"
2026-02-13 13:52:32 DEBUG module=api msg="retry counter reset"
2026-02-13 13:54:05 ERROR module=fs msg="invalid token"
2026-02-13 13:55:47 DEBUG module=cache msg="queue length checked"
2026-02-13 13:56:53 INFO module=db msg="service started"
2026-02-13 13:57:08 WARN module=auth msg="deprecated option used"
2026-02-13 13:59:56 ERROR module=db msg="query failed"
2026-02-13 14:02:25 INFO module=disk msg="request completed"
2026-02-13 14:05:04 ERROR module=db msg="permission denied"
2026-02-13 14:05:45 DEBUG module=auth msg="buffer flushed"
2026-02-13 14:06:42 DEBUG module=cache msg="heartbeat sent"
2026-02-13 14:06:44 INFO module=net msg="service started"
2026-02-13 14:07:40 ERROR module=db msg="segment read failed"
2026-02-13 14:12:03 DEBUG module=disk msg="buffer flushed"
2026-02-13 14:13:35 ERROR module=auth msg="invalid token"
2026-02-13 14:14:40 ERROR module=auth msg="segment read failed"
2026-02-13 14:14:41 INFO module=api msg="user logged in"
2026-02-13 14:18:11 INFO module=db msg="user logged in"
2026-02-13 14:18:19 INFO module=fs msg="service started"
2026-02-13 14:19:30 DEBUG module=db msg="queue length checked"
2026-02-13 14:21:34 INFO module=fs msg="request completed"
2026-02-13 14:21:59 ERROR module=net msg="invalid token"
2026-02-13 14:25:03 WARN module=cache msg="deprecated option used"
2026-02-13 14:26:36 INFO module=auth msg="service started"
2026-02-13 14:27:14 WARN module=disk msg="token expires soon"
2026-02-13 14:27:51 INFO module=disk msg="job scheduled"
2026-02-13 14:28:22 INFO module=cache msg="service started"
2026-02-13 14:31:23 INFO module=api msg="cache warmed up"
2026-02-13 14:31:52 ERROR module=net msg="invalid token"
2026-02-13 14:36:30 ERROR module=db msg="query failed"
2026-02-13 14:37:36 DEBUG module=cache msg="queue length checked"
2026-02-13 14:37:52 WARN module=db msg="deprecated option used"
2026-02-13 14:40:33 WARN module=fs msg="disk usage above 80%"
2026-02-13 14:43:28 INFO module=cache msg="config reloaded"
2026-02-13 14:44:54 INFO module=api msg="user logged in"
2026-02-13 14:46:01 WARN module=cache msg="retrying request"
2026-02-13 14:47:17 WARN module=net msg="retrying request"
2026-02-13 14:49:21 INFO module=db msg="cache warmed up"
2026-02-13 14:51:01 DEBUG module=db msg="retry counter reset"
2026-02-13 14:52:20 INFO module=auth msg="job scheduled"
2026-02-13 14:57:10 DEBUG module=cache msg="retry counter reset"
2026-02-13 14:57:35 WARN module=disk msg="deprecated option used"
2026-02-13 14:58:49 INFO module=db msg="service started"
2026-02-13 14:59:16 INFO module=api msg="service started"
2026-02-13 15:00:27 INFO module=api msg="config reloaded"
2026-02-13 15:02:22 DEBUG module=cache msg="entering handler"
2026-02-13 15:06:12 INFO module=api msg="service started"
2026-02-13 15:06:22 INFO module=auth msg="user logged in"
2026-02-13 15:06:59 WARN module=net msg="deprecated option used"
2026-02-13 15:08:27 WARN module=disk msg="deprecated option used"
2026-02-13 15:08:44 INFO module=auth msg="job scheduled"
2026-02-13 15:09:20 INFO module=disk msg="cache warmed up"
2026-02-13 15:13:22 INFO module=net msg="user logged in"
2026-02-13 15:15:37 ERROR module=db msg="connection timeout"
2026-02-13 15:19:09 INFO module=db msg="user logged in"
2026-02-13 15:23:31 INFO module=auth msg="request completed"
2026-02-13 15:24:32 INFO module=auth msg="job scheduled"
2026-02-13 15:25:31 INFO module=net msg="job scheduled"
2026-02-13 15:25:44 INFO module=api msg="request completed"
2026-02-13 15:31:18 INFO module=auth msg="job scheduled"
2026-02-13 15:32:54 WARN module=db msg="slow response"
2026-02-13 15:33:37 INFO module=sched msg="user logged in"
2026-02-13 15:38:20 INFO module=auth msg="job scheduled"
2026-02-13 15:38:25 ERROR module=fs msg="no space left on device"
2026-02-13 15:39:28 WARN module=fs msg="retrying request"
2026-02-13 15:39:44 INFO module=disk msg="user logged in"
2026-02-13 15:39:53 INFO module=net msg="service started"
2026-02-13 15:40:04 WARN module=fs msg="disk usage above 80%"
2026-02-13 15:43:29 INFO module=api msg="request completed"
2026-02-13 15:43:34 INFO module=db msg="request completed"
2026-02-13 15:46:59 INFO module=sched msg="cache warmed up"
2026-02-13 15:47:47 INFO module=disk msg="config reloaded"
2026-02-13 15:48:38 INFO module=db msg="job scheduled"
2026-02-13 15:48:54 INFO module=api msg="cache warmed up"
2026-02-13 15:50:10 DEBUG module=disk msg="entering handler"
2026-02-13 15:56:06 INFO module=api msg="job scheduled"
2026-02-13 15:57:15 INFO module=fs msg="service started"
2026-02-13 15:57:44 INFO module=net msg="config reloaded"
2026-02-13 15:58:32 DEBUG module=fs msg="heartbeat sent"
2026-02-13 16:01:10 WARN module=db msg="deprecated option used"
2026-02-13 16:01:43 INFO module=api msg="job scheduled"
2026-02-13 16:03:07 INFO module=cache msg="service started"
2026-02-13 16:04:25 DEBUG module=net msg="buffer flushed"
2026-02-13 16:04:40 WARN module=disk msg="token expires soon"
2026-02-13 16:06:19 DEBUG module=sched msg="entering handler"
2026-02-13 16:07:24 DEBUG module=cache msg="buffer flushed"
2026-02-13 16:10:15 INFO module=api msg="service started"
2026-02-13 16:11:14 INFO module=disk msg="service started"
2026-02-13 16:11:41 DEBUG module=cache msg="entering handler"
2026-02-13 16:11:53 INFO module=net msg="user logged in"
2026-02-13 16:13:19 INFO module=fs msg="cache warmed up"
2026-02-13 16:14:01 DEBUG module=auth msg="heartbeat sent"
2026-02-13 16:14:23 INFO module=sched msg="job scheduled"
2026-02-13 16:15:28 INFO module=sched msg="request completed"
2026-02-13 16:16:56 INFO module=sched msg="service started"
2026-02-13 16:19:46 INFO module=db msg="service started"
2026-02-13 16:23:04 ERROR module=auth msg="connection timeout"
2026-02-13 16:27:37 INFO module=auth msg="job scheduled"
2026-02-13 16:27:46 INFO module=db msg="cache warmed up"
2026-02-13 16:28:01 WARN module=sched msg="slow response"
2026-02-13 16:28:51 DEBUG module=fs msg="queue length checked"
2026-02-13 16:29:59 INFO module=api msg="cache warmed up"
2026-02-13 16:30:44 INFO module=sched msg="service started"
2026-02-13 16:31:38 WARN module=disk msg="disk usage above 80%"
2026-02-13 16:32:00 WARN module=api msg="slow response"
2026-02-13 16:35:11 ERROR module=api msg="connection timeout"
2026-02-13 16:36:12 INFO module=cache msg="config reloaded"
2026-02-13 16:36:15 WARN module=db msg="slow response"
2026-02-13 16:37:12 WARN module=fs msg="token expires soon"
2026-02-13 16:38:46 ERROR module=db msg="query failed"
2026-02-13 16:38:53 INFO module=disk msg="job scheduled"
2026-02-13 16:41:39 WARN module=sched msg="retrying request"
2026-02-13 16:43:22 INFO module=net msg="cache warmed up"
2026-02-13 16:43:52 DEBUG module=sched msg="entering handler"
2026-02-13 16:46:40 ERROR module=auth msg="segment read failed"
2026-02-13 16:49:59 INFO module=auth msg="cache warmed up"
2026-02-13 16:52:52 WARN module=auth msg="retrying request"
2026-02-13 16:52:53 INFO module=net msg="cache warmed up"
2026-02-13 16:53:25 INFO module=net msg="user logged in"
2026-02-13 16:53:34 INFO module=net msg="job scheduled"
2026-02-13 16:54:18 INFO module=cache msg="user logged in"
2026-02-13 16:56:41 ERROR module=net msg="segment read failed"
2026-02-13 16:57:08 INFO module=fs msg="request completed"
2026-02-13 16:58:09 DEBUG module=net msg="heartbeat sent"
2026-02-13 16:58:15 DEBUG module=sched msg="buffer flushed"
2026-02-13 16:59:16 INFO module=cache msg="request completed"
2026-02-13 16:59:19 INFO module=db msg="service started"
2026-02-13 17:01:12 ERROR module=db msg="segment read failed"
2026-02-13 17:01:56 DEBUG module=db msg="buffer flushed"
2026-02-13 17:03:18 DEBUG module=db msg="buffer flushed"
2026-02-13 17:09:58 INFO module=disk msg="request completed"
2026-02-13 17:11:12 INFO module=net msg="config reloaded"
2026-02-13 17:11:31 WARN module=db msg="token expires soon"
2026-02-13 17:15:26 INFO module=net msg="job scheduled"
2026-02-13 17:16:07 INFO module=db msg="job scheduled"
2026-02-13 17:18:08 DEBUG module=fs msg="buffer flushed"
2026-02-13 17:18:12 INFO module=api msg="cache warmed up"
2026-02-13 17:19:09 WARN module=net msg="disk usage above 80%"
2026-02-13 17:19:50 INFO module=sched msg="cache warmed up"
2026-02-13 17:20:57 DEBUG module=sched msg="heartbeat sent"
2026-02-13 17:22:03 INFO module=auth msg="cache warmed up"
2026-02-13 17:23:39 WARN module=cache msg="disk usage above 80%"
2026-02-13 17:24:27 DEBUG module=cache msg="retry counter reset"
2026-02-13 17:24:56 INFO module=fs msg="job scheduled"
2026-02-13 17:27:13 INFO module=auth msg="cache warmed up"
2026-02-13 17:27:28 INFO module=fs msg="request completed"
2026-02-13 17:29:06 INFO module=net msg="service started"
2026-02-13 17:30:36 INFO module=auth msg="request completed"
2026-02-13 17:34:12 WARN module=cache msg="slow response"
2026-02-13 17:35:35 DEBUG module=auth msg="queue length checked"
2026-02-13 17:36:11 INFO module=net msg="user logged in"
2026-02-13 17:39:33 ERROR module=db msg="connection timeout"
2026-02-13 17:40:10 WARN module=sched msg="deprecated option used"
2026-02-13 17:40:15 INFO module=disk msg="config reloaded"
2026-02-13 17:41:43 INFO module=api msg="request completed"
2026-02-13 17:41:51 INFO module=net msg="request completed"
2026-02-13 17:44:42 INFO module=fs msg="user logged in"
2026-02-13 17:45:12 ERROR module=net msg="no space left on device"
2026-02-13 17:46:40 INFO module=api msg="config reloaded"
2026-02-13 17:47:08 INFO module=cache msg="job scheduled"
2026-02-13 17:49:39 ERROR module=api msg="segment read failed"
2026-02-13 17:54:50 WARN module=net msg="retrying request"
2026-02-13 17:54:54 INFO module=disk msg="request completed"
2026-02-13 17:55:11 INFO module=api msg="cache warmed up"
2026-02-13 17:57:47 INFO module=fs msg="request completed"
2026-02-13 17:59:11 INFO module=cache msg="cache warmed up"
2026-02-13 18:02:02 INFO module=cache msg="service started"
2026-02-13 18:02:38 ERROR module=disk msg="connection refused"
2026-02-13 18:02:53 DEBUG module=cache msg="heartbeat sent"
2026-02-13 18:02:58 WARN module=fs msg="deprecated option used"
2026-02-13 18:04:32 INFO module=net msg="request completed"
2026-02-13 18:05:43 WARN module=sched msg="deprecated option used"
2026-02-13 18:07:42 WARN module=cache msg="token expires soon"
2026-02-13 18:08:43 INFO module=api msg="user logged in"
2026-02-13 18:10:00 INFO module=auth msg="cache warmed up"
2026-02-13 18:10:39 WARN module=auth msg="deprecated option used"
2026-02-13 18:12:46 INFO module=fs msg="request completed"
2026-02-13 18:15:05 ERROR module=auth msg="permission denied"
2026-02-13 18:15:26 INFO module=db msg="service started"
2026-02-13 18:15:46 WARN module=net msg="retrying request"
2026-02-13 18:16:19 INFO module=net msg="job scheduled"
2026-02-13 18:16:37 INFO module=api msg="user logged in"
2026-02-13 18:20:25 INFO module=auth msg="service started"
2026-02-13 18:20:35 INFO module=sched msg="request completed"
2026-02-13 18:21:06 INFO module=api msg="service started"
2026-02-13 18:30:26 DEBUG module=sched msg="entering handler"
2026-02-13 18:35:26 INFO module=api msg="user logged in"
2026-02-13 18:36:14 INFO module=disk msg="user logged in"
2026-02-13 18:36:58 INFO module=auth msg="job scheduled"
2026-02-13 18:37:17 INFO module=auth msg="service started"
2026-02-13 18:37:55 DEBUG module=fs msg="retry counter reset"
2026-02-13 18:43:00 ERROR module=net msg="segment read failed"
2026-02-13 18:43:07 INFO module=fs msg="request completed"
2026-02-13 18:50:16 DEBUG module=net msg="retry counter reset"
2026-02-13 18:50:28 INFO module=sched msg="user logged in"
2026-02-13 18:50:48 INFO module=cache msg="user logged in"
2026-02-13 18:51:10 DEBUG module=auth msg="buffer flushed"
2026-02-13 18:51:28 INFO module=api msg="cache warmed up"
2026-02-13 18:51:45 ERROR module=net msg="segment read failed"
2026-02-13 18:53:29 INFO module=cache msg="user logged in"
2026-02-13 18:56:00 INFO module=db msg="cache warmed up"
2026-02-13 18:58:00 DEBUG module=cache msg="entering handler"
2026-02-13 19:01:44 INFO module=sched msg="config reloaded"
2026-02-13 19:03:21 WARN module=cache msg="disk usage above 80%"
2026-02-13 19:04:16 WARN module=disk msg="slow response"
2026-02-13 19:06:09 INFO module=net msg="user logged in"
2026-02-13 19:08:33 INFO module=fs msg="service started"
2026-02-13 19:09:43 INFO module=fs msg="service started"
2026-02-13 19:10:27 INFO module=net msg="service started"
2026-02-13 19:11:18 INFO module=db msg="config reloaded"
2026-02-13 19:11:25 INFO module=disk msg="user logged in"
2026-02-13 19:11:51 INFO module=api msg="request completed"
2026-02-13 19:13:12 WARN module=db msg="deprecated option used"
2026-02-13 19:13:55 INFO module=api msg="job scheduled"
2026-02-13 19:16:21 DEBUG module=cache msg="buffer flushed"
2026-02-13 19:17:58 INFO module=auth msg="config reloaded"
2026-02-13 19:19:20 ERROR module=net msg="connection refused"
2026-02-13 19:20:02 INFO module=disk msg="request completed"
2026-02-13 19:20:59 INFO module=api msg="service started"
2026-02-13 19:22:40 INFO module=db msg="service started"
2026-02-13 19:22:42 INFO module=api msg="config reloaded"
2026-02-13 19:23:26 INFO module=auth msg="job scheduled"
2026-02-13 19:24:57 INFO module=sched msg="user logged in"
2026-02-13 19:26:45 INFO module=disk msg="job scheduled"
2026-02-13 19:27:27 INFO module=disk msg="config reloaded"
2026-02-13 19:27:41 INFO module=fs msg="request completed"
2026-02-13 19:28:09 WARN module=sched msg="deprecated option used"
2026-02-13 19:28:10 WARN module=net msg="deprecated option used"
2026-02-13 19:43:50 DEBUG module=auth msg="retry counter reset"
2026-02-13 19:45:43 INFO module=sched msg="job scheduled"
2026-02-13 19:47:22 INFO module=cache msg="config reloaded"
2026-02-13 19:48:30 INFO module=auth msg="job scheduled"
2026-02-13 19:48:38 WARN module=db msg="token expires soon"
2026-02-13 19:52:14 INFO module=sched msg="config reloaded"
2026-02-13 19:53:18 INFO module=sched msg="job scheduled"
2026-02-13 19:55:56 DEBUG module=db msg="queue length checked"
2026-02-13 19:57:30 INFO module=disk msg="request completed"
2026-02-13 19:57:47 INFO module=cache msg="service started"
2026-02-13 20:00:21 ERROR module=net msg="query failed"
2026-02-13 20:06:35 DEBUG module=disk msg="queue length checked"
2026-02-13 20:07:30 INFO module=net msg="config reloaded"
2026-02-13 20:09:07 ERROR module=net msg="query failed"
2026-02-13 20:10:03 INFO module=db msg="config reloaded"
2026-02-13 20:11:48 WARN module=cache msg="deprecated option used"
2026-02-13 20:12:38 INFO module=net msg="request completed"
2026-02-13 20:18:13 DEBUG module=cache msg="queue length checked"
2026-02-13 20:21:38 DEBUG module=auth msg="retry counter reset"
2026-02-13 20:26:26 INFO module=sched msg="cache warmed up"
2026-02-13 20:27:57 INFO module=auth msg="request completed"
2026-02-13 20:29:34 WARN module=disk msg="deprecated option used"
2026-02-13 20:30:55 WARN module=auth msg="deprecated option used"
2026-02-13 20:34:33 INFO module=api msg="service started"
2026-02-13 20:36:02 INFO module=sched msg="cache warmed up"
2026-02-13 20:36:14 INFO module=api msg="config reloaded"
2026-02-13 20:36:21 WARN module=db msg="slow response"
2026-02-13 20:36:24 DEBUG module=fs msg="heartbeat sent"
2026-02-13 20:37:12 WARN module=db msg="token expires soon"
2026-02-13 20:41:21 INFO module=api msg="service started"
2026-02-13 20:41:28 INFO module=net msg="cache warmed up"
2026-02-13 20:42:17 INFO module=fs msg="config reloaded"
2026-02-13 20:42:58 INFO module=fs msg="job scheduled"
2026-02-13 20:43:14 INFO module=cache msg="user logged in"
2026-02-13 20:44:00 WARN module=net msg="disk usage above 80%"
2026-02-13 20:44:27 INFO module=sched msg="job scheduled"
2026-02-13 20:44:50 INFO module=disk msg="user logged in"
2026-02-13 20:46:39 INFO module=api msg="service started"
2026-02-13 20:47:23 INFO module=disk msg="user logged in"
2026-02-13 20:50:15 INFO module=db msg="job scheduled"
2026-02-13 20:50:21 INFO module=cache msg="cache warmed up"
2026-02-13 20:50:26 DEBUG module=disk msg="heartbeat sent"
2026-02-13 20:51:36 DEBUG module=auth msg="heartbeat sent"
2026-02-13 20:51:56 INFO module=cache msg="config reloaded"
2026-02-13 20:53:48 INFO module=auth msg="config reloaded"
2026-02-13 20:54:31 WARN module=sched msg="token expires soon"
2026-02-13 21:00:08 DEBUG module=api msg="queue length checked"
2026-02-13 21:01:11 DEBUG module=auth msg="heartbeat sent"
2026-02-13 21:04:49 ERROR module=fs msg="connection timeout"
2026-02-13 21:06:08 WARN module=cache msg="token expires soon"
2026-02-13 21:06:11 INFO module=fs msg="cache warmed up"
2026-02-13 21:07:19 WARN module=net msg="token expires soon"
2026-02-13 21:07:30 INFO module=sched msg="config reloaded"
2026-02-13 21:08:08 DEBUG module=disk msg="entering handler"
2026-02-13 21:09:03 INFO module=net msg="request completed"
2026-02-13 21:10:57 WARN module=auth msg="token expires soon"
2026-02-13 21:11:18 INFO module=disk msg="service started"
2026-02-13 21:13:25 DEBUG module=disk msg="queue length checked"
2026-02-13 21:17:07 INFO module=auth msg="job scheduled"
2026-02-13 21:17:39 INFO module=fs msg="service started"
2026-02-13 21:18:12 INFO module=disk msg="cache warmed up"
2026-02-13 21:18:32 DEBUG module=disk msg="retry counter reset"
2026-02-13 21:21:06 INFO module=net msg="job scheduled"
2026-02-13 21:21:16 DEBUG module=sched msg="queue length checked"
2026-02-13 21:21:33 INFO module=net msg="job scheduled"
2026-02-13 21:23:45 INFO module=fs msg="request completed"
2026-02-13 21:23:58 ERROR module=net msg="query failed"
2026-02-13 21:24:13 ERROR module=db msg="permission denied"
2026-02-13 21:24:32 DEBUG module=disk msg="heartbeat sent"
2026-02-13 21:25:10 INFO module=fs msg="service started"
2026-02-13 21:27:53 INFO module=cache msg="cache warmed up"
2026-02-13 21:28:48 INFO module=fs msg="config reloaded"
2026-02-13 21:30:36 WARN module=net msg="retrying request"
2026-02-13 21:32:40 INFO module=fs msg="request completed"
2026-02-13 21:33:44 INFO module=api msg="cache warmed up"
2026-02-13 21:37:19 INFO module=disk msg="job scheduled"
2026-02-13 21:42:56 DEBUG module=sched msg="retry counter reset"
2026-02-13 21:43:46 WARN module=sched msg="slow response"
2026-02-13 21:44:41 INFO module=db msg="job scheduled"
2026-02-13 21:46:22 INFO module=auth msg="job scheduled"
2026-02-13 21:46:42 DEBUG module=disk msg="buffer flushed"
2026-02-13 21:47:23 INFO module=fs msg="user logged in"
2026-02-13 21:52:00 INFO module=fs msg="cache warmed up"
2026-02-13 21:52:52 ERROR module=db msg="connection refused"
2026-02-13 21:58:11 INFO module=sched msg="service started"
2026-02-13 22:00:06 DEBUG module=net msg="retry counter reset"
2026-02-13 22:02:33 INFO module=disk msg="user logged in"
2026-02-13 22:02:50 WARN module=net msg="token expires soon"
2026-02-13 22:03:44 INFO module=api msg="cache warmed up"
2026-02-13 22:03:47 INFO module=fs msg="job scheduled"
2026-02-13 22:05:01 INFO module=fs msg="user logged in"
2026-02-13 22:05:30 INFO module=fs msg="job scheduled"
2026-02-13 22:06:15 INFO module=fs msg="user logged in"
2026-02-13 22:07:37 INFO module=cache msg="job scheduled"
2026-02-13 22:12:29 WARN module=net msg="retrying request"
2026-02-13 22:16:10 DEBUG module=disk msg="queue length checked"
2026-02-13 22:17:01 INFO module=net msg="request completed"
2026-02-13 22:19:06 DEBUG module=fs msg="queue length checked"
2026-02-13 22:19:40 INFO module=auth msg="cache warmed up"
2026-02-13 22:21:03 ERROR module=net msg="permission denied"
2026-02-13 22:21:21 INFO module=api msg="request completed"
2026-02-13 22:23:14 WARN module=fs msg="retrying request"
2026-02-13 22:27:11 INFO module=cache msg="request completed"
2026-02-13 22:31:42 DEBUG module=net msg="retry counter reset"
2026-02-13 22:32:41 WARN module=api msg="disk usage above 80%"
2026-02-13 22:33:52 INFO module=net msg="job scheduled"
2026-02-13 22:36:50 INFO module=cache msg="request completed"
2026-02-13 22:38:05 INFO module=sched msg="request completed"
2026-02-13 22:39:30 INFO module=api msg="request completed"
2026-02-13 22:40:15 INFO module=api msg="cache warmed up"
2026-02-13 22:41:27 INFO module=sched msg="job scheduled"
2026-02-13 22:42:54 INFO module=cache msg="cache warmed up"
2026-02-13 22:46:37 INFO module=auth msg="job scheduled"
2026-02-13 22:47:33 INFO module=net msg="user logged in"
2026-02-13 22:51:04 INFO module=net msg="config reloaded"
2026-02-13 22:51:44 ERROR module=db msg="connection timeout"
2026-02-13 22:54:26 INFO module=cache msg="user logged in"
2026-02-13 22:56:41 INFO module=sched msg="request completed"
2026-02-13 22:59:24 WARN module=api msg="slow response"
2026-02-13 22:59:46 INFO module=net msg="request completed"
2026-02-13 23:05:15 WARN module=db msg="deprecated option used"
2026-02-13 23:06:10 ERROR module=net msg="connection timeout"
2026-02-13 23:07:33 WARN module=disk msg="token expires soon"
2026-02-13 23:09:45 INFO module=api msg="service started"
2026-02-13 23:09:48 WARN module=net msg="token expires soon"
2026-02-13 23:12:09 DEBUG module=api msg="buffer flushed"
2026-02-13 23:14:43 INFO module=api msg="service started"
2026-02-13 23:18:35 INFO module=net msg="service started"
2026-02-13 23:19:16 INFO module=sched msg="request completed"
2026-02-13 23:20:13 INFO module=db msg="request completed"
2026-02-13 23:21:34 INFO module=cache msg="config reloaded"
2026-02-13 23:22:05 WARN module=net msg="token expires soon"
2026-02-13 23:28:03 DEBUG module=api msg="buffer flushed"
2026-02-13 23:31:09 INFO module=db msg="cache warmed up"
2026-02-13 23:33:29 INFO module=auth msg="cache warmed up"
2026-02-13 23:33:41 INFO module=cache msg="service started"
2026-02-13 23:33:57 INFO module=net msg="request completed"
2026-02-13 23:35:18 INFO module=sched msg="request completed"
2026-02-13 23:35:20 INFO module=db msg="config reloaded"
2026-02-13 23:36:06 INFO module=net msg="user logged in"
2026-02-13 23:37:03 INFO module=sched msg="service started"
2026-02-13 23:38:35 WARN module=net msg="retrying request"
2026-02-13 23:40:10 WARN module=sched msg="slow response"
2026-02-13 23:41:09 INFO module=db msg="request completed"
2026-02-13 23:44:01 DEBUG module=cache msg="buffer flushed"
2026-02-13 23:44:12 INFO module=net msg="job scheduled"
2026-02-13 23:46:28 INFO module=db msg="service started"
2026-02-13 23:48:28 DEBUG module=api msg="retry counter reset"
2026-02-13 23:49:07 INFO module=sched msg="job scheduled"
2026-02-13 23:49:20 INFO module=disk msg="job scheduled"
2026-02-13 23:52:29 DEBUG module=api msg="retry counter reset"
2026-02-13 23:54:18 INFO module=fs msg="job scheduled"
2026-02-13 23:55:30 DEBUG module=net msg="entering handler"
2026-02-13 23:57:18 INFO module=disk msg="job scheduled"
2026-02-13 23:58:13 INFO module=auth msg="job scheduled"
2026-02-13 23:59:04 WARN module=net msg="disk usage above 80%"
