2026-02-15 00:04:34 INFO module=api msg="user logged in"
2026-02-15 00:09:29 INFO module=fs msg="user logged in"
2026-02-15 00:11:07 INFO module=fs msg="service started"
2026-02-15 00:11:32 INFO module=api msg="user logged in"
2026-02-15 00:11:46 INFO module=auth msg="user logged in"
2026-02-15 00:13:11 INFO module=fs msg="user logged in"
2026-02-15 00:20:59 INFO module=cache msg="job scheduled"
2026-02-15 00:30:01 INFO module=cache msg="cache warmed up"
2026-02-15 00:32:19 INFO module=db msg="service started"
2026-02-15 00:34:18 ERROR module=sched msg="permission denied"
2026-02-15 00:37:15 INFO module=cache msg="config reloaded"
2026-02-15 00:39:34 INFO module=sched msg="config reloaded"
2026-02-15 00:39:58 INFO module=net msg="cache warmed up"
2026-02-15 00:44:12 INFO module=api msg="service started"
2026-02-15 00:47:38 INFO module=sched msg="config reloaded"
2026-02-15 00:47:57 WARN module=net msg="deprecated option used"
2026-02-15 00:52:32 INFO module=disk msg="job scheduled"
2026-02-15 00:57:54 INFO module=db msg="config reloaded"
2026-02-15 01:01:14 WARN module=cache msg="disk usage above 80%"
2026-02-15 01:01:19 INFO module=db msg="job scheduled"
2026-02-15 01:03:03 INFO module=net msg="job scheduled"
2026-02-15 01:03:12 WARN module=db msg="token expires soon"
2026-02-15 01:06:09 DEBUG module=cache msg="heartbeat sent"
2026-02-15 01:07:33 INFO module=disk msg="user logged in"
2026-02-15 01:24:49 INFO module=auth msg="config reloaded"
2026-02-15 01:25:02 WARN module=disk msg="retrying request"
2026-02-15 01:27:57 WARN module=cache msg="disk usage above 80%"
2026-02-15 01:28:30 INFO module=auth msg="service started"
2026-02-15 01:29:06 INFO module=api msg="job scheduled"
2026-02-15 01:29:54 INFO module=auth msg="request completed"
2026-02-15 01:36:37 INFO module=cache msg="job scheduled"
2026-02-15 01:40:29 WARN module=net msg="slow response"
2026-02-15 01:40:37 DEBUG module=cache msg="retry counter reset"
2026-02-15 01:42:29 INFO module=net msg="request completed"
2026-02-15 01:42:45 INFO module=net msg="config reloaded"
2026-02-15 01:47:01 INFO module=auth msg="request completed"
2026-02-15 01:47:08 INFO module=api msg="cache warmed up"
2026-02-15 02:01:05 INFO module=net msg="user logged in"
2026-02-15 02:01:44 INFO module=net msg="config reloaded"
2026-02-15 02:02:28 INFO module=auth msg="request completed"
2026-02-15 02:03:57 DEBUG module=disk msg="queue length checked"
2026-02-15 02:05:32 DEBUG module=cache msg="retry counter reset"
2026-02-15 02:10:45 INFO module=fs msg="cache warmed up"
2026-02-15 02:14:50 INFO module=net msg="cache warmed up"
2026-02-15 02:18:05 INFO module=auth msg="service started"
2026-02-15 02:28:39 INFO module=net msg="service started"
2026-02-15 02:29:13 INFO module=auth msg="config reloaded"
2026-02-15 02:31:46 INFO module=sched msg="service started"
2026-02-15 02:38:52 WARN module=auth msg="disk usage above 80%"
2026-02-15 02:48:12 INFO module=auth msg="request completed"
2026-02-15 02:50:57 DEBUG module=api msg="entering handler"
2026-02-15 02:55:14 WARN module=net msg="deprecated option used"
2026-02-15 02:57:35 ERROR module=db msg="no space left on device"
2026-02-15 02:58:39 WARN module=cache msg="deprecated option used"
2026-02-15 03:00:34 INFO module=db msg="job scheduled"
2026-02-15 03:02:47 WARN module=sched msg="slow response"
2026-02-15 03:04:17 INFO module=disk msg="user logged in"
2026-02-15 03:05:48 ERROR module=db msg="invalid token"
2026-02-15 03:06:01 INFO module=api msg="service started"
2026-02-15 03:06:14 WARN module=fs msg="retrying request"
2026-02-15 03:08:20 WARN module=net msg="deprecated option used"
2026-02-15 03:11:27 ERROR module=db msg="invalid token"
2026-02-15 03:22:16 WARN module=net msg="deprecated option used"
2026-02-15 03:23:24 INFO module=cache msg="config reloaded"
2026-02-15 03:27:03 ERROR module=api msg="permission denied"
2026-02-15 03:30:24 INFO module=api msg="service started"
2026-02-15 03:39:59 ERROR module=db msg="no space left on device"
2026-02-15 03:41:53 INFO module=cache msg="request completed"
2026-02-15 03:51:15 INFO module=net msg="user logged in"
2026-02-15 03:51:59 INFO module=auth msg="request completed"
2026-02-15 03:52:03 INFO module=net msg="config reloaded"
2026-02-15 03:58:11 DEBUG module=sched msg="queue length checked"
2026-02-15 03:59:37 ERROR module=disk msg="connection refused"
2026-02-15 04:00:27 INFO module=cache msg="service started"
2026-02-15 04:00:32 INFO module=auth msg="cache warmed up"
2026-02-15 04:04:38 WARN module=cache msg="disk usage above 80%"
2026-02-15 04:06:23 INFO module=cache msg="cache warmed up"
2026-02-15 04:09:12 WARN module=fs msg="disk usage above 80%"
2026-02-15 04:13:53 INFO module=net msg="job scheduled"
2026-02-15 04:14:03 WARN module=api msg="disk usage above 80%"
2026-02-15 04:15:42 WARN module=db msg="retrying request"
2026-02-15 04:17:16 DEBUG module=disk msg="buffer flushed"
2026-02-15 04:18:08 DEBUG module=auth msg="buffer flushed"
2026-02-15 04:23:17 INFO module=fs msg="cache warmed up"
2026-02-15 04:26:08 WARN module=net msg="slow response"
2026-02-15 04:27:58 INFO module=disk msg="job scheduled"
2026-02-15 04:29:52 ERROR module=net msg="connection timeout"
2026-02-15 04:33:46 INFO module=api msg="service started"
2026-02-15 04:38:48 INFO module=cache msg="user logged in"
2026-02-15 04:40:18 WARN module=api msg="slow response"
2026-02-15 04:43:32 INFO module=fs msg="service started"
2026-02-15 04:44:09 INFO module=db msg="config reloaded"
2026-02-15 04:46:45 DEBUG module=cache msg="heartbeat sent"
2026-02-15 04:51:30 ERROR module=net msg="segment read failed"
2026-02-15 04:56:54 INFO module=api msg="user logged in"
2026-02-15 05:03:06 WARN module=cache msg="disk usage above 80%"
2026-02-15 05:03:47 INFO module=db msg="cache warmed up"
2026-02-15 05:08:03 ERROR module=db msg="connection timeout"
2026-02-15 05:10:04 INFO module=db msg="request completed"
2026-02-15 05:10:26 ERROR module=db msg="no space left on device"
2026-02-15 05:13:01 WARN module=sched msg="slow response"
2026-02-15 05:13:18 INFO module=auth msg="config reloaded"
2026-02-15 05:13:53 INFO module=disk msg="config reloaded"
2026-02-15 05:25:39 INFO module=db msg="service started"
2026-02-15 05:27:49 INFO module=disk msg="service started"
2026-02-15 05:30:48 INFO module=cache msg="user logged in"
2026-02-15 05:32:56 INFO module=cache msg="service started"
2026-02-15 05:37:33 ERROR module=api msg="permission denied"
2026-02-15 05:42:27 WARN module=net msg="token expires soon"
2026-02-15 05:45:54 INFO module=db msg="cache warmed up"
2026-02-15 05:49:13 ERROR module=auth msg="query failed"
2026-02-15 05:52:46 INFO module=auth msg="service started"
2026-02-15 05:53:44 WARN module=auth msg="deprecated option used"
2026-02-15 06:03:47 INFO module=db msg="request completed"
2026-02-15 06:04:42 DEBUG module=db msg="queue length checked"
2026-02-15 06:06:01 INFO module=auth msg="request completed"
2026-02-15 06:06:40 DEBUG module=net msg="buffer flushed"
2026-02-15 06:07:57 DEBUG module=sched msg="heartbeat sent"
2026-02-15 06:09:16 WARN module=db msg="slow response"
2026-02-15 06:10:58 INFO module=api msg="user logged in"
2026-02-15 06:13:00 WARN module=fs msg="slow response"
2026-02-15 06:17:27 DEBUG module=fs msg="entering handler"
2026-02-15 06:18:16 ERROR module=net msg="connection refused"
2026-02-15 06:23:25 DEBUG module=sched msg="retry counter reset"
2026-02-15 06:23:43 DEBUG module=sched msg="buffer flushed"
2026-02-15 06:28:58 INFO module=db msg="service started"
2026-02-15 06:31:58 INFO module=disk msg="user logged in"
2026-02-15 06:32:51 INFO module=disk msg="request completed"
2026-02-15 06:34:11 DEBUG module=api msg="entering handler"
2026-02-15 06:42:54 DEBUG module=disk msg="queue length checked"
2026-02-15 06:43:49 DEBUG module=sched msg="retry counter reset"
2026-02-15 06:49:36 INFO module=fs msg="user logged in"
2026-02-15 06:50:02 INFO module=api msg="job scheduled"
2026-02-15 06:51:55 WARN module=net msg="slow response"
2026-02-15 06:52:09 WARN module=net msg="retrying request"
2026-02-15 06:52:50 INFO module=cache msg="service started"
2026-02-15 06:53:40 DEBUG module=sched msg="retry counter reset"
2026-02-15 06:55:55 INFO module=api msg="service started"
2026-02-15 07:00:21 INFO module=auth msg="job scheduled"
2026-02-15 07:00:23 WARN module=db msg="token expires soon"
2026-02-15 07:06:15 INFO module=db msg="service started"
2026-02-15 07:07:53 DEBUG module=auth msg="heartbeat sent"
2026-02-15 07:08:01 INFO module=disk msg="user logged in"
2026-02-15 07:08:20 INFO module=auth msg="cache warmed up"
2026-02-15 07:09:38 INFO module=cache msg="request completed"
2026-02-15 07:13:44 DEBUG module=api msg="buffer flushed"
2026-02-15 07:15:09 INFO module=db msg="service started"
2026-02-15 07:15:26 INFO module=fs msg="config reloaded"
2026-02-15 07:20:30 INFO module=auth msg="user logged in"
2026-02-15 07:26:33 WARN module=api msg="slow response"
2026-02-15 07:28:10 INFO module=disk msg="user logged in"
2026-02-15 07:29:01 INFO module=cache msg="user logged in"
2026-02-15 07:29:49 INFO module=db msg="user logged in"
2026-02-15 07:30:52 ERROR module=cache msg="permission denied"
2026-02-15 07:33:26 INFO module=disk msg="service started"
2026-02-15 07:34:22 INFO module=auth msg="cache warmed up"
2026-02-15 07:35:54 INFO module=api msg="config reloaded"
2026-02-15 07:37:51 INFO module=auth msg="job scheduled"
2026-02-15 07:38:36 INFO module=sched msg="cache warmed up"
2026-02-15 07:39:08 INFO module=cache msg="cache warmed up"
2026-02-15 07:42:48 INFO module=db msg="config reloaded"
2026-02-15 07:46:18 INFO module=auth msg="user logged in"
2026-02-15 07:53:40 ERROR module=net msg="no space left on device"
2026-02-15 07:56:59 INFO module=db msg="config reloaded"
2026-02-15 07:57:04 INFO module=sched msg="user logged in"
2026-02-15 08:01:29 ERROR module=auth msg="query failed"
2026-02-15 08:02:07 WARN module=db msg="deprecated option used"
2026-02-15 08:04:11 DEBUG module=auth msg="entering handler"
2026-02-15 08:06:19 INFO module=sched msg="config reloaded"
2026-02-15 08:08:22 INFO module=fs msg="job scheduled"
2026-02-15 08:10:54 DEBUG module=api msg="buffer flushed"
2026-02-15 08:14:34 INFO module=auth msg="cache warmed up"
2026-02-15 08:14:36 INFO module=net msg="config reloaded"
2026-02-15 08:17:29 INFO module=auth msg="request completed"
2026-02-15 08:17:36 INFO module=api msg="user logged in"
2026-02-15 08:18:00 INFO module=api msg="user logged in"
2026-02-15 08:19:59 ERROR module=db msg="no space left on device"
2026-02-15 08:21:38 INFO module=auth msg="request completed"
2026-02-15 08:24:10 DEBUG module=disk msg="heartbeat sent"
2026-02-15 08:29:47 INFO module=net msg="job scheduled"
2026-02-15 08:30:35 DEBUG module=sched msg="buffer flushed"
2026-02-15 08:32:12 INFO module=db msg="job scheduled"
2026-02-15 08:32:24 INFO module=net msg="job scheduled"
2026-02-15 08:33:30 INFO module=sched msg="config reloaded"
2026-02-15 08:33:52 INFO module=fs msg="cache warmed up"
2026-02-15 08:34:03 INFO module=sched msg="config reloaded"
2026-02-15 08:36:05 INFO module=db msg="job scheduled"
2026-02-15 08:43:01 INFO module=db msg="job scheduled"
2026-02-15 08:45:42 DEBUG module=cache msg="queue length checked"
2026-02-15 08:54:41 INFO module=net msg="cache warmed up"
2026-02-15 08:58:22 INFO module=net msg="cache warmed up"
2026-02-15 09:02:21 INFO module=db msg="user logged in"
2026-02-15 09:12:11 INFO module=net msg="service started"
2026-02-15 09:15:32 INFO module=auth msg="job scheduled"
2026-02-15 09:16:35 WARN module=net msg="token expires soon"
2026-02-15 09:17:11 INFO module=net msg="cache warmed up"
2026-02-15 09:18:59 INFO module=db msg="service started"
2026-02-15 09:26:29 INFO module=api msg="service started"
2026-02-15 09:27:38 INFO module=sched msg="cache warmed up"
2026-02-15 09:41:25 INFO module=auth msg="service started"
2026-02-15 09:43:58 INFO module=db msg="service started"
2026-02-15 09:45:20 DEBUG module=cache msg="entering handler"
2026-02-15 09:48:00 WARN module=disk msg="deprecated option used"
2026-02-15 09:50:15 INFO module=db msg="config reloaded"
2026-02-15 09:52:29 DEBUG module=sched msg="queue length checked"
2026-02-15 09:56:10 INFO module=auth msg="cache warmed up"
2026-02-15 09:57:44 INFO module=api msg="job scheduled"
2026-02-15 09:59:26 WARN module=api msg="deprecated option used"
2026-02-15 10:00:23 WARN module=net msg="retrying request"
2026-02-15 10:01:28 DEBUG module=api msg="queue length checked"
2026-02-15 10:03:01 ERROR module=db msg="query failed"
2026-02-15 10:03:17 INFO module=cache msg="service started"
2026-02-15 10:07:14 DEBUG module=disk msg="queue length checked"
2026-02-15 10:08:31 INFO module=cache msg="request completed"
2026-02-15 10:08:32 DEBUG module=sched msg="buffer flushed"
2026-02-15 10:10:06 INFO module=api msg="job scheduled"
2026-02-15 10:11:11 INFO module=net msg="user logged in"
2026-02-15 10:12:13 DEBUG module=sched msg="heartbeat sent"
2026-02-15 10:22:37 DEBUG module=sched msg="retry counter reset"
2026-02-15 10:22:59 INFO module=auth msg="config reloaded"
2026-02-15 10:25:00 WARN module=api msg="retrying request"
2026-02-15 10:26:33 WARN module=api msg="disk usage above 80%"
2026-02-15 10:27:52 INFO module=cache msg="config reloaded"
2026-02-15 10:30:31 INFO module=db msg="job scheduled"
2026-02-15 10:31:24 WARN module=disk msg="retrying request"
2026-02-15 10:31:38 INFO module=api msg="user logged in"
2026-02-15 10:31:42 DEBUG module=cache msg="entering handler"
2026-02-15 10:36:30 WARN module=net msg="slow response"
2026-02-15 10:40:22 INFO module=sched msg="config reloaded"
2026-02-15 10:42:54 INFO module=db msg="cache warmed up"
2026-02-15 10:43:25 INFO module=sched msg="cache warmed up"
2026-02-15 10:44:19 WARN module=net msg="slow response"
2026-02-15 10:46:15 INFO module=api msg="request completed"
2026-02-15 10:47:11 DEBUG module=sched msg="retry counter reset"
2026-02-15 10:47:40 INFO module=disk msg="user logged in"
2026-02-15 10:55:18 INFO module=sched msg="cache warmed up"
2026-02-15 11:06:25 INFO module=api msg="job scheduled"
2026-02-15 11:07:46 INFO module=auth msg="config reloaded"
2026-02-15 11:11:49 INFO module=db msg="config reloaded"
2026-02-15 11:17:33 INFO module=api msg="service started"
2026-02-15 11:18:30 INFO module=net msg="job scheduled"
2026-02-15 11:21:02 WARN module=disk msg="slow response"
2026-02-15 11:21:03 INFO module=sched msg="service started"
2026-02-15 11:30:29 INFO module=db msg="cache warmed up"
2026-02-15 11:35:20 WARN module=net msg="slow response"
2026-02-15 11:37:31 DEBUG module=disk msg="buffer flushed"
2026-02-15 11:38:01 INFO module=cache msg="job scheduled"
2026-02-15 11:40:44 INFO module=disk msg="request completed"
2026-02-15 11:42:35 INFO module=db msg="service started"
2026-02-15 11:43:05 INFO module=auth msg="request completed"
2026-02-15 11:44:41 WARN module=db msg="disk usage above 80%"
2026-02-15 11:44:44 INFO module=fs msg="user logged in"
2026-02-15 11:44:53 INFO module=fs msg="job scheduled"
2026-02-15 11:47:07 INFO module=api msg="job scheduled"
2026-02-15 11:53:43 INFO module=net msg="job scheduled"
2026-02-15 11:54:37 INFO module=api msg="service started"
2026-02-15 11:58:15 INFO module=cache msg="cache warmed up"
2026-02-15 12:01:33 ERROR module=net msg="query failed"
2026-02-15 12:01:48 INFO module=disk msg="user logged in"
2026-02-15 12:04:50 INFO module=disk msg="config reloaded"
2026-02-15 12:10:00 INFO module=sched msg="service started"
2026-02-15 12:14:27 WARN module=auth msg="deprecated option used"
2026-02-15 12:17:14 INFO module=auth msg="service started"
2026-02-15 12:17:40 INFO module=cache msg="config reloaded"
2026-02-15 12:19:47 DEBUG module=net msg="queue length checked"
2026-02-15 12:24:00 WARN module=disk msg="disk usage above 80%"
2026-02-15 12:26:19 INFO module=net msg="config reloaded"
2026-02-15 12:26:51 INFO module=net msg="job scheduled"
2026-02-15 12:28:00 WARN module=disk msg="deprecated option used"
2026-02-15 12:30:08 DEBUG module=cache msg="entering handler"
2026-02-15 12:32:17 INFO module=db msg="cache warmed up"
2026-02-15 12:33:06 INFO module=api msg="cache warmed up"
2026-02-15 12:33:49 INFO module=net msg="request completed"
2026-02-15 12:35:04 DEBUG module=net msg="entering handler"
2026-02-15 12:40:00 INFO module=auth msg="cache warmed up"
2026-02-15 12:40:13 DEBUG module=disk msg="heartbeat sent"
2026-02-15 12:40:39 WARN module=db msg="slow response"
2026-02-15 12:42:05 INFO module=db msg="user logged in"
2026-02-15 12:45:15 INFO module=cache msg="request completed"
2026-02-15 12:45:35 INFO module=auth msg="config reloaded"
2026-02-15 12:47:03 INFO module=api msg="request completed"
2026-02-15 12:48:16 INFO module=db msg="service started"
2026-02-15 12:55:02 INFO module=disk msg="request completed"
2026-02-15 12:56:42 WARN module=disk msg="retrying request"
2026-02-15 12:58:44 INFO module=disk msg="cache warmed up"
2026-02-15 13:01:54 INFO module=auth msg="user logged in"
2026-02-15 13:03:02 INFO module=db msg="user logged in"
2026-02-15 13:03:30 INFO module=net msg="job scheduled"
2026-02-15 13:06:51 WARN module=disk msg="token expires soon"
2026-02-15 13:08:32 INFO module=net msg="cache warmed up"
2026-02-15 13:09:00 INFO module=net msg="config reloaded"
2026-02-15 13:10:14 INFO module=disk msg="user logged in"
2026-02-15 13:12:39 WARN module=db msg="retrying request"
2026-02-15 13:16:58 INFO module=auth msg="user logged in"
2026-02-15 13:18:58 INFO module=api msg="user logged in"
2026-02-15 13:20:24 INFO module=api msg="user logged in"
2026-02-15 13:20:56 INFO module=fs msg="cache warmed up"
2026-02-15 13:23:51 INFO module=fs msg="cache warmed up"
2026-02-15 13:27:34 WARN module=fs msg="retrying request"
2026-02-15 13:29:37 INFO module=db msg="service started"
2026-02-15 13:29:50 DEBUG module=db msg="queue length checked"
2026-02-15 13:30:43 INFO module=net msg="config reloaded"
2026-02-15 13:34:01 INFO module=net msg="cache warmed up"
2026-02-15 13:34:36 INFO module=auth msg="config reloaded"
2026-02-15 13:45:21 INFO module=disk msg="cache warmed up"
2026-02-15 13:46:57 INFO module=cache msg="job scheduled"
2026-02-15 13:48:53 WARN module=disk msg="disk usage above 80%"
2026-02-15 13:50:05 INFO module=net msg="config reloaded"
2026-02-15 13:50:48 INFO module=sched msg="service started"
2026-02-15 13:52:25 INFO module=db msg="cache warmed up"
2026-02-15 13:53:36 INFO module=fs msg="job scheduled"
2026-02-15 13:54:49 INFO module=sched msg="config reloaded"
2026-02-15 13:58:09 INFO module=disk msg="job scheduled"
2026-02-15 14:03:19 INFO module=net msg="cache warmed up"
2026-02-15 14:07:08 INFO module=db msg="cache warmed up"
2026-02-15 14:09:02 WARN module=disk msg="slow response"
2026-02-15 14:09:54 WARN module=api msg="deprecated option used"
2026-02-15 14:12:00 ERROR module=db msg="permission denied"
2026-02-15 14:16:15 DEBUG module=sched msg="queue length checked"
2026-02-15 14:26:59 WARN module=net msg="token expires soon"
2026-02-15 14:27:28 WARN module=disk msg="retrying request"
2026-02-15 14:31:15 WARN module=db msg="disk usage above 80%"
2026-02-15 14:37:12 INFO module=auth msg="user logged in"
2026-02-15 14:37:21 INFO module=auth msg="user logged in"
2026-02-15 14:39:37 INFO module=api msg="request completed"
2026-02-15 14:46:08 INFO module=auth msg="service started"
2026-02-15 14:48:12 INFO module=api msg="service started"
2026-02-15 14:49:50 INFO module=sched msg="config reloaded"
2026-02-15 14:50:13 ERROR module=db msg="connection refused"
2026-02-15 14:52:31 INFO module=cache msg="request completed"
2026-02-15 14:52:36 INFO module=db msg="config reloaded"
2026-02-15 14:59:21 INFO module=db msg="cache warmed up"
2026-02-15 15:01:26 INFO module=cache msg="cache warmed up"
2026-02-15 15:04:29 WARN module=cache msg="token expires soon"
2026-02-15 15:05:57 WARN module=disk msg="deprecated option used"
2026-02-15 15:07:27 INFO module=sched msg="config reloaded"
2026-02-15 15:07:37 INFO module=db msg="request completed"
2026-02-15 15:19:04 INFO module=net msg="request completed"
2026-02-15 15:21:59 DEBUG module=db msg="heartbeat sent"
2026-02-15 15:22:19 INFO module=cache msg="service started"
2026-02-15 15:23:46 WARN module=db msg="token expires soon"
2026-02-15 15:25:34 INFO module=sched msg="service started"
2026-02-15 15:26:36 INFO module=api msg="service started"
2026-02-15 15:30:57 WARN module=api msg="retrying request"
2026-02-15 15:31:38 WARN module=db msg="slow response"
2026-02-15 15:40:48 INFO module=sched msg="request completed"
2026-02-15 15:41:22 INFO module=cache msg="config reloaded"
2026-02-15 15:45:02 INFO module=fs msg="cache warmed up"
2026-02-15 15:49:35 INFO module=cache msg="request completed"
2026-02-15 15:50:35 INFO module=fs msg="job scheduled"
2026-02-15 15:57:19 INFO module=disk msg="service started"
2026-02-15 15:57:48 INFO module=cache msg="service started"
2026-02-15 15:58:44 DEBUG module=cache msg="queue length checked"
2026-02-15 16:01:13 INFO module=db msg="job scheduled"
2026-02-15 16:07:58 DEBUG module=db msg="heartbeat sent"
2026-02-15 16:11:48 INFO module=api msg="job scheduled"
2026-02-15 16:12:08 INFO module=sched msg="request completed"
2026-02-15 16:13:07 INFO module=api msg="cache warmed up"
2026-02-15 16:14:07 ERROR module=db msg="invalid token"
2026-02-15 16:16:32 DEBUG module=auth msg="entering handler"
2026-02-15 16:18:02 INFO module=sched msg="job scheduled"
2026-02-15 16:24:11 INFO module=auth msg="config reloaded"
2026-02-15 16:27:07 WARN module=cache msg="retrying request"
2026-02-15 16:30:20 DEBUG module=cache msg="buffer flushed"
2026-02-15 16:34:03 INFO module=cache msg="config reloaded"
2026-02-15 16:39:00 WARN module=fs msg="retrying request"
2026-02-15 16:49:53 INFO module=cache msg="config reloaded"
2026-02-15 16:52:54 INFO module=api msg="config reloaded"
2026-02-15 16:55:34 WARN module=cache msg="deprecated option used"
2026-02-15 17:06:38 DEBUG module=disk msg="entering handler"
2026-02-15 17:18:10 WARN module=disk msg="slow response"
2026-02-15 17:24:24 INFO module=db msg="request completed"
2026-02-15 17:26:48 DEBUG module=fs msg="entering handler"
2026-02-15 17:27:52 DEBUG module=api msg="retry counter reset"
2026-02-15 17:28:53 INFO module=net msg="request completed"
2026-02-15 17:30:00 ERROR module=cache msg="no space left on device"
2026-02-15 17:38:01 INFO module=api msg="config reloaded"
2026-02-15 17:38:07 INFO module=db msg="cache warmed up"
2026-02-15 17:45:25 DEBUG module=api msg="heartbeat sent"
2026-02-15 17:49:28 INFO module=disk msg="request completed"
2026-02-15 17:51:12 DEBUG module=sched msg="queue length checked"
2026-02-15 17:52:27 INFO module=auth msg="service started"
2026-02-15 17:53:42 INFO module=db msg="config reloaded"
2026-02-15 17:54:05 WARN module=auth msg="retrying request"
2026-02-15 17:54:56 INFO module=api msg="service started"
2026-02-15 17:55:14 INFO module=api msg="cache warmed up"
2026-02-15 17:55:31 INFO module=db msg="config reloaded"
2026-02-15 18:00:34 WARN module=net msg="slow response"
2026-02-15 18:00:42 INFO module=auth msg="user logged in"
2026-02-15 18:01:32 INFO module=disk msg="job scheduled"
2026-02-15 18:08:22 INFO module=auth msg="config reloaded"
2026-02-15 18:12:47 INFO module=auth msg="service started"
2026-02-15 18:13:33 INFO module=sched msg="request completed"
2026-02-15 18:13:45 INFO module=db msg="service started"
2026-02-15 18:17:51 INFO module=fs msg="job scheduled"
2026-02-15 18:17:58 INFO module=cache msg="config reloaded"
2026-02-15 18:20:42 INFO module=cache msg="job scheduled"
2026-02-15 18:25:30 DEBUG module=disk msg="entering handler"
2026-02-15 18:27:09 DEBUG module=disk msg="entering handler"
2026-02-15 18:32:42 INFO module=auth msg="user logged in"
2026-02-15 18:34:08 WARN module=net msg="retrying request"
2026-02-15 18:36:08 INFO module=api msg="request completed"
2026-02-15 18:37:04 INFO module=db msg="request completed"
2026-02-15 18:39:37 INFO module=db msg="request completed"
2026-02-15 18:42:42 INFO module=fs msg="job scheduled"
2026-02-15 18:44:50 WARN module=db msg="deprecated option used"
2026-02-15 18:50:58 ERROR module=net msg="connection timeout"
2026-02-15 18:52:31 INFO module=fs msg="cache warmed up"
2026-02-15 18:53:01 INFO module=db msg="job scheduled"
2026-02-15 18:53:59 DEBUG module=sched msg="heartbeat sent"
2026-02-15 18:55:05 INFO module=db msg="service started"
2026-02-15 18:55:38 INFO module=api msg="request completed"
2026-02-15 18:59:16 WARN module=fs msg="deprecated option used"
2026-02-15 19:01:28 DEBUG module=cache msg="queue length checked"
2026-02-15 19:03:41 INFO module=net msg="request completed"
2026-02-15 19:06:12 INFO module=net msg="request completed"
2026-02-15 19:08:16 WARN module=disk msg="deprecated option used"
2026-02-15 19:12:56 INFO module=sched msg="service started"
2026-02-15 19:17:50 INFO module=api msg="cache warmed up"
2026-02-15 19:19:26 WARN module=net msg="token expires soon"
2026-02-15 19:20:27 DEBUG module=db msg="heartbeat sent"
2026-02-15 19:24:37 INFO module=auth msg="config reloaded"
2026-02-15 19:25:05 INFO module=db msg="job scheduled"
2026-02-15 19:30:18 INFO module=api msg="job scheduled"
2026-02-15 19:34:27 INFO module=net msg="config reloaded"
2026-02-15 19:34:36 INFO module=sched msg="config reloaded"
2026-02-15 19:34:53 INFO module=sched msg="request completed"
2026-02-15 19:36:49 DEBUG module=db msg="buffer flushed"
2026-02-15 19:43:32 WARN module=db msg="retrying request"
2026-02-15 19:46:19 INFO module=auth msg="request completed"
2026-02-15 19:51:23 INFO module=fs msg="job scheduled"
2026-02-15 19:52:06 DEBUG module=db msg="retry counter reset"
2026-02-15 19:54:49 INFO module=auth msg="service started"
2026-02-15 19:55:56 INFO module=db msg="job scheduled"
2026-02-15 19:56:29 INFO module=auth msg="service started"
2026-02-15 20:00:10 INFO module=cache msg="user logged in"
2026-02-15 20:01:08 ERROR module=api msg="connection timeout"
2026-02-15 20:02:37 INFO module=fs msg="config reloaded"
2026-02-15 20:14:16 INFO module=api msg="cache warmed up"
2026-02-15 20:14:36 INFO module=disk msg="service started"
2026-02-15 20:19:41 INFO module=fs msg="service started"
2026-02-15 20:19:54 INFO module=auth msg="user logged in"
2026-02-15 20:20:22 INFO module=api msg="config reloaded"
2026-02-15 20:20:40 INFO module=fs msg="request completed"
2026-02-15 20:29:57 INFO module=net msg="user logged in"
2026-02-15 20:32:15 ERROR module=db msg="query failed"
2026-02-15 20:33:04 WARN module=db msg="deprecated option used"
2026-02-15 20:35:28 WARN module=db msg="slow response"
2026-02-15 20:35:48 INFO module=db msg="config reloaded"
2026-02-15 20:37:34 INFO module=sched msg="config reloaded"
2026-02-15 20:37:40 ERROR module=db msg="no space left on device"
2026-02-15 20:40:04 INFO module=sched msg="config reloaded"
2026-02-15 20:40:44 INFO module=sched msg="config reloaded"
2026-02-15 20:42:08 DEBUG module=cache msg="buffer flushed"
2026-02-15 20:43:21 WARN module=net msg="deprecated option used"
2026-02-15 20:44:23 ERROR module=db msg="no space left on device"
2026-02-15 20:44:57 DEBUG module=net msg="heartbeat sent"
2026-02-15 20:46:22 INFO module=auth msg="cache warmed up"
2026-02-15 20:53:12 INFO module=fs msg="request completed"
2026-02-15 20:54:00 INFO module=net msg="service started"
2026-02-15 20:56:55 INFO module=net msg="request completed"
2026-02-15 21:00:37 INFO module=api msg="request completed"
2026-02-15 21:01:14 INFO module=net msg="user logged in"
2026-02-15 21:01:39 INFO module=api msg="config reloaded"
2026-02-15 21:03:09 WARN module=auth msg="slow response"
2026-02-15 21:06:11 WARN module=auth msg="disk usage above 80%"
2026-02-15 21:08:57 WARN module=cache msg="retrying request"
2026-02-15 21:09:00 WARN module=db msg="retrying request"
2026-02-15 21:11:53 INFO module=auth msg="cache warmed up"
2026-02-15 21:12:54 INFO module=auth msg="user logged in"
2026-02-15 21:14:08 INFO module=disk msg="config reloaded"
2026-02-15 21:19:14 INFO module=api msg="request completed"
2026-02-15 21:21:33 INFO module=auth msg="job scheduled"
2026-02-15 21:24:58 DEBUG module=fs msg="retry counter reset"
2026-02-15 21:29:04 INFO module=api msg="config reloaded"
2026-02-15 21:31:29 INFO module=api msg="service started"
2026-02-15 21:35:09 INFO module=auth msg="cache warmed up"
2026-02-15 21:46:12 WARN module=net msg="retrying request"
2026-02-15 21:47:08 DEBUG module=disk msg="heartbeat sent"
2026-02-15 21:50:52 INFO module=net msg="request completed"
2026-02-15 21:55:09 INFO module=net msg="request completed"
2026-02-15 21:55:28 DEBUG module=cache msg="retry counter reset"
2026-02-15 22:08:50 INFO module=cache msg="config reloaded"
2026-02-15 22:12:51 INFO module=fs msg="request completed"
2026-02-15 22:15:24 INFO module=api msg="service started"
2026-02-15 22:15:49 WARN module=db msg="disk usage above 80%"
2026-02-15 22:16:03 ERROR module=auth msg="no space left on device"
2026-02-15 22:17:52 ERROR module=db msg="query failed"
2026-02-15 22:20:22 INFO module=cache msg="cache warmed up"
2026-02-15 22:24:19 INFO module=db msg="service started"
2026-02-15 22:25:16 INFO module=net msg="user logged in"
2026-02-15 22:26:18 WARN module=db msg="deprecated option used"
2026-02-15 22:32:31 INFO module=db msg="user logged in"
2026-02-15 22:34:33 WARN module=disk msg="token expires soon"
2026-02-15 22:37:51 INFO module=disk msg="cache warmed up"
2026-02-15 22:38:04 DEBUG module=cache msg="retry counter reset"
2026-02-15 22:39:30 DEBUG module=net msg="queue length checked"
2026-02-15 22:47:12 INFO module=cache msg="config reloaded"
2026-02-15 22:49:32 INFO module=auth msg="user logged in"
2026-02-15 22:50:32 INFO module=auth msg="user logged in"
2026-02-15 22:54:03 INFO module=api msg="user logged in"
2026-02-15 22:55:14 INFO module=net msg="service started"
2026-02-15 22:57:23 INFO module=api msg="job scheduled"
2026-02-15 22:58:27 DEBUG module=cache msg="heartbeat sent"
2026-02-15 22:59:01 WARN module=disk msg="slow response"
2026-02-15 23:00:01 INFO module=net msg="request completed"
2026-02-15 23:02:34 INFO module=disk msg="config reloaded"
2026-02-15 23:08:11 INFO module=auth msg="user logged in"
2026-02-15 23:10:55 DEBUG module=db msg="buffer flushed"
2026-02-15 23:13:30 INFO module=api msg="user logged in"
2026-02-15 23:14:30 INFO module=sched msg="config reloaded"
2026-02-15 23:15:36 WARN module=cache msg="deprecated option used"
2026-02-15 23:21:23 DEBUG module=cache msg="retry counter reset"
2026-02-15 23:21:45 DEBUG module=disk msg="queue length checked"
2026-02-15 23:22:05 INFO module=disk msg="user logged in"
2026-02-15 23:22:59 WARN module=sched msg="token expires soon"
2026-02-15 23:25:23 INFO module=disk msg="config reloaded"
2026-02-15 23:28:19 WARN module=db msg="slow response"
2026-02-15 23:28:25 INFO module=cache msg="request completed"
2026-02-15 23:30:15 INFO module=cache msg="job scheduled"
2026-02-15 23:30:55 INFO module=cache msg="request completed"
2026-02-15 23:32:46 WARN module=db msg="disk usage above 80%"
2026-02-15 23:36:20 WARN module=auth msg="retrying request"
2026-02-15 23:37:31 INFO module=disk msg="user logged in"
2026-02-15 23:38:58 DEBUG module=disk msg="entering handler"
2026-02-15 23:39:03 DEBUG module=sched msg="buffer flushed"
2026-02-15 23:39:08 DEBUG module=auth msg="heartbeat sent"
2026-02-15 23:40:16 INFO module=auth msg="job scheduled"
2026-02-15 23:40:28 ERROR module=net msg="connection refused"
2026-02-15 23:40:42 INFO module=fs msg="config reloaded"
2026-02-15 23:41:06 INFO module=db msg="config reloaded"
2026-02-15 23:41:56 DEBUG module=sched msg="buffer flushed"
2026-02-15 23:42:25 INFO module=fs msg="service started"
2026-02-15 23:45:10 INFO module=fs msg="service started"
2026-02-15 23:48:26 DEBUG module=net msg="heartbeat sent"
2026-02-15 23:51:18 WARN module=api msg="token expires soon"
2026-02-15 23:57:21 INFO module=auth msg="request completed"
