2026-02-16 00:27:53 DEBUG module=cache msg="queue length checked"
2026-02-16 00:41:04 INFO module=disk msg="cache warmed up"
2026-02-16 00:54:19 INFO module=sched msg="config reloaded"
2026-02-16 01:01:12 DEBUG module=cache msg="buffer flushed"
2026-02-16 01:03:03 WARN module=net msg="retrying request"
2026-02-16 01:04:22 INFO module=sched msg="cache warmed up"
2026-02-16 01:10:06 INFO module=cache msg="config reloaded"
2026-02-16 01:24:22 WARN module=db msg="slow response"
2026-02-16 01:31:20 INFO module=fs msg="job scheduled"
2026-02-16 01:33:15 ERROR module=cache msg="segment read failed"
2026-02-16 01:40:35 DEBUG module=cache msg="heartbeat sent"
2026-02-16 01:59:21 DEBUG module=cache msg="buffer flushed"
2026-02-16 01:59:46 INFO module=auth msg="cache warmed up"
2026-02-16 02:01:56 INFO module=auth msg="cache warmed up"
2026-02-16 02:18:32 INFO module=disk msg="config reloaded"
2026-02-16 02:19:08 INFO module=db msg="request completed"
2026-02-16 02:20:57 INFO module=net msg="cache warmed up"
2026-02-16 02:21:22 WARN module=cache msg="slow response"
2026-02-16 02:27:35 INFO module=fs msg="user logged in"
2026-02-16 02:30:09 INFO module=api msg="job scheduled"
2026-02-16 02:33:45 ERROR module=disk msg="no space left on device"
2026-02-16 02:35:34 INFO module=api msg="config reloaded"
2026-02-16 02:48:05 INFO module=disk msg="service started"
2026-02-16 03:04:32 INFO module=db msg="job scheduled"
2026-02-16 03:06:15 WARN module=api msg="deprecated option used"
2026-02-16 03:08:01 INFO module=net msg="config reloaded"
2026-02-16 03:11:00 ERROR module=net msg="invalid token"
2026-02-16 03:29:12 DEBUG module=api msg="buffer flushed"
2026-02-16 03:31:14 INFO module=db msg="job scheduled"
2026-02-16 03:34:55 INFO module=net msg="job scheduled"
2026-02-16 03:36:55 DEBUG module=sched msg="heartbeat sent"
2026-02-16 03:40:52 INFO module=sched msg="request completed"
2026-02-16 03:43:21 DEBUG module=disk msg="entering handler"
2026-02-16 04:10:45 DEBUG module=sched msg="retry counter reset"
2026-02-16 04:16:27 DEBUG module=api msg="heartbeat sent"
2026-02-16 04:19:24 INFO module=auth msg="service started"
2026-02-16 04:32:59 WARN module=net msg="disk usage above 80%"
2026-02-16 04:57:47 WARN module=net msg="deprecated option used"
2026-02-16 04:57:53 DEBUG module=net msg="heartbeat sent"
2026-02-16 05:00:12 INFO module=disk msg="request completed"
2026-02-16 05:06:00 INFO module=disk msg="cache warmed up"
2026-02-16 05:23:43 DEBUG module=disk msg="heartbeat sent"
2026-02-16 05:24:10 DEBUG module=cache msg="heartbeat sent"
2026-02-16 05:24:34 INFO module=auth msg="service started"
2026-02-16 05:30:43 WARN module=db msg="retrying request"
2026-02-16 05:33:28 INFO module=db msg="cache warmed up"
2026-02-16 05:34:51 INFO module=cache msg="service started"
2026-02-16 05:36:27 WARN module=net msg="slow response"
2026-02-16 05:46:31 ERROR module=auth msg="segment read failed"
2026-02-16 05:47:49 INFO module=db msg="service started"
2026-02-16 05:53:11 ERROR module=db msg="connection refused"
2026-02-16 05:56:02 WARN module=auth msg="retrying request"
2026-02-16 06:08:59 INFO module=api msg="user logged in"
2026-02-16 06:27:02 INFO module=db msg="config reloaded"
2026-02-16 06:37:52 DEBUG module=cache msg="buffer flushed"
2026-02-16 06:47:08 INFO module=auth msg="config reloaded"
2026-02-16 06:47:52 INFO module=sched msg="service started"
2026-02-16 06:48:03 WARN module=auth msg="token expires soon"
2026-02-16 07:07:49 ERROR module=db msg="connection timeout"
2026-02-16 07:08:30 DEBUG module=net msg="retry counter reset"
2026-02-16 07:18:03 INFO module=net msg="service started"
2026-02-16 07:26:30 INFO module=db msg="config reloaded"
2026-02-16 07:30:53 INFO module=disk msg="job scheduled"
2026-02-16 07:32:49 INFO module=db msg="config reloaded"
2026-02-16 07:47:26 INFO module=fs msg="cache warmed up"
2026-02-16 08:03:11 ERROR module=db msg="connection refused"
2026-02-16 08:07:08 INFO module=fs msg="user logged in"
2026-02-16 08:07:48 WARN module=disk msg="retrying request"
2026-02-16 08:19:19 INFO module=disk msg="config reloaded"
2026-02-16 08:27:46 WARN module=cache msg="deprecated option used"
2026-02-16 08:37:32 INFO module=auth msg="request completed"
2026-02-16 08:39:28 DEBUG module=auth msg="retry counter reset"
2026-02-16 08:56:30 DEBUG module=sched msg="heartbeat sent"
2026-02-16 09:02:54 INFO module=auth msg="config reloaded"
2026-02-16 09:20:41 DEBUG module=cache msg="heartbeat sent"
2026-02-16 09:23:28 INFO module=cache msg="job scheduled"
2026-02-16 09:43:44 INFO module=disk msg="cache warmed up"
2026-02-16 09:56:24 ERROR module=net msg="query failed"
2026-02-16 10:06:33 INFO module=net msg="cache warmed up"
2026-02-16 10:07:51 INFO module=api msg="job scheduled"
2026-02-16 10:09:18 INFO module=db msg="cache warmed up"
2026-02-16 10:09:51 INFO module=api msg="user logged in"
2026-02-16 10:11:21 INFO module=net msg="service started"
2026-02-16 10:12:58 DEBUG module=cache msg="queue length checked"
2026-02-16 10:17:33 DEBUG module=sched msg="buffer flushed"
2026-02-16 10:22:42 INFO module=db msg="cache warmed up"
2026-02-16 10:24:57 ERROR module=db msg="query failed"
2026-02-16 10:27:32 INFO module=db msg="service started"
2026-02-16 10:36:14 INFO module=auth msg="user logged in"
2026-02-16 10:43:05 INFO module=disk msg="service started"
2026-02-16 10:49:24 INFO module=sched msg="service started"
2026-02-16 10:58:19 INFO module=db msg="service started"
2026-02-16 11:03:19 ERROR module=disk msg="connection timeout"
2026-02-16 11:10:33 WARN module=api msg="retrying request"
2026-02-16 11:10:39 WARN module=auth msg="retrying request"
2026-02-16 11:12:41 INFO module=cache msg="job scheduled"
2026-02-16 11:21:46 INFO module=api msg="service started"
2026-02-16 11:27:15 INFO module=net msg="request completed"
2026-02-16 11:28:03 INFO module=sched msg="job scheduled"
2026-02-16 11:34:34 INFO module=disk msg="user logged in"
2026-02-16 11:36:08 INFO module=disk msg="service started"
2026-02-16 11:39:35 INFO module=fs msg="config reloaded"
2026-02-16 11:44:26 INFO module=auth msg="job scheduled"
2026-02-16 11:51:01 INFO module=api msg="request completed"
2026-02-16 12:05:05 WARN module=disk msg="slow response"
2026-02-16 12:08:45 INFO module=cache msg="job scheduled"
2026-02-16 12:11:25 ERROR module=db msg="no space left on device"
2026-02-16 12:19:21 INFO module=db msg="service started"
2026-02-16 12:23:26 INFO module=sched msg="request completed"
2026-02-16 12:24:47 WARN module=db msg="token expires soon"
2026-02-16 12:29:53 DEBUG module=cache msg="heartbeat sent"
2026-02-16 12:30:02 INFO module=auth msg="job scheduled"
2026-02-16 12:37:41 INFO module=db msg="config reloaded"
2026-02-16 12:42:17 INFO module=disk msg="user logged in"
2026-02-16 12:50:42 INFO module=net msg="user logged in"
2026-02-16 12:59:30 INFO module=disk msg="user logged in"
2026-02-16 13:08:01 INFO module=api msg="cache warmed up"
2026-02-16 13:16:10 INFO module=sched msg="cache warmed up"
2026-02-16 13:28:03 INFO module=db msg="config reloaded"
2026-02-16 13:48:16 WARN module=cache msg="token expires soon"
2026-02-16 14:03:17 INFO module=db msg="request completed"
2026-02-16 14:11:24 INFO module=fs msg="job scheduled"
2026-02-16 14:29:39 WARN module=disk msg="deprecated option used"
2026-02-16 14:33:04 DEBUG module=fs msg="queue length checked"
2026-02-16 14:43:38 WARN module=auth msg="deprecated option used"
2026-02-16 14:44:02 INFO module=auth msg="request completed"
2026-02-16 14:47:50 INFO module=db msg="job scheduled"
2026-02-16 14:54:54 DEBUG module=db msg="queue length checked"
2026-02-16 15:00:22 INFO module=fs msg="request completed"
2026-02-16 15:01:49 INFO module=auth msg="service started"
2026-02-16 15:09:02 ERROR module=disk msg="connection timeout"
2026-02-16 15:13:17 INFO module=net msg="config reloaded"
2026-02-16 15:17:27 DEBUG module=cache msg="retry counter reset"
2026-02-16 15:19:33 INFO module=auth msg="cache warmed up"
2026-02-16 15:20:29 INFO module=net msg="job scheduled"
2026-02-16 15:21:15 INFO module=cache msg="config reloaded"
2026-02-16 15:22:12 INFO module=net msg="request completed"
2026-02-16 15:24:31 INFO module=net msg="request completed"
2026-02-16 15:31:42 ERROR module=auth msg="segment read failed"
2026-02-16 15:39:09 INFO module=cache msg="service started"
2026-02-16 15:46:49 INFO module=disk msg="service started"
2026-02-16 15:55:33 INFO module=net msg="config reloaded"
2026-02-16 16:14:33 DEBUG module=sched msg="heartbeat sent"
2026-02-16 16:15:45 INFO module=auth msg="service started"
2026-02-16 16:37:59 INFO module=api msg="cache warmed up"
2026-02-16 16:39:02 INFO module=disk msg="cache warmed up"
2026-02-16 16:41:10 INFO module=api msg="config reloaded"
2026-02-16 16:55:48 INFO module=disk msg="config reloaded"
2026-02-16 16:59:01 INFO module=net msg="config reloaded"
2026-02-16 16:59:19 INFO module=net msg="cache warmed up"
2026-02-16 16:59:32 INFO module=api msg="user logged in"
2026-02-16 17:33:22 DEBUG module=net msg="retry counter reset"
2026-02-16 17:40:57 WARN module=api msg="slow response"
2026-02-16 17:44:22 ERROR module=net msg="invalid token"
2026-02-16 17:51:41 DEBUG module=db msg="heartbeat sent"
2026-02-16 18:06:35 INFO module=fs msg="job scheduled"
2026-02-16 18:09:51 WARN module=db msg="deprecated option used"
2026-02-16 18:21:34 INFO module=sched msg="user logged in"
2026-02-16 19:02:44 DEBUG module=net msg="queue length checked"
2026-02-16 19:03:48 WARN module=disk msg="disk usage above 80%"
2026-02-16 19:06:04 INFO module=cache msg="service started"
2026-02-16 19:11:08 ERROR module=net msg="connection refused"
2026-02-16 19:15:13 DEBUG module=api msg="buffer flushed"
2026-02-16 19:20:25 WARN module=auth msg="token expires soon"
2026-02-16 19:24:26 INFO module=auth msg="request completed"
2026-02-16 19:36:27 WARN module=disk msg="deprecated option used"
2026-02-16 19:42:50 DEBUG module=auth msg="entering handler"
2026-02-16 20:08:13 INFO module=auth msg="user logged in"
2026-02-16 20:27:11 DEBUG module=disk msg="heartbeat sent"
2026-02-16 20:32:41 INFO module=fs msg="config reloaded"
2026-02-16 20:34:48 DEBUG module=sched msg="entering handler"
2026-02-16 20:36:34 WARN module=fs msg="retrying request"
2026-02-16 20:40:11 WARN module=net msg="slow response"
2026-02-16 20:40:14 INFO module=net msg="user logged in"
2026-02-16 20:42:23 INFO module=db msg="job scheduled"
2026-02-16 20:42:56 DEBUG module=cache msg="retry counter reset"
2026-02-16 20:47:15 INFO module=fs msg="request completed"
2026-02-16 20:51:45 DEBUG module=fs msg="buffer flushed"
2026-02-16 20:59:41 ERROR module=auth msg="invalid token"
2026-02-16 21:04:24 ERROR module=disk msg="connection timeout"
2026-02-16 21:12:21 ERROR module=db msg="connection refused"
2026-02-16 21:23:19 INFO module=auth msg="job scheduled"
2026-02-16 21:32:38 ERROR module=db msg="segment read failed"
2026-02-16 21:37:50 INFO module=cache msg="user logged in"
2026-02-16 21:48:16 WARN module=fs msg="slow response"
2026-02-16 21:52:55 INFO module=cache msg="cache warmed up"
2026-02-16 22:00:28 INFO module=cache msg="service started"
2026-02-16 22:04:17 INFO module=net msg="request completed"
2026-02-16 22:07:05 DEBUG module=sched msg="heartbeat sent"
2026-02-16 22:33:51 DEBUG module=auth msg="entering handler"
2026-02-16 22:45:18 INFO module=fs msg="cache warmed up"
2026-02-16 22:45:45 ERROR module=disk msg="no space left on device"
2026-02-16 22:54:34 INFO module=fs msg="request completed"
2026-02-16 22:56:03 INFO module=cache msg="config reloaded"
2026-02-16 22:58:36 ERROR module=net msg="query failed"
2026-02-16 22:59:04 INFO module=net msg="job scheduled"
2026-02-16 23:01:57 INFO module=auth msg="job scheduled"
2026-02-16 23:12:09 DEBUG module=cache msg="buffer flushed"
2026-02-16 23:12:18 INFO module=fs msg="user logged in"
2026-02-16 23:20:01 INFO module=db msg="user logged in"
2026-02-16 23:49:51 INFO module=auth msg="cache warmed up"
2026-02-16 23:58:29 ERROR module=net msg="invalid token"
