2026-02-18 00:09:25 WARN module=disk msg="token expires soon"
2026-02-18 00:15:09 INFO module=fs msg="service started"
2026-02-18 00:15:33 INFO module=auth msg="service started"
2026-02-18 00:17:53 INFO module=api msg="service started"
2026-02-18 00:24:30 DEBUG module=db msg="heartbeat sent"
2026-02-18 00:26:03 WARN module=disk msg="token expires soon"
2026-02-18 00:28:31 INFO module=net msg="user logged in"
2026-02-18 00:29:58 DEBUG module=cache msg="entering handler"
2026-02-18 00:33:01 INFO module=cache msg="request completed"
2026-02-18 00:33:03 WARN module=auth msg="retrying request"
2026-02-18 00:37:40 WARN module=db msg="deprecated option used"
2026-02-18 00:41:59 INFO module=net msg="config reloaded"
2026-02-18 00:43:06 INFO module=net msg="service started"
2026-02-18 00:46:15 INFO module=api msg="user logged in"
2026-02-18 00:46:17 INFO module=cache msg="request completed"
2026-02-18 00:54:42 WARN module=fs msg="token expires soon"
2026-02-18 00:55:34 INFO module=auth msg="service started"
2026-02-18 00:59:21 INFO module=net msg="job scheduled"
2026-02-18 01:05:53 INFO module=auth msg="cache warmed up"
2026-02-18 01:07:13 DEBUG module=cache msg="heartbeat sent"
2026-02-18 01:10:38 INFO module=api msg="user logged in"
2026-02-18 01:20:20 INFO module=cache msg="service started"
2026-02-18 01:21:35 INFO module=net msg="service started"
2026-02-18 01:21:56 DEBUG module=fs msg="heartbeat sent"
2026-02-18 01:38:01 WARN module=db msg="token expires soon"
2026-02-18 01:39:30 ERROR module=db msg="connection timeout"
2026-02-18 01:43:36 INFO module=disk msg="config reloaded"
2026-02-18 01:49:01 ERROR module=db msg="connection refused"
2026-02-18 01:54:56 INFO module=auth msg="request completed"
2026-02-18 01:57:19 INFO module=api msg="request completed"
2026-02-18 01:57:21 INFO module=disk msg="cache warmed up"
2026-02-18 01:58:56 WARN module=net msg="slow response"
2026-02-18 02:00:51 WARN module=api msg="deprecated option used"
2026-02-18 02:05:27 INFO module=disk msg="user logged in"
2026-02-18 02:06:27 DEBUG module=cache msg="heartbeat sent"
2026-02-18 02:06:29 WARN module=disk msg="retrying request"
2026-02-18 02:08:14 INFO module=net msg="service started"
2026-02-18 02:09:14 ERROR module=api msg="no space left on device"
2026-02-18 02:12:20 INFO module=sched msg="user logged in"
2026-02-18 02:16:46 WARN module=auth msg="disk usage above 80%"
2026-02-18 02:21:04 ERROR module=net msg="connection refused"
2026-02-18 02:33:48 INFO module=fs msg="config reloaded"
2026-02-18 02:37:31 WARN module=sched msg="slow response"
2026-02-18 02:37:41 INFO module=net msg="cache warmed up"
2026-02-18 02:39:43 INFO module=auth msg="service started"
2026-02-18 02:45:57 INFO module=db msg="cache warmed up"
2026-02-18 02:50:40 INFO module=net msg="request completed"
2026-02-18 02:53:04 INFO module=cache msg="cache warmed up"
2026-02-18 02:53:46 INFO module=disk msg="job scheduled"
2026-02-18 02:53:47 WARN module=net msg="slow response"
2026-02-18 03:03:28 DEBUG module=fs msg="retry counter reset"
2026-02-18 03:04:12 ERROR module=db msg="query failed"
2026-02-18 03:04:16 INFO module=net msg="job scheduled"
2026-02-18 03:06:20 DEBUG module=cache msg="buffer flushed"
2026-02-18 03:12:22 INFO module=fs msg="cache warmed up"
2026-02-18 03:21:57 WARN module=disk msg="slow response"
2026-02-18 03:23:32 INFO module=auth msg="job scheduled"
2026-02-18 03:23:50 INFO module=api msg="user logged in"
2026-02-18 03:27:51 WARN module=net msg="disk usage above 80%"
2026-02-18 03:30:44 WARN module=cache msg="retrying request"
2026-02-18 03:31:44 INFO module=auth msg="request completed"
2026-02-18 03:37:03 INFO module=disk msg="job scheduled"
2026-02-18 03:42:13 ERROR module=db msg="query failed"
2026-02-18 03:45:32 DEBUG module=cache msg="entering handler"
2026-02-18 03:45:44 WARN module=disk msg="disk usage above 80%"
2026-02-18 03:45:48 INFO module=api msg="config reloaded"
2026-02-18 03:47:50 INFO module=disk msg="request completed"
2026-02-18 04:03:26 WARN module=cache msg="deprecated option used"
2026-02-18 04:05:20 INFO module=sched msg="job scheduled"
2026-02-18 04:06:51 WARN module=db msg="disk usage above 80%"
2026-02-18 04:10:43 INFO module=db msg="cache warmed up"
2026-02-18 04:13:56 WARN module=net msg="deprecated option used"
2026-02-18 04:17:43 WARN module=auth msg="retrying request"
2026-02-18 04:20:56 WARN module=net msg="slow response"
2026-02-18 04:21:30 INFO module=sched msg="config reloaded"
2026-02-18 04:32:04 INFO module=auth msg="config reloaded"
2026-02-18 04:36:43 WARN module=fs msg="slow response"
2026-02-18 04:43:01 INFO module=db msg="config reloaded"
2026-02-18 04:48:42 INFO module=db msg="service started"
2026-02-18 04:52:05 WARN module=api msg="retrying request"
2026-02-18 04:58:20 INFO module=db msg="job scheduled"
2026-02-18 05:07:49 WARN module=api msg="disk usage above 80%"
2026-02-18 05:12:23 INFO module=cache msg="request completed"
2026-02-18 05:18:47 INFO module=auth msg="service started"
2026-02-18 05:25:27 INFO module=auth msg="request completed"
2026-02-18 05:26:01 INFO module=api msg="cache warmed up"
2026-02-18 05:29:05 INFO module=auth msg="service started"
2026-02-18 05:29:21 INFO module=db msg="service started"
2026-02-18 05:33:51 INFO module=sched msg="request completed"
2026-02-18 05:34:36 INFO module=net msg="user logged in"
2026-02-18 05:37:28 INFO module=auth msg="job scheduled"
2026-02-18 05:47:58 INFO module=db msg="cache warmed up"
2026-02-18 05:51:32 INFO module=db msg="job scheduled"
2026-02-18 06:02:06 DEBUG module=sched msg="heartbeat sent"
2026-02-18 06:03:38 INFO module=db msg="cache warmed up"
2026-02-18 06:06:04 INFO module=sched msg="cache warmed up"
2026-02-18 06:06:31 DEBUG module=sched msg="entering handler"
2026-02-18 06:19:51 DEBUG module=net msg="queue length checked"
2026-02-18 06:25:18 WARN module=net msg="disk usage above 80%"
2026-02-18 06:26:38 INFO module=db msg="service started"
2026-02-18 06:27:00 ERROR module=cache msg="connection refused"
2026-02-18 06:27:02 WARN module=db msg="deprecated option used"
2026-02-18 06:29:28 INFO module=cache msg="user logged in"
2026-02-18 06:40:09 DEBUG module=disk msg="heartbeat sent"
2026-02-18 06:44:12 INFO module=db msg="request completed"
2026-02-18 06:51:57 DEBUG module=net msg="entering handler"
2026-02-18 06:52:59 INFO module=fs msg="user logged in"
2026-02-18 06:53:29 DEBUG module=cache msg="queue length checked"
2026-02-18 06:57:46 DEBUG module=net msg="queue length checked"
2026-02-18 06:59:54 ERROR module=disk msg="query failed"
2026-02-18 07:03:14 INFO module=db msg="service started"
2026-02-18 07:05:26 INFO module=api msg="job scheduled"
2026-02-18 07:27:33 INFO module=db msg="user logged in"
2026-02-18 07:33:42 INFO module=api msg="config reloaded"
2026-02-18 07:35:08 DEBUG module=fs msg="heartbeat sent"
2026-02-18 07:50:58 INFO module=cache msg="request completed"
2026-02-18 07:52:34 DEBUG module=auth msg="retry counter reset"
2026-02-18 07:53:27 INFO module=db msg="user logged in"
2026-02-18 07:54:45 INFO module=cache msg="config reloaded"
2026-02-18 08:05:29 INFO module=api msg="job scheduled"
2026-02-18 08:05:34 INFO module=api msg="config reloaded"
2026-02-18 08:07:31 DEBUG module=cache msg="heartbeat sent"
2026-02-18 08:17:54 WARN module=api msg="token expires soon"
2026-02-18 08:25:30 WARN module=net msg="token expires soon"
2026-02-18 08:27:07 INFO module=fs msg="config reloaded"
2026-02-18 08:31:27 INFO module=api msg="job scheduled"
2026-02-18 08:39:01 INFO module=auth msg="user logged in"
2026-02-18 08:45:52 INFO module=db msg="config reloaded"
2026-02-18 08:47:10 WARN module=net msg="token expires soon"
2026-02-18 08:49:07 WARN module=cache msg="slow response"
2026-02-18 08:51:58 INFO module=api msg="config reloaded"
2026-02-18 08:53:31 DEBUG module=sched msg="entering handler"
2026-02-18 08:53:42 ERROR module=db msg="segment read failed"
2026-02-18 08:58:07 INFO module=db msg="user logged in"
2026-02-18 09:03:40 WARN module=net msg="token expires soon"
2026-02-18 09:06:37 INFO module=db msg="cache warmed up"
2026-02-18 09:07:15 INFO module=fs msg="cache warmed up"
2026-02-18 09:07:31 INFO module=net msg="config reloaded"
2026-02-18 09:09:45 INFO module=sched msg="job scheduled"
2026-02-18 09:15:49 INFO module=cache msg="service started"
2026-02-18 09:17:17 WARN module=cache msg="retrying request"
2026-02-18 09:28:14 INFO module=fs msg="user logged in"
2026-02-18 09:28:22 INFO module=auth msg="service started"
2026-02-18 09:32:26 INFO module=cache msg="request completed"
2026-02-18 09:34:05 INFO module=api msg="job scheduled"
2026-02-18 09:35:01 INFO module=disk msg="cache warmed up"
2026-02-18 09:35:56 INFO module=db msg="user logged in"
2026-02-18 09:47:07 DEBUG module=net msg="queue length checked"
2026-02-18 09:47:14 ERROR module=db msg="connection refused"
2026-02-18 09:50:46 INFO module=auth msg="config reloaded"
2026-02-18 09:52:00 ERROR module=db msg="no space left on device"
2026-02-18 09:57:59 WARN module=disk msg="slow response"
2026-02-18 09:58:18 INFO module=auth msg="config reloaded"
2026-02-18 09:58:58 INFO module=api msg="config reloaded"
2026-02-18 10:00:14 INFO module=sched msg="request completed"
2026-02-18 10:06:06 INFO module=cache msg="job scheduled"
2026-02-18 10:14:52 DEBUG module=net msg="queue length checked"
2026-02-18 10:15:46 INFO module=disk msg="user logged in"
2026-02-18 10:24:23 INFO module=net msg="cache warmed up"
2026-02-18 10:26:44 ERROR module=disk msg="invalid token"
2026-02-18 10:27:30 INFO module=net msg="request completed"
2026-02-18 10:30:02 INFO module=auth msg="request completed"
2026-02-18 10:31:48 INFO module=db msg="request completed"
2026-02-18 10:34:32 INFO module=sched msg="config reloaded"
2026-02-18 10:48:24 WARN module=disk msg="deprecated option used"
2026-02-18 10:48:37 WARN module=net msg="deprecated option used"
2026-02-18 10:52:14 DEBUG module=sched msg="heartbeat sent"
2026-02-18 10:52:27 INFO module=sched msg="cache warmed up"
2026-02-18 10:52:30 INFO module=disk msg="config reloaded"
2026-02-18 10:55:09 INFO module=cache msg="user logged in"
2026-02-18 10:58:30 INFO module=db msg="request completed"
2026-02-18 11:01:56 INFO module=db msg="config reloaded"
2026-02-18 11:02:05 INFO module=db msg="service started"
2026-02-18 11:06:00 WARN module=db msg="disk usage above 80%"
2026-02-18 11:06:48 INFO module=sched msg="job scheduled"
2026-02-18 11:07:30 INFO module=auth msg="user logged in"
2026-02-18 11:11:33 DEBUG module=api msg="heartbeat sent"
2026-02-18 11:15:34 INFO module=fs msg="user logged in"
2026-02-18 11:17:46 INFO module=cache msg="job scheduled"
2026-02-18 11:20:31 DEBUG module=disk msg="retry counter reset"
2026-02-18 11:20:34 INFO module=api msg="request completed"
2026-02-18 11:22:59 INFO module=sched msg="request completed"
2026-02-18 11:23:02 INFO module=disk msg="service started"
2026-02-18 11:24:19 WARN module=db msg="token expires soon"
2026-02-18 11:32:51 DEBUG module=auth msg="heartbeat sent"
2026-02-18 11:38:05 INFO module=net msg="user logged in"
2026-02-18 11:39:40 DEBUG module=cache msg="retry counter reset"
2026-02-18 11:40:01 WARN module=auth msg="retrying request"
2026-02-18 11:43:57 INFO module=sched msg="request completed"
2026-02-18 11:59:31 INFO module=net msg="request completed"
2026-02-18 12:03:20 INFO module=auth msg="job scheduled"
2026-02-18 12:09:57 WARN module=disk msg="slow response"
2026-02-18 12:15:05 INFO module=cache msg="job scheduled"
2026-02-18 12:22:11 WARN module=auth msg="slow response"
2026-02-18 12:24:40 INFO module=api msg="request completed"
2026-02-18 12:24:42 INFO module=disk msg="job scheduled"
2026-02-18 12:27:55 INFO module=disk msg="service started"
2026-02-18 12:33:22 ERROR module=sched msg="connection timeout"
2026-02-18 12:34:26 INFO module=api msg="config reloaded"
2026-02-18 12:41:22 INFO module=net msg="config reloaded"
2026-02-18 12:41:25 WARN module=net msg="retrying request"
2026-02-18 12:41:41 INFO module=sched msg="user logged in"
2026-02-18 12:50:28 DEBUG module=cache msg="entering handler"
2026-02-18 13:10:15 INFO module=auth msg="service started"
2026-02-18 13:10:45 INFO module=sched msg="cache warmed up"
2026-02-18 13:13:04 INFO module=db msg="user logged in"
2026-02-18 13:17:02 DEBUG module=sched msg="queue length checked"
2026-02-18 13:19:16 INFO module=sched msg="service started"
2026-02-18 13:26:21 INFO module=disk msg="job scheduled"
2026-02-18 13:27:22 INFO module=fs msg="job scheduled"
2026-02-18 13:27:34 ERROR module=api msg="query failed"
2026-02-18 13:38:20 DEBUG module=fs msg="buffer flushed"
2026-02-18 13:44:26 INFO module=net msg="service started"
2026-02-18 13:45:18 WARN module=cache msg="disk usage above 80%"
2026-02-18 13:46:36 WARN module=db msg="disk usage above 80%"
2026-02-18 13:46:40 INFO module=auth msg="job scheduled"
2026-02-18 13:49:49 INFO module=disk msg="service started"
2026-02-18 13:50:30 WARN module=db msg="disk usage above 80%"
2026-02-18 13:52:09 INFO module=fs msg="service started"
2026-02-18 13:56:31 INFO module=auth msg="cache warmed up"
2026-02-18 14:03:01 INFO module=net msg="job scheduled"
2026-02-18 14:03:53 INFO module=api msg="user logged in"
2026-02-18 14:06:01 WARN module=sched msg="token expires soon"
2026-02-18 14:09:18 INFO module=db msg="request completed"
2026-02-18 14:14:00 INFO module=auth msg="user logged in"
2026-02-18 14:21:07 INFO module=disk msg="user logged in"
2026-02-18 14:30:01 DEBUG module=sched msg="retry counter reset"
2026-02-18 14:33:40 INFO module=auth msg="config reloaded"
2026-02-18 14:36:28 WARN module=disk msg="retrying request"
2026-02-18 14:36:36 INFO module=auth msg="user logged in"
2026-02-18 14:38:49 DEBUG module=sched msg="entering handler"
2026-02-18 14:43:46 WARN module=cache msg="retrying request"
2026-02-18 14:46:18 INFO module=api msg="service started"
2026-02-18 14:49:10 WARN module=auth msg="slow response"
2026-02-18 14:53:06 WARN module=disk msg="token expires soon"
2026-02-18 14:53:44 INFO module=db msg="job scheduled"
2026-02-18 14:56:56 INFO module=fs msg="user logged in"
2026-02-18 14:57:51 WARN module=cache msg="retrying request"
2026-02-18 14:59:51 INFO module=db msg="request completed"
2026-02-18 15:04:42 INFO module=api msg="job scheduled"
2026-02-18 15:07:49 INFO module=sched msg="config reloaded"
2026-02-18 15:11:09 INFO module=api msg="job scheduled"
2026-02-18 15:16:38 INFO module=net msg="user logged in"
2026-02-18 15:16:40 WARN module=cache msg="deprecated option used"
2026-02-18 15:17:29 INFO module=api msg="job scheduled"
2026-02-18 15:17:31 WARN module=api msg="disk usage above 80%"
2026-02-18 15:23:08 INFO module=fs msg="cache warmed up"
2026-02-18 15:25:41 WARN module=disk msg="retrying request"
2026-02-18 15:28:20 INFO module=cache msg="cache warmed up"
2026-02-18 15:30:44 DEBUG module=cache msg="heartbeat sent"
2026-02-18 15:31:29 INFO module=auth msg="service started"
2026-02-18 15:35:21 INFO module=db msg="service started"
2026-02-18 15:47:46 WARN module=auth msg="disk usage above 80%"
2026-02-18 15:50:53 INFO module=net msg="service started"
2026-02-18 15:53:14 INFO module=auth msg="config reloaded"
2026-02-18 15:56:51 INFO module=net msg="request completed"
2026-02-18 15:58:02 INFO module=db msg="config reloaded"
2026-02-18 16:00:38 INFO module=net msg="config reloaded"
2026-02-18 16:01:01 INFO module=api msg="service started"
2026-02-18 16:04:59 ERROR module=db msg="connection refused"
2026-02-18 16:14:53 INFO module=cache msg="request completed"
2026-02-18 16:16:51 INFO module=fs msg="service started"
2026-02-18 16:17:27 INFO module=net msg="cache warmed up"
2026-02-18 16:21:04 WARN module=net msg="retrying request"
2026-02-18 16:25:45 WARN module=auth msg="disk usage above 80%"
2026-02-18 16:34:27 DEBUG module=sched msg="buffer flushed"
2026-02-18 16:36:56 DEBUG module=cache msg="entering handler"
2026-02-18 16:40:26 WARN module=api msg="deprecated option used"
2026-02-18 16:45:48 INFO module=disk msg="cache warmed up"
2026-02-18 16:46:06 ERROR module=db msg="connection timeout"
2026-02-18 16:46:24 INFO module=fs msg="service started"
2026-02-18 16:49:37 ERROR module=cache msg="connection timeout"
2026-02-18 16:52:57 WARN module=disk msg="slow response"
2026-02-18 16:55:25 INFO module=sched msg="service started"
2026-02-18 16:58:57 INFO module=api msg="cache warmed up"
2026-02-18 17:05:38 INFO module=api msg="cache warmed up"
2026-02-18 17:11:57 INFO module=db msg="request completed"
2026-02-18 17:18:27 INFO module=fs msg="config reloaded"
2026-02-18 17:19:43 INFO module=db msg="request completed"
2026-02-18 17:20:07 DEBUG module=db msg="retry counter reset"
2026-02-18 17:21:02 INFO module=fs msg="job scheduled"
2026-02-18 17:21:06 WARN module=net msg="slow response"
2026-02-18 17:30:43 WARN module=db msg="deprecated option used"
2026-02-18 17:34:19 INFO module=fs msg="cache warmed up"
2026-02-18 17:35:05 INFO module=sched msg="job scheduled"
2026-02-18 17:38:29 INFO module=net msg="job scheduled"
2026-02-18 17:39:27 INFO module=auth msg="config reloaded"
2026-02-18 17:42:53 DEBUG module=db msg="entering handler"
2026-02-18 17:46:53 ERROR module=cache msg="connection refused"
2026-02-18 17:47:45 INFO module=cache msg="user logged in"
2026-02-18 17:51:02 INFO module=db msg="config reloaded"
2026-02-18 17:51:12 INFO module=api msg="cache warmed up"
2026-02-18 17:53:56 INFO module=auth msg="config reloaded"
2026-02-18 17:54:16 INFO module=auth msg="config reloaded"
2026-02-18 17:54:50 INFO module=net msg="cache warmed up"
2026-02-18 18:04:06 INFO module=net msg="service started"
2026-02-18 18:08:44 INFO module=sched msg="config reloaded"
2026-02-18 18:11:03 WARN module=disk msg="disk usage above 80%"
2026-02-18 18:19:41 INFO module=api msg="cache warmed up"
2026-02-18 18:23:13 INFO module=api msg="cache warmed up"
2026-02-18 18:23:55 ERROR module=disk msg="query failed"
2026-02-18 18:28:08 INFO module=api msg="cache warmed up"
2026-02-18 18:29:28 INFO module=disk msg="request completed"
2026-02-18 18:37:37 INFO module=api msg="user logged in"
2026-02-18 18:44:31 INFO module=db msg="config reloaded"
2026-02-18 18:46:31 INFO module=sched msg="service started"
2026-02-18 18:50:21 INFO module=disk msg="request completed"
2026-02-18 19:00:59 INFO module=api msg="request completed"
2026-02-18 19:04:22 DEBUG module=auth msg="heartbeat sent"
2026-02-18 19:07:09 INFO module=db msg="cache warmed up"
2026-02-18 19:11:59 DEBUG module=fs msg="queue length checked"
2026-02-18 19:21:31 INFO module=auth msg="user logged in"
2026-02-18 19:22:09 WARN module=disk msg="disk usage above 80%"
2026-02-18 19:22:13 INFO module=api msg="cache warmed up"
2026-02-18 19:35:07 INFO module=net msg="cache warmed up"
2026-02-18 19:38:39 INFO module=sched msg="cache warmed up"
2026-02-18 19:41:21 INFO module=db msg="request completed"
2026-02-18 19:44:00 WARN module=disk msg="disk usage above 80%"
2026-02-18 19:51:02 DEBUG module=sched msg="queue length checked"
2026-02-18 20:00:35 WARN module=cache msg="deprecated option used"
2026-02-18 20:01:34 ERROR module=db msg="segment read failed"
2026-02-18 20:03:35 INFO module=net msg="user logged in"
2026-02-18 20:03:42 INFO module=api msg="config reloaded"
2026-02-18 20:06:34 INFO module=cache msg="service started"
2026-02-18 20:07:18 WARN module=sched msg="deprecated option used"
2026-02-18 20:07:28 DEBUG module=cache msg="queue length checked"
2026-02-18 20:08:44 DEBUG module=net msg="buffer flushed"
2026-02-18 20:13:50 DEBUG module=fs msg="retry counter reset"
2026-02-18 20:15:17 ERROR module=cache msg="no space left on device"
2026-02-18 20:17:30 INFO module=db msg="job scheduled"
2026-02-18 20:25:22 INFO module=api msg="cache warmed up"
2026-02-18 20:40:46 INFO module=auth msg="cache warmed up"
2026-02-18 20:41:52 INFO module=net msg="cache warmed up"
2026-02-18 20:48:16 INFO module=auth msg="service started"
2026-02-18 20:52:16 WARN module=net msg="token expires soon"
2026-02-18 21:00:05 INFO module=db msg="config reloaded"
2026-02-18 21:05:56 WARN module=disk msg="slow response"
2026-02-18 21:07:51 DEBUG module=api msg="heartbeat sent"
2026-02-18 21:10:03 INFO module=disk msg="user logged in"
2026-02-18 21:22:08 INFO module=auth msg="job scheduled"
2026-02-18 21:22:12 ERROR module=auth msg="connection refused"
2026-02-18 21:28:02 INFO module=db msg="request completed"
2026-02-18 21:31:33 ERROR module=db msg="permission denied"
2026-02-18 21:34:51 INFO module=auth msg="job scheduled"
2026-02-18 21:40:49 INFO module=api msg="request completed"
2026-02-18 21:43:19 INFO module=disk msg="service started"
2026-02-18 21:43:31 INFO module=api msg="config reloaded"
2026-02-18 21:46:23 ERROR module=db msg="no space left on device"
2026-02-18 21:50:18 WARN module=net msg="slow response"
2026-02-18 21:50:20 INFO module=auth msg="request completed"
2026-02-18 21:54:14 INFO module=cache msg="request completed"
2026-02-18 21:55:20 INFO module=fs msg="user logged in"
2026-02-18 21:58:58 INFO module=sched msg="request completed"
2026-02-18 21:59:35 INFO module=fs msg="request completed"
2026-02-18 22:04:28 WARN module=net msg="slow response"
2026-02-18 22:07:56 INFO module=net msg="cache warmed up"
2026-02-18 22:08:37 DEBUG module=cache msg="entering handler"
2026-02-18 22:09:40 INFO module=fs msg="service started"
2026-02-18 22:10:13 INFO module=sched msg="request completed"
2026-02-18 22:10:40 INFO module=sched msg="user logged in"
2026-02-18 22:20:05 INFO module=auth msg="job scheduled"
2026-02-18 22:27:03 INFO module=db msg="service started"
2026-02-18 22:31:36 WARN module=cache msg="token expires soon"
2026-02-18 22:34:20 WARN module=cache msg="deprecated option used"
2026-02-18 22:34:37 WARN module=api msg="retrying request"
2026-02-18 22:34:54 INFO module=cache msg="cache warmed up"
2026-02-18 22:41:20 INFO module=net msg="job scheduled"
2026-02-18 22:41:29 DEBUG module=fs msg="retry counter reset"
2026-02-18 22:42:16 INFO module=fs msg="request completed"
2026-02-18 22:43:58 INFO module=db msg="config reloaded"
2026-02-18 22:45:52 INFO module=db msg="user logged in"
2026-02-18 23:00:32 INFO module=cache msg="user logged in"
2026-02-18 23:04:06 DEBUG module=db msg="queue length checked"
2026-02-18 23:09:56 INFO module=sched msg="user logged in"
2026-02-18 23:11:36 INFO module=cache msg="service started"
2026-02-18 23:17:33 INFO module=disk msg="config reloaded"
2026-02-18 23:17:54 WARN module=api msg="disk usage above 80%"
2026-02-18 23:21:16 INFO module=cache msg="service started"
2026-02-18 23:24:45 INFO module=fs msg="user logged in"
2026-02-18 23:31:12 INFO module=net msg="user logged in"
2026-02-18 23:37:42 INFO module=api msg="job scheduled"
2026-02-18 23:38:07 ERROR module=disk msg="query failed"
2026-02-18 23:39:29 INFO module=net msg="user logged in"
2026-02-18 23:39:56 INFO module=disk msg="job scheduled"
2026-02-18 23:41:16 WARN module=net msg="slow response"
2026-02-18 23:53:26 INFO module=cache msg="service started"
2026-02-18 23:54:03 DEBUG module=fs msg="buffer flushed"
