2026-02-20 00:01:41 ERROR module=db msg="permission denied"
2026-02-20 00:05:25 INFO module=sched msg="config reloaded"
2026-02-20 00:05:54 INFO module=api msg="request completed"
2026-02-20 00:08:41 INFO module=api msg="user logged in"
2026-02-20 00:13:02 INFO module=db msg="job scheduled"
2026-02-20 00:16:21 WARN module=disk msg="disk usage above 80%"
2026-02-20 00:16:46 INFO module=api msg="cache warmed up"
2026-02-20 00:19:16 INFO module=auth msg="config reloaded"
2026-02-20 00:30:35 WARN module=cache msg="retrying request"
2026-02-20 00:32:09 DEBUG module=auth msg="retry counter reset"
2026-02-20 00:37:25 DEBUG module=auth msg="queue length checked"
2026-02-20 00:39:11 DEBUG module=sched msg="buffer flushed"
2026-02-20 00:41:56 INFO module=api msg="cache warmed up"
2026-02-20 00:46:58 INFO module=api msg="service started"
2026-02-20 00:52:23 INFO module=api msg="service started"
2026-02-20 00:54:32 DEBUG module=cache msg="entering handler"
2026-02-20 00:57:53 INFO module=disk msg="service started"
2026-02-20 01:00:18 DEBUG module=db msg="buffer flushed"
2026-02-20 01:15:17 DEBUG module=api msg="buffer flushed"
2026-02-20 01:25:27 INFO module=disk msg="service started"
2026-02-20 01:31:11 ERROR module=auth msg="connection refused"
2026-02-20 01:40:05 INFO module=auth msg="request completed"
2026-02-20 01:43:36 INFO module=api msg="config reloaded"
2026-02-20 01:44:57 WARN module=net msg="deprecated option used"
2026-02-20 01:52:28 INFO module=cache msg="config reloaded"
2026-02-20 01:57:40 INFO module=db msg="cache warmed up"
2026-02-20 02:09:46 INFO module=fs msg="config reloaded"
2026-02-20 02:10:00 ERROR module=db msg="invalid token"
2026-02-20 02:10:17 INFO module=net msg="config reloaded"
2026-02-20 02:12:22 DEBUG module=cache msg="heartbeat sent"
2026-02-20 02:12:37 ERROR module=db msg="invalid token"
2026-02-20 02:20:46 INFO module=db msg="job scheduled"
2026-02-20 02:20:51 INFO module=net msg="service started"
2026-02-20 02:31:29 INFO module=disk msg="config reloaded"
2026-02-20 02:32:08 DEBUG module=sched msg="heartbeat sent"
2026-02-20 02:34:58 INFO module=sched msg="service started"
2026-02-20 02:36:43 WARN module=cache msg="token expires soon"
2026-02-20 02:37:15 DEBUG module=api msg="buffer flushed"
2026-02-20 02:42:47 WARN module=auth msg="slow response"
2026-02-20 02:49:18 WARN module=db msg="deprecated option used"
2026-02-20 02:52:41 INFO module=net msg="job scheduled"
2026-02-20 02:55:04 INFO module=auth msg="service started"
2026-02-20 02:58:46 DEBUG module=cache msg="retry counter reset"
2026-02-20 03:03:03 ERROR module=auth msg="invalid token"
2026-02-20 03:04:09 WARN module=disk msg="deprecated option used"
2026-02-20 03:05:38 DEBUG module=auth msg="retry counter reset"
2026-02-20 03:09:44 DEBUG module=cache msg="heartbeat sent"
2026-02-20 03:10:47 DEBUG module=net msg="buffer flushed"
2026-02-20 03:14:30 INFO module=auth msg="user logged in"
2026-02-20 03:23:28 WARN module=net msg="disk usage above 80%"
2026-02-20 03:25:57 INFO module=db msg="request completed"
2026-02-20 03:27:31 WARN module=sched msg="disk usage above 80%"
2026-02-20 03:28:03 INFO module=db msg="config reloaded"
2026-02-20 03:37:35 INFO module=api msg="service started"
2026-02-20 03:39:24 WARN module=auth msg="slow response"
2026-02-20 03:47:49 INFO module=disk msg="request completed"
2026-02-20 03:49:40 INFO module=net msg="service started"
2026-02-20 03:56:08 DEBUG module=fs msg="buffer flushed"
2026-02-20 04:00:19 DEBUG module=sched msg="entering handler"
2026-02-20 04:01:33 ERROR module=db msg="query failed"
2026-02-20 04:01:42 DEBUG module=sched msg="retry counter reset"
2026-02-20 04:01:51 INFO module=api msg="request completed"
2026-02-20 04:02:05 INFO module=sched msg="config reloaded"
2026-02-20 04:02:16 INFO module=db msg="service started"
2026-02-20 04:02:22 INFO module=sched msg="cache warmed up"
2026-02-20 04:04:20 INFO module=auth msg="config reloaded"
2026-02-20 04:08:14 WARN module=cache msg="retrying request"
2026-02-20 04:09:14 INFO module=fs msg="service started"
2026-02-20 04:14:44 INFO module=net msg="user logged in"
2026-02-20 04:19:54 WARN module=api msg="slow response"
2026-02-20 04:22:57 INFO module=disk msg="config reloaded"
2026-02-20 04:27:38 INFO module=cache msg="user logged in"
2026-02-20 04:32:51 INFO module=fs msg="job scheduled"
2026-02-20 04:34:06 INFO module=fs msg="cache warmed up"
2026-02-20 04:35:01 DEBUG module=sched msg="entering handler"
2026-02-20 04:39:40 WARN module=disk msg="deprecated option used"
2026-02-20 04:43:18 WARN module=disk msg="slow response"
2026-02-20 04:46:06 INFO module=db msg="service started"
2026-02-20 04:49:08 WARN module=net msg="token expires soon"
2026-02-20 04:53:16 WARN module=db msg="retrying request"
2026-02-20 05:06:34 INFO module=sched msg="job scheduled"
2026-02-20 05:15:46 WARN module=auth msg="slow response"
2026-02-20 05:19:29 DEBUG module=sched msg="retry counter reset"
2026-02-20 05:25:27 INFO module=auth msg="service started"
2026-02-20 05:33:23 DEBUG module=api msg="queue length checked"
2026-02-20 05:36:43 WARN module=db msg="slow response"
2026-02-20 05:44:55 INFO module=auth msg="service started"
2026-02-20 05:52:51 WARN module=net msg="retrying request"
2026-02-20 05:58:59 WARN module=db msg="slow response"
2026-02-20 05:59:43 ERROR module=auth msg="connection refused"
2026-02-20 06:01:14 INFO module=sched msg="config reloaded"
2026-02-20 06:05:53 INFO module=auth msg="config reloaded"
2026-02-20 06:07:10 INFO module=db msg="request completed"
2026-02-20 06:07:28 INFO module=net msg="job scheduled"
2026-02-20 06:19:14 INFO module=disk msg="cache warmed up"
2026-02-20 06:20:41 DEBUG module=sched msg="entering handler"
2026-02-20 06:20:46 INFO module=api msg="job scheduled"
2026-02-20 06:22:32 INFO module=cache msg="user logged in"
2026-02-20 06:27:03 INFO module=net msg="service started"
2026-02-20 06:31:16 DEBUG module=api msg="queue length checked"
2026-02-20 06:31:47 INFO module=auth msg="service started"
2026-02-20 06:33:43 INFO module=auth msg="request completed"
2026-02-20 06:33:49 ERROR module=disk msg="connection refused"
2026-02-20 06:34:58 INFO module=net msg="service started"
2026-02-20 06:44:51 INFO module=cache msg="job scheduled"
2026-02-20 06:45:06 WARN module=net msg="disk usage above 80%"
2026-02-20 06:49:30 INFO module=sched msg="config reloaded"
2026-02-20 06:55:20 DEBUG module=cache msg="retry counter reset"
2026-02-20 07:03:34 ERROR module=db msg="connection refused"
2026-02-20 07:06:09 INFO module=auth msg="user logged in"
2026-02-20 07:06:53 INFO module=cache msg="service started"
2026-02-20 07:15:29 INFO module=api msg="cache warmed up"
2026-02-20 07:17:27 INFO module=cache msg="config reloaded"
2026-02-20 07:18:06 INFO module=cache msg="request completed"
2026-02-20 07:22:23 INFO module=sched msg="user logged in"
2026-02-20 07:22:35 INFO module=api msg="cache warmed up"
2026-02-20 07:22:58 INFO module=disk msg="user logged in"
2026-02-20 07:37:13 DEBUG module=sched msg="entering handler"
2026-02-20 07:37:17 WARN module=cache msg="deprecated option used"
2026-02-20 07:39:13 ERROR module=auth msg="connection timeout"
2026-02-20 07:41:03 ERROR module=disk msg="query failed"
2026-02-20 07:42:25 INFO module=db msg="cache warmed up"
2026-02-20 07:43:19 DEBUG module=sched msg="entering handler"
2026-02-20 07:44:58 ERROR module=db msg="segment read failed"
2026-02-20 07:47:25 INFO module=sched msg="cache warmed up"
2026-02-20 07:48:49 INFO module=api msg="user logged in"
2026-02-20 07:54:39 ERROR module=net msg="no space left on device"
2026-02-20 07:59:53 DEBUG module=cache msg="queue length checked"
2026-02-20 08:00:27 DEBUG module=db msg="entering handler"
2026-02-20 08:02:32 INFO module=api msg="request completed"
2026-02-20 08:12:31 INFO module=cache msg="job scheduled"
2026-02-20 08:13:29 INFO module=fs msg="config reloaded"
2026-02-20 08:17:31 WARN module=api msg="deprecated option used"
2026-02-20 08:20:26 INFO module=cache msg="config reloaded"
2026-02-20 08:29:36 INFO module=fs msg="config reloaded"
2026-02-20 08:29:53 WARN module=db msg="disk usage above 80%"
2026-02-20 08:32:09 ERROR module=api msg="segment read failed"
2026-02-20 08:36:15 INFO module=fs msg="job scheduled"
2026-02-20 08:40:49 INFO module=fs msg="user logged in"
2026-02-20 08:48:14 INFO module=sched msg="job scheduled"
2026-02-20 08:57:38 INFO module=net msg="config reloaded"
2026-02-20 08:57:52 DEBUG module=disk msg="heartbeat sent"
2026-02-20 08:58:38 INFO module=sched msg="job scheduled"
2026-02-20 09:02:48 INFO module=net msg="job scheduled"
2026-02-20 09:04:23 WARN module=cache msg="slow response"
2026-02-20 09:12:11 WARN module=disk msg="deprecated option used"
2026-02-20 09:19:08 INFO module=auth msg="job scheduled"
2026-02-20 09:21:02 INFO module=db msg="user logged in"
2026-02-20 09:21:51 INFO module=auth msg="request completed"
2026-02-20 09:24:54 DEBUG module=net msg="entering handler"
2026-02-20 09:27:24 INFO module=db msg="request completed"
2026-02-20 09:27:52 DEBUG module=api msg="heartbeat sent"
2026-02-20 09:35:58 INFO module=api msg="request completed"
2026-02-20 09:36:37 INFO module=cache msg="service started"
2026-02-20 09:36:43 ERROR module=net msg="query failed"
2026-02-20 09:37:45 WARN module=disk msg="slow response"
2026-02-20 09:38:23 INFO module=disk msg="job scheduled"
2026-02-20 09:39:47 DEBUG module=net msg="retry counter reset"
2026-02-20 09:39:52 INFO module=cache msg="job scheduled"
2026-02-20 09:42:29 INFO module=cache msg="job scheduled"
2026-02-20 09:42:45 INFO module=fs msg="job scheduled"
2026-02-20 09:43:53 INFO module=auth msg="user logged in"
2026-02-20 09:44:55 INFO module=fs msg="cache warmed up"
2026-02-20 09:48:58 INFO module=api msg="service started"
2026-02-20 09:51:30 INFO module=cache msg="job scheduled"
2026-02-20 09:54:09 ERROR module=auth msg="permission denied"
2026-02-20 09:56:38 INFO module=auth msg="job scheduled"
2026-02-20 09:58:03 INFO module=db msg="request completed"
2026-02-20 09:58:19 DEBUG module=sched msg="entering handler"
2026-02-20 09:59:09 INFO module=disk msg="cache warmed up"
2026-02-20 09:59:20 INFO module=api msg="user logged in"
2026-02-20 10:06:16 INFO module=db msg="cache warmed up"
2026-02-20 10:06:58 DEBUG module=fs msg="entering handler"
2026-02-20 10:07:22 WARN module=cache msg="slow response"
2026-02-20 10:07:23 WARN module=net msg="slow response"
2026-02-20 10:11:46 INFO module=auth msg="service started"
2026-02-20 10:12:18 ERROR module=disk msg="permission denied"
2026-02-20 10:12:48 INFO module=api msg="service started"
2026-02-20 10:20:16 WARN module=fs msg="token expires soon"
2026-02-20 10:21:52 INFO module=net msg="user logged in"
2026-02-20 10:25:22 INFO module=auth msg="config reloaded"
2026-02-20 10:30:25 INFO module=fs msg="config reloaded"
2026-02-20 10:34:19 INFO module=cache msg="config reloaded"
2026-02-20 10:34:49 INFO module=net msg="config reloaded"
2026-02-20 10:35:26 INFO module=fs msg="service started"
2026-02-20 10:40:39 DEBUG module=cache msg="retry counter reset"
2026-02-20 10:43:42 ERROR module=net msg="connection timeout"
2026-02-20 10:48:41 WARN module=net msg="retrying request"
2026-02-20 10:50:33 INFO module=net msg="cache warmed up"
2026-02-20 10:51:52 DEBUG module=cache msg="queue length checked"
2026-02-20 10:59:26 WARN module=db msg="slow response"
2026-02-20 10:59:32 ERROR module=db msg="connection timeout"
2026-02-20 11:00:37 INFO module=sched msg="cache warmed up"
2026-02-20 11:02:21 INFO module=api msg="job scheduled"
2026-02-20 11:08:45 DEBUG module=net msg="retry counter reset"
2026-02-20 11:14:23 WARN module=disk msg="token expires soon"
2026-02-20 11:18:21 WARN module=net msg="token expires soon"
2026-02-20 11:21:20 INFO module=db msg="service started"
2026-02-20 11:40:36 INFO module=net msg="service started"
2026-02-20 11:44:43 INFO module=db msg="request completed"
2026-02-20 11:45:07 INFO module=auth msg="service started"
2026-02-20 11:45:53 INFO module=net msg="config reloaded"
2026-02-20 11:48:47 DEBUG module=db msg="heartbeat sent"
2026-02-20 11:49:08 INFO module=cache msg="service started"
2026-02-20 11:49:58 ERROR module=net msg="connection refused"
2026-02-20 11:53:14 INFO module=disk msg="request completed"
2026-02-20 11:53:48 WARN module=cache msg="deprecated option used"
2026-02-20 11:54:30 INFO module=api msg="config reloaded"
2026-02-20 11:58:21 DEBUG module=disk msg="entering handler"
2026-02-20 12:02:23 INFO module=net msg="service started"
2026-02-20 12:03:12 INFO module=auth msg="request completed"
2026-02-20 12:14:28 ERROR module=net msg="connection refused"
2026-02-20 12:15:12 INFO module=disk msg="service started"
2026-02-20 12:17:45 INFO module=auth msg="request completed"
2026-02-20 12:23:34 INFO module=cache msg="job scheduled"
2026-02-20 12:28:04 INFO module=db msg="service started"
2026-02-20 12:28:50 INFO module=net msg="job scheduled"
2026-02-20 12:28:58 INFO module=fs msg="service started"
2026-02-20 12:31:17 WARN module=net msg="token expires soon"
2026-02-20 12:36:58 INFO module=net msg="service started"
2026-02-20 12:45:16 INFO module=disk msg="user logged in"
2026-02-20 12:50:49 INFO module=fs msg="config reloaded"
2026-02-20 12:53:02 ERROR module=sched msg="invalid token"
2026-02-20 12:53:32 DEBUG module=cache msg="heartbeat sent"
2026-02-20 12:57:03 INFO module=net msg="config reloaded"
2026-02-20 12:58:15 INFO module=net msg="config reloaded"
2026-02-20 13:02:13 INFO module=fs msg="job scheduled"
2026-02-20 13:05:21 INFO module=cache msg="user logged in"
2026-02-20 13:06:36 DEBUG module=disk msg="entering handler"
2026-02-20 13:07:52 INFO module=disk msg="request completed"
2026-02-20 13:09:14 INFO module=fs msg="user logged in"
2026-02-20 13:10:53 DEBUG module=fs msg="retry counter reset"
2026-02-20 13:12:49 INFO module=auth msg="request completed"
2026-02-20 13:15:34 DEBUG module=cache msg="retry counter reset"
2026-02-20 13:34:57 ERROR module=disk msg="connection timeout"
2026-02-20 13:35:23 ERROR module=db msg="segment read failed"
2026-02-20 13:41:55 WARN module=db msg="slow response"
2026-02-20 13:44:10 ERROR module=net msg="segment read failed"
2026-02-20 13:48:45 WARN module=db msg="deprecated option used"
2026-02-20 13:50:00 INFO module=api msg="request completed"
2026-02-20 14:01:10 INFO module=cache msg="job scheduled"
2026-02-20 14:03:44 WARN module=net msg="slow response"
2026-02-20 14:04:47 INFO module=cache msg="config reloaded"
2026-02-20 14:05:41 INFO module=sched msg="request completed"
2026-02-20 14:06:44 DEBUG module=net msg="retry counter reset"
2026-02-20 14:17:45 INFO module=api msg="request completed"
2026-02-20 14:17:56 INFO module=cache msg="request completed"
2026-02-20 14:19:48 WARN module=auth msg="deprecated option used"
2026-02-20 14:22:55 INFO module=db msg="request completed"
2026-02-20 14:23:50 INFO module=net msg="request completed"
2026-02-20 14:29:00 INFO module=disk msg="config reloaded"
2026-02-20 14:29:18 INFO module=disk msg="request completed"
2026-02-20 14:30:50 WARN module=db msg="retrying request"
2026-02-20 14:30:54 INFO module=db msg="service started"
2026-02-20 14:32:17 DEBUG module=sched msg="buffer flushed"
2026-02-20 14:37:57 INFO module=auth msg="request completed"
2026-02-20 14:47:49 DEBUG module=fs msg="retry counter reset"
2026-02-20 14:49:26 INFO module=fs msg="cache warmed up"
2026-02-20 14:50:18 ERROR module=auth msg="invalid token"
2026-02-20 14:50:34 INFO module=auth msg="config reloaded"
2026-02-20 14:52:14 INFO module=disk msg="user logged in"
2026-02-20 14:56:33 INFO module=fs msg="request completed"
2026-02-20 14:58:37 WARN module=fs msg="deprecated option used"
2026-02-20 14:59:59 ERROR module=sched msg="permission denied"
2026-02-20 15:00:30 WARN module=sched msg="disk usage above 80%"
2026-02-20 15:00:53 INFO module=cache msg="user logged in"
2026-02-20 15:06:07 INFO module=disk msg="cache warmed up"
2026-02-20 15:07:04 DEBUG module=sched msg="entering handler"
2026-02-20 15:10:39 DEBUG module=cache msg="heartbeat sent"
2026-02-20 15:14:48 INFO module=db msg="config reloaded"
2026-02-20 15:18:14 ERROR module=net msg="query failed"
2026-02-20 15:21:08 INFO module=api msg="config reloaded"
2026-02-20 15:21:58 INFO module=net msg="job scheduled"
2026-02-20 15:24:48 ERROR module=db msg="query failed"
2026-02-20 15:28:13 INFO module=sched msg="job scheduled"
2026-02-20 15:33:31 INFO module=net msg="cache warmed up"
2026-02-20 15:36:38 DEBUG module=net msg="entering handler"
2026-02-20 15:40:55 INFO module=fs msg="job scheduled"
2026-02-20 15:43:57 DEBUG module=fs msg="retry counter reset"
2026-02-20 15:47:11 WARN module=fs msg="token expires soon"
2026-02-20 15:48:30 INFO module=fs msg="cache warmed up"
2026-02-20 15:49:26 INFO module=api msg="user logged in"
2026-02-20 15:58:17 INFO module=api msg="user logged in"
2026-02-20 16:10:27 WARN module=net msg="slow response"
2026-02-20 16:11:49 INFO module=auth msg="request completed"
2026-02-20 16:14:12 INFO module=api msg="request completed"
2026-02-20 16:25:22 DEBUG module=fs msg="entering handler"
2026-02-20 16:25:27 ERROR module=fs msg="invalid token"
2026-02-20 16:33:02 WARN module=db msg="token expires soon"
2026-02-20 16:34:01 INFO module=fs msg="cache warmed up"
2026-02-20 16:37:02 INFO module=cache msg="cache warmed up"
2026-02-20 16:37:37 WARN module=disk msg="deprecated option used"
2026-02-20 16:43:28 INFO module=auth msg="job scheduled"
2026-02-20 16:47:38 WARN module=db msg="retrying request"
2026-02-20 16:48:33 DEBUG module=sched msg="entering handler"
2026-02-20 16:49:25 INFO module=auth msg="request completed"
2026-02-20 16:52:34 INFO module=cache msg="service started"
2026-02-20 16:54:12 WARN module=sched msg="disk usage above 80%"
2026-02-20 16:57:24 INFO module=sched msg="cache warmed up"
2026-02-20 16:57:45 INFO module=disk msg="config reloaded"
2026-02-20 16:59:04 INFO module=api msg="cache warmed up"
2026-02-20 16:59:33 INFO module=sched msg="job scheduled"
2026-02-20 17:03:20 ERROR module=auth msg="segment read failed"
2026-02-20 17:10:30 INFO module=auth msg="config reloaded"
2026-02-20 17:10:41 INFO module=api msg="request completed"
2026-02-20 17:16:53 INFO module=auth msg="service started"
2026-02-20 17:17:27 INFO module=api msg="job scheduled"
2026-02-20 17:22:28 INFO module=net msg="request completed"
2026-02-20 17:32:36 ERROR module=disk msg="connection timeout"
2026-02-20 17:38:02 DEBUG module=fs msg="heartbeat sent"
2026-02-20 17:40:11 INFO module=disk msg="user logged in"
2026-02-20 17:47:23 INFO module=fs msg="config reloaded"
2026-02-20 17:49:33 DEBUG module=sched msg="queue length checked"
2026-02-20 17:52:06 INFO module=db msg="user logged in"
2026-02-20 17:54:28 INFO module=sched msg="service started"
2026-02-20 17:58:46 INFO module=auth msg="config reloaded"
2026-02-20 17:59:18 DEBUG module=cache msg="heartbeat sent"
2026-02-20 17:59:43 DEBUG module=cache msg="entering handler"
2026-02-20 18:01:21 DEBUG module=sched msg="buffer flushed"
2026-02-20 18:01:53 DEBUG module=auth msg="entering handler"
2026-02-20 18:02:18 INFO module=sched msg="user logged in"
2026-02-20 18:08:53 INFO module=auth msg="service started"
2026-02-20 18:16:54 INFO module=api msg="service started"
2026-02-20 18:17:04 ERROR module=net msg="invalid token"
2026-02-20 18:20:16 INFO module=db msg="cache warmed up"
2026-02-20 18:22:03 WARN module=net msg="deprecated option used"
2026-02-20 18:23:43 INFO module=sched msg="service started"
2026-02-20 18:24:41 INFO module=db msg="job scheduled"
2026-02-20 18:25:19 INFO module=sched msg="user logged in"
2026-02-20 18:26:43 WARN module=disk msg="slow response"
2026-02-20 18:28:53 WARN module=disk msg="deprecated option used"
2026-02-20 18:30:59 INFO module=net msg="request completed"
2026-02-20 18:34:59 INFO module=net msg="job scheduled"
2026-02-20 18:35:09 INFO module=api msg="cache warmed up"
2026-02-20 18:35:22 WARN module=db msg="disk usage above 80%"
2026-02-20 18:39:23 INFO module=disk msg="request completed"
2026-02-20 18:39:47 INFO module=db msg="user logged in"
2026-02-20 18:41:05 INFO module=api msg="request completed"
2026-02-20 18:41:14 INFO module=net msg="user logged in"
2026-02-20 18:43:20 DEBUG module=cache msg="queue length checked"
2026-02-20 18:55:33 INFO module=cache msg="request completed"
2026-02-20 18:59:01 INFO module=db msg="user logged in"
2026-02-20 18:59:49 ERROR module=api msg="segment read failed"
2026-02-20 19:01:51 INFO module=auth msg="user logged in"
2026-02-20 19:02:51 INFO module=net msg="config reloaded"
2026-02-20 19:03:19 WARN module=net msg="retrying request"
2026-02-20 19:04:35 DEBUG module=sched msg="retry counter reset"
2026-02-20 19:07:19 INFO module=auth msg="job scheduled"
2026-02-20 19:09:40 INFO module=disk msg="job scheduled"
2026-02-20 19:10:34 WARN module=net msg="retrying request"
2026-02-20 19:16:43 DEBUG module=cache msg="queue length checked"
2026-02-20 19:18:03 INFO module=fs msg="user logged in"
2026-02-20 19:22:59 INFO module=net msg="service started"
2026-02-20 19:23:13 WARN module=db msg="token expires soon"
2026-02-20 19:23:43 INFO module=api msg="user logged in"
2026-02-20 19:24:33 WARN module=api msg="retrying request"
2026-02-20 19:32:25 INFO module=disk msg="cache warmed up"
2026-02-20 19:38:06 INFO module=disk msg="cache warmed up"
2026-02-20 19:40:39 DEBUG module=cache msg="queue length checked"
2026-02-20 19:42:00 WARN module=net msg="token expires soon"
2026-02-20 19:42:47 DEBUG module=net msg="queue length checked"
2026-02-20 19:43:40 WARN module=net msg="token expires soon"
2026-02-20 19:55:36 DEBUG module=auth msg="entering handler"
2026-02-20 19:58:24 INFO module=api msg="service started"
2026-02-20 19:58:53 DEBUG module=cache msg="entering handler"
2026-02-20 20:03:46 INFO module=net msg="service started"
2026-02-20 20:06:34 WARN module=net msg="token expires soon"
2026-02-20 20:17:13 INFO module=fs msg="request completed"
2026-02-20 20:19:29 ERROR module=net msg="no space left on device"
2026-02-20 20:23:22 DEBUG module=cache msg="retry counter reset"
2026-02-20 20:27:24 DEBUG module=db msg="heartbeat sent"
2026-02-20 20:27:45 WARN module=cache msg="deprecated option used"
2026-02-20 20:33:36 DEBUG module=db msg="heartbeat sent"
2026-02-20 20:35:37 WARN module=sched msg="deprecated option used"
2026-02-20 20:38:52 INFO module=net msg="cache warmed up"
2026-02-20 20:39:56 INFO module=net msg="config reloaded"
2026-02-20 20:42:26 WARN module=net msg="disk usage above 80%"
2026-02-20 20:44:20 WARN module=fs msg="disk usage above 80%"
2026-02-20 20:50:50 INFO module=auth msg="cache warmed up"
2026-02-20 20:56:43 ERROR module=net msg="permission denied"
2026-02-20 21:01:45 WARN module=db msg="retrying request"
2026-02-20 21:03:30 INFO module=cache msg="config reloaded"
2026-02-20 21:06:35 INFO module=disk msg="cache warmed up"
2026-02-20 21:08:50 INFO module=auth msg="job scheduled"
2026-02-20 21:12:20 DEBUG module=disk msg="buffer flushed"
2026-02-20 21:14:06 WARN module=auth msg="retrying request"
2026-02-20 21:18:05 DEBUG module=disk msg="queue length checked"
2026-02-20 21:24:32 INFO module=db msg="config reloaded"
2026-02-20 21:28:29 INFO module=api msg="cache warmed up"
2026-02-20 21:29:58 INFO module=fs msg="config reloaded"
2026-02-20 21:31:32 INFO module=auth msg="user logged in"
2026-02-20 21:33:43 INFO module=net msg="cache warmed up"
2026-02-20 21:36:02 DEBUG module=sched msg="retry counter reset"
2026-02-20 21:36:27 INFO module=cache msg="user logged in"
2026-02-20 21:38:19 INFO module=auth msg="user logged in"
2026-02-20 21:41:53 WARN module=net msg="slow response"
2026-02-20 21:43:12 INFO module=sched msg="cache warmed up"
2026-02-20 21:44:23 INFO module=api msg="request completed"
2026-02-20 21:45:02 INFO module=api msg="user logged in"
2026-02-20 21:47:51 INFO module=api msg="cache warmed up"
2026-02-20 21:48:05 INFO module=api msg="user logged in"
2026-02-20 21:49:02 DEBUG module=auth msg="retry counter reset"
2026-02-20 21:49:36 INFO module=sched msg="request completed"
2026-02-20 21:51:07 ERROR module=api msg="connection timeout"
2026-02-20 21:52:04 WARN module=disk msg="token expires soon"
2026-02-20 21:53:00 INFO module=db msg="user logged in"
2026-02-20 21:54:41 INFO module=net msg="user logged in"
2026-02-20 22:08:30 WARN module=net msg="token expires soon"
2026-02-20 22:12:58 WARN module=sched msg="token expires soon"
2026-02-20 22:17:51 WARN module=net msg="deprecated option used"
2026-02-20 22:22:43 ERROR module=net msg="query failed"
2026-02-20 22:22:58 INFO module=db msg="user logged in"
2026-02-20 22:23:07 INFO module=api msg="service started"
2026-02-20 22:23:42 WARN module=db msg="retrying request"
2026-02-20 22:32:05 INFO module=auth msg="user logged in"
2026-02-20 22:33:35 INFO module=sched msg="user logged in"
2026-02-20 22:35:51 WARN module=net msg="retrying request"
2026-02-20 22:38:50 INFO module=sched msg="job scheduled"
2026-02-20 22:39:06 INFO module=fs msg="request completed"
2026-02-20 22:39:56 INFO module=api msg="user logged in"
2026-02-20 22:40:56 INFO module=api msg="cache warmed up"
2026-02-20 22:42:30 INFO module=auth msg="request completed"
2026-02-20 22:43:52 DEBUG module=fs msg="retry counter reset"
2026-02-20 22:45:09 INFO module=auth msg="request completed"
2026-02-20 22:45:24 INFO module=db msg="config reloaded"
2026-02-20 22:47:46 INFO module=net msg="user logged in"
2026-02-20 22:54:49 DEBUG module=db msg="retry counter reset"
2026-02-20 22:57:52 ERROR module=db msg="connection refused"
2026-02-20 22:59:06 INFO module=disk msg="config reloaded"
2026-02-20 23:06:05 ERROR module=db msg="segment read failed"
2026-02-20 23:06:59 INFO module=net msg="request completed"
2026-02-20 23:08:00 DEBUG module=cache msg="queue length checked"
2026-02-20 23:08:13 INFO module=cache msg="request completed"
2026-02-20 23:10:39 DEBUG module=fs msg="entering handler"
2026-02-20 23:11:25 DEBUG module=disk msg="buffer flushed"
2026-02-20 23:12:59 INFO module=sched msg="user logged in"
2026-02-20 23:15:05 INFO module=auth msg="service started"
2026-02-20 23:16:34 INFO module=api msg="cache warmed up"
2026-02-20 23:17:44 INFO module=net msg="user logged in"
2026-02-20 23:19:27 ERROR module=db msg="no space left on device"
2026-02-20 23:24:07 WARN module=fs msg="token expires soon"
2026-02-20 23:28:04 WARN module=api msg="slow response"
2026-02-20 23:28:48 DEBUG module=net msg="entering handler"
2026-02-20 23:39:03 WARN module=db msg="slow response"
2026-02-20 23:50:20 INFO module=net msg="cache warmed up"
2026-02-20 23:52:33 INFO module=net msg="user logged in"
2026-02-20 23:54:41 DEBUG module=sched msg="entering handler"
2026-02-20 23:56:47 WARN module=cache msg="retrying request"
2026-02-20 23:58:56 INFO module=net msg="job scheduled"
2026-02-20 23:59:27 DEBUG module=auth msg="heartbeat sent"
