2026-02-21 00:00:07 INFO module=api msg="cache warmed up"
2026-02-21 00:01:01 INFO module=fs msg="request completed"
2026-02-21 00:09:58 DEBUG module=sched msg="heartbeat sent"
2026-02-21 00:10:55 WARN module=disk msg="disk usage above 80%"
2026-02-21 00:11:55 DEBUG module=fs msg="heartbeat sent"
2026-02-21 00:12:36 DEBUG module=net msg="entering handler"
2026-02-21 00:16:24 INFO module=auth msg="request completed"
2026-02-21 00:18:33 DEBUG module=api msg="retry counter reset"
2026-02-21 00:18:35 WARN module=net msg="disk usage above 80%"
2026-02-21 00:22:22 WARN module=cache msg="retrying request"
2026-02-21 00:24:14 INFO module=auth msg="cache warmed up"
2026-02-21 00:25:42 INFO module=db msg="service started"
2026-02-21 00:25:58 DEBUG module=sched msg="entering handler"
2026-02-21 00:29:49 INFO module=db msg="user logged in"
2026-02-21 00:30:12 INFO module=fs msg="service started"
2026-02-21 00:33:08 INFO module=auth msg="user logged in"
2026-02-21 00:35:56 INFO module=api msg="request completed"
2026-02-21 00:36:44 INFO module=db msg="user logged in"
2026-02-21 00:39:00 INFO module=net msg="cache warmed up"
2026-02-21 00:44:22 INFO module=api msg="request completed"
2026-02-21 00:44:34 INFO module=net msg="user logged in"
2026-02-21 00:49:56 INFO module=auth msg="config reloaded"
2026-02-21 01:03:23 INFO module=disk msg="request completed"
2026-02-21 01:09:16 INFO module=db msg="service started"
2026-02-21 01:15:05 INFO module=net msg="job scheduled"
2026-02-21 01:27:37 INFO module=api msg="request completed"
2026-02-21 01:31:28 DEBUG module=cache msg="entering handler"
2026-02-21 01:36:20 INFO module=api msg="service started"
2026-02-21 01:51:38 INFO module=sched msg="job scheduled"
2026-02-21 01:52:33 DEBUG module=fs msg="heartbeat sent"
2026-02-21 02:00:14 INFO module=api msg="cache warmed up"
2026-02-21 02:01:09 INFO module=cache msg="user logged in"
2026-02-21 02:01:58 INFO module=disk msg="service started"
2026-02-21 02:06:56 INFO module=disk msg="job scheduled"
2026-02-21 02:07:21 WARN module=sched msg="disk usage above 80%"
2026-02-21 02:09:11 ERROR module=fs msg="query failed"
2026-02-21 02:09:41 INFO module=auth msg="job scheduled"
2026-02-21 02:10:02 DEBUG module=db msg="retry counter reset"
2026-02-21 02:16:34 INFO module=auth msg="service started"
2026-02-21 02:19:37 DEBUG module=cache msg="retry counter reset"
2026-02-21 02:20:14 INFO module=auth msg="config reloaded"
2026-02-21 02:22:49 WARN module=disk msg="deprecated option used"
2026-02-21 02:23:39 DEBUG module=auth msg="retry counter reset"
2026-02-21 02:24:32 INFO module=fs msg="service started"
2026-02-21 02:25:13 INFO module=net msg="service started"
2026-02-21 02:25:24 INFO module=net msg="request completed"
2026-02-21 02:30:03 INFO module=disk msg="job scheduled"
2026-02-21 02:31:00 INFO module=auth msg="service started"
2026-02-21 02:38:50 WARN module=sched msg="token expires soon"
2026-02-21 02:43:19 INFO module=cache msg="cache warmed up"
2026-02-21 02:50:55 INFO module=sched msg="job scheduled"
2026-02-21 02:51:43 DEBUG module=cache msg="heartbeat sent"
2026-02-21 02:51:46 INFO module=fs msg="cache warmed up"
2026-02-21 02:57:50 INFO module=db msg="service started"
2026-02-21 03:03:29 DEBUG module=api msg="buffer flushed"
2026-02-21 03:15:05 INFO module=api msg="cache warmed up"
2026-02-21 03:29:16 INFO module=auth msg="cache warmed up"
2026-02-21 03:30:34 DEBUG module=net msg="entering handler"
2026-02-21 03:33:48 WARN module=disk msg="disk usage above 80%"
2026-02-21 03:38:32 INFO module=net msg="config reloaded"
2026-02-21 03:40:09 DEBUG module=api msg="entering handler"
2026-02-21 03:43:12 INFO module=sched msg="job scheduled"
2026-02-21 03:53:03 WARN module=cache msg="deprecated option used"
2026-02-21 03:55:11 WARN module=disk msg="slow response"
2026-02-21 03:55:31 INFO module=db msg="job scheduled"
2026-02-21 03:57:44 ERROR module=db msg="connection timeout"
2026-02-21 04:00:03 INFO module=api msg="service started"
2026-02-21 04:01:30 INFO module=net msg="service started"
2026-02-21 04:01:52 DEBUG module=sched msg="heartbeat sent"
2026-02-21 04:08:40 ERROR module=net msg="segment read failed"
2026-02-21 04:17:01 INFO module=cache msg="job scheduled"
2026-02-21 04:18:44 DEBUG module=db msg="queue length checked"
2026-02-21 04:21:28 WARN module=db msg="disk usage above 80%"
2026-02-21 04:21:56 INFO module=db msg="request completed"
2026-02-21 04:22:02 DEBUG module=net msg="queue length checked"
2026-02-21 04:25:15 INFO module=api msg="service started"
2026-02-21 04:26:19 DEBUG module=db msg="entering handler"
2026-02-21 04:27:45 INFO module=net msg="user logged in"
2026-02-21 04:29:47 INFO module=net msg="service started"
2026-02-21 04:30:30 INFO module=sched msg="user logged in"
2026-02-21 04:31:13 DEBUG module=sched msg="buffer flushed"
2026-02-21 04:32:32 WARN module=cache msg="disk usage above 80%"
2026-02-21 04:34:57 INFO module=db msg="request completed"
2026-02-21 04:37:55 INFO module=db msg="config reloaded"
2026-02-21 04:39:22 ERROR module=net msg="no space left on device"
2026-02-21 04:39:43 INFO module=net msg="request completed"
2026-02-21 04:40:18 INFO module=api msg="cache warmed up"
2026-02-21 04:40:24 INFO module=net msg="config reloaded"
2026-02-21 04:52:26 INFO module=disk msg="config reloaded"
2026-02-21 04:53:04 WARN module=db msg="retrying request"
2026-02-21 04:56:56 ERROR module=disk msg="connection timeout"
2026-02-21 04:58:19 INFO module=db msg="cache warmed up"
2026-02-21 04:58:59 WARN module=auth msg="disk usage above 80%"
2026-02-21 04:59:29 DEBUG module=api msg="buffer flushed"
2026-02-21 05:00:45 INFO module=fs msg="user logged in"
2026-02-21 05:02:21 INFO module=fs msg="request completed"
2026-02-21 05:03:55 WARN module=db msg="slow response"
2026-02-21 05:08:00 INFO module=db msg="user logged in"
2026-02-21 05:09:33 INFO module=auth msg="config reloaded"
2026-02-21 05:12:59 INFO module=net msg="request completed"
2026-02-21 05:15:09 INFO module=auth msg="job scheduled"
2026-02-21 05:22:24 INFO module=api msg="request completed"
2026-02-21 05:24:32 INFO module=cache msg="config reloaded"
2026-02-21 05:26:36 INFO module=auth msg="job scheduled"
2026-02-21 05:29:14 WARN module=db msg="slow response"
2026-02-21 05:30:20 INFO module=cache msg="user logged in"
2026-02-21 05:34:49 DEBUG module=sched msg="buffer flushed"
2026-02-21 05:35:17 WARN module=disk msg="token expires soon"
2026-02-21 05:42:04 INFO module=auth msg="user logged in"
2026-02-21 05:44:28 WARN module=api msg="token expires soon"
2026-02-21 05:44:50 DEBUG module=db msg="buffer flushed"
2026-02-21 05:45:35 INFO module=sched msg="request completed"
2026-02-21 05:54:57 INFO module=net msg="user logged in"
2026-02-21 05:57:01 INFO module=cache msg="user logged in"
2026-02-21 06:04:46 ERROR module=disk msg="connection refused"
2026-02-21 06:06:47 WARN module=cache msg="retrying request"
2026-02-21 06:07:10 INFO module=disk msg="service started"
2026-02-21 06:12:15 INFO module=cache msg="request completed"
2026-02-21 06:12:48 ERROR module=net msg="segment read failed"
2026-02-21 06:18:23 ERROR module=auth msg="no space left on device"
2026-02-21 06:19:03 DEBUG module=fs msg="heartbeat sent"
2026-02-21 06:21:20 INFO module=fs msg="request completed"
2026-02-21 06:31:28 INFO module=db msg="request completed"
2026-02-21 06:35:29 INFO module=disk msg="job scheduled"
2026-02-21 06:38:13 INFO module=fs msg="cache warmed up"
2026-02-21 06:43:47 INFO module=auth msg="service started"
2026-02-21 06:45:52 INFO module=sched msg="user logged in"
2026-02-21 06:46:47 ERROR module=disk msg="no space left on device"
2026-02-21 06:47:27 ERROR module=api msg="query failed"
2026-02-21 06:54:24 INFO module=net msg="user logged in"
2026-02-21 07:01:53 INFO module=api msg="cache warmed up"
2026-02-21 07:04:09 DEBUG module=cache msg="buffer flushed"
2026-02-21 07:06:36 INFO module=api msg="job scheduled"
2026-02-21 07:11:09 INFO module=api msg="service started"
2026-02-21 07:13:07 INFO module=net msg="cache warmed up"
2026-02-21 07:13:47 INFO module=api msg="service started"
2026-02-21 07:14:48 INFO module=db msg="user logged in"
2026-02-21 07:16:19 DEBUG module=cache msg="heartbeat sent"
2026-02-21 07:22:45 INFO module=cache msg="service started"
2026-02-21 07:25:16 INFO module=api msg="user logged in"
2026-02-21 07:29:26 DEBUG module=fs msg="entering handler"
2026-02-21 07:30:26 INFO module=api msg="user logged in"
2026-02-21 07:31:41 INFO module=api msg="request completed"
2026-02-21 07:37:43 INFO module=disk msg="user logged in"
2026-02-21 07:38:59 INFO module=net msg="job scheduled"
2026-02-21 07:47:37 INFO module=fs msg="request completed"
2026-02-21 07:50:16 INFO module=disk msg="service started"
2026-02-21 07:58:34 ERROR module=disk msg="permission denied"
2026-02-21 08:00:14 WARN module=net msg="retrying request"
2026-02-21 08:07:42 DEBUG module=api msg="heartbeat sent"
2026-02-21 08:10:34 INFO module=db msg="cache warmed up"
2026-02-21 08:11:40 INFO module=disk msg="request completed"
2026-02-21 08:13:06 INFO module=net msg="job scheduled"
2026-02-21 08:15:18 DEBUG module=sched msg="heartbeat sent"
2026-02-21 08:17:42 INFO module=net msg="config reloaded"
2026-02-21 08:18:47 INFO module=cache msg="service started"
2026-02-21 08:19:02 INFO module=cache msg="service started"
2026-02-21 08:22:01 WARN module=disk msg="retrying request"
2026-02-21 08:23:17 INFO module=api msg="config reloaded"
2026-02-21 08:40:39 INFO module=db msg="job scheduled"
2026-02-21 08:44:35 INFO module=fs msg="cache warmed up"
2026-02-21 08:44:59 INFO module=api msg="user logged in"
2026-02-21 08:52:55 ERROR module=net msg="connection refused"
2026-02-21 08:57:23 DEBUG module=auth msg="heartbeat sent"
2026-02-21 09:00:03 WARN module=db msg="retrying request"
2026-02-21 09:03:19 DEBUG module=sched msg="entering handler"
2026-02-21 09:05:09 ERROR module=fs msg="connection timeout"
2026-02-21 09:05:55 INFO module=auth msg="request completed"
2026-02-21 09:09:09 INFO module=net msg="job scheduled"
2026-02-21 09:12:58 INFO module=net msg="service started"
2026-02-21 09:13:37 DEBUG module=cache msg="entering handler"
2026-02-21 09:17:21 INFO module=disk msg="config reloaded"
2026-02-21 09:18:01 WARN module=api msg="retrying request"
2026-02-21 09:22:16 INFO module=auth msg="user logged in"
2026-02-21 09:30:26 DEBUG module=sched msg="retry counter reset"
2026-02-21 09:31:59 INFO module=api msg="cache warmed up"
2026-02-21 09:33:26 INFO module=api msg="config reloaded"
2026-02-21 09:41:06 WARN module=cache msg="token expires soon"
2026-02-21 09:41:26 WARN module=net msg="disk usage above 80%"
2026-02-21 09:43:59 INFO module=auth msg="user logged in"
2026-02-21 09:46:26 INFO module=api msg="user logged in"
2026-02-21 09:46:59 DEBUG module=api msg="buffer flushed"
2026-02-21 09:49:29 WARN module=disk msg="token expires soon"
2026-02-21 09:55:12 INFO module=net msg="service started"
2026-02-21 09:55:30 INFO module=net msg="service started"
2026-02-21 09:55:54 INFO module=auth msg="cache warmed up"
2026-02-21 10:00:13 INFO module=db msg="job scheduled"
2026-02-21 10:00:47 INFO module=db msg="user logged in"
2026-02-21 10:03:11 INFO module=db msg="job scheduled"
2026-02-21 10:09:41 DEBUG module=auth msg="retry counter reset"
2026-02-21 10:10:57 INFO module=auth msg="cache warmed up"
2026-02-21 10:11:35 INFO module=db msg="user logged in"
2026-02-21 10:14:24 INFO module=net msg="request completed"
2026-02-21 10:34:14 INFO module=cache msg="request completed"
2026-02-21 10:36:08 INFO module=cache msg="job scheduled"
2026-02-21 10:44:11 DEBUG module=api msg="entering handler"
2026-02-21 10:44:56 DEBUG module=cache msg="queue length checked"
2026-02-21 10:46:54 DEBUG module=db msg="buffer flushed"
2026-02-21 10:47:32 DEBUG module=api msg="buffer flushed"
2026-02-21 10:50:07 DEBUG module=sched msg="buffer flushed"
2026-02-21 10:51:44 INFO module=api msg="request completed"
2026-02-21 10:52:37 ERROR module=net msg="permission denied"
2026-02-21 10:58:19 ERROR module=cache msg="query failed"
2026-02-21 10:59:15 INFO module=fs msg="job scheduled"
2026-02-21 11:01:31 INFO module=api msg="job scheduled"
2026-02-21 11:03:26 INFO module=auth msg="config reloaded"
2026-02-21 11:05:09 WARN module=disk msg="deprecated option used"
2026-02-21 11:05:50 INFO module=auth msg="user logged in"
2026-02-21 11:08:00 INFO module=api msg="service started"
2026-02-21 11:10:22 INFO module=api msg="service started"
2026-02-21 11:11:22 WARN module=net msg="disk usage above 80%"
2026-02-21 11:11:28 WARN module=sched msg="slow response"
2026-02-21 11:14:09 WARN module=disk msg="disk usage above 80%"
2026-02-21 11:15:02 INFO module=sched msg="config reloaded"
2026-02-21 11:20:27 DEBUG module=sched msg="retry counter reset"
2026-02-21 11:20:45 WARN module=net msg="disk usage above 80%"
2026-02-21 11:30:41 INFO module=db msg="job scheduled"
2026-02-21 11:33:13 INFO module=cache msg="request completed"
2026-02-21 11:37:08 INFO module=db msg="config reloaded"
2026-02-21 11:38:30 INFO module=auth msg="cache warmed up"
2026-02-21 11:39:42 INFO module=auth msg="config reloaded"
2026-02-21 11:43:59 INFO module=net msg="service started"
2026-02-21 11:45:15 INFO module=net msg="job scheduled"
2026-02-21 11:48:26 INFO module=api msg="config reloaded"
2026-02-21 11:57:02 INFO module=cache msg="request completed"
2026-02-21 11:57:30 INFO module=fs msg="user logged in"
2026-02-21 12:00:00 INFO module=net msg="job scheduled"
2026-02-21 12:00:11 INFO module=net msg="request completed"
2026-02-21 12:02:40 INFO module=disk msg="service started"
2026-02-21 12:03:24 DEBUG module=cache msg="entering handler"
2026-02-21 12:04:24 INFO module=auth msg="job scheduled"
2026-02-21 12:06:50 INFO module=api msg="job scheduled"
2026-02-21 12:07:25 INFO module=sched msg="cache warmed up"
2026-02-21 12:09:13 INFO module=db msg="service started"
2026-02-21 12:10:01 INFO module=sched msg="user logged in"
2026-02-21 12:22:56 ERROR module=db msg="query failed"
2026-02-21 12:24:45 DEBUG module=sched msg="queue length checked"
2026-02-21 12:26:02 DEBUG module=fs msg="retry counter reset"
2026-02-21 12:29:18 INFO module=net msg="cache warmed up"
2026-02-21 12:31:03 WARN module=disk msg="slow response"
2026-02-21 12:32:03 INFO module=fs msg="user logged in"
2026-02-21 12:33:47 INFO module=auth msg="config reloaded"
2026-02-21 12:34:20 INFO module=fs msg="cache warmed up"
2026-02-21 12:45:30 INFO module=api msg="cache warmed up"
2026-02-21 12:45:45 WARN module=disk msg="deprecated option used"
2026-02-21 12:46:28 INFO module=disk msg="config reloaded"
2026-02-21 12:55:48 INFO module=db msg="cache warmed up"
2026-02-21 12:55:51 INFO module=cache msg="job scheduled"
2026-02-21 12:56:27 INFO module=db msg="job scheduled"
2026-02-21 12:57:01 WARN module=db msg="token expires soon"
2026-02-21 13:00:35 INFO module=net msg="config reloaded"
2026-02-21 13:05:38 INFO module=auth msg="request completed"
2026-02-21 13:11:04 INFO module=db msg="config reloaded"
2026-02-21 13:12:56 INFO module=sched msg="service started"
2026-02-21 13:13:40 WARN module=net msg="retrying request"
2026-02-21 13:15:49 INFO module=fs msg="service started"
2026-02-21 13:20:03 INFO module=api msg="cache warmed up"
2026-02-21 13:21:14 INFO module=disk msg="service started"
2026-02-21 13:23:55 INFO module=net msg="user logged in"
2026-02-21 13:28:02 INFO module=db msg="request completed"
2026-02-21 13:30:25 INFO module=sched msg="cache warmed up"
2026-02-21 13:34:50 INFO module=cache msg="config reloaded"
2026-02-21 13:36:05 INFO module=auth msg="service started"
2026-02-21 13:40:17 INFO module=sched msg="service started"
2026-02-21 13:46:21 DEBUG module=db msg="queue length checked"
2026-02-21 13:51:19 INFO module=auth msg="user logged in"
2026-02-21 13:55:39 INFO module=auth msg="request completed"
2026-02-21 13:56:45 INFO module=auth msg="cache warmed up"
2026-02-21 13:58:44 WARN module=disk msg="slow response"
2026-02-21 13:59:24 DEBUG module=disk msg="entering handler"
2026-02-21 13:59:32 INFO module=fs msg="user logged in"
2026-02-21 14:00:11 INFO module=db msg="user logged in"
2026-02-21 14:01:35 INFO module=auth msg="cache warmed up"
2026-02-21 14:01:44 WARN module=net msg="slow response"
2026-02-21 14:03:32 ERROR module=db msg="no space left on device"
2026-02-21 14:06:39 WARN module=cache msg="slow response"
2026-02-21 14:06:51 INFO module=auth msg="cache warmed up"
2026-02-21 14:15:42 INFO module=net msg="request completed"
2026-02-21 14:23:16 INFO module=api msg="request completed"
2026-02-21 14:27:43 INFO module=sched msg="service started"
2026-02-21 14:28:38 INFO module=cache msg="request completed"
2026-02-21 14:32:12 INFO module=net msg="config reloaded"
2026-02-21 14:34:52 INFO module=net msg="service started"
2026-02-21 14:43:39 ERROR module=db msg="segment read failed"
2026-02-21 14:45:12 WARN module=auth msg="deprecated option used"
2026-02-21 14:45:59 INFO module=fs msg="cache warmed up"
2026-02-21 14:47:45 INFO module=sched msg="service started"
2026-02-21 14:49:48 WARN module=fs msg="slow response"
2026-02-21 14:52:24 WARN module=fs msg="retrying request"
2026-02-21 14:53:00 DEBUG module=cache msg="retry counter reset"
2026-02-21 14:56:35 INFO module=sched msg="service started"
2026-02-21 15:00:59 INFO module=auth msg="request completed"
2026-02-21 15:03:45 WARN module=auth msg="token expires soon"
2026-02-21 15:05:37 INFO module=net msg="user logged in"
2026-02-21 15:08:44 INFO module=db msg="request completed"
2026-02-21 15:09:46 INFO module=net msg="request completed"
2026-02-21 15:11:16 INFO module=net msg="job scheduled"
2026-02-21 15:13:13 INFO module=auth msg="user logged in"
2026-02-21 15:13:47 INFO module=sched msg="config reloaded"
2026-02-21 15:15:47 WARN module=db msg="retrying request"
2026-02-21 15:16:25 INFO module=api msg="job scheduled"
2026-02-21 15:16:49 INFO module=auth msg="service started"
2026-02-21 15:24:28 INFO module=net msg="user logged in"
2026-02-21 15:28:48 WARN module=cache msg="disk usage above 80%"
2026-02-21 15:30:56 INFO module=cache msg="config reloaded"
2026-02-21 15:31:58 ERROR module=fs msg="no space left on device"
2026-02-21 15:34:17 WARN module=auth msg="retrying request"
2026-02-21 15:39:50 WARN module=db msg="slow response"
2026-02-21 15:49:54 INFO module=auth msg="job scheduled"
2026-02-21 15:51:27 INFO module=api msg="request completed"
2026-02-21 15:52:04 DEBUG module=net msg="retry counter reset"
2026-02-21 16:00:23 INFO module=api msg="config reloaded"
2026-02-21 16:00:35 DEBUG module=db msg="entering handler"
2026-02-21 16:02:52 INFO module=net msg="config reloaded"
2026-02-21 16:09:44 INFO module=db msg="config reloaded"
2026-02-21 16:16:17 INFO module=disk msg="cache warmed up"
2026-02-21 16:19:58 INFO module=disk msg="job scheduled"
2026-02-21 16:23:30 INFO module=cache msg="job scheduled"
2026-02-21 16:24:23 INFO module=auth msg="user logged in"
2026-02-21 16:29:42 INFO module=db msg="cache warmed up"
2026-02-21 16:29:57 INFO module=db msg="config reloaded"
2026-02-21 16:32:04 INFO module=cache msg="cache warmed up"
2026-02-21 16:33:41 WARN module=db msg="disk usage above 80%"
2026-02-21 16:36:41 DEBUG module=net msg="buffer flushed"
2026-02-21 16:37:53 ERROR module=sched msg="connection refused"
2026-02-21 16:42:34 DEBUG module=api msg="heartbeat sent"
2026-02-21 16:46:15 INFO module=net msg="config reloaded"
2026-02-21 16:49:09 DEBUG module=sched msg="buffer flushed"
2026-02-21 16:50:12 INFO module=api msg="service started"
2026-02-21 16:50:43 WARN module=sched msg="retrying request"
2026-02-21 16:59:16 INFO module=fs msg="request completed"
2026-02-21 17:01:20 WARN module=cache msg="token expires soon"
2026-02-21 17:03:18 INFO module=api msg="job scheduled"
2026-02-21 17:05:11 INFO module=disk msg="job scheduled"
2026-02-21 17:09:35 INFO module=cache msg="cache warmed up"
2026-02-21 17:10:58 INFO module=db msg="service started"
2026-02-21 17:12:36 INFO module=disk msg="service started"
2026-02-21 17:13:14 WARN module=db msg="retrying request"
2026-02-21 17:14:56 ERROR module=db msg="permission denied"
2026-02-21 17:15:04 WARN module=cache msg="deprecated option used"
2026-02-21 17:18:55 INFO module=disk msg="user logged in"
2026-02-21 17:20:18 INFO module=api msg="config reloaded"
2026-02-21 17:21:45 DEBUG module=auth msg="heartbeat sent"
2026-02-21 17:24:25 WARN module=cache msg="retrying request"
2026-02-21 17:25:01 DEBUG module=cache msg="buffer flushed"
2026-02-21 17:33:35 ERROR module=db msg="permission denied"
2026-02-21 17:33:41 WARN module=api msg="disk usage above 80%"
2026-02-21 17:40:00 INFO module=net msg="config reloaded"
2026-02-21 17:44:09 WARN module=db msg="retrying request"
2026-02-21 17:45:49 INFO module=net msg="job scheduled"
2026-02-21 17:46:54 DEBUG module=disk msg="heartbeat sent"
2026-02-21 17:56:49 WARN module=auth msg="slow response"
2026-02-21 17:57:49 ERROR module=net msg="invalid token"
2026-02-21 17:58:08 INFO module=cache msg="request completed"
2026-02-21 17:58:24 INFO module=net msg="request completed"
2026-02-21 18:00:01 INFO module=net msg="config reloaded"
2026-02-21 18:00:57 WARN module=auth msg="disk usage above 80%"
2026-02-21 18:04:13 INFO module=disk msg="cache warmed up"
2026-02-21 18:04:15 INFO module=api msg="job scheduled"
2026-02-21 18:04:52 INFO module=fs msg="cache warmed up"
2026-02-21 18:07:17 DEBUG module=cache msg="retry counter reset"
2026-02-21 18:08:59 INFO module=auth msg="service started"
2026-02-21 18:09:51 INFO module=disk msg="user logged in"
2026-02-21 18:11:49 INFO module=db msg="user logged in"
2026-02-21 18:15:56 DEBUG module=net msg="heartbeat sent"
2026-02-21 18:16:58 INFO module=disk msg="job scheduled"
2026-02-21 18:18:31 INFO module=disk msg="user logged in"
2026-02-21 18:19:07 WARN module=disk msg="disk usage above 80%"
2026-02-21 18:21:00 WARN module=auth msg="retrying request"
2026-02-21 18:23:05 DEBUG module=api msg="entering handler"
2026-02-21 18:23:35 DEBUG module=db msg="entering handler"
2026-02-21 18:24:05 INFO module=db msg="config reloaded"
2026-02-21 18:29:47 INFO module=disk msg="config reloaded"
2026-02-21 18:31:44 ERROR module=net msg="connection refused"
2026-02-21 18:32:10 WARN module=db msg="token expires soon"
2026-02-21 18:33:26 DEBUG module=cache msg="queue length checked"
2026-02-21 18:38:57 INFO module=cache msg="config reloaded"
2026-02-21 18:39:05 ERROR module=api msg="connection refused"
2026-02-21 18:41:30 WARN module=net msg="retrying request"
2026-02-21 18:45:28 INFO module=auth msg="config reloaded"
2026-02-21 18:50:00 INFO module=db msg="service started"
2026-02-21 18:52:35 INFO module=disk msg="config reloaded"
2026-02-21 18:54:00 INFO module=sched msg="user logged in"
2026-02-21 19:01:01 INFO module=db msg="job scheduled"
2026-02-21 19:01:40 INFO module=fs msg="cache warmed up"
2026-02-21 19:03:02 INFO module=net msg="service started"
2026-02-21 19:04:14 INFO module=disk msg="user logged in"
2026-02-21 19:07:50 DEBUG module=fs msg="entering handler"
2026-02-21 19:08:48 INFO module=api msg="config reloaded"
2026-02-21 19:08:57 WARN module=auth msg="token expires soon"
2026-02-21 19:10:49 INFO module=api msg="request completed"
2026-02-21 19:26:23 INFO module=net msg="service started"
2026-02-21 19:26:26 INFO module=disk msg="user logged in"
2026-02-21 19:33:12 INFO module=auth msg="job scheduled"
2026-02-21 19:35:25 INFO module=net msg="user logged in"
2026-02-21 19:44:11 INFO module=auth msg="cache warmed up"
2026-02-21 19:44:27 WARN module=disk msg="retrying request"
2026-02-21 19:44:57 INFO module=sched msg="cache warmed up"
2026-02-21 19:45:21 DEBUG module=cache msg="retry counter reset"
2026-02-21 19:46:30 INFO module=auth msg="job scheduled"
2026-02-21 19:46:59 INFO module=cache msg="user logged in"
2026-02-21 19:50:53 INFO module=fs msg="cache warmed up"
2026-02-21 19:51:33 INFO module=db msg="request completed"
2026-02-21 19:57:24 INFO module=auth msg="config reloaded"
2026-02-21 20:12:29 INFO module=api msg="config reloaded"
2026-02-21 20:13:16 INFO module=db msg="job scheduled"
2026-02-21 20:13:35 INFO module=auth msg="config reloaded"
2026-02-21 20:14:58 WARN module=db msg="disk usage above 80%"
2026-02-21 20:15:53 INFO module=net msg="service started"
2026-02-21 20:28:39 INFO module=fs msg="service started"
2026-02-21 20:31:49 INFO module=api msg="job scheduled"
2026-02-21 20:32:44 INFO module=api msg="job scheduled"
2026-02-21 20:35:52 INFO module=net msg="job scheduled"
2026-02-21 20:36:34 INFO module=fs msg="job scheduled"
2026-02-21 20:41:26 INFO module=auth msg="request completed"
2026-02-21 20:47:03 INFO module=auth msg="request completed"
2026-02-21 20:49:30 WARN module=api msg="retrying request"
2026-02-21 20:55:52 DEBUG module=disk msg="queue length checked"
2026-02-21 21:01:06 INFO module=disk msg="config reloaded"
2026-02-21 21:01:53 INFO module=api msg="service started"
2026-02-21 21:03:53 WARN module=net msg="deprecated option used"
2026-02-21 21:05:46 INFO module=cache msg="request completed"
2026-02-21 21:09:18 INFO module=net msg="config reloaded"
2026-02-21 21:09:33 INFO module=sched msg="service started"
2026-02-21 21:12:45 WARN module=auth msg="disk usage above 80%"
2026-02-21 21:14:31 DEBUG module=sched msg="entering handler"
2026-02-21 21:15:41 INFO module=fs msg="service started"
2026-02-21 21:16:15 WARN module=db msg="slow response"
2026-02-21 21:18:11 DEBUG module=sched msg="buffer flushed"
2026-02-21 21:18:18 DEBUG module=api msg="entering handler"
2026-02-21 21:20:08 INFO module=net msg="user logged in"
2026-02-21 21:21:31 DEBUG module=cache msg="queue length checked"
2026-02-21 21:22:37 ERROR module=auth msg="segment read failed"
2026-02-21 21:23:33 INFO module=cache msg="config reloaded"
2026-02-21 21:23:54 INFO module=auth msg="request completed"
2026-02-21 21:24:23 INFO module=api msg="user logged in"
2026-02-21 21:29:33 WARN module=cache msg="deprecated option used"
2026-02-21 21:30:06 INFO module=api msg="cache warmed up"
2026-02-21 21:34:08 INFO module=api msg="user logged in"
2026-02-21 21:34:58 INFO module=api msg="config reloaded"
2026-02-21 21:37:54 INFO module=db msg="cache warmed up"
2026-02-21 21:40:40 INFO module=auth msg="user logged in"
2026-02-21 21:54:29 DEBUG module=net msg="retry counter reset"
2026-02-21 22:00:33 DEBUG module=fs msg="retry counter reset"
2026-02-21 22:01:19 DEBUG module=sched msg="entering handler"
2026-02-21 22:05:02 ERROR module=auth msg="no space left on device"
2026-02-21 22:13:50 INFO module=auth msg="user logged in"
2026-02-21 22:15:59 INFO module=fs msg="config reloaded"
2026-02-21 22:27:09 WARN module=auth msg="slow response"
2026-02-21 22:28:32 INFO module=sched msg="cache warmed up"
2026-02-21 22:29:03 WARN module=net msg="deprecated option used"
2026-02-21 22:34:30 INFO module=fs msg="user logged in"
2026-02-21 22:36:48 ERROR module=net msg="no space left on device"
2026-02-21 22:39:08 INFO module=auth msg="cache warmed up"
2026-02-21 22:41:48 DEBUG module=sched msg="queue length checked"
2026-02-21 22:52:41 INFO module=fs msg="user logged in"
2026-02-21 22:53:19 INFO module=sched msg="job scheduled"
2026-02-21 22:55:05 DEBUG module=disk msg="buffer flushed"
2026-02-21 22:56:59 INFO module=net msg="cache warmed up"
2026-02-21 22:57:54 INFO module=auth msg="user logged in"
2026-02-21 22:58:28 INFO module=net msg="user logged in"
2026-02-21 23:03:20 INFO module=fs msg="cache warmed up"
2026-02-21 23:05:48 INFO module=disk msg="config reloaded"
2026-02-21 23:07:34 INFO module=fs msg="cache warmed up"
2026-02-21 23:09:16 WARN module=cache msg="disk usage above 80%"
2026-02-21 23:10:10 INFO module=db msg="cache warmed up"
2026-02-21 23:15:03 INFO module=api msg="cache warmed up"
2026-02-21 23:15:30 INFO module=auth msg="service started"
2026-02-21 23:18:10 INFO module=sched msg="cache warmed up"
2026-02-21 23:25:36 WARN module=db msg="token expires soon"
2026-02-21 23:28:03 INFO module=net msg="user logged in"
2026-02-21 23:28:25 WARN module=disk msg="disk usage above 80%"
2026-02-21 23:32:07 INFO module=net msg="cache warmed up"
2026-02-21 23:33:39 ERROR module=sched msg="permission denied"
2026-02-21 23:38:25 INFO module=auth msg="user logged in"
2026-02-21 23:41:34 INFO module=cache msg="request completed"
2026-02-21 23:42:00 ERROR module=disk msg="connection timeout"
2026-02-21 23:44:08 ERROR module=net msg="permission denied"
2026-02-21 23:45:27 DEBUG module=db msg="entering handler"
2026-02-21 23:48:56 WARN module=db msg="slow response"
2026-02-21 23:49:47 ERROR module=net msg="invalid token"
2026-02-21 23:51:24 DEBUG module=net msg="retry counter reset"
