2026-02-22 00:00:43 INFO module=api msg="service started"
2026-02-22 00:04:40 INFO module=auth msg="cache warmed up"
2026-02-22 00:07:44 INFO module=sched msg="service started"
2026-02-22 00:14:35 INFO module=net msg="user logged in"
2026-02-22 00:14:53 WARN module=auth msg="slow response"
2026-02-22 00:22:28 INFO module=sched msg="config reloaded"
2026-02-22 00:25:47 INFO module=api msg="request completed"
2026-02-22 00:29:50 INFO module=net msg="job scheduled"
2026-02-22 00:30:19 INFO module=auth msg="config reloaded"
2026-02-22 00:32:20 INFO module=api msg="service started"
2026-02-22 00:35:16 INFO module=net msg="request completed"
2026-02-22 00:38:57 WARN module=cache msg="token expires soon"
2026-02-22 00:41:00 INFO module=api msg="request completed"
2026-02-22 00:53:54 INFO module=api msg="service started"
2026-02-22 00:54:54 INFO module=fs msg="config reloaded"
2026-02-22 00:58:25 ERROR module=net msg="query failed"
2026-02-22 00:59:23 INFO module=api msg="user logged in"
2026-02-22 00:59:34 INFO module=fs msg="cache warmed up"
2026-02-22 01:05:31 WARN module=net msg="slow response"
2026-02-22 01:05:40 INFO module=api msg="request completed"
2026-02-22 01:10:29 WARN module=cache msg="disk usage above 80%"
2026-02-22 01:15:09 DEBUG module=net msg="queue length checked"
2026-02-22 01:20:25 WARN module=net msg="token expires soon"
2026-02-22 01:20:48 INFO module=db msg="request completed"
2026-02-22 01:21:37 INFO module=fs msg="job scheduled"
2026-02-22 01:26:29 INFO module=fs msg="config reloaded"
2026-02-22 01:29:10 INFO module=api msg="job scheduled"
2026-02-22 01:33:01 DEBUG module=api msg="buffer flushed"
2026-02-22 01:33:22 INFO module=api msg="user logged in"
2026-02-22 01:38:23 ERROR module=disk msg="invalid token"
2026-02-22 01:51:25 INFO module=db msg="user logged in"
2026-02-22 01:53:10 INFO module=cache msg="config reloaded"
2026-02-22 02:04:49 INFO module=auth msg="user logged in"
2026-02-22 02:05:35 ERROR module=sched msg="permission denied"
2026-02-22 02:08:45 WARN module=api msg="deprecated option used"
2026-02-22 02:14:28 INFO module=sched msg="job scheduled"
2026-02-22 02:15:38 DEBUG module=net msg="queue length checked"
2026-02-22 02:21:58 INFO module=api msg="request completed"
2026-02-22 02:23:18 INFO module=db msg="config reloaded"
2026-02-22 02:24:09 DEBUG module=sched msg="heartbeat sent"
2026-02-22 02:30:36 INFO module=auth msg="request completed"
2026-02-22 02:34:19 INFO module=api msg="job scheduled"
2026-02-22 02:40:06 WARN module=db msg="token expires soon"
2026-02-22 02:42:09 INFO module=auth msg="user logged in"
2026-02-22 02:46:59 DEBUG module=fs msg="entering handler"
2026-02-22 02:47:01 INFO module=fs msg="request completed"
2026-02-22 02:58:19 DEBUG module=net msg="entering handler"
2026-02-22 02:58:29 INFO module=fs msg="user logged in"
2026-02-22 03:07:16 ERROR module=net msg="segment read failed"
2026-02-22 03:09:25 ERROR module=api msg="permission denied"
2026-02-22 03:10:31 ERROR module=disk msg="permission denied"
2026-02-22 03:10:39 DEBUG module=net msg="queue length checked"
2026-02-22 03:14:29 ERROR module=db msg="query failed"
2026-02-22 03:19:27 INFO module=api msg="request completed"
2026-02-22 03:27:23 INFO module=sched msg="request completed"
2026-02-22 03:32:23 INFO module=db msg="cache warmed up"
2026-02-22 03:37:42 WARN module=net msg="deprecated option used"
2026-02-22 03:42:25 WARN module=db msg="retrying request"
2026-02-22 03:57:27 WARN module=net msg="retrying request"
2026-02-22 04:01:10 WARN module=disk msg="deprecated option used"
2026-02-22 04:10:11 DEBUG module=disk msg="entering handler"
2026-02-22 04:12:50 INFO module=auth msg="service started"
2026-02-22 04:16:14 INFO module=api msg="cache warmed up"
2026-02-22 04:24:39 INFO module=auth msg="request completed"
2026-02-22 04:28:07 INFO module=auth msg="job scheduled"
2026-02-22 04:29:50 ERROR module=api msg="no space left on device"
2026-02-22 04:30:41 INFO module=disk msg="cache warmed up"
2026-02-22 04:33:21 DEBUG module=sched msg="entering handler"
2026-02-22 04:36:26 INFO module=cache msg="job scheduled"
2026-02-22 04:38:49 WARN module=cache msg="slow response"
2026-02-22 04:49:48 DEBUG module=sched msg="queue length checked"
2026-02-22 04:50:01 DEBUG module=sched msg="retry counter reset"
2026-02-22 05:01:37 INFO module=net msg="job scheduled"
2026-02-22 05:05:33 INFO module=disk msg="config reloaded"
2026-02-22 05:07:24 INFO module=api msg="service started"
2026-02-22 05:07:32 INFO module=net msg="request completed"
2026-02-22 05:16:52 ERROR module=cache msg="connection timeout"
2026-02-22 05:24:15 INFO module=disk msg="user logged in"
2026-02-22 05:30:13 INFO module=cache msg="config reloaded"
2026-02-22 05:32:59 INFO module=disk msg="config reloaded"
2026-02-22 05:34:40 WARN module=db msg="deprecated option used"
2026-02-22 05:36:19 INFO module=auth msg="user logged in"
2026-02-22 05:49:15 WARN module=cache msg="retrying request"
2026-02-22 05:53:53 WARN module=disk msg="retrying request"
2026-02-22 05:59:37 INFO module=sched msg="service started"
2026-02-22 06:01:34 INFO module=db msg="cache warmed up"
2026-02-22 06:02:08 INFO module=cache msg="job scheduled"
2026-02-22 06:07:55 ERROR module=api msg="connection refused"
2026-02-22 06:11:51 INFO module=fs msg="service started"
2026-02-22 06:18:07 DEBUG module=db msg="buffer flushed"
2026-02-22 06:19:32 INFO module=api msg="cache warmed up"
2026-02-22 06:21:30 INFO module=cache msg="cache warmed up"
2026-02-22 06:24:55 ERROR module=net msg="invalid token"
2026-02-22 06:26:21 DEBUG module=cache msg="heartbeat sent"
2026-02-22 06:29:47 INFO module=db msg="cache warmed up"
2026-02-22 06:35:45 INFO module=net msg="service started"
2026-02-22 06:38:31 ERROR module=api msg="connection timeout"
2026-02-22 06:38:48 INFO module=fs msg="service started"
2026-02-22 06:40:09 INFO module=auth msg="service started"
2026-02-22 06:42:40 INFO module=auth msg="user logged in"
2026-02-22 06:49:00 ERROR module=disk msg="connection refused"
2026-02-22 06:50:09 INFO module=auth msg="config reloaded"
2026-02-22 06:54:06 DEBUG module=api msg="entering handler"
2026-02-22 07:03:00 WARN module=auth msg="deprecated option used"
2026-02-22 07:07:52 INFO module=auth msg="service started"
2026-02-22 07:16:04 DEBUG module=sched msg="buffer flushed"
2026-02-22 07:17:22 INFO module=db msg="cache warmed up"
2026-02-22 07:29:13 INFO module=auth msg="config reloaded"
2026-02-22 07:37:30 DEBUG module=net msg="entering handler"
2026-02-22 07:38:14 INFO module=net msg="job scheduled"
2026-02-22 08:07:35 ERROR module=fs msg="permission denied"
2026-02-22 08:08:43 INFO module=net msg="user logged in"
2026-02-22 08:12:06 INFO module=db msg="service started"
2026-02-22 08:13:34 INFO module=net msg="config reloaded"
2026-02-22 08:15:38 WARN module=fs msg="deprecated option used"
2026-02-22 08:16:00 WARN module=db msg="disk usage above 80%"
2026-02-22 08:18:07 INFO module=cache msg="service started"
2026-02-22 08:19:20 INFO module=sched msg="request completed"
2026-02-22 08:33:56 INFO module=api msg="config reloaded"
2026-02-22 08:34:45 INFO module=fs msg="request completed"
2026-02-22 08:35:32 INFO module=db msg="job scheduled"
2026-02-22 08:37:11 INFO module=auth msg="config reloaded"
2026-02-22 08:40:47 WARN module=disk msg="disk usage above 80%"
2026-02-22 08:44:17 INFO module=net msg="cache warmed up"
2026-02-22 08:44:28 INFO module=disk msg="user logged in"
2026-02-22 08:46:49 INFO module=auth msg="request completed"
2026-02-22 08:48:36 INFO module=disk msg="job scheduled"
2026-02-22 08:57:59 WARN module=cache msg="retrying request"
2026-02-22 08:59:46 INFO module=cache msg="service started"
2026-02-22 09:08:37 DEBUG module=sched msg="entering handler"
2026-02-22 09:11:15 WARN module=cache msg="retrying request"
2026-02-22 09:15:02 INFO module=api msg="request completed"
2026-02-22 09:19:07 WARN module=cache msg="disk usage above 80%"
2026-02-22 09:20:05 WARN module=auth msg="retrying request"
2026-02-22 09:20:42 INFO module=cache msg="service started"
2026-02-22 09:27:18 WARN module=net msg="slow response"
2026-02-22 09:28:53 WARN module=db msg="retrying request"
2026-02-22 09:30:42 WARN module=fs msg="token expires soon"
2026-02-22 09:32:09 INFO module=cache msg="config reloaded"
2026-02-22 09:53:33 INFO module=net msg="cache warmed up"
2026-02-22 09:59:35 INFO module=fs msg="config reloaded"
2026-02-22 10:04:30 ERROR module=net msg="segment read failed"
2026-02-22 10:11:16 INFO module=disk msg="cache warmed up"
2026-02-22 10:11:36 INFO module=fs msg="request completed"
2026-02-22 10:14:09 INFO module=auth msg="service started"
2026-02-22 10:20:48 INFO module=cache msg="service started"
2026-02-22 10:30:10 WARN module=net msg="retrying request"
2026-02-22 10:45:38 INFO module=fs msg="job scheduled"
2026-02-22 10:46:23 INFO module=db msg="user logged in"
2026-02-22 10:51:14 INFO module=fs msg="job scheduled"
2026-02-22 10:51:53 INFO module=auth msg="service started"
2026-02-22 10:52:58 INFO module=disk msg="cache warmed up"
2026-02-22 10:53:27 DEBUG module=api msg="buffer flushed"
2026-02-22 10:59:18 INFO module=net msg="request completed"
2026-02-22 11:03:45 INFO module=cache msg="cache warmed up"
2026-02-22 11:03:47 WARN module=cache msg="deprecated option used"
2026-02-22 11:07:14 INFO module=auth msg="job scheduled"
2026-02-22 11:25:56 WARN module=db msg="token expires soon"
2026-02-22 11:29:58 INFO module=disk msg="cache warmed up"
2026-02-22 11:33:22 INFO module=net msg="cache warmed up"
2026-02-22 11:36:18 INFO module=auth msg="cache warmed up"
2026-02-22 11:41:11 INFO module=disk msg="job scheduled"
2026-02-22 11:50:07 DEBUG module=cache msg="entering handler"
2026-02-22 11:50:21 DEBUG module=sched msg="entering handler"
2026-02-22 11:51:19 INFO module=auth msg="config reloaded"
2026-02-22 11:56:16 INFO module=sched msg="user logged in"
2026-02-22 11:59:15 INFO module=cache msg="job scheduled"
2026-02-22 12:01:08 INFO module=auth msg="user logged in"
2026-02-22 12:07:20 INFO module=auth msg="service started"
2026-02-22 12:08:01 ERROR module=db msg="connection timeout"
2026-02-22 12:10:01 WARN module=cache msg="disk usage above 80%"
2026-02-22 12:10:46 INFO module=api msg="request completed"
2026-02-22 12:12:19 ERROR module=net msg="no space left on device"
2026-02-22 12:23:59 INFO module=cache msg="request completed"
2026-02-22 12:30:02 DEBUG module=cache msg="queue length checked"
2026-02-22 12:47:05 WARN module=net msg="disk usage above 80%"
2026-02-22 12:47:31 INFO module=db msg="job scheduled"
2026-02-22 12:51:12 DEBUG module=net msg="buffer flushed"
2026-02-22 12:53:40 INFO module=fs msg="service started"
2026-02-22 13:05:36 DEBUG module=fs msg="entering handler"
2026-02-22 13:15:37 INFO module=db msg="config reloaded"
2026-02-22 13:19:51 WARN module=cache msg="deprecated option used"
2026-02-22 13:23:47 WARN module=disk msg="retrying request"
2026-02-22 13:27:57 WARN module=cache msg="retrying request"
2026-02-22 13:28:46 WARN module=db msg="deprecated option used"
2026-02-22 13:29:29 INFO module=disk msg="config reloaded"
2026-02-22 13:30:42 INFO module=db msg="job scheduled"
2026-02-22 13:36:21 INFO module=disk msg="service started"
2026-02-22 13:42:38 DEBUG module=disk msg="queue length checked"
2026-02-22 13:43:54 ERROR module=auth msg="permission denied"
2026-02-22 13:44:16 ERROR module=disk msg="permission denied"
2026-02-22 13:45:46 INFO module=db msg="request completed"
2026-02-22 13:48:18 INFO module=fs msg="job scheduled"
2026-02-22 13:49:14 DEBUG module=cache msg="buffer flushed"
2026-02-22 13:54:40 INFO module=api msg="service started"
2026-02-22 13:56:52 ERROR module=db msg="query failed"
2026-02-22 13:59:29 INFO module=api msg="service started"
2026-02-22 14:07:53 WARN module=disk msg="disk usage above 80%"
2026-02-22 14:10:37 DEBUG module=sched msg="heartbeat sent"
2026-02-22 14:14:10 INFO module=api msg="user logged in"
2026-02-22 14:14:15 INFO module=db msg="config reloaded"
2026-02-22 14:21:28 WARN module=net msg="token expires soon"
2026-02-22 14:23:32 WARN module=auth msg="retrying request"
2026-02-22 14:28:20 INFO module=cache msg="user logged in"
2026-02-22 14:34:22 WARN module=net msg="deprecated option used"
2026-02-22 14:34:25 INFO module=net msg="cache warmed up"
2026-02-22 14:36:25 INFO module=api msg="service started"
2026-02-22 14:39:57 DEBUG module=db msg="retry counter reset"
2026-02-22 14:57:23 INFO module=api msg="user logged in"
2026-02-22 15:00:33 INFO module=sched msg="job scheduled"
2026-02-22 15:01:23 DEBUG module=cache msg="entering handler"
2026-02-22 15:05:00 ERROR module=net msg="query failed"
2026-02-22 15:07:01 INFO module=fs msg="cache warmed up"
2026-02-22 15:15:06 INFO module=auth msg="cache warmed up"
2026-02-22 15:17:51 DEBUG module=sched msg="retry counter reset"
2026-02-22 15:20:55 ERROR module=net msg="invalid token"
2026-02-22 15:23:50 DEBUG module=disk msg="buffer flushed"
2026-02-22 15:24:50 INFO module=api msg="service started"
2026-02-22 15:27:06 INFO module=db msg="job scheduled"
2026-02-22 15:29:03 WARN module=db msg="token expires soon"
2026-02-22 15:37:48 DEBUG module=cache msg="retry counter reset"
2026-02-22 15:37:51 INFO module=auth msg="service started"
2026-02-22 15:42:49 ERROR module=net msg="connection timeout"
2026-02-22 15:43:48 INFO module=disk msg="config reloaded"
2026-02-22 15:59:14 INFO module=db msg="job scheduled"
2026-02-22 16:00:12 WARN module=fs msg="retrying request"
2026-02-22 16:08:00 INFO module=disk msg="request completed"
2026-02-22 16:14:02 WARN module=cache msg="slow response"
2026-02-22 16:22:35 INFO module=auth msg="user logged in"
2026-02-22 16:23:19 INFO module=net msg="cache warmed up"
2026-02-22 16:23:37 INFO module=api msg="cache warmed up"
2026-02-22 16:28:03 INFO module=api msg="config reloaded"
2026-02-22 16:28:17 INFO module=db msg="user logged in"
2026-02-22 16:31:35 WARN module=auth msg="slow response"
2026-02-22 16:31:39 INFO module=sched msg="request completed"
2026-02-22 16:41:08 WARN module=disk msg="disk usage above 80%"
2026-02-22 16:48:13 INFO module=cache msg="request completed"
2026-02-22 16:50:39 INFO module=api msg="request completed"
2026-02-22 16:54:27 INFO module=fs msg="request completed"
2026-02-22 16:56:59 DEBUG module=cache msg="retry counter reset"
2026-02-22 16:58:09 ERROR module=net msg="no space left on device"
2026-02-22 17:07:34 WARN module=disk msg="slow response"
2026-02-22 17:12:08 ERROR module=auth msg="no space left on device"
2026-02-22 17:13:04 INFO module=sched msg="request completed"
2026-02-22 17:17:36 INFO module=db msg="job scheduled"
2026-02-22 17:33:32 INFO module=net msg="user logged in"
2026-02-22 17:36:07 INFO module=auth msg="job scheduled"
2026-02-22 17:36:35 DEBUG module=sched msg="queue length checked"
2026-02-22 17:42:08 INFO module=cache msg="user logged in"
2026-02-22 17:42:24 WARN module=fs msg="retrying request"
2026-02-22 17:42:28 INFO module=sched msg="user logged in"
2026-02-22 17:44:20 DEBUG module=cache msg="heartbeat sent"
2026-02-22 17:49:54 INFO module=auth msg="user logged in"
2026-02-22 17:50:20 WARN module=auth msg="slow response"
2026-02-22 18:04:02 INFO module=sched msg="config reloaded"
2026-02-22 18:07:44 ERROR module=cache msg="invalid token"
2026-02-22 18:19:55 INFO module=cache msg="job scheduled"
2026-02-22 18:24:49 WARN module=db msg="token expires soon"
2026-02-22 18:27:15 INFO module=auth msg="cache warmed up"
2026-02-22 18:32:26 INFO module=net msg="job scheduled"
2026-02-22 18:36:49 INFO module=net msg="config reloaded"
2026-02-22 18:37:52 INFO module=db msg="cache warmed up"
2026-02-22 19:04:07 INFO module=auth msg="service started"
2026-02-22 19:07:35 INFO module=disk msg="request completed"
2026-02-22 19:08:21 DEBUG module=auth msg="retry counter reset"
2026-02-22 19:10:52 INFO module=disk msg="service started"
2026-02-22 19:13:31 INFO module=api msg="cache warmed up"
2026-02-22 19:25:29 INFO module=db msg="request completed"
2026-02-22 19:31:10 INFO module=fs msg="job scheduled"
2026-02-22 19:32:17 INFO module=auth msg="cache warmed up"
2026-02-22 19:32:20 INFO module=sched msg="user logged in"
2026-02-22 19:32:30 INFO module=sched msg="job scheduled"
2026-02-22 19:38:14 INFO module=cache msg="user logged in"
2026-02-22 19:43:07 INFO module=auth msg="cache warmed up"
2026-02-22 19:46:53 INFO module=db msg="config reloaded"
2026-02-22 19:48:22 ERROR module=cache msg="permission denied"
2026-02-22 19:53:31 WARN module=db msg="disk usage above 80%"
2026-02-22 19:54:55 INFO module=disk msg="cache warmed up"
2026-02-22 20:02:56 INFO module=api msg="user logged in"
2026-02-22 20:06:35 INFO module=auth msg="request completed"
2026-02-22 20:08:19 INFO module=api msg="cache warmed up"
2026-02-22 20:19:10 INFO module=sched msg="config reloaded"
2026-02-22 20:21:34 ERROR module=net msg="segment read failed"
2026-02-22 20:24:54 INFO module=auth msg="request completed"
2026-02-22 20:31:12 DEBUG module=api msg="heartbeat sent"
2026-02-22 20:37:55 INFO module=db msg="cache warmed up"
2026-02-22 20:39:20 INFO module=sched msg="cache warmed up"
2026-02-22 20:46:02 ERROR module=fs msg="connection refused"
2026-02-22 20:48:58 INFO module=api msg="user logged in"
2026-02-22 20:49:47 INFO module=api msg="service started"
2026-02-22 20:50:19 DEBUG module=fs msg="buffer flushed"
2026-02-22 20:53:45 INFO module=sched msg="config reloaded"
2026-02-22 20:56:05 INFO module=net msg="service started"
2026-02-22 21:00:10 WARN module=disk msg="slow response"
2026-02-22 21:07:09 INFO module=disk msg="config reloaded"
2026-02-22 21:16:27 WARN module=net msg="slow response"
2026-02-22 21:20:44 INFO module=auth msg="config reloaded"
2026-02-22 21:38:35 INFO module=api msg="cache warmed up"
2026-02-22 21:50:50 INFO module=net msg="job scheduled"
2026-02-22 21:51:32 DEBUG module=cache msg="heartbeat sent"
2026-02-22 21:58:44 DEBUG module=sched msg="queue length checked"
2026-02-22 22:00:05 ERROR module=sched msg="invalid token"
2026-02-22 22:08:10 INFO module=net msg="service started"
2026-02-22 22:11:56 INFO module=api msg="request completed"
2026-02-22 22:13:09 INFO module=fs msg="job scheduled"
2026-02-22 22:20:24 DEBUG module=db msg="retry counter reset"
2026-02-22 22:20:44 INFO module=cache msg="service started"
2026-02-22 22:25:58 DEBUG module=cache msg="heartbeat sent"
2026-02-22 22:27:00 WARN module=net msg="retrying request"
2026-02-22 22:35:56 INFO module=net msg="cache warmed up"
2026-02-22 22:36:18 INFO module=disk msg="request completed"
2026-02-22 22:38:28 DEBUG module=sched msg="retry counter reset"
2026-02-22 22:40:04 INFO module=cache msg="config reloaded"
2026-02-22 22:42:20 INFO module=cache msg="request completed"
2026-02-22 22:42:43 INFO module=api msg="request completed"
2026-02-22 22:44:24 DEBUG module=auth msg="buffer flushed"
2026-02-22 22:45:39 INFO module=api msg="request completed"
2026-02-22 22:46:38 INFO module=auth msg="service started"
2026-02-22 22:51:27 DEBUG module=cache msg="entering handler"
2026-02-22 22:59:57 WARN module=auth msg="disk usage above 80%"
2026-02-22 23:05:38 ERROR module=net msg="no space left on device"
2026-02-22 23:15:28 DEBUG module=fs msg="entering handler"
2026-02-22 23:20:49 INFO module=fs msg="user logged in"
2026-02-22 23:22:03 INFO module=db msg="service started"
2026-02-22 23:56:13 INFO module=sched msg="request completed"
2026-02-22 23:56:19 DEBUG module=api msg="buffer flushed"
