2026-02-23 00:00:08 INFO module=auth msg="service started"
2026-02-23 00:00:51 INFO module=sched msg="user logged in"
2026-02-23 00:01:36 INFO module=disk msg="job scheduled"
2026-02-23 00:03:55 INFO module=net msg="config reloaded"
2026-02-23 00:04:21 INFO module=auth msg="user logged in"
2026-02-23 00:04:59 INFO module=auth msg="user logged in"
2026-02-23 00:08:26 INFO module=net msg="service started"
2026-02-23 00:08:28 INFO module=fs msg="job scheduled"
2026-02-23 00:08:51 DEBUG module=cache msg="queue length checked"
2026-02-23 00:10:11 INFO module=cache msg="user logged in"
2026-02-23 00:11:56 INFO module=net msg="request completed"
2026-02-23 00:13:06 DEBUG module=auth msg="buffer flushed"
2026-02-23 00:16:54 DEBUG module=sched msg="entering handler"
2026-02-23 00:19:21 ERROR module=disk msg="permission denied"
2026-02-23 00:19:48 INFO module=cache msg="job scheduled"
2026-02-23 00:19:57 INFO module=auth msg="cache warmed up"
2026-02-23 00:21:25 WARN module=db msg="disk usage above 80%"
2026-02-23 00:22:24 INFO module=net msg="service started"
2026-02-23 00:22:30 ERROR module=db msg="connection refused"
2026-02-23 00:24:46 INFO module=db msg="config reloaded"
2026-02-23 00:29:38 INFO module=db msg="job scheduled"
2026-02-23 00:29:52 INFO module=cache msg="user logged in"
2026-02-23 00:35:20 INFO module=net msg="job scheduled"
2026-02-23 00:36:27 WARN module=disk msg="slow response"
2026-02-23 00:38:29 INFO module=api msg="request completed"
2026-02-23 00:38:35 INFO module=net msg="service started"
2026-02-23 00:39:56 INFO module=api msg="service started"
2026-02-23 00:40:07 INFO module=cache msg="user logged in"
2026-02-23 00:40:23 WARN module=db msg="disk usage above 80%"
2026-02-23 00:41:14 INFO module=fs msg="request completed"
2026-02-23 00:41:17 INFO module=db msg="service started"
2026-02-23 00:41:46 INFO module=db msg="user logged in"
2026-02-23 00:43:08 WARN module=api msg="retrying request"
2026-02-23 00:43:37 INFO module=cache msg="request completed"
2026-02-23 00:48:22 DEBUG module=fs msg="retry counter reset"
2026-02-23 00:50:47 DEBUG module=net msg="buffer flushed"
2026-02-23 00:51:23 WARN module=fs msg="retrying request"
2026-02-23 00:53:46 INFO module=db msg="config reloaded"
2026-02-23 00:54:34 INFO module=db msg="cache warmed up"
2026-02-23 00:56:34 INFO module=cache msg="job scheduled"
2026-02-23 00:57:17 INFO module=net msg="service started"
2026-02-23 00:59:26 INFO module=api msg="cache warmed up"
2026-02-23 01:00:49 INFO module=disk msg="job scheduled"
2026-02-23 01:00:52 WARN module=net msg="retrying request"
2026-02-23 01:01:15 INFO module=db msg="config reloaded"
2026-02-23 01:07:10 WARN module=net msg="token expires soon"
2026-02-23 01:11:22 INFO module=disk msg="user logged in"
2026-02-23 01:12:59 INFO module=api msg="config reloaded"
2026-02-23 01:18:16 DEBUG module=cache msg="entering handler"
2026-02-23 01:19:09 INFO module=api msg="cache warmed up"
2026-02-23 01:20:56 INFO module=net msg="job scheduled"
2026-02-23 01:21:48 INFO module=fs msg="config reloaded"
2026-02-23 01:23:19 INFO module=auth msg="service started"
2026-02-23 01:23:28 INFO module=cache msg="request completed"
2026-02-23 01:25:29 ERROR module=auth msg="connection refused"
2026-02-23 01:28:00 WARN module=cache msg="slow response"
2026-02-23 01:30:13 INFO module=db msg="job scheduled"
2026-02-23 01:33:53 INFO module=net msg="user logged in"
2026-02-23 01:34:11 ERROR module=disk msg="permission denied"
2026-02-23 01:34:32 INFO module=sched msg="cache warmed up"
2026-02-23 01:34:49 INFO module=cache msg="cache warmed up"
2026-02-23 01:34:54 WARN module=net msg="retrying request"
2026-02-23 01:37:05 INFO module=net msg="request completed"
2026-02-23 01:40:16 ERROR module=auth msg="invalid token"
2026-02-23 01:40:47 INFO module=sched msg="cache warmed up"
2026-02-23 01:42:13 INFO module=disk msg="job scheduled"
2026-02-23 01:46:02 INFO module=auth msg="config reloaded"
2026-02-23 01:47:47 ERROR module=api msg="query failed"
2026-02-23 01:47:52 WARN module=disk msg="deprecated option used"
2026-02-23 01:48:51 WARN module=disk msg="deprecated option used"
2026-02-23 01:52:40 INFO module=fs msg="cache warmed up"
2026-02-23 01:52:50 DEBUG module=db msg="buffer flushed"
2026-02-23 01:53:29 INFO module=net msg="config reloaded"
2026-02-23 01:54:08 WARN module=disk msg="deprecated option used"
2026-02-23 01:56:54 DEBUG module=db msg="heartbeat sent"
2026-02-23 01:57:17 INFO module=cache msg="request completed"
2026-02-23 01:57:51 WARN module=db msg="token expires soon"
2026-02-23 01:59:35 DEBUG module=disk msg="heartbeat sent"
2026-02-23 02:07:38 INFO module=sched msg="cache warmed up"
2026-02-23 02:08:06 DEBUG module=auth msg="heartbeat sent"
2026-02-23 02:09:26 ERROR module=auth msg="no space left on device"
2026-02-23 02:09:53 WARN module=net msg="slow response"
2026-02-23 02:12:36 WARN module=db msg="deprecated option used"
2026-02-23 02:12:44 INFO module=fs msg="request completed"
2026-02-23 02:16:28 INFO module=cache msg="job scheduled"
2026-02-23 02:18:33 INFO module=fs msg="job scheduled"
2026-02-23 02:18:50 INFO module=fs msg="user logged in"
2026-02-23 02:19:29 INFO module=auth msg="user logged in"
2026-02-23 02:21:01 INFO module=fs msg="job scheduled"
2026-02-23 02:22:03 WARN module=db msg="slow response"
2026-02-23 02:22:36 INFO module=disk msg="config reloaded"
2026-02-23 02:23:36 INFO module=net msg="job scheduled"
2026-02-23 02:27:30 WARN module=db msg="slow response"
2026-02-23 02:27:45 INFO module=net msg="request completed"
2026-02-23 02:27:52 INFO module=cache msg="service started"
2026-02-23 02:30:25 DEBUG module=cache msg="buffer flushed"
2026-02-23 02:30:48 INFO module=fs msg="job scheduled"
2026-02-23 02:32:12 WARN module=db msg="disk usage above 80%"
2026-02-23 02:32:55 INFO module=disk msg="job scheduled"
2026-02-23 02:33:13 INFO module=disk msg="cache warmed up"
2026-02-23 02:33:45 DEBUG module=auth msg="queue length checked"
2026-02-23 02:35:13 INFO module=cache msg="job scheduled"
2026-02-23 02:37:07 INFO module=db msg="request completed"
2026-02-23 02:37:35 INFO module=auth msg="user logged in"
2026-02-23 02:38:27 WARN module=net msg="slow response"
2026-02-23 02:38:28 ERROR module=db msg="connection timeout"
2026-02-23 02:38:38 WARN module=net msg="token expires soon"
2026-02-23 02:38:40 WARN module=db msg="token expires soon"
2026-02-23 02:41:03 INFO module=net msg="cache warmed up"
2026-02-23 02:43:59 WARN module=fs msg="retrying request"
2026-02-23 02:47:50 DEBUG module=net msg="buffer flushed"
2026-02-23 02:48:35 INFO module=api msg="service started"
2026-02-23 02:51:09 INFO module=net msg="request completed"
2026-02-23 02:52:58 INFO module=cache msg="request completed"
2026-02-23 02:53:46 INFO module=auth msg="job scheduled"
2026-02-23 02:53:50 INFO module=fs msg="cache warmed up"
2026-02-23 02:54:02 INFO module=db msg="request completed"
2026-02-23 02:58:37 WARN module=cache msg="retrying request"
2026-02-23 03:00:59 INFO module=net msg="user logged in"
2026-02-23 03:01:09 INFO module=sched msg="config reloaded"
2026-02-23 03:05:08 ERROR module=cache msg="connection refused"
2026-02-23 03:06:31 INFO module=cache msg="user logged in"
2026-02-23 03:08:47 DEBUG module=cache msg="entering handler"
2026-02-23 03:17:12 INFO module=db msg="user logged in"
2026-02-23 03:17:37 WARN module=api msg="retrying request"
2026-02-23 03:17:56 ERROR module=db msg="connection refused"
2026-02-23 03:21:59 ERROR module=net msg="permission denied"
2026-02-23 03:22:29 DEBUG module=db msg="heartbeat sent"
2026-02-23 03:24:18 WARN module=disk msg="disk usage above 80%"
2026-02-23 03:24:46 DEBUG module=auth msg="heartbeat sent"
2026-02-23 03:26:31 INFO module=cache msg="job scheduled"
2026-02-23 03:27:07 WARN module=disk msg="slow response"
2026-02-23 03:31:20 INFO module=api msg="service started"
2026-02-23 03:31:59 INFO module=cache msg="service started"
2026-02-23 03:32:31 INFO module=auth msg="user logged in"
2026-02-23 03:37:05 INFO module=sched msg="service started"
2026-02-23 03:38:47 INFO module=net msg="request completed"
2026-02-23 03:41:34 ERROR module=db msg="query failed"
2026-02-23 03:42:46 INFO module=fs msg="request completed"
2026-02-23 03:43:57 INFO module=auth msg="cache warmed up"
2026-02-23 03:46:48 INFO module=fs msg="cache warmed up"
2026-02-23 03:48:03 INFO module=api msg="cache warmed up"
2026-02-23 03:51:19 INFO module=api msg="cache warmed up"
2026-02-23 03:51:25 INFO module=sched msg="request completed"
2026-02-23 03:51:42 ERROR module=fs msg="permission denied"
2026-02-23 03:54:10 DEBUG module=cache msg="entering handler"
2026-02-23 03:57:14 DEBUG module=fs msg="heartbeat sent"
2026-02-23 03:59:06 INFO module=disk msg="request completed"
2026-02-23 03:59:51 WARN module=disk msg="deprecated option used"
2026-02-23 03:59:59 WARN module=db msg="token expires soon"
2026-02-23 04:08:13 DEBUG module=auth msg="heartbeat sent"
2026-02-23 04:09:57 WARN module=disk msg="token expires soon"
2026-02-23 04:11:20 INFO module=net msg="service started"
2026-02-23 04:12:44 ERROR module=auth msg="connection refused"
2026-02-23 04:12:51 INFO module=cache msg="request completed"
2026-02-23 04:15:46 INFO module=auth msg="service started"
2026-02-23 04:17:44 INFO module=net msg="user logged in"
2026-02-23 04:17:49 INFO module=disk msg="service started"
2026-02-23 04:19:37 ERROR module=net msg="invalid token"
2026-02-23 04:20:04 DEBUG module=db msg="entering handler"
2026-02-23 04:21:09 INFO module=auth msg="cache warmed up"
2026-02-23 04:21:26 INFO module=db msg="service started"
2026-02-23 04:22:49 INFO module=disk msg="request completed"
2026-02-23 04:24:33 DEBUG module=cache msg="heartbeat sent"
2026-02-23 04:27:57 INFO module=disk msg="request completed"
2026-02-23 04:30:46 INFO module=net msg="user logged in"
2026-02-23 04:31:49 INFO module=api msg="config reloaded"
2026-02-23 04:33:34 INFO module=cache msg="service started"
2026-02-23 04:36:01 INFO module=disk msg="job scheduled"
2026-02-23 04:38:19 INFO module=fs msg="cache warmed up"
2026-02-23 04:44:01 WARN module=api msg="disk usage above 80%"
2026-02-23 04:45:42 INFO module=net msg="job scheduled"
2026-02-23 04:47:01 INFO module=db msg="cache warmed up"
2026-02-23 04:48:20 WARN module=cache msg="token expires soon"
2026-02-23 04:48:24 INFO module=auth msg="user logged in"
2026-02-23 04:48:32 INFO module=fs msg="user logged in"
2026-02-23 04:48:49 INFO module=auth msg="job scheduled"
2026-02-23 04:51:15 INFO module=sched msg="config reloaded"
2026-02-23 04:51:45 WARN module=net msg="token expires soon"
2026-02-23 04:51:54 INFO module=net msg="service started"
2026-02-23 04:58:29 WARN module=db msg="retrying request"
2026-02-23 05:00:09 INFO module=net msg="job scheduled"
2026-02-23 05:00:16 WARN module=db msg="slow response"
2026-02-23 05:01:59 ERROR module=net msg="query failed"
2026-02-23 05:02:40 WARN module=cache msg="deprecated option used"
2026-02-23 05:03:36 WARN module=net msg="retrying request"
2026-02-23 05:04:15 WARN module=disk msg="deprecated option used"
2026-02-23 05:04:35 INFO module=disk msg="request completed"
2026-02-23 05:10:16 INFO module=api msg="request completed"
2026-02-23 05:12:53 INFO module=auth msg="job scheduled"
2026-02-23 05:15:45 WARN module=cache msg="disk usage above 80%"
2026-02-23 05:16:32 ERROR module=net msg="invalid token"
2026-02-23 05:16:39 INFO module=auth msg="user logged in"
2026-02-23 05:21:48 INFO module=db msg="job scheduled"
2026-02-23 05:25:50 INFO module=db msg="cache warmed up"
2026-02-23 05:26:53 INFO module=disk msg="user logged in"
2026-02-23 05:29:58 INFO module=net msg="config reloaded"
2026-02-23 05:34:17 WARN module=disk msg="slow response"
2026-02-23 05:35:08 INFO module=net msg="job scheduled"
2026-02-23 05:37:47 INFO module=db msg="request completed"
2026-02-23 05:38:27 INFO module=auth msg="job scheduled"
2026-02-23 05:39:24 INFO module=net msg="cache warmed up"
2026-02-23 05:40:43 DEBUG module=net msg="entering handler"
2026-02-23 05:42:42 INFO module=fs msg="job scheduled"
2026-02-23 05:45:47 INFO module=db msg="config reloaded"
2026-02-23 05:46:18 INFO module=api msg="service started"
2026-02-23 05:48:00 INFO module=db msg="job scheduled"
2026-02-23 05:51:42 INFO module=sched msg="cache warmed up"
2026-02-23 05:52:57 ERROR module=api msg="segment read failed"
2026-02-23 05:54:20 INFO module=auth msg="service started"
2026-02-23 05:58:19 ERROR module=db msg="connection refused"
2026-02-23 05:58:27 INFO module=sched msg="config reloaded"
2026-02-23 05:58:51 INFO module=auth msg="job scheduled"
2026-02-23 06:00:27 INFO module=api msg="service started"
2026-02-23 06:00:41 WARN module=cache msg="disk usage above 80%"
2026-02-23 06:00:49 INFO module=disk msg="job scheduled"
2026-02-23 06:01:12 INFO module=cache msg="user logged in"
2026-02-23 06:03:05 WARN module=net msg="slow response"
2026-02-23 06:04:08 WARN module=net msg="deprecated option used"
2026-02-23 06:06:00 INFO module=net msg="request completed"
2026-02-23 06:08:36 INFO module=api msg="service started"
2026-02-23 06:12:17 INFO module=disk msg="config reloaded"
2026-02-23 06:16:20 INFO module=sched msg="user logged in"
2026-02-23 06:16:23 INFO module=disk msg="user logged in"
2026-02-23 06:17:09 INFO module=auth msg="cache warmed up"
2026-02-23 06:17:45 INFO module=auth msg="job scheduled"
2026-02-23 06:20:28 INFO module=net msg="service started"
2026-02-23 06:21:46 INFO module=api msg="config reloaded"
2026-02-23 06:26:30 INFO module=auth msg="request completed"
2026-02-23 06:28:20 INFO module=api msg="job scheduled"
2026-02-23 06:30:48 WARN module=cache msg="deprecated option used"
2026-02-23 06:31:46 INFO module=cache msg="service started"
2026-02-23 06:32:14 DEBUG module=fs msg="heartbeat sent"
2026-02-23 06:33:39 INFO module=disk msg="cache warmed up"
2026-02-23 06:35:50 INFO module=disk msg="user logged in"
2026-02-23 06:37:00 DEBUG module=sched msg="heartbeat sent"
2026-02-23 06:37:28 INFO module=net msg="service started"
2026-02-23 06:38:09 INFO module=sched msg="service started"
2026-02-23 06:39:16 INFO module=api msg="job scheduled"
2026-02-23 06:40:13 INFO module=db msg="cache warmed up"
2026-02-23 06:40:55 INFO module=cache msg="cache warmed up"
2026-02-23 06:41:23 INFO module=auth msg="user logged in"
2026-02-23 06:41:38 DEBUG module=cache msg="retry counter reset"
2026-02-23 06:45:17 INFO module=api msg="config reloaded"
2026-02-23 06:47:08 DEBUG module=sched msg="heartbeat sent"
2026-02-23 06:52:35 WARN module=cache msg="deprecated option used"
2026-02-23 06:53:18 INFO module=auth msg="request completed"
2026-02-23 06:53:42 INFO module=api msg="job scheduled"
2026-02-23 06:53:46 WARN module=db msg="token expires soon"
2026-02-23 06:55:13 INFO module=api msg="job scheduled"
2026-02-23 06:56:11 INFO module=db msg="user logged in"
2026-02-23 06:56:42 WARN module=sched msg="slow response"
2026-02-23 06:56:49 DEBUG module=cache msg="buffer flushed"
2026-02-23 06:57:00 INFO module=auth msg="service started"
2026-02-23 07:01:08 INFO module=api msg="config reloaded"
2026-02-23 07:04:31 INFO module=net msg="config reloaded"
2026-02-23 07:05:55 DEBUG module=db msg="buffer flushed"
2026-02-23 07:06:28 INFO module=db msg="user logged in"
2026-02-23 07:08:00 INFO module=fs msg="user logged in"
2026-02-23 07:08:39 WARN module=disk msg="deprecated option used"
2026-02-23 07:14:05 INFO module=net msg="request completed"
2026-02-23 07:15:32 INFO module=disk msg="config reloaded"
2026-02-23 07:18:38 DEBUG module=auth msg="queue length checked"
2026-02-23 07:21:40 INFO module=auth msg="user logged in"
2026-02-23 07:22:14 DEBUG module=sched msg="heartbeat sent"
2026-02-23 07:23:56 INFO module=sched msg="cache warmed up"
2026-02-23 07:26:53 INFO module=fs msg="job scheduled"
2026-02-23 07:30:05 ERROR module=db msg="query failed"
2026-02-23 07:31:57 INFO module=auth msg="service started"
2026-02-23 07:32:14 DEBUG module=api msg="entering handler"
2026-02-23 07:35:11 INFO module=cache msg="request completed"
2026-02-23 07:36:42 INFO module=sched msg="service started"
2026-02-23 07:37:16 INFO module=auth msg="job scheduled"
2026-02-23 07:38:37 INFO module=fs msg="user logged in"
2026-02-23 07:38:41 INFO module=db msg="service started"
2026-02-23 07:41:34 INFO module=sched msg="job scheduled"
2026-02-23 07:41:47 INFO module=sched msg="config reloaded"
2026-02-23 07:42:40 WARN module=db msg="disk usage above 80%"
2026-02-23 07:50:56 ERROR module=net msg="connection refused"
2026-02-23 07:52:59 WARN module=net msg="slow response"
2026-02-23 07:53:09 DEBUG module=net msg="entering handler"
2026-02-23 07:57:34 DEBUG module=cache msg="heartbeat sent"
2026-02-23 07:59:23 INFO module=net msg="cache warmed up"
2026-02-23 07:59:44 INFO module=cache msg="user logged in"
2026-02-23 08:00:28 WARN module=cache msg="disk usage above 80%"
2026-02-23 08:00:59 DEBUG module=cache msg="buffer flushed"
2026-02-23 08:03:29 WARN module=disk msg="disk usage above 80%"
2026-02-23 08:05:48 INFO module=api msg="cache warmed up"
2026-02-23 08:11:49 WARN module=db msg="slow response"
2026-02-23 08:13:18 INFO module=auth msg="user logged in"
2026-02-23 08:13:23 WARN module=net msg="deprecated option used"
2026-02-23 08:13:46 INFO module=net msg="service started"
2026-02-23 08:15:56 WARN module=auth msg="disk usage above 80%"
2026-02-23 08:19:35 DEBUG module=sched msg="buffer flushed"
2026-02-23 08:22:11 INFO module=disk msg="request completed"
2026-02-23 08:27:09 ERROR module=auth msg="permission denied"
2026-02-23 08:28:59 INFO module=sched msg="request completed"
2026-02-23 08:30:02 ERROR module=fs msg="connection refused"
2026-02-23 08:31:31 INFO module=disk msg="request completed"
2026-02-23 08:36:18 INFO module=fs msg="job scheduled"
2026-02-23 08:37:16 DEBUG module=fs msg="buffer flushed"
2026-02-23 08:40:03 INFO module=net msg="service started"
2026-02-23 08:40:36 INFO module=fs msg="cache warmed up"
2026-02-23 08:41:32 INFO module=fs msg="config reloaded"
2026-02-23 08:42:13 WARN module=api msg="token expires soon"
2026-02-23 08:43:11 INFO module=net msg="request completed"
2026-02-23 08:43:49 INFO module=fs msg="job scheduled"
2026-02-23 08:44:15 WARN module=api msg="disk usage above 80%"
2026-02-23 08:44:46 INFO module=auth msg="config reloaded"
2026-02-23 08:47:00 ERROR module=disk msg="invalid token"
2026-02-23 08:49:54 WARN module=disk msg="retrying request"
2026-02-23 08:50:14 DEBUG module=sched msg="buffer flushed"
2026-02-23 08:51:23 ERROR module=net msg="permission denied"
2026-02-23 08:52:50 DEBUG module=net msg="buffer flushed"
2026-02-23 08:57:23 DEBUG module=sched msg="heartbeat sent"
2026-02-23 09:02:23 INFO module=disk msg="user logged in"
2026-02-23 09:04:16 INFO module=api msg="user logged in"
2026-02-23 09:04:19 ERROR module=net msg="no space left on device"
2026-02-23 09:05:31 ERROR module=disk msg="no space left on device"
2026-02-23 09:11:47 INFO module=api msg="cache warmed up"
2026-02-23 09:12:12 INFO module=auth msg="cache warmed up"
2026-02-23 09:12:25 INFO module=auth msg="service started"
2026-02-23 09:14:15 INFO module=db msg="user logged in"
2026-02-23 09:15:52 INFO module=fs msg="config reloaded"
2026-02-23 09:22:06 WARN module=api msg="deprecated option used"
2026-02-23 09:23:56 DEBUG module=disk msg="entering handler"
2026-02-23 09:29:06 INFO module=disk msg="service started"
2026-02-23 09:29:57 WARN module=disk msg="deprecated option used"
2026-02-23 09:32:31 WARN module=auth msg="retrying request"
2026-02-23 09:32:54 WARN module=net msg="retrying request"
2026-02-23 09:33:03 INFO module=net msg="service started"
2026-02-23 09:33:11 WARN module=sched msg="retrying request"
2026-02-23 09:33:47 WARN module=disk msg="slow response"
2026-02-23 09:34:38 WARN module=api msg="slow response"
2026-02-23 09:36:17 INFO module=db msg="config reloaded"
2026-02-23 09:41:24 DEBUG module=net msg="queue length checked"
2026-02-23 09:41:40 DEBUG module=auth msg="buffer flushed"
2026-02-23 09:41:42 INFO module=db msg="config reloaded"
2026-02-23 09:46:06 WARN module=db msg="disk usage above 80%"
2026-02-23 09:47:42 DEBUG module=sched msg="queue length checked"
2026-02-23 09:49:51 DEBUG module=sched msg="heartbeat sent"
2026-02-23 09:52:03 INFO module=api msg="user logged in"
2026-02-23 09:52:14 INFO module=sched msg="config reloaded"
2026-02-23 09:53:00 DEBUG module=disk msg="retry counter reset"
2026-02-23 09:54:28 WARN module=net msg="deprecated option used"
2026-02-23 09:56:48 WARN module=fs msg="disk usage above 80%"
2026-02-23 09:58:57 INFO module=disk msg="request completed"
2026-02-23 10:00:35 WARN module=net msg="token expires soon"
2026-02-23 10:04:18 WARN module=auth msg="deprecated option used"
2026-02-23 10:05:29 WARN module=db msg="retrying request"
2026-02-23 10:14:00 WARN module=net msg="disk usage above 80%"
2026-02-23 10:16:52 WARN module=auth msg="retrying request"
2026-02-23 10:19:38 INFO module=net msg="cache warmed up"
2026-02-23 10:22:17 DEBUG module=sched msg="entering handler"
2026-02-23 10:23:09 INFO module=auth msg="request completed"
2026-02-23 10:26:06 INFO module=cache msg="job scheduled"
2026-02-23 10:26:19 WARN module=cache msg="token expires soon"
2026-02-23 10:29:45 ERROR module=fs msg="connection timeout"
2026-02-23 10:29:55 WARN module=db msg="deprecated option used"
2026-02-23 10:30:02 INFO module=db msg="user logged in"
2026-02-23 10:31:50 ERROR module=auth msg="segment read failed"
2026-02-23 10:32:08 INFO module=api msg="request completed"
2026-02-23 10:34:25 INFO module=db msg="config reloaded"
2026-02-23 10:36:15 DEBUG module=auth msg="buffer flushed"
2026-02-23 10:36:49 INFO module=auth msg="cache warmed up"
2026-02-23 10:41:02 INFO module=cache msg="job scheduled"
2026-02-23 10:42:12 INFO module=api msg="job scheduled"
2026-02-23 10:42:40 INFO module=net msg="service started"
2026-02-23 10:43:24 INFO module=fs msg="user logged in"
2026-02-23 10:45:57 INFO module=net msg="job scheduled"
2026-02-23 10:46:00 ERROR module=disk msg="invalid token"
2026-02-23 10:49:25 WARN module=disk msg="disk usage above 80%"
2026-02-23 10:50:30 ERROR module=auth msg="invalid token"
2026-02-23 10:50:39 INFO module=api msg="config reloaded"
2026-02-23 10:50:58 INFO module=api msg="config reloaded"
2026-02-23 10:51:20 INFO module=db msg="user logged in"
2026-02-23 10:53:12 INFO module=cache msg="service started"
2026-02-23 10:53:19 INFO module=db msg="request completed"
2026-02-23 10:53:24 ERROR module=net msg="invalid token"
2026-02-23 10:53:45 WARN module=cache msg="deprecated option used"
2026-02-23 10:54:20 WARN module=api msg="disk usage above 80%"
2026-02-23 10:57:00 INFO module=auth msg="request completed"
2026-02-23 10:57:27 INFO module=fs msg="service started"
2026-02-23 10:58:41 INFO module=net msg="service started"
2026-02-23 10:58:42 INFO module=sched msg="config reloaded"
2026-02-23 11:00:56 DEBUG module=db msg="entering handler"
2026-02-23 11:03:24 DEBUG module=sched msg="buffer flushed"
2026-02-23 11:04:09 INFO module=auth msg="cache warmed up"
2026-02-23 11:04:11 ERROR module=net msg="connection refused"
2026-02-23 11:05:38 WARN module=api msg="deprecated option used"
2026-02-23 11:11:15 INFO module=fs msg="job scheduled"
2026-02-23 11:12:07 INFO module=net msg="config reloaded"
2026-02-23 11:14:52 INFO module=sched msg="user logged in"
2026-02-23 11:16:36 INFO module=cache msg="service started"
2026-02-23 11:17:05 ERROR module=net msg="connection timeout"
2026-02-23 11:20:04 WARN module=db msg="slow response"
2026-02-23 11:21:09 DEBUG module=sched msg="heartbeat sent"
2026-02-23 11:22:53 INFO module=sched msg="request completed"
2026-02-23 11:23:13 INFO module=db msg="service started"
2026-02-23 11:23:25 ERROR module=auth msg="segment read failed"
2026-02-23 11:25:26 INFO module=db msg="user logged in"
2026-02-23 11:27:03 DEBUG module=net msg="retry counter reset"
2026-02-23 11:28:19 INFO module=api msg="user logged in"
2026-02-23 11:32:28 INFO module=api msg="user logged in"
2026-02-23 11:32:29 INFO module=auth msg="service started"
2026-02-23 11:32:38 INFO module=fs msg="job scheduled"
2026-02-23 11:33:40 INFO module=db msg="request completed"
2026-02-23 11:34:56 WARN module=auth msg="deprecated option used"
2026-02-23 11:38:34 WARN module=api msg="deprecated option used"
2026-02-23 11:40:46 INFO module=fs msg="user logged in"
2026-02-23 11:41:54 ERROR module=auth msg="permission denied"
2026-02-23 11:42:42 INFO module=auth msg="request completed"
2026-02-23 11:43:35 DEBUG module=db msg="entering handler"
2026-02-23 11:44:08 INFO module=api msg="cache warmed up"
2026-02-23 11:46:23 WARN module=auth msg="slow response"
2026-02-23 11:54:48 INFO module=cache msg="config reloaded"
2026-02-23 11:56:35 DEBUG module=auth msg="retry counter reset"
2026-02-23 11:56:44 ERROR module=disk msg="permission denied"
2026-02-23 12:04:11 INFO module=auth msg="job scheduled"
2026-02-23 12:08:09 INFO module=disk msg="request completed"
2026-02-23 12:12:51 WARN module=disk msg="token expires soon"
2026-02-23 12:12:54 INFO module=api msg="user logged in"
2026-02-23 12:14:40 INFO module=auth msg="config reloaded"
2026-02-23 12:18:19 DEBUG module=cache msg="heartbeat sent"
2026-02-23 12:19:10 DEBUG module=fs msg="buffer flushed"
2026-02-23 12:19:36 INFO module=api msg="request completed"
2026-02-23 12:21:02 DEBUG module=auth msg="queue length checked"
2026-02-23 12:21:14 DEBUG module=sched msg="heartbeat sent"
2026-02-23 12:21:35 INFO module=cache msg="request completed"
2026-02-23 12:22:48 INFO module=db msg="user logged in"
2026-02-23 12:27:22 INFO module=net msg="service started"
2026-02-23 12:33:08 INFO module=api msg="request completed"
2026-02-23 12:33:23 WARN module=cache msg="token expires soon"
2026-02-23 12:34:16 INFO module=disk msg="request completed"
2026-02-23 12:37:08 WARN module=auth msg="token expires soon"
2026-02-23 12:40:27 WARN module=cache msg="deprecated option used"
2026-02-23 12:44:05 ERROR module=fs msg="invalid token"
2026-02-23 12:44:18 DEBUG module=sched msg="retry counter reset"
2026-02-23 12:46:11 INFO module=auth msg="user logged in"
2026-02-23 12:46:31 DEBUG module=cache msg="retry counter reset"
2026-02-23 12:48:40 INFO module=db msg="config reloaded"
2026-02-23 12:48:47 INFO module=net msg="request completed"
2026-02-23 12:51:41 DEBUG module=cache msg="queue length checked"
2026-02-23 12:55:18 INFO module=fs msg="service started"
2026-02-23 12:55:53 INFO module=cache msg="config reloaded"
2026-02-23 12:56:51 INFO module=disk msg="job scheduled"
2026-02-23 12:57:18 INFO module=fs msg="request completed"
2026-02-23 12:57:36 INFO module=db msg="service started"
2026-02-23 12:58:50 DEBUG module=db msg="retry counter reset"
2026-02-23 12:58:58 WARN module=cache msg="deprecated option used"
2026-02-23 12:59:47 INFO module=fs msg="config reloaded"
2026-02-23 13:01:14 ERROR module=disk msg="permission denied"
2026-02-23 13:01:24 INFO module=sched msg="config reloaded"
2026-02-23 13:02:15 INFO module=auth msg="service started"
2026-02-23 13:03:32 INFO module=api msg="user logged in"
2026-02-23 13:03:54 INFO module=db msg="service started"
2026-02-23 13:04:16 INFO module=sched msg="user logged in"
2026-02-23 13:04:18 INFO module=sched msg="user logged in"
2026-02-23 13:05:46 INFO module=sched msg="request completed"
2026-02-23 13:07:17 ERROR module=auth msg="segment read failed"
2026-02-23 13:10:59 INFO module=auth msg="user logged in"
2026-02-23 13:13:36 INFO module=fs msg="user logged in"
2026-02-23 13:14:54 INFO module=db msg="request completed"
2026-02-23 13:16:05 WARN module=disk msg="retrying request"
2026-02-23 13:16:29 INFO module=fs msg="service started"
2026-02-23 13:18:07 INFO module=sched msg="job scheduled"
2026-02-23 13:20:31 INFO module=fs msg="request completed"
2026-02-23 13:21:18 WARN module=db msg="retrying request"
2026-02-23 13:21:43 INFO module=sched msg="config reloaded"
2026-02-23 13:21:57 INFO module=sched msg="cache warmed up"
2026-02-23 13:22:34 DEBUG module=disk msg="retry counter reset"
2026-02-23 13:25:38 INFO module=disk msg="request completed"
2026-02-23 13:27:21 WARN module=auth msg="retrying request"
2026-02-23 13:27:38 DEBUG module=disk msg="entering handler"
2026-02-23 13:27:51 INFO module=auth msg="user logged in"
2026-02-23 13:28:04 INFO module=db msg="service started"
2026-02-23 13:29:24 ERROR module=net msg="query failed"
2026-02-23 13:31:16 WARN module=disk msg="disk usage above 80%"
2026-02-23 13:31:58 WARN module=auth msg="retrying request"
2026-02-23 13:31:59 INFO module=api msg="job scheduled"
2026-02-23 13:35:12 INFO module=api msg="job scheduled"
2026-02-23 13:36:18 INFO module=net msg="cache warmed up"
2026-02-23 13:38:07 WARN module=api msg="disk usage above 80%"
2026-02-23 13:40:08 DEBUG module=net msg="buffer flushed"
2026-02-23 13:44:15 INFO module=net msg="cache warmed up"
2026-02-23 13:48:00 INFO module=auth msg="user logged in"
2026-02-23 13:48:11 INFO module=sched msg="service started"
2026-02-23 13:48:49 WARN module=disk msg="retrying request"
2026-02-23 13:49:57 INFO module=auth msg="config reloaded"
2026-02-23 13:52:56 INFO module=db msg="user logged in"
2026-02-23 13:54:26 INFO module=api msg="config reloaded"
2026-02-23 13:55:16 INFO module=cache msg="cache warmed up"
2026-02-23 13:57:31 WARN module=cache msg="slow response"
2026-02-23 13:58:59 INFO module=fs msg="cache warmed up"
2026-02-23 13:59:33 WARN module=auth msg="token expires soon"
2026-02-23 13:59:41 WARN module=net msg="deprecated option used"
2026-02-23 13:59:42 INFO module=sched msg="service started"
2026-02-23 14:00:12 WARN module=disk msg="deprecated option used"
2026-02-23 14:01:03 WARN module=sched msg="slow response"
2026-02-23 14:04:32 WARN module=auth msg="slow response"
2026-02-23 14:04:37 INFO module=db msg="service started"
2026-02-23 14:06:05 DEBUG module=auth msg="retry counter reset"
2026-02-23 14:07:21 INFO module=sched msg="config reloaded"
2026-02-23 14:12:13 INFO module=cache msg="service started"
2026-02-23 14:15:02 INFO module=disk msg="config reloaded"
2026-02-23 14:17:52 DEBUG module=auth msg="queue length checked"
2026-02-23 14:18:19 INFO module=net msg="cache warmed up"
2026-02-23 14:20:26 INFO module=disk msg="service started"
2026-02-23 14:21:57 INFO module=net msg="request completed"
2026-02-23 14:26:02 INFO module=api msg="user logged in"
2026-02-23 14:27:21 INFO module=cache msg="service started"
2026-02-23 14:28:24 WARN module=disk msg="slow response"
2026-02-23 14:29:18 ERROR module=api msg="invalid token"
2026-02-23 14:30:26 INFO module=auth msg="request completed"
2026-02-23 14:31:06 INFO module=sched msg="service started"
2026-02-23 14:31:11 INFO module=auth msg="request completed"
2026-02-23 14:31:20 INFO module=db msg="user logged in"
2026-02-23 14:37:30 INFO module=auth msg="request completed"
2026-02-23 14:38:06 INFO module=api msg="request completed"
2026-02-23 14:38:13 INFO module=sched msg="request completed"
2026-02-23 14:41:14 INFO module=fs msg="request completed"
2026-02-23 14:41:47 ERROR module=cache msg="permission denied"
2026-02-23 14:43:48 WARN module=disk msg="retrying request"
2026-02-23 14:44:26 DEBUG module=sched msg="entering handler"
2026-02-23 14:44:45 INFO module=fs msg="request completed"
2026-02-23 14:48:10 DEBUG module=sched msg="heartbeat sent"
2026-02-23 14:48:52 INFO module=fs msg="job scheduled"
2026-02-23 14:49:07 WARN module=api msg="token expires soon"
2026-02-23 14:49:10 DEBUG module=sched msg="heartbeat sent"
2026-02-23 14:50:00 INFO module=sched msg="job scheduled"
2026-02-23 14:51:21 INFO module=net msg="user logged in"
2026-02-23 14:52:37 INFO module=sched msg="cache warmed up"
2026-02-23 14:53:27 INFO module=api msg="config reloaded"
2026-02-23 14:54:46 INFO module=net msg="config reloaded"
2026-02-23 14:56:33 INFO module=db msg="config reloaded"
2026-02-23 14:58:04 DEBUG module=db msg="queue length checked"
2026-02-23 14:59:41 DEBUG module=sched msg="buffer flushed"
2026-02-23 15:00:34 INFO module=net msg="cache warmed up"
2026-02-23 15:02:14 INFO module=cache msg="job scheduled"
2026-02-23 15:03:37 INFO module=cache msg="request completed"
2026-02-23 15:04:47 INFO module=db msg="job scheduled"
2026-02-23 15:07:34 INFO module=db msg="service started"
2026-02-23 15:10:07 WARN module=db msg="retrying request"
2026-02-23 15:10:28 INFO module=net msg="service started"
2026-02-23 15:11:17 INFO module=cache msg="service started"
2026-02-23 15:11:50 INFO module=db msg="job scheduled"
2026-02-23 15:15:36 DEBUG module=sched msg="buffer flushed"
2026-02-23 15:19:45 ERROR module=cache msg="permission denied"
2026-02-23 15:25:46 ERROR module=disk msg="segment read failed"
2026-02-23 15:28:49 INFO module=auth msg="request completed"
2026-02-23 15:32:15 INFO module=api msg="user logged in"
2026-02-23 15:33:57 ERROR module=auth msg="connection timeout"
2026-02-23 15:35:34 INFO module=auth msg="config reloaded"
2026-02-23 15:35:52 WARN module=net msg="slow response"
2026-02-23 15:38:52 DEBUG module=sched msg="entering handler"
2026-02-23 15:40:24 INFO module=db msg="service started"
2026-02-23 15:43:50 ERROR module=net msg="connection refused"
2026-02-23 15:45:09 INFO module=disk msg="job scheduled"
2026-02-23 15:45:11 WARN module=disk msg="deprecated option used"
2026-02-23 15:45:47 INFO module=db msg="config reloaded"
2026-02-23 15:50:53 INFO module=db msg="job scheduled"
2026-02-23 15:56:00 INFO module=disk msg="config reloaded"
2026-02-23 16:01:35 INFO module=net msg="service started"
2026-02-23 16:01:47 INFO module=auth msg="job scheduled"
2026-02-23 16:06:59 ERROR module=net msg="connection timeout"
2026-02-23 16:08:02 INFO module=disk msg="cache warmed up"
2026-02-23 16:11:09 INFO module=db msg="cache warmed up"
2026-02-23 16:12:29 INFO module=fs msg="cache warmed up"
2026-02-23 16:13:52 DEBUG module=sched msg="queue length checked"
2026-02-23 16:15:14 INFO module=fs msg="request completed"
2026-02-23 16:19:54 ERROR module=db msg="query failed"
2026-02-23 16:21:25 INFO module=net msg="job scheduled"
2026-02-23 16:21:38 INFO module=api msg="service started"
2026-02-23 16:25:37 WARN module=disk msg="retrying request"
2026-02-23 16:26:38 ERROR module=auth msg="no space left on device"
2026-02-23 16:26:58 INFO module=db msg="config reloaded"
2026-02-23 16:30:01 INFO module=api msg="cache warmed up"
2026-02-23 16:30:51 DEBUG module=cache msg="buffer flushed"
2026-02-23 16:31:00 INFO module=fs msg="cache warmed up"
2026-02-23 16:33:14 INFO module=auth msg="cache warmed up"
2026-02-23 16:33:28 INFO module=api msg="config reloaded"
2026-02-23 16:34:29 DEBUG module=db msg="retry counter reset"
2026-02-23 16:34:57 WARN module=disk msg="deprecated option used"
2026-02-23 16:36:00 INFO module=sched msg="cache warmed up"
2026-02-23 16:36:12 DEBUG module=net msg="queue length checked"
2026-02-23 16:36:35 INFO module=fs msg="cache warmed up"
2026-02-23 16:36:47 DEBUG module=net msg="entering handler"
2026-02-23 16:37:03 INFO module=auth msg="service started"
2026-02-23 16:38:12 INFO module=db msg="config reloaded"
2026-02-23 16:38:40 INFO module=cache msg="cache warmed up"
2026-02-23 16:38:54 WARN module=api msg="slow response"
2026-02-23 16:40:46 INFO module=auth msg="user logged in"
2026-02-23 16:46:30 INFO module=cache msg="user logged in"
2026-02-23 16:48:30 INFO module=db msg="cache warmed up"
2026-02-23 16:49:17 INFO module=db msg="cache warmed up"
2026-02-23 16:49:21 INFO module=sched msg="user logged in"
2026-02-23 16:50:13 INFO module=net msg="cache warmed up"
2026-02-23 16:52:28 INFO module=disk msg="service started"
2026-02-23 16:53:28 DEBUG module=sched msg="heartbeat sent"
2026-02-23 16:53:44 WARN module=db msg="slow response"
2026-02-23 16:54:01 INFO module=cache msg="cache warmed up"
2026-02-23 16:57:00 INFO module=auth msg="user logged in"
2026-02-23 16:57:26 ERROR module=disk msg="connection timeout"
2026-02-23 16:59:34 INFO module=cache msg="service started"
2026-02-23 16:59:57 INFO module=fs msg="request completed"
2026-02-23 17:00:46 INFO module=api msg="request completed"
2026-02-23 17:07:23 INFO module=disk msg="config reloaded"
2026-02-23 17:09:49 WARN module=disk msg="token expires soon"
2026-02-23 17:10:38 INFO module=fs msg="config reloaded"
2026-02-23 17:12:00 DEBUG module=net msg="retry counter reset"
2026-02-23 17:12:43 WARN module=disk msg="slow response"
2026-02-23 17:14:04 DEBUG module=auth msg="buffer flushed"
2026-02-23 17:15:52 INFO module=api msg="request completed"
2026-02-23 17:17:08 INFO module=disk msg="service started"
2026-02-23 17:17:38 INFO module=fs msg="service started"
2026-02-23 17:18:25 INFO module=db msg="job scheduled"
2026-02-23 17:18:32 INFO module=fs msg="cache warmed up"
2026-02-23 17:19:00 INFO module=fs msg="job scheduled"
2026-02-23 17:19:52 INFO module=sched msg="user logged in"
2026-02-23 17:21:49 ERROR module=net msg="connection refused"
2026-02-23 17:22:21 DEBUG module=db msg="buffer flushed"
2026-02-23 17:26:10 INFO module=db msg="service started"
2026-02-23 17:27:13 INFO module=api msg="cache warmed up"
2026-02-23 17:28:31 INFO module=auth msg="job scheduled"
2026-02-23 17:30:34 WARN module=disk msg="retrying request"
2026-02-23 17:34:30 DEBUG module=cache msg="retry counter reset"
2026-02-23 17:36:35 WARN module=db msg="token expires soon"
2026-02-23 17:36:49 DEBUG module=net msg="retry counter reset"
2026-02-23 17:37:38 WARN module=disk msg="token expires soon"
2026-02-23 17:39:43 WARN module=fs msg="disk usage above 80%"
2026-02-23 17:40:15 INFO module=db msg="job scheduled"
2026-02-23 17:41:43 WARN module=cache msg="slow response"
2026-02-23 17:43:03 DEBUG module=disk msg="heartbeat sent"
2026-02-23 17:43:45 DEBUG module=disk msg="queue length checked"
2026-02-23 17:45:02 WARN module=net msg="token expires soon"
2026-02-23 17:47:32 INFO module=cache msg="user logged in"
2026-02-23 17:48:40 INFO module=db msg="config reloaded"
2026-02-23 17:49:46 ERROR module=api msg="segment read failed"
2026-02-23 17:49:57 DEBUG module=sched msg="entering handler"
2026-02-23 17:51:35 WARN module=net msg="retrying request"
2026-02-23 17:52:13 DEBUG module=api msg="buffer flushed"
2026-02-23 17:55:03 WARN module=auth msg="deprecated option used"
2026-02-23 17:56:56 INFO module=cache msg="service started"
2026-02-23 17:57:39 DEBUG module=api msg="retry counter reset"
2026-02-23 17:58:06 INFO module=disk msg="service started"
2026-02-23 18:02:05 WARN module=disk msg="retrying request"
2026-02-23 18:03:15 DEBUG module=sched msg="heartbeat sent"
2026-02-23 18:03:24 ERROR module=db msg="no space left on device"
2026-02-23 18:04:09 WARN module=cache msg="slow response"
2026-02-23 18:07:54 INFO module=fs msg="user logged in"
2026-02-23 18:09:35 INFO module=db msg="user logged in"
2026-02-23 18:09:44 INFO module=net msg="job scheduled"
2026-02-23 18:09:45 WARN module=cache msg="token expires soon"
2026-02-23 18:14:19 INFO module=cache msg="cache warmed up"
2026-02-23 18:16:38 INFO module=disk msg="user logged in"
2026-02-23 18:18:38 INFO module=auth msg="config reloaded"
2026-02-23 18:20:35 DEBUG module=net msg="queue length checked"
2026-02-23 18:21:28 WARN module=net msg="deprecated option used"
2026-02-23 18:21:52 INFO module=cache msg="service started"
2026-02-23 18:21:54 INFO module=api msg="config reloaded"
2026-02-23 18:22:04 DEBUG module=auth msg="heartbeat sent"
2026-02-23 18:22:50 INFO module=disk msg="cache warmed up"
2026-02-23 18:22:58 INFO module=auth msg="service started"
2026-02-23 18:23:47 INFO module=disk msg="service started"
2026-02-23 18:26:39 INFO module=api msg="cache warmed up"
2026-02-23 18:26:59 INFO module=auth msg="request completed"
2026-02-23 18:30:04 WARN module=api msg="retrying request"
2026-02-23 18:31:45 DEBUG module=sched msg="entering handler"
2026-02-23 18:35:00 INFO module=cache msg="user logged in"
2026-02-23 18:37:34 DEBUG module=db msg="queue length checked"
2026-02-23 18:38:18 INFO module=api msg="job scheduled"
2026-02-23 18:40:15 DEBUG module=cache msg="heartbeat sent"
2026-02-23 18:40:37 INFO module=api msg="config reloaded"
2026-02-23 18:42:04 INFO module=auth msg="job scheduled"
2026-02-23 18:42:47 DEBUG module=auth msg="buffer flushed"
2026-02-23 18:43:14 WARN module=disk msg="retrying request"
2026-02-23 18:44:10 INFO module=net msg="cache warmed up"
2026-02-23 18:45:54 WARN module=api msg="disk usage above 80%"
2026-02-23 18:46:29 INFO module=net msg="job scheduled"
2026-02-23 18:46:42 INFO module=cache msg="config reloaded"
2026-02-23 18:46:59 ERROR module=api msg="no space left on device"
2026-02-23 18:48:51 INFO module=net msg="cache warmed up"
2026-02-23 18:49:40 WARN module=db msg="disk usage above 80%"
2026-02-23 18:51:21 INFO module=disk msg="user logged in"
2026-02-23 18:52:51 INFO module=net msg="request completed"
2026-02-23 18:53:05 INFO module=auth msg="request completed"
2026-02-23 18:53:56 INFO module=api msg="service started"
2026-02-23 18:57:02 ERROR module=net msg="connection refused"
2026-02-23 19:00:03 INFO module=net msg="config reloaded"
2026-02-23 19:03:30 WARN module=auth msg="disk usage above 80%"
2026-02-23 19:03:33 INFO module=fs msg="service started"
2026-02-23 19:04:12 INFO module=cache msg="cache warmed up"
2026-02-23 19:04:36 INFO module=net msg="cache warmed up"
2026-02-23 19:05:22 DEBUG module=cache msg="queue length checked"
2026-02-23 19:06:09 WARN module=sched msg="retrying request"
2026-02-23 19:07:45 INFO module=db msg="request completed"
2026-02-23 19:08:46 DEBUG module=cache msg="queue length checked"
2026-02-23 19:09:22 INFO module=auth msg="job scheduled"
2026-02-23 19:11:36 INFO module=fs msg="cache warmed up"
2026-02-23 19:17:21 INFO module=sched msg="cache warmed up"
2026-02-23 19:18:08 INFO module=db msg="config reloaded"
2026-02-23 19:19:29 WARN module=net msg="deprecated option used"
2026-02-23 19:19:42 ERROR module=fs msg="no space left on device"
2026-02-23 19:23:11 INFO module=cache msg="request completed"
2026-02-23 19:23:24 INFO module=cache msg="config reloaded"
2026-02-23 19:26:38 WARN module=disk msg="token expires soon"
2026-02-23 19:30:47 INFO module=sched msg="cache warmed up"
2026-02-23 19:31:38 INFO module=disk msg="cache warmed up"
2026-02-23 19:35:23 INFO module=api msg="cache warmed up"
2026-02-23 19:35:47 DEBUG module=sched msg="entering handler"
2026-02-23 19:37:03 INFO module=sched msg="request completed"
2026-02-23 19:39:22 INFO module=db msg="config reloaded"
2026-02-23 19:40:33 INFO module=net msg="service started"
2026-02-23 19:42:13 INFO module=auth msg="job scheduled"
2026-02-23 19:43:52 INFO module=api msg="job scheduled"
2026-02-23 19:46:42 ERROR module=db msg="query failed"
2026-02-23 19:49:03 ERROR module=net msg="invalid token"
2026-02-23 19:50:46 INFO module=disk msg="cache warmed up"
2026-02-23 19:51:34 ERROR module=api msg="permission denied"
2026-02-23 19:54:38 DEBUG module=auth msg="retry counter reset"
2026-02-23 19:55:51 INFO module=auth msg="request completed"
2026-02-23 19:56:35 DEBUG module=fs msg="retry counter reset"
2026-02-23 19:58:53 WARN module=net msg="retrying request"
2026-02-23 20:02:06 DEBUG module=sched msg="heartbeat sent"
2026-02-23 20:03:24 DEBUG module=disk msg="retry counter reset"
2026-02-23 20:05:09 INFO module=sched msg="cache warmed up"
2026-02-23 20:05:55 ERROR module=disk msg="no space left on device"
2026-02-23 20:06:42 INFO module=auth msg="service started"
2026-02-23 20:12:10 INFO module=cache msg="user logged in"
2026-02-23 20:16:32 WARN module=auth msg="retrying request"
2026-02-23 20:18:22 INFO module=fs msg="cache warmed up"
2026-02-23 20:19:13 DEBUG module=net msg="queue length checked"
2026-02-23 20:19:40 DEBUG module=fs msg="buffer flushed"
2026-02-23 20:23:51 INFO module=auth msg="job scheduled"
2026-02-23 20:24:30 INFO module=disk msg="request completed"
2026-02-23 20:27:27 WARN module=disk msg="slow response"
2026-02-23 20:28:18 INFO module=api msg="service started"
2026-02-23 20:29:48 INFO module=cache msg="service started"
2026-02-23 20:30:33 INFO module=db msg="config reloaded"
2026-02-23 20:31:27 WARN module=auth msg="disk usage above 80%"
2026-02-23 20:33:31 WARN module=db msg="disk usage above 80%"
2026-02-23 20:35:18 INFO module=api msg="config reloaded"
2026-02-23 20:42:55 INFO module=cache msg="request completed"
2026-02-23 20:45:09 INFO module=sched msg="config reloaded"
2026-02-23 20:47:55 INFO module=fs msg="user logged in"
2026-02-23 20:48:35 INFO module=net msg="cache warmed up"
2026-02-23 20:49:33 INFO module=api msg="request completed"
2026-02-23 20:50:43 INFO module=sched msg="cache warmed up"
2026-02-23 20:50:53 WARN module=net msg="slow response"
2026-02-23 20:52:08 INFO module=net msg="service started"
2026-02-23 20:53:45 DEBUG module=sched msg="entering handler"
2026-02-23 20:54:19 DEBUG module=db msg="entering handler"
2026-02-23 20:54:30 ERROR module=db msg="invalid token"
2026-02-23 20:57:48 INFO module=db msg="job scheduled"
2026-02-23 21:01:42 WARN module=sched msg="deprecated option used"
2026-02-23 21:03:25 INFO module=net msg="job scheduled"
2026-02-23 21:06:58 DEBUG module=sched msg="buffer flushed"
2026-02-23 21:08:27 INFO module=db msg="user logged in"
2026-02-23 21:11:51 INFO module=sched msg="service started"
2026-02-23 21:16:06 WARN module=auth msg="retrying request"
2026-02-23 21:21:04 INFO module=disk msg="user logged in"
2026-02-23 21:22:07 WARN module=net msg="slow response"
2026-02-23 21:24:53 INFO module=db msg="service started"
2026-02-23 21:25:05 INFO module=fs msg="request completed"
2026-02-23 21:25:27 INFO module=net msg="config reloaded"
2026-02-23 21:27:47 INFO module=disk msg="service started"
2026-02-23 21:27:50 INFO module=api msg="request completed"
2026-02-23 21:30:39 INFO module=net msg="service started"
2026-02-23 21:35:26 INFO module=sched msg="config reloaded"
2026-02-23 21:36:01 WARN module=api msg="disk usage above 80%"
2026-02-23 21:38:01 INFO module=db msg="job scheduled"
2026-02-23 21:39:43 WARN module=db msg="deprecated option used"
2026-02-23 21:43:36 INFO module=sched msg="service started"
2026-02-23 21:45:34 INFO module=net msg="job scheduled"
2026-02-23 21:49:13 INFO module=auth msg="cache warmed up"
2026-02-23 21:49:27 WARN module=cache msg="token expires soon"
2026-02-23 21:51:31 DEBUG module=db msg="entering handler"
2026-02-23 21:51:55 DEBUG module=fs msg="buffer flushed"
2026-02-23 21:53:22 INFO module=api msg="config reloaded"
2026-02-23 21:54:08 ERROR module=db msg="connection timeout"
2026-02-23 21:55:14 INFO module=sched msg="request completed"
2026-02-23 21:55:36 WARN module=cache msg="retrying request"
2026-02-23 21:55:41 DEBUG module=auth msg="buffer flushed"
2026-02-23 21:58:05 ERROR module=disk msg="no space left on device"
2026-02-23 21:58:34 INFO module=disk msg="job scheduled"
2026-02-23 22:03:16 INFO module=cache msg="cache warmed up"
2026-02-23 22:07:28 ERROR module=net msg="connection refused"
2026-02-23 22:08:23 DEBUG module=disk msg="entering handler"
2026-02-23 22:08:24 INFO module=sched msg="job scheduled"
2026-02-23 22:11:59 DEBUG module=auth msg="retry counter reset"
2026-02-23 22:15:16 INFO module=auth msg="cache warmed up"
2026-02-23 22:16:33 ERROR module=net msg="invalid token"
2026-02-23 22:19:58 DEBUG module=sched msg="queue length checked"
2026-02-23 22:22:05 DEBUG module=api msg="buffer flushed"
2026-02-23 22:26:06 ERROR module=fs msg="permission denied"
2026-02-23 22:26:47 INFO module=net msg="job scheduled"
2026-02-23 22:27:18 WARN module=api msg="disk usage above 80%"
2026-02-23 22:27:27 DEBUG module=cache msg="buffer flushed"
2026-02-23 22:28:01 WARN module=fs msg="retrying request"
2026-02-23 22:28:28 DEBUG module=sched msg="retry counter reset"
2026-02-23 22:28:38 WARN module=net msg="retrying request"
2026-02-23 22:29:51 ERROR module=net msg="no space left on device"
2026-02-23 22:30:13 DEBUG module=cache msg="heartbeat sent"
2026-02-23 22:31:07 INFO module=api msg="job scheduled"
2026-02-23 22:35:27 INFO module=cache msg="config reloaded"
2026-02-23 22:35:49 ERROR module=api msg="segment read failed"
2026-02-23 22:39:06 DEBUG module=cache msg="queue length checked"
2026-02-23 22:41:32 INFO module=api msg="config reloaded"
2026-02-23 22:44:29 DEBUG module=sched msg="entering handler"
2026-02-23 22:44:42 INFO module=fs msg="job scheduled"
2026-02-23 22:46:41 DEBUG module=auth msg="buffer flushed"
2026-02-23 22:49:01 INFO module=db msg="user logged in"
2026-02-23 22:49:54 INFO module=fs msg="job scheduled"
2026-02-23 22:54:25 INFO module=auth msg="service started"
2026-02-23 22:58:32 INFO module=db msg="cache warmed up"
2026-02-23 23:04:09 INFO module=disk msg="request completed"
2026-02-23 23:10:45 INFO module=net msg="cache warmed up"
2026-02-23 23:11:07 DEBUG module=fs msg="heartbeat sent"
2026-02-23 23:11:54 INFO module=auth msg="service started"
2026-02-23 23:12:13 INFO module=net msg="cache warmed up"
2026-02-23 23:16:06 INFO module=net msg="config reloaded"
2026-02-23 23:16:09 WARN module=auth msg="retrying request"
2026-02-23 23:16:16 INFO module=cache msg="service started"
2026-02-23 23:17:34 INFO module=fs msg="job scheduled"
2026-02-23 23:19:13 WARN module=db msg="retrying request"
2026-02-23 23:21:07 INFO module=disk msg="service started"
2026-02-23 23:23:14 WARN module=db msg="token expires soon"
2026-02-23 23:25:04 INFO module=sched msg="service started"
2026-02-23 23:25:33 INFO module=fs msg="service started"
2026-02-23 23:25:45 INFO module=api msg="config reloaded"
2026-02-23 23:27:50 INFO module=cache msg="job scheduled"
2026-02-23 23:32:51 DEBUG module=disk msg="buffer flushed"
2026-02-23 23:34:56 INFO module=cache msg="config reloaded"
2026-02-23 23:39:40 INFO module=net msg="config reloaded"
2026-02-23 23:41:08 INFO module=sched msg="cache warmed up"
2026-02-23 23:42:11 INFO module=db msg="config reloaded"
2026-02-23 23:43:24 DEBUG module=auth msg="heartbeat sent"
2026-02-23 23:44:21 INFO module=auth msg="user logged in"
2026-02-23 23:45:31 INFO module=api msg="config reloaded"
2026-02-23 23:47:15 INFO module=db msg="config reloaded"
2026-02-23 23:48:01 DEBUG module=fs msg="buffer flushed"
2026-02-23 23:48:45 INFO module=fs msg="service started"
2026-02-23 23:50:35 INFO module=fs msg="request completed"
2026-02-23 23:51:20 ERROR module=db msg="permission denied"
2026-02-23 23:53:03 DEBUG module=fs msg="buffer flushed"
2026-02-23 23:58:54 INFO module=auth msg="request completed"
2026-02-23 23:59:35 ERROR module=disk msg="invalid token"
