2026-02-24 00:02:14 WARN module=net msg="deprecated option used"
2026-02-24 00:02:33 INFO module=net msg="config reloaded"
2026-02-24 00:04:15 DEBUG module=auth msg="buffer flushed"
2026-02-24 00:05:06 ERROR module=db msg="segment read failed"
2026-02-24 00:09:14 INFO module=disk msg="user logged in"
2026-02-24 00:09:26 DEBUG module=sched msg="retry counter reset"
2026-02-24 00:13:37 DEBUG module=disk msg="queue length checked"
2026-02-24 00:17:01 INFO module=sched msg="service started"
2026-02-24 00:17:58 INFO module=auth msg="cache warmed up"
2026-02-24 00:22:15 INFO module=db msg="config reloaded"
2026-02-24 00:22:39 INFO module=cache msg="user logged in"
2026-02-24 00:23:26 INFO module=api msg="cache warmed up"
2026-02-24 00:27:04 INFO module=api msg="config reloaded"
2026-02-24 00:29:31 ERROR module=db msg="permission denied"
2026-02-24 00:29:44 INFO module=cache msg="cache warmed up"
2026-02-24 00:30:47 INFO module=net msg="service started"
2026-02-24 00:32:33 INFO module=api msg="user logged in"
2026-02-24 00:35:13 DEBUG module=net msg="retry counter reset"
2026-02-24 00:40:10 DEBUG module=fs msg="queue length checked"
2026-02-24 00:42:08 DEBUG module=net msg="buffer flushed"
2026-02-24 00:42:14 ERROR module=db msg="permission denied"
2026-02-24 00:42:50 INFO module=sched msg="config reloaded"
2026-02-24 00:45:37 INFO module=net msg="job scheduled"
2026-02-24 00:49:33 DEBUG module=cache msg="heartbeat sent"
2026-02-24 00:50:55 INFO module=cache msg="job scheduled"
2026-02-24 00:56:30 INFO module=api msg="request completed"
2026-02-24 00:58:22 INFO module=disk msg="service started"
2026-02-24 01:06:30 WARN module=net msg="slow response"
2026-02-24 01:06:51 INFO module=net msg="cache warmed up"
2026-02-24 01:07:17 DEBUG module=sched msg="entering handler"
2026-02-24 01:10:15 INFO module=fs msg="cache warmed up"
2026-02-24 01:12:10 INFO module=auth msg="request completed"
2026-02-24 01:13:26 ERROR module=db msg="no space left on device"
2026-02-24 01:15:12 DEBUG module=fs msg="entering handler"
2026-02-24 01:16:55 INFO module=net msg="request completed"
2026-02-24 01:17:10 INFO module=api msg="user logged in"
2026-02-24 01:18:40 DEBUG module=fs msg="entering handler"
2026-02-24 01:19:55 INFO module=sched msg="job scheduled"
2026-02-24 01:22:49 INFO module=net msg="config reloaded"
2026-02-24 01:23:41 INFO module=sched msg="user logged in"
2026-02-24 01:25:49 INFO module=api msg="job scheduled"
2026-02-24 01:27:13 WARN module=net msg="deprecated option used"
2026-02-24 01:30:10 INFO module=sched msg="config reloaded"
2026-02-24 01:33:28 WARN module=disk msg="disk usage above 80%"
2026-02-24 01:34:00 WARN module=disk msg="retrying request"
2026-02-24 01:37:14 DEBUG module=sched msg="heartbeat sent"
2026-02-24 01:39:13 INFO module=sched msg="cache warmed up"
2026-02-24 01:40:57 WARN module=fs msg="token expires soon"
2026-02-24 01:42:41 WARN module=fs msg="disk usage above 80%"
2026-02-24 01:46:55 DEBUG module=fs msg="buffer flushed"
2026-02-24 01:47:13 INFO module=db msg="service started"
2026-02-24 01:48:55 INFO module=db msg="request completed"
2026-02-24 01:49:05 INFO module=api msg="user logged in"
2026-02-24 01:52:53 INFO module=sched msg="service started"
2026-02-24 01:53:18 WARN module=cache msg="token expires soon"
2026-02-24 01:55:19 INFO module=disk msg="cache warmed up"
2026-02-24 01:58:44 INFO module=net msg="cache warmed up"
2026-02-24 01:59:08 INFO module=cache msg="config reloaded"
2026-02-24 01:59:28 INFO module=auth msg="cache warmed up"
2026-02-24 02:00:57 WARN module=db msg="deprecated option used"
2026-02-24 02:10:08 INFO module=db msg="user logged in"
2026-02-24 02:10:52 DEBUG module=net msg="heartbeat sent"
2026-02-24 02:12:01 INFO module=fs msg="cache warmed up"
2026-02-24 02:12:40 DEBUG module=cache msg="retry counter reset"
2026-02-24 02:12:58 WARN module=cache msg="deprecated option used"
2026-02-24 02:19:56 DEBUG module=db msg="heartbeat sent"
2026-02-24 02:23:48 INFO module=fs msg="user logged in"
2026-02-24 02:25:31 WARN module=auth msg="disk usage above 80%"
2026-02-24 02:26:13 INFO module=fs msg="job scheduled"
2026-02-24 02:29:44 INFO module=api msg="request completed"
2026-02-24 02:30:54 INFO module=fs msg="config reloaded"
2026-02-24 02:31:52 DEBUG module=api msg="queue length checked"
2026-02-24 02:32:31 WARN module=cache msg="retrying request"
2026-02-24 02:36:33 WARN module=sched msg="retrying request"
2026-02-24 02:37:40 INFO module=net msg="job scheduled"
2026-02-24 02:42:56 INFO module=cache msg="job scheduled"
2026-02-24 02:48:13 INFO module=db msg="user logged in"
2026-02-24 02:54:37 INFO module=db msg="config reloaded"
2026-02-24 02:57:21 INFO module=cache msg="config reloaded"
2026-02-24 03:00:50 INFO module=sched msg="request completed"
2026-02-24 03:00:59 DEBUG module=disk msg="heartbeat sent"
2026-02-24 03:01:49 WARN module=auth msg="deprecated option used"
2026-02-24 03:02:28 INFO module=auth msg="config reloaded"
2026-02-24 03:03:53 INFO module=fs msg="job scheduled"
2026-02-24 03:04:36 DEBUG module=cache msg="buffer flushed"
2026-02-24 03:10:12 WARN module=auth msg="deprecated option used"
2026-02-24 03:15:16 DEBUG module=cache msg="queue length checked"
2026-02-24 03:15:26 INFO module=api msg="job scheduled"
2026-02-24 03:18:13 INFO module=disk msg="user logged in"
2026-02-24 03:24:17 DEBUG module=cache msg="retry counter reset"
2026-02-24 03:25:33 INFO module=net msg="user logged in"
2026-02-24 03:26:27 INFO module=cache msg="job scheduled"
2026-02-24 03:27:55 DEBUG module=api msg="entering handler"
2026-02-24 03:29:03 WARN module=db msg="retrying request"
2026-02-24 03:29:24 DEBUG module=db msg="buffer flushed"
2026-02-24 03:29:28 INFO module=api msg="user logged in"
2026-02-24 03:30:43 INFO module=disk msg="request completed"
2026-02-24 03:30:50 INFO module=api msg="user logged in"
2026-02-24 03:33:23 DEBUG module=api msg="buffer flushed"
2026-02-24 03:35:11 INFO module=net msg="job scheduled"
2026-02-24 03:36:06 INFO module=net msg="service started"
2026-02-24 03:38:08 WARN module=db msg="slow response"
2026-02-24 03:46:14 INFO module=db msg="job scheduled"
2026-02-24 03:50:25 INFO module=auth msg="user logged in"
2026-02-24 03:52:25 INFO module=disk msg="cache warmed up"
2026-02-24 03:57:25 ERROR module=net msg="invalid token"
2026-02-24 03:58:59 INFO module=sched msg="job scheduled"
2026-02-24 04:01:07 INFO module=sched msg="user logged in"
2026-02-24 04:02:07 INFO module=db msg="user logged in"
2026-02-24 04:06:06 WARN module=net msg="retrying request"
2026-02-24 04:08:07 DEBUG module=fs msg="entering handler"
2026-02-24 04:09:15 INFO module=api msg="service started"
2026-02-24 04:10:38 WARN module=disk msg="deprecated option used"
2026-02-24 04:12:35 INFO module=cache msg="request completed"
2026-02-24 04:14:38 INFO module=cache msg="cache warmed up"
2026-02-24 04:16:12 INFO module=auth msg="user logged in"
2026-02-24 04:17:01 INFO module=net msg="config reloaded"
2026-02-24 04:17:16 DEBUG module=cache msg="heartbeat sent"
2026-02-24 04:19:06 INFO module=disk msg="cache warmed up"
2026-02-24 04:19:34 INFO module=auth msg="user logged in"
2026-02-24 04:20:10 INFO module=auth msg="request completed"
2026-02-24 04:21:02 INFO module=sched msg="service started"
2026-02-24 04:21:27 INFO module=db msg="service started"
2026-02-24 04:23:31 WARN module=cache msg="slow response"
2026-02-24 04:24:37 INFO module=auth msg="service started"
2026-02-24 04:28:28 INFO module=cache msg="config reloaded"
2026-02-24 04:32:19 INFO module=api msg="job scheduled"
2026-02-24 04:35:22 INFO module=disk msg="service started"
2026-02-24 04:40:59 ERROR module=disk msg="segment read failed"
2026-02-24 04:43:20 INFO module=fs msg="cache warmed up"
2026-02-24 04:44:47 INFO module=disk msg="job scheduled"
2026-02-24 04:46:33 INFO module=fs msg="service started"
2026-02-24 04:47:07 INFO module=net msg="config reloaded"
2026-02-24 04:47:52 WARN module=cache msg="slow response"
2026-02-24 04:47:56 INFO module=sched msg="request completed"
2026-02-24 04:49:34 INFO module=fs msg="request completed"
2026-02-24 04:54:10 INFO module=fs msg="job scheduled"
2026-02-24 04:55:54 INFO module=auth msg="user logged in"
2026-02-24 04:56:16 WARN module=net msg="disk usage above 80%"
2026-02-24 04:57:16 INFO module=net msg="cache warmed up"
2026-02-24 04:57:56 INFO module=auth msg="config reloaded"
2026-02-24 05:00:34 WARN module=net msg="retrying request"
2026-02-24 05:00:36 WARN module=net msg="slow response"
2026-02-24 05:02:02 INFO module=disk msg="cache warmed up"
2026-02-24 05:02:42 INFO module=sched msg="config reloaded"
2026-02-24 05:08:13 INFO module=db msg="request completed"
2026-02-24 05:08:56 INFO module=disk msg="user logged in"
2026-02-24 05:10:28 DEBUG module=cache msg="queue length checked"
2026-02-24 05:10:53 INFO module=auth msg="user logged in"
2026-02-24 05:15:09 INFO module=auth msg="config reloaded"
2026-02-24 05:21:04 INFO module=cache msg="config reloaded"
2026-02-24 05:21:47 WARN module=net msg="deprecated option used"
2026-02-24 05:24:34 INFO module=net msg="cache warmed up"
2026-02-24 05:27:06 ERROR module=api msg="connection timeout"
2026-02-24 05:31:09 ERROR module=auth msg="permission denied"
2026-02-24 05:32:18 INFO module=disk msg="service started"
2026-02-24 05:36:48 ERROR module=net msg="query failed"
2026-02-24 05:38:15 INFO module=api msg="user logged in"
2026-02-24 05:39:07 DEBUG module=sched msg="buffer flushed"
2026-02-24 05:40:37 INFO module=fs msg="cache warmed up"
2026-02-24 05:41:09 INFO module=cache msg="request completed"
2026-02-24 05:45:34 INFO module=auth msg="request completed"
2026-02-24 05:46:45 DEBUG module=fs msg="retry counter reset"
2026-02-24 05:47:59 INFO module=db msg="service started"
2026-02-24 05:48:24 INFO module=auth msg="request completed"
2026-02-24 05:49:28 ERROR module=db msg="segment read failed"
2026-02-24 05:51:27 INFO module=disk msg="request completed"
2026-02-24 05:53:31 DEBUG module=cache msg="buffer flushed"
2026-02-24 05:54:21 INFO module=sched msg="cache warmed up"
2026-02-24 05:56:17 ERROR module=net msg="no space left on device"
2026-02-24 05:57:28 ERROR module=net msg="connection timeout"
2026-02-24 06:05:47 INFO module=db msg="request completed"
2026-02-24 06:07:53 INFO module=disk msg="service started"
2026-02-24 06:09:23 INFO module=auth msg="request completed"
2026-02-24 06:13:57 INFO module=sched msg="cache warmed up"
2026-02-24 06:14:20 INFO module=db msg="config reloaded"
2026-02-24 06:17:42 INFO module=cache msg="config reloaded"
2026-02-24 06:18:58 ERROR module=disk msg="query failed"
2026-02-24 06:19:11 DEBUG module=net msg="queue length checked"
2026-02-24 06:20:29 INFO module=disk msg="job scheduled"
2026-02-24 06:21:24 INFO module=fs msg="request completed"
2026-02-24 06:21:28 DEBUG module=sched msg="buffer flushed"
2026-02-24 06:26:59 INFO module=net msg="user logged in"
2026-02-24 06:27:23 WARN module=disk msg="deprecated option used"
2026-02-24 06:28:04 INFO module=net msg="cache warmed up"
2026-02-24 06:28:28 INFO module=net msg="service started"
2026-02-24 06:30:58 INFO module=net msg="job scheduled"
2026-02-24 06:32:26 INFO module=api msg="cache warmed up"
2026-02-24 06:34:03 INFO module=sched msg="job scheduled"
2026-02-24 06:34:37 WARN module=auth msg="deprecated option used"
2026-02-24 06:36:51 DEBUG module=cache msg="retry counter reset"
2026-02-24 06:40:45 INFO module=api msg="service started"
2026-02-24 06:44:07 INFO module=auth msg="cache warmed up"
2026-02-24 06:44:54 INFO module=net msg="service started"
2026-02-24 06:45:21 WARN module=disk msg="token expires soon"
2026-02-24 06:47:54 INFO module=db msg="service started"
2026-02-24 06:51:23 INFO module=db msg="service started"
2026-02-24 06:54:08 INFO module=net msg="config reloaded"
2026-02-24 06:55:04 INFO module=disk msg="request completed"
2026-02-24 06:55:10 INFO module=auth msg="config reloaded"
2026-02-24 06:55:43 INFO module=net msg="service started"
2026-02-24 06:56:49 INFO module=net msg="job scheduled"
2026-02-24 07:00:06 ERROR module=disk msg="segment read failed"
2026-02-24 07:02:05 INFO module=net msg="cache warmed up"
2026-02-24 07:02:14 DEBUG module=cache msg="heartbeat sent"
2026-02-24 07:10:16 DEBUG module=fs msg="queue length checked"
2026-02-24 07:11:33 INFO module=db msg="config reloaded"
2026-02-24 07:11:59 DEBUG module=net msg="heartbeat sent"
2026-02-24 07:12:30 DEBUG module=cache msg="heartbeat sent"
2026-02-24 07:16:39 WARN module=disk msg="deprecated option used"
2026-02-24 07:24:44 WARN module=db msg="disk usage above 80%"
2026-02-24 07:25:15 INFO module=net msg="service started"
2026-02-24 07:26:57 ERROR module=net msg="no space left on device"
2026-02-24 07:29:28 ERROR module=db msg="segment read failed"
2026-02-24 07:30:26 WARN module=db msg="slow response"
2026-02-24 07:32:42 WARN module=disk msg="retrying request"
2026-02-24 07:34:22 INFO module=db msg="job scheduled"
2026-02-24 07:35:05 INFO module=db msg="request completed"
2026-02-24 07:37:19 INFO module=db msg="job scheduled"
2026-02-24 07:39:58 DEBUG module=cache msg="retry counter reset"
2026-02-24 07:40:00 DEBUG module=cache msg="buffer flushed"
2026-02-24 07:42:09 WARN module=cache msg="disk usage above 80%"
2026-02-24 07:45:11 INFO module=db msg="user logged in"
2026-02-24 07:45:34 ERROR module=db msg="no space left on device"
2026-02-24 07:45:40 INFO module=fs msg="request completed"
2026-02-24 07:48:21 INFO module=db msg="user logged in"
2026-02-24 07:48:40 INFO module=db msg="user logged in"
2026-02-24 07:49:42 WARN module=api msg="slow response"
2026-02-24 07:52:06 DEBUG module=fs msg="heartbeat sent"
2026-02-24 07:59:37 WARN module=api msg="slow response"
2026-02-24 07:59:40 WARN module=cache msg="retrying request"
2026-02-24 08:03:35 DEBUG module=sched msg="buffer flushed"
2026-02-24 08:04:42 INFO module=auth msg="user logged in"
2026-02-24 08:04:54 INFO module=net msg="request completed"
2026-02-24 08:11:57 WARN module=api msg="deprecated option used"
2026-02-24 08:12:59 WARN module=db msg="disk usage above 80%"
2026-02-24 08:18:30 WARN module=db msg="disk usage above 80%"
2026-02-24 08:20:24 WARN module=cache msg="retrying request"
2026-02-24 08:20:36 WARN module=cache msg="retrying request"
2026-02-24 08:22:23 DEBUG module=cache msg="buffer flushed"
2026-02-24 08:22:39 WARN module=api msg="retrying request"
2026-02-24 08:23:48 INFO module=fs msg="service started"
2026-02-24 08:24:11 INFO module=fs msg="user logged in"
2026-02-24 08:25:21 DEBUG module=sched msg="queue length checked"
2026-02-24 08:25:41 INFO module=api msg="request completed"
2026-02-24 08:27:08 DEBUG module=disk msg="heartbeat sent"
2026-02-24 08:30:00 INFO module=auth msg="config reloaded"
2026-02-24 08:30:29 INFO module=net msg="job scheduled"
2026-02-24 08:39:13 INFO module=db msg="config reloaded"
2026-02-24 08:43:44 WARN module=db msg="disk usage above 80%"
2026-02-24 08:45:42 ERROR module=db msg="no space left on device"
2026-02-24 08:50:02 INFO module=disk msg="job scheduled"
2026-02-24 08:51:26 DEBUG module=db msg="entering handler"
2026-02-24 08:51:50 DEBUG module=sched msg="heartbeat sent"
2026-02-24 08:55:30 INFO module=auth msg="job scheduled"
2026-02-24 08:56:03 INFO module=disk msg="cache warmed up"
2026-02-24 08:56:27 INFO module=db msg="config reloaded"
2026-02-24 08:58:44 INFO module=net msg="cache warmed up"
2026-02-24 08:59:31 DEBUG module=cache msg="entering handler"
2026-02-24 09:00:16 WARN module=cache msg="retrying request"
2026-02-24 09:01:43 INFO module=db msg="request completed"
2026-02-24 09:04:13 INFO module=sched msg="service started"
2026-02-24 09:04:49 INFO module=db msg="service started"
2026-02-24 09:05:56 INFO module=net msg="job scheduled"
2026-02-24 09:07:46 INFO module=sched msg="job scheduled"
2026-02-24 09:08:02 INFO module=sched msg="service started"
2026-02-24 09:08:25 WARN module=disk msg="retrying request"
2026-02-24 09:10:34 INFO module=db msg="cache warmed up"
2026-02-24 09:10:44 INFO module=net msg="config reloaded"
2026-02-24 09:11:12 WARN module=auth msg="deprecated option used"
2026-02-24 09:13:42 WARN module=db msg="disk usage above 80%"
2026-02-24 09:13:45 DEBUG module=auth msg="entering handler"
2026-02-24 09:18:10 DEBUG module=sched msg="heartbeat sent"
2026-02-24 09:18:49 INFO module=db msg="config reloaded"
2026-02-24 09:19:26 INFO module=cache msg="request completed"
2026-02-24 09:23:26 INFO module=api msg="job scheduled"
2026-02-24 09:25:33 INFO module=disk msg="job scheduled"
2026-02-24 09:26:48 WARN module=disk msg="retrying request"
2026-02-24 09:27:03 WARN module=disk msg="token expires soon"
2026-02-24 09:27:21 WARN module=sched msg="token expires soon"
2026-02-24 09:29:16 ERROR module=net msg="segment read failed"
2026-02-24 09:33:09 INFO module=net msg="service started"
2026-02-24 09:36:35 WARN module=net msg="deprecated option used"
2026-02-24 09:38:27 INFO module=fs msg="cache warmed up"
2026-02-24 09:39:22 INFO module=cache msg="service started"
2026-02-24 09:40:17 WARN module=net msg="token expires soon"
2026-02-24 09:42:18 WARN module=sched msg="token expires soon"
2026-02-24 09:42:50 INFO module=sched msg="request completed"
2026-02-24 09:49:19 INFO module=cache msg="cache warmed up"
2026-02-24 09:50:45 INFO module=cache msg="job scheduled"
2026-02-24 09:51:06 INFO module=disk msg="user logged in"
2026-02-24 09:51:47 ERROR module=net msg="segment read failed"
2026-02-24 09:52:45 INFO module=db msg="job scheduled"
2026-02-24 09:53:08 INFO module=api msg="cache warmed up"
2026-02-24 09:57:08 INFO module=sched msg="job scheduled"
2026-02-24 09:57:51 INFO module=net msg="user logged in"
2026-02-24 09:58:37 INFO module=db msg="user logged in"
2026-02-24 09:59:12 WARN module=auth msg="retrying request"
2026-02-24 10:03:49 INFO module=fs msg="request completed"
2026-02-24 10:07:15 ERROR module=net msg="segment read failed"
2026-02-24 10:08:18 ERROR module=db msg="segment read failed"
2026-02-24 10:15:17 INFO module=db msg="service started"
2026-02-24 10:16:25 INFO module=disk msg="request completed"
2026-02-24 10:17:47 INFO module=fs msg="cache warmed up"
2026-02-24 10:18:00 INFO module=sched msg="service started"
2026-02-24 10:19:12 INFO module=net msg="user logged in"
2026-02-24 10:19:30 DEBUG module=sched msg="heartbeat sent"
2026-02-24 10:24:47 ERROR module=net msg="connection timeout"
2026-02-24 10:25:42 DEBUG module=sched msg="retry counter reset"
2026-02-24 10:26:44 INFO module=api msg="request completed"
2026-02-24 10:26:45 INFO module=db msg="service started"
2026-02-24 10:27:06 INFO module=auth msg="service started"
2026-02-24 10:29:04 WARN module=cache msg="slow response"
2026-02-24 10:30:41 INFO module=db msg="service started"
2026-02-24 10:31:42 INFO module=api msg="config reloaded"
2026-02-24 10:35:22 INFO module=fs msg="cache warmed up"
2026-02-24 10:36:05 DEBUG module=disk msg="entering handler"
2026-02-24 10:37:58 INFO module=net msg="request completed"
2026-02-24 10:39:24 INFO module=cache msg="job scheduled"
2026-02-24 10:42:56 DEBUG module=fs msg="retry counter reset"
2026-02-24 10:43:19 DEBUG module=cache msg="heartbeat sent"
2026-02-24 10:43:20 WARN module=cache msg="retrying request"
2026-02-24 10:44:51 INFO module=auth msg="cache warmed up"
2026-02-24 10:46:16 INFO module=db msg="service started"
2026-02-24 10:47:14 INFO module=net msg="request completed"
2026-02-24 10:49:37 INFO module=disk msg="user logged in"
2026-02-24 10:51:47 INFO module=disk msg="service started"
2026-02-24 10:51:49 DEBUG module=sched msg="queue length checked"
2026-02-24 10:52:16 WARN module=net msg="slow response"
2026-02-24 10:52:57 WARN module=cache msg="retrying request"
2026-02-24 10:56:17 INFO module=net msg="job scheduled"
2026-02-24 11:01:45 INFO module=fs msg="user logged in"
2026-02-24 11:02:05 INFO module=auth msg="service started"
2026-02-24 11:03:43 INFO module=cache msg="service started"
2026-02-24 11:10:47 INFO module=fs msg="config reloaded"
2026-02-24 11:10:58 INFO module=cache msg="cache warmed up"
2026-02-24 11:11:12 WARN module=disk msg="slow response"
2026-02-24 11:12:33 WARN module=cache msg="token expires soon"
2026-02-24 11:12:55 INFO module=net msg="config reloaded"
2026-02-24 11:13:02 INFO module=auth msg="job scheduled"
2026-02-24 11:14:30 INFO module=db msg="user logged in"
2026-02-24 11:19:26 INFO module=auth msg="user logged in"
2026-02-24 11:23:13 DEBUG module=api msg="queue length checked"
2026-02-24 11:26:54 INFO module=auth msg="job scheduled"
2026-02-24 11:30:07 INFO module=auth msg="request completed"
2026-02-24 11:30:49 INFO module=db msg="config reloaded"
2026-02-24 11:31:09 INFO module=db msg="user logged in"
2026-02-24 11:32:08 WARN module=db msg="slow response"
2026-02-24 11:37:16 INFO module=disk msg="cache warmed up"
2026-02-24 11:40:39 WARN module=api msg="retrying request"
2026-02-24 11:44:33 INFO module=db msg="request completed"
2026-02-24 11:47:08 INFO module=cache msg="cache warmed up"
2026-02-24 11:47:19 ERROR module=net msg="segment read failed"
2026-02-24 11:47:28 INFO module=disk msg="service started"
2026-02-24 11:51:48 INFO module=db msg="user logged in"
2026-02-24 11:56:50 ERROR module=disk msg="segment read failed"
2026-02-24 11:56:52 WARN module=db msg="disk usage above 80%"
2026-02-24 11:57:38 WARN module=auth msg="retrying request"
2026-02-24 11:57:58 INFO module=disk msg="job scheduled"
2026-02-24 12:01:25 INFO module=disk msg="cache warmed up"
2026-02-24 12:01:59 WARN module=cache msg="token expires soon"
2026-02-24 12:04:19 DEBUG module=sched msg="heartbeat sent"
2026-02-24 12:05:03 INFO module=net msg="cache warmed up"
2026-02-24 12:06:25 WARN module=db msg="token expires soon"
2026-02-24 12:07:39 INFO module=sched msg="service started"
2026-02-24 12:11:12 INFO module=cache msg="user logged in"
2026-02-24 12:16:05 DEBUG module=sched msg="retry counter reset"
2026-02-24 12:17:15 INFO module=sched msg="user logged in"
2026-02-24 12:20:00 INFO module=cache msg="config reloaded"
2026-02-24 12:22:07 INFO module=db msg="request completed"
2026-02-24 12:30:19 INFO module=net msg="user logged in"
2026-02-24 12:31:04 INFO module=cache msg="config reloaded"
2026-02-24 12:33:44 INFO module=db msg="user logged in"
2026-02-24 12:34:39 WARN module=cache msg="disk usage above 80%"
2026-02-24 12:36:17 INFO module=api msg="cache warmed up"
2026-02-24 12:37:15 DEBUG module=sched msg="heartbeat sent"
2026-02-24 12:39:49 INFO module=cache msg="job scheduled"
2026-02-24 12:40:20 ERROR module=cache msg="invalid token"
2026-02-24 12:41:48 DEBUG module=auth msg="entering handler"
2026-02-24 12:43:21 INFO module=disk msg="job scheduled"
2026-02-24 12:47:11 INFO module=cache msg="user logged in"
2026-02-24 12:49:26 WARN module=auth msg="deprecated option used"
2026-02-24 12:49:51 WARN module=cache msg="token expires soon"
2026-02-24 12:53:12 DEBUG module=cache msg="retry counter reset"
2026-02-24 12:56:04 INFO module=api msg="user logged in"
2026-02-24 12:57:45 DEBUG module=auth msg="queue length checked"
2026-02-24 12:59:00 INFO module=disk msg="cache warmed up"
2026-02-24 13:00:43 DEBUG module=fs msg="heartbeat sent"
2026-02-24 13:00:57 INFO module=auth msg="config reloaded"
2026-02-24 13:01:09 INFO module=sched msg="request completed"
2026-02-24 13:02:08 ERROR module=db msg="query failed"
2026-02-24 13:06:40 WARN module=api msg="deprecated option used"
2026-02-24 13:10:01 WARN module=disk msg="deprecated option used"
2026-02-24 13:12:19 WARN module=disk msg="retrying request"
2026-02-24 13:15:38 INFO module=fs msg="user logged in"
2026-02-24 13:17:57 DEBUG module=disk msg="buffer flushed"
2026-02-24 13:19:52 INFO module=fs msg="config reloaded"
2026-02-24 13:20:28 INFO module=auth msg="user logged in"
2026-02-24 13:22:22 WARN module=net msg="token expires soon"
2026-02-24 13:22:48 WARN module=cache msg="deprecated option used"
2026-02-24 13:23:51 INFO module=cache msg="request completed"
2026-02-24 13:23:52 INFO module=fs msg="config reloaded"
2026-02-24 13:23:53 INFO module=fs msg="job scheduled"
2026-02-24 13:26:17 INFO module=fs msg="request completed"
2026-02-24 13:27:10 DEBUG module=sched msg="queue length checked"
2026-02-24 13:31:57 INFO module=sched msg="service started"
2026-02-24 13:33:28 INFO module=db msg="cache warmed up"
2026-02-24 13:35:12 ERROR module=net msg="segment read failed"
2026-02-24 13:39:29 INFO module=cache msg="config reloaded"
2026-02-24 13:40:07 ERROR module=auth msg="query failed"
2026-02-24 13:40:39 INFO module=db msg="request completed"
2026-02-24 13:43:51 ERROR module=disk msg="permission denied"
2026-02-24 13:44:36 INFO module=auth msg="service started"
2026-02-24 13:47:09 WARN module=net msg="disk usage above 80%"
2026-02-24 13:49:00 INFO module=api msg="user logged in"
2026-02-24 13:51:48 WARN module=fs msg="slow response"
2026-02-24 13:53:43 WARN module=db msg="deprecated option used"
2026-02-24 13:53:48 WARN module=net msg="deprecated option used"
2026-02-24 13:55:34 INFO module=cache msg="user logged in"
2026-02-24 13:56:01 INFO module=cache msg="user logged in"
2026-02-24 13:56:06 INFO module=auth msg="request completed"
2026-02-24 13:56:53 INFO module=disk msg="config reloaded"
2026-02-24 13:59:57 INFO module=db msg="job scheduled"
2026-02-24 14:04:39 INFO module=db msg="request completed"
2026-02-24 14:08:13 DEBUG module=cache msg="entering handler"
2026-02-24 14:08:54 DEBUG module=sched msg="queue length checked"
2026-02-24 14:11:26 INFO module=net msg="config reloaded"
2026-02-24 14:11:54 INFO module=net msg="cache warmed up"
2026-02-24 14:13:05 DEBUG module=api msg="queue length checked"
2026-02-24 14:17:19 INFO module=cache msg="user logged in"
2026-02-24 14:17:42 DEBUG module=cache msg="buffer flushed"
2026-02-24 14:20:42 WARN module=api msg="deprecated option used"
2026-02-24 14:21:53 INFO module=fs msg="user logged in"
2026-02-24 14:23:09 WARN module=net msg="slow response"
2026-02-24 14:24:12 INFO module=disk msg="service started"
2026-02-24 14:24:44 INFO module=db msg="cache warmed up"
2026-02-24 14:28:16 INFO module=db msg="config reloaded"
2026-02-24 14:28:27 ERROR module=auth msg="query failed"
2026-02-24 14:28:43 INFO module=cache msg="job scheduled"
2026-02-24 14:30:58 INFO module=net msg="config reloaded"
2026-02-24 14:32:20 INFO module=net msg="cache warmed up"
2026-02-24 14:35:42 INFO module=net msg="service started"
2026-02-24 14:35:43 INFO module=api msg="job scheduled"
2026-02-24 14:36:03 ERROR module=db msg="permission denied"
2026-02-24 14:37:05 INFO module=db msg="job scheduled"
2026-02-24 14:37:42 WARN module=net msg="deprecated option used"
2026-02-24 14:38:50 DEBUG module=fs msg="retry counter reset"
2026-02-24 14:39:05 INFO module=net msg="user logged in"
2026-02-24 14:40:19 INFO module=net msg="job scheduled"
2026-02-24 14:43:16 INFO module=cache msg="job scheduled"
2026-02-24 14:44:11 INFO module=db msg="user logged in"
2026-02-24 14:46:31 INFO module=db msg="request completed"
2026-02-24 14:54:04 INFO module=sched msg="job scheduled"
2026-02-24 14:55:46 INFO module=disk msg="request completed"
2026-02-24 14:57:52 ERROR module=net msg="connection refused"
2026-02-24 14:58:42 INFO module=api msg="service started"
2026-02-24 15:00:27 INFO module=fs msg="user logged in"
2026-02-24 15:00:41 DEBUG module=auth msg="buffer flushed"
2026-02-24 15:03:28 INFO module=fs msg="service started"
2026-02-24 15:07:54 WARN module=disk msg="slow response"
2026-02-24 15:10:08 INFO module=fs msg="config reloaded"
2026-02-24 15:12:31 INFO module=auth msg="request completed"
2026-02-24 15:13:57 INFO module=disk msg="job scheduled"
2026-02-24 15:16:53 WARN module=sched msg="slow response"
2026-02-24 15:18:03 INFO module=auth msg="service started"
2026-02-24 15:19:43 INFO module=api msg="request completed"
2026-02-24 15:20:30 INFO module=fs msg="user logged in"
2026-02-24 15:21:42 INFO module=net msg="user logged in"
2026-02-24 15:25:10 DEBUG module=cache msg="entering handler"
2026-02-24 15:25:18 ERROR module=db msg="connection refused"
2026-02-24 15:26:21 INFO module=db msg="user logged in"
2026-02-24 15:27:51 INFO module=db msg="request completed"
2026-02-24 15:31:53 ERROR module=net msg="connection timeout"
2026-02-24 15:32:07 DEBUG module=cache msg="entering handler"
2026-02-24 15:35:37 INFO module=api msg="cache warmed up"
2026-02-24 15:35:46 WARN module=disk msg="retrying request"
2026-02-24 15:40:07 ERROR module=api msg="no space left on device"
2026-02-24 15:46:18 WARN module=db msg="slow response"
2026-02-24 15:48:38 INFO module=db msg="request completed"
2026-02-24 15:49:06 INFO module=net msg="config reloaded"
2026-02-24 15:49:23 INFO module=net msg="service started"
2026-02-24 15:49:52 WARN module=cache msg="deprecated option used"
2026-02-24 15:50:02 INFO module=fs msg="service started"
2026-02-24 15:50:10 INFO module=disk msg="user logged in"
2026-02-24 15:50:47 INFO module=api msg="config reloaded"
2026-02-24 15:52:28 DEBUG module=fs msg="retry counter reset"
2026-02-24 15:53:34 INFO module=disk msg="cache warmed up"
2026-02-24 15:55:33 INFO module=net msg="user logged in"
2026-02-24 15:56:01 DEBUG module=sched msg="heartbeat sent"
2026-02-24 15:58:29 INFO module=disk msg="cache warmed up"
2026-02-24 15:59:45 INFO module=db msg="cache warmed up"
2026-02-24 16:01:07 INFO module=net msg="cache warmed up"
2026-02-24 16:03:38 INFO module=fs msg="job scheduled"
2026-02-24 16:05:39 INFO module=cache msg="user logged in"
2026-02-24 16:06:05 INFO module=net msg="request completed"
2026-02-24 16:07:21 WARN module=net msg="token expires soon"
2026-02-24 16:07:43 INFO module=cache msg="job scheduled"
2026-02-24 16:08:51 INFO module=api msg="config reloaded"
2026-02-24 16:13:58 INFO module=db msg="job scheduled"
2026-02-24 16:16:23 INFO module=net msg="job scheduled"
2026-02-24 16:18:17 INFO module=fs msg="user logged in"
2026-02-24 16:19:53 INFO module=api msg="cache warmed up"
2026-02-24 16:27:15 INFO module=auth msg="job scheduled"
2026-02-24 16:29:22 INFO module=sched msg="cache warmed up"
2026-02-24 16:32:20 INFO module=disk msg="service started"
2026-02-24 16:34:39 WARN module=net msg="deprecated option used"
2026-02-24 16:36:09 INFO module=sched msg="user logged in"
2026-02-24 16:38:19 DEBUG module=sched msg="heartbeat sent"
2026-02-24 16:42:15 INFO module=auth msg="user logged in"
2026-02-24 16:45:43 INFO module=api msg="user logged in"
2026-02-24 16:46:18 WARN module=net msg="deprecated option used"
2026-02-24 16:49:04 INFO module=api msg="request completed"
2026-02-24 16:52:48 INFO module=net msg="service started"
2026-02-24 16:56:03 INFO module=disk msg="user logged in"
2026-02-24 16:57:11 INFO module=disk msg="service started"
2026-02-24 16:57:13 INFO module=cache msg="request completed"
2026-02-24 16:58:45 ERROR module=auth msg="permission denied"
2026-02-24 17:00:58 INFO module=auth msg="cache warmed up"
2026-02-24 17:02:36 INFO module=cache msg="user logged in"
2026-02-24 17:03:12 INFO module=api msg="job scheduled"
2026-02-24 17:05:42 INFO module=fs msg="cache warmed up"
2026-02-24 17:08:12 INFO module=db msg="cache warmed up"
2026-02-24 17:09:33 INFO module=api msg="request completed"
2026-02-24 17:13:25 INFO module=sched msg="cache warmed up"
2026-02-24 17:15:07 ERROR module=net msg="connection timeout"
2026-02-24 17:15:39 DEBUG module=cache msg="buffer flushed"
2026-02-24 17:16:57 INFO module=fs msg="request completed"
2026-02-24 17:17:03 INFO module=disk msg="user logged in"
2026-02-24 17:19:28 INFO module=api msg="config reloaded"
2026-02-24 17:21:55 WARN module=api msg="slow response"
2026-02-24 17:22:07 DEBUG module=sched msg="queue length checked"
2026-02-24 17:22:13 INFO module=db msg="user logged in"
2026-02-24 17:26:30 INFO module=auth msg="service started"
2026-02-24 17:28:23 WARN module=api msg="retrying request"
2026-02-24 17:30:10 ERROR module=net msg="permission denied"
2026-02-24 17:35:05 INFO module=sched msg="service started"
2026-02-24 17:37:56 INFO module=disk msg="cache warmed up"
2026-02-24 17:39:26 INFO module=api msg="job scheduled"
2026-02-24 17:42:17 INFO module=auth msg="service started"
2026-02-24 17:43:49 INFO module=auth msg="user logged in"
2026-02-24 17:44:18 INFO module=fs msg="service started"
2026-02-24 17:48:12 INFO module=api msg="service started"
2026-02-24 17:49:12 WARN module=disk msg="slow response"
2026-02-24 17:49:32 WARN module=net msg="disk usage above 80%"
2026-02-24 17:51:16 ERROR module=db msg="segment read failed"
2026-02-24 17:51:55 WARN module=disk msg="deprecated option used"
2026-02-24 17:54:33 INFO module=auth msg="config reloaded"
2026-02-24 17:56:21 ERROR module=auth msg="segment read failed"
2026-02-24 17:58:53 WARN module=disk msg="deprecated option used"
2026-02-24 18:01:21 INFO module=disk msg="job scheduled"
2026-02-24 18:01:22 INFO module=db msg="user logged in"
2026-02-24 18:04:06 INFO module=auth msg="user logged in"
2026-02-24 18:05:08 INFO module=api msg="config reloaded"
2026-02-24 18:05:16 WARN module=api msg="token expires soon"
2026-02-24 18:10:59 INFO module=db msg="job scheduled"
2026-02-24 18:12:59 INFO module=api msg="config reloaded"
2026-02-24 18:13:31 INFO module=db msg="service started"
2026-02-24 18:14:30 INFO module=fs msg="service started"
2026-02-24 18:17:54 INFO module=cache msg="user logged in"
2026-02-24 18:21:30 INFO module=cache msg="config reloaded"
2026-02-24 18:22:14 INFO module=db msg="job scheduled"
2026-02-24 18:24:02 INFO module=sched msg="config reloaded"
2026-02-24 18:25:33 DEBUG module=sched msg="retry counter reset"
2026-02-24 18:33:09 INFO module=net msg="service started"
2026-02-24 18:34:54 DEBUG module=api msg="entering handler"
2026-02-24 18:35:21 INFO module=sched msg="cache warmed up"
2026-02-24 18:45:45 INFO module=fs msg="user logged in"
2026-02-24 18:49:21 WARN module=auth msg="token expires soon"
2026-02-24 18:51:06 WARN module=db msg="deprecated option used"
2026-02-24 18:51:07 INFO module=api msg="request completed"
2026-02-24 18:51:50 DEBUG module=cache msg="entering handler"
2026-02-24 18:53:12 INFO module=api msg="config reloaded"
2026-02-24 18:56:11 WARN module=db msg="deprecated option used"
2026-02-24 18:58:31 DEBUG module=sched msg="queue length checked"
2026-02-24 18:58:45 INFO module=api msg="request completed"
2026-02-24 18:59:12 INFO module=net msg="config reloaded"
2026-02-24 19:00:13 INFO module=disk msg="service started"
2026-02-24 19:00:16 INFO module=disk msg="request completed"
2026-02-24 19:01:00 INFO module=disk msg="cache warmed up"
2026-02-24 19:05:56 INFO module=net msg="job scheduled"
2026-02-24 19:06:45 INFO module=net msg="service started"
2026-02-24 19:08:01 INFO module=net msg="service started"
2026-02-24 19:09:13 ERROR module=net msg="permission denied"
2026-02-24 19:09:37 INFO module=net msg="user logged in"
2026-02-24 19:10:05 WARN module=cache msg="deprecated option used"
2026-02-24 19:12:34 INFO module=disk msg="job scheduled"
2026-02-24 19:15:22 WARN module=sched msg="retrying request"
2026-02-24 19:18:17 INFO module=sched msg="job scheduled"
2026-02-24 19:21:55 INFO module=db msg="job scheduled"
2026-02-24 19:23:59 INFO module=disk msg="request completed"
2026-02-24 19:24:19 INFO module=disk msg="config reloaded"
2026-02-24 19:32:44 INFO module=db msg="request completed"
2026-02-24 19:35:49 INFO module=cache msg="job scheduled"
2026-02-24 19:37:49 DEBUG module=net msg="queue length checked"
2026-02-24 19:38:10 INFO module=disk msg="user logged in"
2026-02-24 19:39:50 INFO module=api msg="request completed"
2026-02-24 19:40:20 DEBUG module=api msg="retry counter reset"
2026-02-24 19:40:44 INFO module=api msg="job scheduled"
2026-02-24 19:41:53 WARN module=net msg="token expires soon"
2026-02-24 19:44:00 INFO module=api msg="request completed"
2026-02-24 19:45:34 WARN module=db msg="deprecated option used"
2026-02-24 19:45:44 INFO module=sched msg="job scheduled"
2026-02-24 19:45:58 INFO module=api msg="config reloaded"
2026-02-24 19:51:28 INFO module=cache msg="service started"
2026-02-24 19:52:54 INFO module=db msg="cache warmed up"
2026-02-24 19:53:01 WARN module=auth msg="slow response"
2026-02-24 19:54:59 INFO module=auth msg="request completed"
2026-02-24 19:55:32 INFO module=cache msg="service started"
2026-02-24 19:56:18 INFO module=auth msg="user logged in"
2026-02-24 19:59:49 INFO module=disk msg="user logged in"
2026-02-24 20:00:08 WARN module=cache msg="disk usage above 80%"
2026-02-24 20:03:41 INFO module=db msg="service started"
2026-02-24 20:13:15 WARN module=net msg="retrying request"
2026-02-24 20:14:33 INFO module=net msg="request completed"
2026-02-24 20:14:37 INFO module=fs msg="request completed"
2026-02-24 20:15:51 WARN module=db msg="disk usage above 80%"
2026-02-24 20:17:12 INFO module=db msg="cache warmed up"
2026-02-24 20:17:48 INFO module=api msg="cache warmed up"
2026-02-24 20:19:09 INFO module=db msg="service started"
2026-02-24 20:23:52 DEBUG module=api msg="queue length checked"
2026-02-24 20:28:11 INFO module=auth msg="cache warmed up"
2026-02-24 20:28:51 DEBUG module=api msg="entering handler"
2026-02-24 20:30:25 INFO module=fs msg="cache warmed up"
2026-02-24 20:33:19 WARN module=auth msg="deprecated option used"
2026-02-24 20:35:19 ERROR module=net msg="query failed"
2026-02-24 20:36:52 WARN module=auth msg="retrying request"
2026-02-24 20:37:00 WARN module=auth msg="slow response"
2026-02-24 20:37:49 WARN module=fs msg="disk usage above 80%"
2026-02-24 20:39:49 DEBUG module=net msg="entering handler"
2026-02-24 20:41:05 INFO module=auth msg="service started"
2026-02-24 20:42:50 INFO module=net msg="service started"
2026-02-24 20:43:16 INFO module=auth msg="cache warmed up"
2026-02-24 20:45:24 WARN module=db msg="retrying request"
2026-02-24 20:46:37 WARN module=db msg="deprecated option used"
2026-02-24 20:47:38 INFO module=api msg="job scheduled"
2026-02-24 20:48:09 INFO module=auth msg="service started"
2026-02-24 20:50:56 INFO module=net msg="request completed"
2026-02-24 20:53:18 INFO module=auth msg="config reloaded"
2026-02-24 20:53:33 INFO module=db msg="service started"
2026-02-24 20:55:05 WARN module=cache msg="token expires soon"
2026-02-24 20:56:58 INFO module=net msg="user logged in"
2026-02-24 20:59:01 INFO module=api msg="service started"
2026-02-24 21:00:02 DEBUG module=fs msg="queue length checked"
2026-02-24 21:04:16 INFO module=db msg="user logged in"
2026-02-24 21:06:20 WARN module=db msg="deprecated option used"
2026-02-24 21:07:10 WARN module=auth msg="token expires soon"
2026-02-24 21:07:37 INFO module=disk msg="job scheduled"
2026-02-24 21:12:19 DEBUG module=fs msg="entering handler"
2026-02-24 21:12:47 INFO module=db msg="user logged in"
2026-02-24 21:13:40 INFO module=auth msg="config reloaded"
2026-02-24 21:13:42 INFO module=disk msg="config reloaded"
2026-02-24 21:15:32 DEBUG module=db msg="retry counter reset"
2026-02-24 21:20:21 INFO module=fs msg="cache warmed up"
2026-02-24 21:21:04 INFO module=api msg="config reloaded"
2026-02-24 21:23:57 WARN module=net msg="token expires soon"
2026-02-24 21:25:52 DEBUG module=disk msg="queue length checked"
2026-02-24 21:28:45 INFO module=net msg="user logged in"
2026-02-24 21:31:54 WARN module=api msg="deprecated option used"
2026-02-24 21:32:11 INFO module=cache msg="service started"
2026-02-24 21:32:27 WARN module=fs msg="deprecated option used"
2026-02-24 21:33:27 INFO module=db msg="cache warmed up"
2026-02-24 21:34:10 INFO module=cache msg="request completed"
2026-02-24 21:36:48 INFO module=net msg="job scheduled"
2026-02-24 21:36:52 DEBUG module=net msg="queue length checked"
2026-02-24 21:37:00 INFO module=db msg="user logged in"
2026-02-24 21:37:53 INFO module=api msg="job scheduled"
2026-02-24 21:39:00 ERROR module=disk msg="connection refused"
2026-02-24 21:43:30 INFO module=auth msg="job scheduled"
2026-02-24 21:45:22 INFO module=auth msg="config reloaded"
2026-02-24 21:45:54 INFO module=disk msg="cache warmed up"
2026-02-24 21:47:45 DEBUG module=db msg="queue length checked"
2026-02-24 21:49:07 WARN module=db msg="deprecated option used"
2026-02-24 21:49:46 INFO module=cache msg="user logged in"
2026-02-24 21:54:20 ERROR module=db msg="permission denied"
2026-02-24 21:54:50 INFO module=sched msg="config reloaded"
2026-02-24 21:54:51 INFO module=net msg="config reloaded"
2026-02-24 21:55:58 INFO module=cache msg="request completed"
2026-02-24 21:57:16 INFO module=api msg="cache warmed up"
2026-02-24 21:58:07 DEBUG module=cache msg="retry counter reset"
2026-02-24 21:58:35 INFO module=db msg="user logged in"
2026-02-24 21:58:47 DEBUG module=sched msg="buffer flushed"
2026-02-24 21:59:16 INFO module=net msg="config reloaded"
2026-02-24 22:00:43 ERROR module=cache msg="connection refused"
2026-02-24 22:02:09 INFO module=api msg="config reloaded"
2026-02-24 22:04:21 ERROR module=cache msg="invalid token"
2026-02-24 22:05:57 INFO module=api msg="request completed"
2026-02-24 22:06:24 WARN module=disk msg="token expires soon"
2026-02-24 22:11:37 INFO module=net msg="cache warmed up"
2026-02-24 22:16:51 INFO module=db msg="user logged in"
2026-02-24 22:17:58 ERROR module=disk msg="segment read failed"
2026-02-24 22:22:34 INFO module=api msg="job scheduled"
2026-02-24 22:28:11 WARN module=disk msg="retrying request"
2026-02-24 22:36:10 DEBUG module=disk msg="heartbeat sent"
2026-02-24 22:37:23 INFO module=fs msg="cache warmed up"
2026-02-24 22:44:32 INFO module=db msg="job scheduled"
2026-02-24 22:46:14 INFO module=api msg="config reloaded"
2026-02-24 22:47:39 INFO module=api msg="user logged in"
2026-02-24 22:49:36 INFO module=sched msg="config reloaded"
2026-02-24 22:50:52 INFO module=cache msg="service started"
2026-02-24 22:53:23 INFO module=net msg="config reloaded"
2026-02-24 22:53:51 ERROR module=db msg="segment read failed"
2026-02-24 22:58:14 INFO module=fs msg="request completed"
2026-02-24 22:58:53 INFO module=api msg="cache warmed up"
2026-02-24 23:02:16 INFO module=net msg="service started"
2026-02-24 23:02:50 INFO module=api msg="service started"
2026-02-24 23:03:25 ERROR module=cache msg="invalid token"
2026-02-24 23:03:48 DEBUG module=disk msg="heartbeat sent"
2026-02-24 23:06:03 INFO module=net msg="service started"
2026-02-24 23:13:42 DEBUG module=net msg="retry counter reset"
2026-02-24 23:15:11 ERROR module=api msg="query failed"
2026-02-24 23:15:20 INFO module=api msg="user logged in"
2026-02-24 23:15:56 INFO module=disk msg="request completed"
2026-02-24 23:16:51 INFO module=cache msg="job scheduled"
2026-02-24 23:17:13 INFO module=net msg="request completed"
2026-02-24 23:17:21 INFO module=net msg="job scheduled"
2026-02-24 23:17:56 INFO module=api msg="config reloaded"
2026-02-24 23:25:24 ERROR module=fs msg="segment read failed"
2026-02-24 23:26:11 INFO module=api msg="cache warmed up"
2026-02-24 23:27:59 ERROR module=db msg="connection refused"
2026-02-24 23:28:47 INFO module=db msg="job scheduled"
2026-02-24 23:35:48 WARN module=net msg="retrying request"
2026-02-24 23:36:42 DEBUG module=fs msg="queue length checked"
2026-02-24 23:37:36 WARN module=net msg="deprecated option used"
2026-02-24 23:38:08 INFO module=disk msg="cache warmed up"
2026-02-24 23:39:22 INFO module=api msg="request completed"
2026-02-24 23:46:34 INFO module=api msg="config reloaded"
2026-02-24 23:48:18 ERROR module=cache msg="invalid token"
2026-02-24 23:51:07 WARN module=net msg="disk usage above 80%"
2026-02-24 23:52:31 INFO module=auth msg="service started"
2026-02-24 23:52:45 INFO module=db msg="user logged in"
2026-02-24 23:52:58 INFO module=api msg="cache warmed up"
2026-02-24 23:54:33 WARN module=disk msg="token expires soon"
2026-02-24 23:55:43 WARN module=api msg="token expires soon"
2026-02-24 23:55:50 DEBUG module=net msg="retry counter reset"
2026-02-24 23:56:48 DEBUG module=sched msg="heartbeat sent"
2026-02-24 23:59:52 INFO module=cache msg="request completed"
2026-02-24 23:59:53 INFO module=api msg="job scheduled"
