2026-02-26 00:05:48 WARN module=cache msg="retrying request"
2026-02-26 00:05:59 WARN module=cache msg="slow response"
2026-02-26 00:06:34 DEBUG module=disk msg="retry counter reset"
2026-02-26 00:06:50 ERROR module=disk msg="query failed"
2026-02-26 00:07:51 INFO module=api msg="config reloaded"
2026-02-26 00:08:46 INFO module=net msg="request completed"
2026-02-26 00:11:21 INFO module=net msg="service started"
2026-02-26 00:14:45 INFO module=cache msg="request completed"
2026-02-26 00:15:18 DEBUG module=sched msg="retry counter reset"
2026-02-26 00:15:39 INFO module=fs msg="service started"
2026-02-26 00:16:07 INFO module=cache msg="service started"
2026-02-26 00:18:32 INFO module=auth msg="request completed"
2026-02-26 00:19:01 ERROR module=net msg="segment read failed"
2026-02-26 00:20:06 INFO module=net msg="config reloaded"
2026-02-26 00:20:10 INFO module=net msg="config reloaded"
2026-02-26 00:21:28 INFO module=fs msg="request completed"
2026-02-26 00:26:43 INFO module=auth msg="config reloaded"
2026-02-26 00:31:54 INFO module=api msg="cache warmed up"
2026-02-26 00:33:50 INFO module=disk msg="user logged in"
2026-02-26 00:35:27 INFO module=api msg="service started"
2026-02-26 00:37:47 INFO module=fs msg="service started"
2026-02-26 00:37:56 WARN module=auth msg="retrying request"
2026-02-26 00:38:01 INFO module=sched msg="request completed"
2026-02-26 00:38:14 DEBUG module=api msg="entering handler"
2026-02-26 00:39:23 INFO module=net msg="request completed"
2026-02-26 00:39:24 INFO module=api msg="service started"
2026-02-26 00:40:28 DEBUG module=net msg="retry counter reset"
2026-02-26 00:45:07 INFO module=auth msg="cache warmed up"
2026-02-26 00:48:22 INFO module=net msg="config reloaded"
2026-02-26 00:49:46 INFO module=auth msg="user logged in"
2026-02-26 00:50:01 WARN module=db msg="deprecated option used"
2026-02-26 00:52:20 INFO module=api msg="config reloaded"
2026-02-26 00:52:34 DEBUG module=fs msg="heartbeat sent"
2026-02-26 00:53:40 INFO module=net msg="job scheduled"
2026-02-26 00:55:26 INFO module=disk msg="config reloaded"
2026-02-26 00:55:42 DEBUG module=cache msg="queue length checked"
2026-02-26 00:56:19 DEBUG module=disk msg="retry counter reset"
2026-02-26 01:00:08 WARN module=api msg="slow response"
2026-02-26 01:01:41 INFO module=net msg="cache warmed up"
2026-02-26 01:02:19 INFO module=api msg="user logged in"
2026-02-26 01:03:01 INFO module=auth msg="request completed"
2026-02-26 01:04:22 DEBUG module=sched msg="heartbeat sent"
2026-02-26 01:04:29 WARN module=db msg="token expires soon"
2026-02-26 01:04:41 INFO module=db msg="service started"
2026-02-26 01:06:41 ERROR module=net msg="connection refused"
2026-02-26 01:07:43 INFO module=db msg="job scheduled"
2026-02-26 01:08:34 INFO module=net msg="user logged in"
2026-02-26 01:08:46 DEBUG module=disk msg="buffer flushed"
2026-02-26 01:08:47 DEBUG module=disk msg="queue length checked"
2026-02-26 01:09:44 DEBUG module=sched msg="buffer flushed"
2026-02-26 01:11:19 DEBUG module=sched msg="heartbeat sent"
2026-02-26 01:13:09 INFO module=cache msg="service started"
2026-02-26 01:14:40 WARN module=api msg="disk usage above 80%"
2026-02-26 01:19:34 INFO module=sched msg="cache warmed up"
2026-02-26 01:23:41 DEBUG module=disk msg="heartbeat sent"
2026-02-26 01:29:57 WARN module=db msg="deprecated option used"
2026-02-26 01:30:27 INFO module=cache msg="config reloaded"
2026-02-26 01:34:07 INFO module=sched msg="user logged in"
2026-02-26 01:37:22 WARN module=net msg="deprecated option used"
2026-02-26 01:37:45 INFO module=auth msg="service started"
2026-02-26 01:39:58 DEBUG module=db msg="entering handler"
2026-02-26 01:41:02 INFO module=auth msg="request completed"
2026-02-26 01:42:42 ERROR module=sched msg="query failed"
2026-02-26 01:44:20 INFO module=api msg="job scheduled"
2026-02-26 01:45:53 INFO module=disk msg="service started"
2026-02-26 01:47:24 DEBUG module=sched msg="heartbeat sent"
2026-02-26 01:48:41 INFO module=api msg="config reloaded"
2026-02-26 01:49:41 INFO module=api msg="job scheduled"
2026-02-26 01:51:09 ERROR module=net msg="connection refused"
2026-02-26 01:51:32 DEBUG module=auth msg="retry counter reset"
2026-02-26 01:54:43 INFO module=db msg="config reloaded"
2026-02-26 01:58:05 DEBUG module=api msg="retry counter reset"
2026-02-26 02:01:41 INFO module=net msg="cache warmed up"
2026-02-26 02:02:59 INFO module=cache msg="cache warmed up"
2026-02-26 02:03:41 INFO module=disk msg="request completed"
2026-02-26 02:04:25 INFO module=db msg="service started"
2026-02-26 02:05:10 WARN module=disk msg="token expires soon"
2026-02-26 02:06:54 INFO module=net msg="cache warmed up"
2026-02-26 02:08:10 ERROR module=net msg="connection timeout"
2026-02-26 02:09:21 DEBUG module=db msg="entering handler"
2026-02-26 02:12:16 INFO module=net msg="user logged in"
2026-02-26 02:18:48 ERROR module=sched msg="permission denied"
2026-02-26 02:22:17 WARN module=sched msg="deprecated option used"
2026-02-26 02:22:37 WARN module=sched msg="disk usage above 80%"
2026-02-26 02:23:27 WARN module=db msg="slow response"
2026-02-26 02:24:43 INFO module=net msg="user logged in"
2026-02-26 02:25:57 INFO module=cache msg="cache warmed up"
2026-02-26 02:27:23 DEBUG module=sched msg="heartbeat sent"
2026-02-26 02:32:13 ERROR module=net msg="connection refused"
2026-02-26 02:37:37 INFO module=sched msg="config reloaded"
2026-02-26 02:40:39 INFO module=disk msg="request completed"
2026-02-26 02:41:40 INFO module=cache msg="job scheduled"
2026-02-26 02:53:45 INFO module=fs msg="service started"
2026-02-26 02:55:33 INFO module=auth msg="config reloaded"
2026-02-26 02:55:51 ERROR module=auth msg="segment read failed"
2026-02-26 02:56:16 ERROR module=auth msg="segment read failed"
2026-02-26 02:57:01 INFO module=db msg="config reloaded"
2026-02-26 02:58:48 WARN module=fs msg="deprecated option used"
2026-02-26 02:59:59 INFO module=db msg="config reloaded"
2026-02-26 03:04:48 INFO module=cache msg="cache warmed up"
2026-02-26 03:05:17 ERROR module=disk msg="no space left on device"
2026-02-26 03:06:31 ERROR module=net msg="segment read failed"
2026-02-26 03:09:54 INFO module=sched msg="request completed"
2026-02-26 03:10:05 INFO module=fs msg="user logged in"
2026-02-26 03:11:04 WARN module=auth msg="deprecated option used"
2026-02-26 03:13:09 INFO module=disk msg="config reloaded"
2026-02-26 03:14:22 INFO module=auth msg="job scheduled"
2026-02-26 03:14:47 WARN module=auth msg="token expires soon"
2026-02-26 03:16:15 WARN module=net msg="slow response"
2026-02-26 03:16:46 INFO module=auth msg="cache warmed up"
2026-02-26 03:17:45 ERROR module=disk msg="connection timeout"
2026-02-26 03:18:11 INFO module=net msg="config reloaded"
2026-02-26 03:19:29 DEBUG module=disk msg="heartbeat sent"
2026-02-26 03:22:38 INFO module=sched msg="service started"
2026-02-26 03:25:33 INFO module=cache msg="cache warmed up"
2026-02-26 03:27:34 INFO module=net msg="service started"
2026-02-26 03:29:21 INFO module=fs msg="job scheduled"
2026-02-26 03:30:30 INFO module=fs msg="job scheduled"
2026-02-26 03:31:24 INFO module=net msg="job scheduled"
2026-02-26 03:36:51 INFO module=auth msg="cache warmed up"
2026-02-26 03:40:50 DEBUG module=sched msg="entering handler"
2026-02-26 03:43:17 INFO module=cache msg="config reloaded"
2026-02-26 03:46:35 INFO module=disk msg="config reloaded"
2026-02-26 03:51:04 DEBUG module=fs msg="queue length checked"
2026-02-26 03:52:53 ERROR module=net msg="query failed"
2026-02-26 03:56:54 INFO module=fs msg="config reloaded"
2026-02-26 03:58:17 INFO module=api msg="job scheduled"
2026-02-26 03:59:15 WARN module=auth msg="token expires soon"
2026-02-26 03:59:46 INFO module=cache msg="request completed"
2026-02-26 03:59:55 INFO module=api msg="config reloaded"
2026-02-26 04:00:41 WARN module=net msg="deprecated option used"
2026-02-26 04:04:30 INFO module=api msg="cache warmed up"
2026-02-26 04:07:09 WARN module=auth msg="slow response"
2026-02-26 04:07:53 INFO module=db msg="config reloaded"
2026-02-26 04:08:21 DEBUG module=db msg="buffer flushed"
2026-02-26 04:09:32 INFO module=disk msg="config reloaded"
2026-02-26 04:11:50 DEBUG module=fs msg="heartbeat sent"
2026-02-26 04:14:17 DEBUG module=auth msg="retry counter reset"
2026-02-26 04:14:31 INFO module=auth msg="cache warmed up"
2026-02-26 04:16:27 INFO module=sched msg="request completed"
2026-02-26 04:16:44 WARN module=net msg="deprecated option used"
2026-02-26 04:17:32 INFO module=cache msg="user logged in"
2026-02-26 04:17:53 INFO module=fs msg="request completed"
2026-02-26 04:22:23 WARN module=net msg="slow response"
2026-02-26 04:27:53 WARN module=db msg="disk usage above 80%"
2026-02-26 04:28:03 INFO module=fs msg="service started"
2026-02-26 04:31:50 WARN module=net msg="disk usage above 80%"
2026-02-26 04:35:29 INFO module=fs msg="request completed"
2026-02-26 04:37:13 INFO module=auth msg="config reloaded"
2026-02-26 04:37:39 INFO module=net msg="config reloaded"
2026-02-26 04:40:25 INFO module=auth msg="service started"
2026-02-26 04:44:19 DEBUG module=auth msg="queue length checked"
2026-02-26 04:49:48 DEBUG module=api msg="buffer flushed"
2026-02-26 04:51:00 DEBUG module=cache msg="heartbeat sent"
2026-02-26 04:53:09 INFO module=cache msg="service started"
2026-02-26 04:54:48 DEBUG module=api msg="retry counter reset"
2026-02-26 04:54:53 INFO module=db msg="job scheduled"
2026-02-26 04:56:08 INFO module=auth msg="user logged in"
2026-02-26 04:57:13 DEBUG module=sched msg="entering handler"
2026-02-26 04:58:18 INFO module=api msg="user logged in"
2026-02-26 04:59:38 WARN module=sched msg="deprecated option used"
2026-02-26 05:00:31 WARN module=api msg="slow response"
2026-02-26 05:01:48 DEBUG module=api msg="retry counter reset"
2026-02-26 05:07:35 INFO module=db msg="service started"
2026-02-26 05:08:28 ERROR module=net msg="segment read failed"
2026-02-26 05:10:01 INFO module=cache msg="job scheduled"
2026-02-26 05:11:39 INFO module=net msg="config reloaded"
2026-02-26 05:15:53 WARN module=cache msg="deprecated option used"
2026-02-26 05:16:37 INFO module=fs msg="request completed"
2026-02-26 05:20:36 WARN module=db msg="deprecated option used"
2026-02-26 05:22:50 WARN module=fs msg="disk usage above 80%"
2026-02-26 05:23:43 INFO module=auth msg="service started"
2026-02-26 05:28:07 ERROR module=auth msg="segment read failed"
2026-02-26 05:30:37 WARN module=cache msg="disk usage above 80%"
2026-02-26 05:35:32 INFO module=api msg="config reloaded"
2026-02-26 05:35:41 INFO module=net msg="cache warmed up"
2026-02-26 05:36:07 INFO module=cache msg="cache warmed up"
2026-02-26 05:36:12 DEBUG module=sched msg="heartbeat sent"
2026-02-26 05:36:51 INFO module=cache msg="job scheduled"
2026-02-26 05:41:16 INFO module=api msg="config reloaded"
2026-02-26 05:42:07 INFO module=auth msg="request completed"
2026-02-26 05:42:59 DEBUG module=sched msg="entering handler"
2026-02-26 05:52:10 INFO module=net msg="job scheduled"
2026-02-26 05:53:56 WARN module=db msg="token expires soon"
2026-02-26 05:54:10 INFO module=api msg="job scheduled"
2026-02-26 05:55:16 INFO module=fs msg="config reloaded"
2026-02-26 05:56:35 INFO module=net msg="user logged in"
2026-02-26 05:57:23 DEBUG module=api msg="queue length checked"
2026-02-26 06:03:42 DEBUG module=auth msg="queue length checked"
2026-02-26 06:05:39 ERROR module=net msg="invalid token"
2026-02-26 06:06:59 DEBUG module=disk msg="queue length checked"
2026-02-26 06:13:30 WARN module=auth msg="deprecated option used"
2026-02-26 06:14:11 INFO module=db msg="job scheduled"
2026-02-26 06:15:55 DEBUG module=sched msg="queue length checked"
2026-02-26 06:16:40 INFO module=auth msg="config reloaded"
2026-02-26 06:19:24 INFO module=sched msg="job scheduled"
2026-02-26 06:19:25 INFO module=sched msg="service started"
2026-02-26 06:22:40 INFO module=net msg="user logged in"
2026-02-26 06:24:36 INFO module=db msg="job scheduled"
2026-02-26 06:25:52 INFO module=db msg="request completed"
2026-02-26 06:26:56 INFO module=api msg="request completed"
2026-02-26 06:29:51 INFO module=auth msg="request completed"
2026-02-26 06:32:28 DEBUG module=db msg="retry counter reset"
2026-02-26 06:33:53 ERROR module=net msg="invalid token"
2026-02-26 06:34:48 INFO module=auth msg="user logged in"
2026-02-26 06:35:02 INFO module=net msg="request completed"
2026-02-26 06:35:46 INFO module=db msg="job scheduled"
2026-02-26 06:38:48 INFO module=db msg="cache warmed up"
2026-02-26 06:40:11 DEBUG module=db msg="queue length checked"
2026-02-26 06:40:28 INFO module=cache msg="service started"
2026-02-26 06:40:46 INFO module=db msg="user logged in"
2026-02-26 06:43:28 INFO module=auth msg="job scheduled"
2026-02-26 06:43:41 INFO module=db msg="job scheduled"
2026-02-26 06:47:19 ERROR module=cache msg="segment read failed"
2026-02-26 06:50:34 INFO module=api msg="user logged in"
2026-02-26 06:52:37 INFO module=db msg="user logged in"
2026-02-26 06:52:43 INFO module=api msg="service started"
2026-02-26 06:52:49 WARN module=sched msg="disk usage above 80%"
2026-02-26 06:55:06 DEBUG module=api msg="queue length checked"
2026-02-26 06:56:51 INFO module=net msg="request completed"
2026-02-26 06:58:00 INFO module=sched msg="service started"
2026-02-26 07:00:05 ERROR module=sched msg="connection timeout"
2026-02-26 07:00:39 INFO module=net msg="request completed"
2026-02-26 07:00:50 ERROR module=sched msg="no space left on device"
2026-02-26 07:02:03 INFO module=fs msg="config reloaded"
2026-02-26 07:07:24 WARN module=disk msg="deprecated option used"
2026-02-26 07:07:54 INFO module=fs msg="user logged in"
2026-02-26 07:09:11 DEBUG module=sched msg="retry counter reset"
2026-02-26 07:09:12 WARN module=db msg="slow response"
2026-02-26 07:14:24 INFO module=fs msg="cache warmed up"
2026-02-26 07:16:08 INFO module=sched msg="cache warmed up"
2026-02-26 07:17:17 INFO module=auth msg="job scheduled"
2026-02-26 07:20:41 INFO module=cache msg="request completed"
2026-02-26 07:22:47 INFO module=fs msg="cache warmed up"
2026-02-26 07:25:25 INFO module=cache msg="service started"
2026-02-26 07:25:28 INFO module=api msg="service started"
2026-02-26 07:27:19 INFO module=disk msg="config reloaded"
2026-02-26 07:30:14 DEBUG module=sched msg="heartbeat sent"
2026-02-26 07:33:21 ERROR module=net msg="segment read failed"
2026-02-26 07:35:43 DEBUG module=net msg="heartbeat sent"
2026-02-26 07:39:51 INFO module=fs msg="config reloaded"
2026-02-26 07:43:24 INFO module=db msg="job scheduled"
2026-02-26 07:45:30 INFO module=cache msg="config reloaded"
2026-02-26 07:47:05 WARN module=disk msg="disk usage above 80%"
2026-02-26 07:47:59 WARN module=sched msg="slow response"
2026-02-26 07:48:19 INFO module=sched msg="cache warmed up"
2026-02-26 07:52:57 INFO module=disk msg="job scheduled"
2026-02-26 07:54:22 WARN module=disk msg="disk usage above 80%"
2026-02-26 08:02:00 INFO module=api msg="user logged in"
2026-02-26 08:02:50 INFO module=api msg="service started"
2026-02-26 08:02:59 INFO module=sched msg="user logged in"
2026-02-26 08:03:17 DEBUG module=disk msg="queue length checked"
2026-02-26 08:05:44 WARN module=disk msg="token expires soon"
2026-02-26 08:08:12 INFO module=sched msg="service started"
2026-02-26 08:12:25 INFO module=api msg="user logged in"
2026-02-26 08:14:41 INFO module=auth msg="cache warmed up"
2026-02-26 08:17:53 ERROR module=db msg="no space left on device"
2026-02-26 08:21:11 INFO module=cache msg="request completed"
2026-02-26 08:24:11 INFO module=net msg="request completed"
2026-02-26 08:25:03 WARN module=api msg="slow response"
2026-02-26 08:28:21 INFO module=auth msg="user logged in"
2026-02-26 08:28:49 INFO module=auth msg="request completed"
2026-02-26 08:31:35 INFO module=sched msg="job scheduled"
2026-02-26 08:31:54 INFO module=net msg="service started"
2026-02-26 08:34:18 INFO module=api msg="user logged in"
2026-02-26 08:36:50 WARN module=net msg="disk usage above 80%"
2026-02-26 08:40:50 ERROR module=net msg="segment read failed"
2026-02-26 08:43:04 DEBUG module=net msg="buffer flushed"
2026-02-26 08:47:46 WARN module=net msg="deprecated option used"
2026-02-26 08:47:49 INFO module=auth msg="user logged in"
2026-02-26 08:48:21 INFO module=fs msg="user logged in"
2026-02-26 08:48:37 ERROR module=db msg="permission denied"
2026-02-26 08:49:54 ERROR module=auth msg="permission denied"
2026-02-26 08:54:25 INFO module=db msg="cache warmed up"
2026-02-26 08:58:59 INFO module=cache msg="cache warmed up"
2026-02-26 08:59:03 INFO module=fs msg="job scheduled"
2026-02-26 09:00:25 INFO module=cache msg="job scheduled"
2026-02-26 09:05:06 INFO module=api msg="cache warmed up"
2026-02-26 09:05:53 DEBUG module=api msg="buffer flushed"
2026-02-26 09:07:20 ERROR module=net msg="segment read failed"
2026-02-26 09:07:57 DEBUG module=disk msg="queue length checked"
2026-02-26 09:09:40 INFO module=disk msg="cache warmed up"
2026-02-26 09:10:52 WARN module=auth msg="disk usage above 80%"
2026-02-26 09:13:00 WARN module=api msg="deprecated option used"
2026-02-26 09:13:03 INFO module=cache msg="service started"
2026-02-26 09:14:14 INFO module=auth msg="job scheduled"
2026-02-26 09:14:22 INFO module=db msg="request completed"
2026-02-26 09:14:48 INFO module=api msg="request completed"
2026-02-26 09:20:24 DEBUG module=api msg="heartbeat sent"
2026-02-26 09:22:00 INFO module=api msg="cache warmed up"
2026-02-26 09:29:49 ERROR module=net msg="segment read failed"
2026-02-26 09:32:06 ERROR module=auth msg="segment read failed"
2026-02-26 09:32:08 INFO module=fs msg="config reloaded"
2026-02-26 09:32:26 INFO module=db msg="cache warmed up"
2026-02-26 09:35:35 INFO module=auth msg="job scheduled"
2026-02-26 09:38:48 INFO module=api msg="config reloaded"
2026-02-26 09:38:56 DEBUG module=cache msg="retry counter reset"
2026-02-26 09:39:19 INFO module=db msg="service started"
2026-02-26 09:39:25 INFO module=api msg="config reloaded"
2026-02-26 09:43:45 INFO module=db msg="user logged in"
2026-02-26 09:44:15 ERROR module=net msg="segment read failed"
2026-02-26 09:44:27 INFO module=disk msg="cache warmed up"
2026-02-26 09:45:25 INFO module=net msg="config reloaded"
2026-02-26 09:45:57 INFO module=api msg="config reloaded"
2026-02-26 09:48:26 INFO module=sched msg="service started"
2026-02-26 09:49:52 INFO module=disk msg="config reloaded"
2026-02-26 09:51:37 INFO module=db msg="service started"
2026-02-26 09:53:17 ERROR module=disk msg="query failed"
2026-02-26 09:54:32 DEBUG module=db msg="retry counter reset"
2026-02-26 09:57:32 INFO module=disk msg="request completed"
2026-02-26 09:58:45 INFO module=db msg="service started"
2026-02-26 09:58:58 INFO module=auth msg="cache warmed up"
2026-02-26 10:00:54 INFO module=sched msg="user logged in"
2026-02-26 10:01:56 WARN module=db msg="retrying request"
2026-02-26 10:03:22 WARN module=api msg="deprecated option used"
2026-02-26 10:04:15 INFO module=net msg="cache warmed up"
2026-02-26 10:10:40 INFO module=net msg="cache warmed up"
2026-02-26 10:10:48 INFO module=auth msg="service started"
2026-02-26 10:15:02 WARN module=net msg="retrying request"
2026-02-26 10:16:13 INFO module=api msg="user logged in"
2026-02-26 10:17:26 ERROR module=net msg="permission denied"
2026-02-26 10:20:30 DEBUG module=sched msg="heartbeat sent"
2026-02-26 10:25:34 INFO module=net msg="service started"
2026-02-26 10:28:59 INFO module=net msg="request completed"
2026-02-26 10:29:22 WARN module=cache msg="disk usage above 80%"
2026-02-26 10:32:47 INFO module=api msg="request completed"
2026-02-26 10:42:30 WARN module=disk msg="disk usage above 80%"
2026-02-26 10:43:26 DEBUG module=db msg="heartbeat sent"
2026-02-26 10:45:49 INFO module=net msg="service started"
2026-02-26 10:47:24 INFO module=cache msg="service started"
2026-02-26 10:51:58 DEBUG module=auth msg="heartbeat sent"
2026-02-26 10:53:02 WARN module=disk msg="slow response"
2026-02-26 10:53:45 DEBUG module=sched msg="buffer flushed"
2026-02-26 10:54:23 INFO module=fs msg="job scheduled"
2026-02-26 10:57:20 INFO module=fs msg="service started"
2026-02-26 10:57:23 INFO module=db msg="cache warmed up"
2026-02-26 10:59:41 DEBUG module=cache msg="retry counter reset"
2026-02-26 11:02:57 ERROR module=cache msg="no space left on device"
2026-02-26 11:06:20 INFO module=auth msg="request completed"
2026-02-26 11:07:28 INFO module=api msg="config reloaded"
2026-02-26 11:07:30 ERROR module=fs msg="query failed"
2026-02-26 11:08:37 DEBUG module=api msg="retry counter reset"
2026-02-26 11:09:40 INFO module=api msg="job scheduled"
2026-02-26 11:09:41 WARN module=disk msg="slow response"
2026-02-26 11:11:47 INFO module=auth msg="service started"
2026-02-26 11:11:52 INFO module=net msg="config reloaded"
2026-02-26 11:13:44 INFO module=api msg="service started"
2026-02-26 11:16:44 INFO module=disk msg="service started"
2026-02-26 11:17:15 INFO module=net msg="job scheduled"
2026-02-26 11:20:41 WARN module=cache msg="disk usage above 80%"
2026-02-26 11:24:01 INFO module=auth msg="config reloaded"
2026-02-26 11:29:24 INFO module=auth msg="config reloaded"
2026-02-26 11:30:55 INFO module=auth msg="job scheduled"
2026-02-26 11:31:28 INFO module=api msg="user logged in"
2026-02-26 11:32:03 WARN module=fs msg="slow response"
2026-02-26 11:37:33 INFO module=sched msg="service started"
2026-02-26 11:37:52 INFO module=db msg="request completed"
2026-02-26 11:39:40 WARN module=net msg="token expires soon"
2026-02-26 11:41:26 INFO module=db msg="service started"
2026-02-26 11:43:22 INFO module=api msg="user logged in"
2026-02-26 11:45:11 INFO module=db msg="request completed"
2026-02-26 11:47:03 INFO module=fs msg="job scheduled"
2026-02-26 11:47:05 INFO module=net msg="job scheduled"
2026-02-26 11:48:17 INFO module=db msg="request completed"
2026-02-26 11:49:56 INFO module=net msg="service started"
2026-02-26 11:51:25 INFO module=auth msg="job scheduled"
2026-02-26 11:54:17 INFO module=sched msg="service started"
2026-02-26 11:57:31 DEBUG module=api msg="retry counter reset"
2026-02-26 11:57:33 INFO module=api msg="cache warmed up"
2026-02-26 11:58:47 INFO module=cache msg="user logged in"
2026-02-26 12:04:35 WARN module=auth msg="deprecated option used"
2026-02-26 12:04:42 INFO module=auth msg="user logged in"
2026-02-26 12:08:16 ERROR module=net msg="query failed"
2026-02-26 12:08:21 WARN module=net msg="retrying request"
2026-02-26 12:10:42 INFO module=db msg="job scheduled"
2026-02-26 12:16:56 INFO module=auth msg="cache warmed up"
2026-02-26 12:20:07 INFO module=net msg="request completed"
2026-02-26 12:23:51 INFO module=net msg="request completed"
2026-02-26 12:24:39 INFO module=auth msg="request completed"
2026-02-26 12:31:03 DEBUG module=cache msg="heartbeat sent"
2026-02-26 12:35:20 INFO module=disk msg="config reloaded"
2026-02-26 12:36:28 INFO module=fs msg="request completed"
2026-02-26 12:38:14 INFO module=db msg="config reloaded"
2026-02-26 12:39:04 INFO module=fs msg="user logged in"
2026-02-26 12:44:40 ERROR module=disk msg="no space left on device"
2026-02-26 12:44:49 INFO module=auth msg="request completed"
2026-02-26 12:47:02 INFO module=cache msg="user logged in"
2026-02-26 12:47:49 INFO module=auth msg="request completed"
2026-02-26 12:50:35 INFO module=disk msg="request completed"
2026-02-26 12:51:55 INFO module=db msg="request completed"
2026-02-26 13:04:31 INFO module=net msg="job scheduled"
2026-02-26 13:04:57 WARN module=db msg="deprecated option used"
2026-02-26 13:05:59 INFO module=net msg="job scheduled"
2026-02-26 13:07:48 WARN module=disk msg="slow response"
2026-02-26 13:09:55 WARN module=net msg="disk usage above 80%"
2026-02-26 13:17:06 WARN module=db msg="slow response"
2026-02-26 13:29:13 INFO module=db msg="config reloaded"
2026-02-26 13:29:18 INFO module=net msg="service started"
2026-02-26 13:33:44 INFO module=sched msg="service started"
2026-02-26 13:33:52 INFO module=disk msg="service started"
2026-02-26 13:34:13 INFO module=api msg="config reloaded"
2026-02-26 13:38:56 WARN module=db msg="token expires soon"
2026-02-26 13:41:04 WARN module=db msg="slow response"
2026-02-26 13:47:49 INFO module=net msg="service started"
2026-02-26 13:48:52 DEBUG module=cache msg="retry counter reset"
2026-02-26 13:48:57 INFO module=api msg="service started"
2026-02-26 13:49:48 WARN module=auth msg="token expires soon"
2026-02-26 13:51:41 INFO module=db msg="config reloaded"
2026-02-26 13:52:41 INFO module=auth msg="user logged in"
2026-02-26 13:53:24 INFO module=auth msg="job scheduled"
2026-02-26 13:54:05 INFO module=sched msg="user logged in"
2026-02-26 13:56:11 INFO module=api msg="cache warmed up"
2026-02-26 13:57:21 INFO module=api msg="job scheduled"
2026-02-26 14:00:08 INFO module=disk msg="request completed"
2026-02-26 14:03:05 INFO module=api msg="service started"
2026-02-26 14:05:22 INFO module=auth msg="service started"
2026-02-26 14:07:43 WARN module=api msg="token expires soon"
2026-02-26 14:08:03 WARN module=cache msg="disk usage above 80%"
2026-02-26 14:08:34 DEBUG module=fs msg="queue length checked"
2026-02-26 14:11:16 INFO module=cache msg="service started"
2026-02-26 14:11:18 ERROR module=net msg="segment read failed"
2026-02-26 14:11:46 INFO module=disk msg="request completed"
2026-02-26 14:11:49 INFO module=auth msg="config reloaded"
2026-02-26 14:11:56 INFO module=auth msg="config reloaded"
2026-02-26 14:17:21 ERROR module=db msg="query failed"
2026-02-26 14:17:59 INFO module=api msg="service started"
2026-02-26 14:18:38 INFO module=api msg="user logged in"
2026-02-26 14:20:42 INFO module=cache msg="request completed"
2026-02-26 14:21:32 ERROR module=net msg="permission denied"
2026-02-26 14:23:01 INFO module=net msg="request completed"
2026-02-26 14:25:30 INFO module=disk msg="request completed"
2026-02-26 14:30:48 INFO module=auth msg="job scheduled"
2026-02-26 14:38:07 INFO module=disk msg="job scheduled"
2026-02-26 14:38:50 INFO module=api msg="job scheduled"
2026-02-26 14:39:03 INFO module=db msg="user logged in"
2026-02-26 14:42:17 INFO module=disk msg="request completed"
2026-02-26 14:47:17 INFO module=cache msg="service started"
2026-02-26 14:47:50 INFO module=net msg="user logged in"
2026-02-26 14:51:16 INFO module=db msg="config reloaded"
2026-02-26 15:03:02 WARN module=disk msg="disk usage above 80%"
2026-02-26 15:04:51 DEBUG module=net msg="heartbeat sent"
2026-02-26 15:05:48 DEBUG module=sched msg="retry counter reset"
2026-02-26 15:07:29 DEBUG module=api msg="queue length checked"
2026-02-26 15:17:55 INFO module=api msg="cache warmed up"
2026-02-26 15:20:18 ERROR module=net msg="permission denied"
2026-02-26 15:25:39 WARN module=disk msg="slow response"
2026-02-26 15:30:00 WARN module=sched msg="retrying request"
2026-02-26 15:32:58 DEBUG module=cache msg="entering handler"
2026-02-26 15:33:20 INFO module=disk msg="request completed"
2026-02-26 15:37:01 INFO module=api msg="job scheduled"
2026-02-26 15:38:37 INFO module=db msg="request completed"
2026-02-26 15:40:06 WARN module=api msg="retrying request"
2026-02-26 15:44:12 DEBUG module=fs msg="retry counter reset"
2026-02-26 15:46:10 WARN module=disk msg="slow response"
2026-02-26 15:48:21 INFO module=cache msg="request completed"
2026-02-26 15:50:35 INFO module=net msg="config reloaded"
2026-02-26 15:51:20 INFO module=net msg="service started"
2026-02-26 15:54:15 INFO module=net msg="config reloaded"
2026-02-26 15:54:29 WARN module=api msg="deprecated option used"
2026-02-26 15:55:45 INFO module=fs msg="user logged in"
2026-02-26 15:58:41 DEBUG module=cache msg="buffer flushed"
2026-02-26 15:59:53 INFO module=net msg="cache warmed up"
2026-02-26 16:00:18 WARN module=db msg="deprecated option used"
2026-02-26 16:02:16 INFO module=auth msg="request completed"
2026-02-26 16:02:56 INFO module=sched msg="request completed"
2026-02-26 16:05:12 INFO module=disk msg="job scheduled"
2026-02-26 16:05:16 INFO module=disk msg="request completed"
2026-02-26 16:12:27 INFO module=sched msg="service started"
2026-02-26 16:14:16 INFO module=api msg="service started"
2026-02-26 16:14:20 WARN module=db msg="deprecated option used"
2026-02-26 16:17:54 WARN module=api msg="token expires soon"
2026-02-26 16:18:24 DEBUG module=api msg="heartbeat sent"
2026-02-26 16:18:34 INFO module=api msg="job scheduled"
2026-02-26 16:19:18 WARN module=net msg="token expires soon"
2026-02-26 16:19:37 INFO module=auth msg="request completed"
2026-02-26 16:20:56 INFO module=net msg="service started"
2026-02-26 16:24:24 INFO module=net msg="cache warmed up"
2026-02-26 16:26:40 WARN module=disk msg="slow response"
2026-02-26 16:26:57 WARN module=net msg="token expires soon"
2026-02-26 16:30:05 WARN module=cache msg="retrying request"
2026-02-26 16:34:09 INFO module=fs msg="job scheduled"
2026-02-26 16:36:37 INFO module=api msg="config reloaded"
2026-02-26 16:38:13 INFO module=sched msg="request completed"
2026-02-26 16:39:05 INFO module=net msg="user logged in"
2026-02-26 16:39:15 INFO module=auth msg="job scheduled"
2026-02-26 16:41:52 DEBUG module=auth msg="retry counter reset"
2026-02-26 16:49:48 DEBUG module=sched msg="entering handler"
2026-02-26 16:55:23 INFO module=net msg="request completed"
2026-02-26 16:56:46 INFO module=fs msg="job scheduled"
2026-02-26 16:59:40 INFO module=net msg="user logged in"
2026-02-26 17:00:01 INFO module=auth msg="cache warmed up"
2026-02-26 17:04:41 DEBUG module=fs msg="heartbeat sent"
2026-02-26 17:06:57 INFO module=auth msg="request completed"
2026-02-26 17:08:38 INFO module=api msg="service started"
2026-02-26 17:11:39 INFO module=cache msg="job scheduled"
2026-02-26 17:13:30 INFO module=auth msg="cache warmed up"
2026-02-26 17:13:59 INFO module=disk msg="service started"
2026-02-26 17:14:05 INFO module=sched msg="request completed"
2026-02-26 17:14:16 INFO module=sched msg="config reloaded"
2026-02-26 17:18:36 WARN module=cache msg="deprecated option used"
2026-02-26 17:18:51 INFO module=api msg="config reloaded"
2026-02-26 17:19:54 INFO module=db msg="service started"
2026-02-26 17:22:44 INFO module=api msg="user logged in"
2026-02-26 17:25:39 INFO module=fs msg="request completed"
2026-02-26 17:28:56 DEBUG module=cache msg="queue length checked"
2026-02-26 17:32:02 INFO module=disk msg="request completed"
2026-02-26 17:35:54 INFO module=auth msg="job scheduled"
2026-02-26 17:38:12 INFO module=api msg="request completed"
2026-02-26 17:38:17 INFO module=db msg="job scheduled"
2026-02-26 17:39:13 INFO module=net msg="user logged in"
2026-02-26 17:39:52 INFO module=net msg="cache warmed up"
2026-02-26 17:40:55 ERROR module=db msg="connection refused"
2026-02-26 17:43:28 WARN module=cache msg="token expires soon"
2026-02-26 17:44:01 INFO module=sched msg="service started"
2026-02-26 17:47:19 WARN module=cache msg="disk usage above 80%"
2026-02-26 17:48:09 INFO module=auth msg="request completed"
2026-02-26 17:49:15 INFO module=disk msg="job scheduled"
2026-02-26 17:49:48 INFO module=auth msg="request completed"
2026-02-26 17:55:09 DEBUG module=net msg="queue length checked"
2026-02-26 17:56:10 WARN module=disk msg="slow response"
2026-02-26 17:58:51 DEBUG module=sched msg="entering handler"
2026-02-26 18:01:23 WARN module=auth msg="token expires soon"
2026-02-26 18:02:40 INFO module=sched msg="config reloaded"
2026-02-26 18:05:57 INFO module=api msg="service started"
2026-02-26 18:09:12 INFO module=disk msg="request completed"
2026-02-26 18:10:29 DEBUG module=sched msg="queue length checked"
2026-02-26 18:17:31 INFO module=net msg="service started"
2026-02-26 18:21:17 INFO module=fs msg="job scheduled"
2026-02-26 18:22:12 INFO module=db msg="config reloaded"
2026-02-26 18:23:41 INFO module=disk msg="cache warmed up"
2026-02-26 18:25:56 INFO module=net msg="user logged in"
2026-02-26 18:28:04 INFO module=auth msg="job scheduled"
2026-02-26 18:31:30 WARN module=api msg="disk usage above 80%"
2026-02-26 18:33:09 INFO module=fs msg="request completed"
2026-02-26 18:35:22 WARN module=net msg="deprecated option used"
2026-02-26 18:36:30 INFO module=db msg="request completed"
2026-02-26 18:43:05 INFO module=db msg="request completed"
2026-02-26 18:48:17 INFO module=net msg="config reloaded"
2026-02-26 18:49:03 INFO module=net msg="request completed"
2026-02-26 18:49:32 INFO module=net msg="user logged in"
2026-02-26 18:49:42 INFO module=db msg="service started"
2026-02-26 18:51:34 INFO module=api msg="job scheduled"
2026-02-26 18:54:02 INFO module=db msg="service started"
2026-02-26 18:57:59 ERROR module=cache msg="connection timeout"
2026-02-26 18:58:34 INFO module=auth msg="job scheduled"
2026-02-26 19:01:20 INFO module=disk msg="request completed"
2026-02-26 19:01:33 INFO module=auth msg="cache warmed up"
2026-02-26 19:01:37 WARN module=fs msg="token expires soon"
2026-02-26 19:02:20 WARN module=db msg="token expires soon"
2026-02-26 19:03:58 ERROR module=auth msg="no space left on device"
2026-02-26 19:09:52 INFO module=disk msg="request completed"
2026-02-26 19:11:25 INFO module=fs msg="config reloaded"
2026-02-26 19:11:58 DEBUG module=cache msg="buffer flushed"
2026-02-26 19:12:26 INFO module=db msg="request completed"
2026-02-26 19:14:31 INFO module=fs msg="cache warmed up"
2026-02-26 19:18:34 INFO module=api msg="request completed"
2026-02-26 19:19:09 DEBUG module=cache msg="heartbeat sent"
2026-02-26 19:23:03 INFO module=auth msg="cache warmed up"
2026-02-26 19:23:33 DEBUG module=disk msg="queue length checked"
2026-02-26 19:26:43 ERROR module=disk msg="permission denied"
2026-02-26 19:32:37 WARN module=disk msg="slow response"
2026-02-26 19:34:59 INFO module=auth msg="service started"
2026-02-26 19:36:04 ERROR module=net msg="segment read failed"
2026-02-26 19:39:39 WARN module=db msg="disk usage above 80%"
2026-02-26 19:41:29 INFO module=net msg="user logged in"
2026-02-26 19:43:27 INFO module=disk msg="user logged in"
2026-02-26 19:43:28 WARN module=net msg="retrying request"
2026-02-26 19:46:09 WARN module=net msg="disk usage above 80%"
2026-02-26 19:47:55 DEBUG module=db msg="retry counter reset"
2026-02-26 19:50:26 INFO module=disk msg="config reloaded"
2026-02-26 19:52:49 INFO module=fs msg="user logged in"
2026-02-26 19:56:38 INFO module=auth msg="job scheduled"
2026-02-26 19:57:55 INFO module=api msg="config reloaded"
2026-02-26 20:02:09 ERROR module=db msg="permission denied"
2026-02-26 20:02:20 INFO module=cache msg="user logged in"
2026-02-26 20:05:58 INFO module=cache msg="config reloaded"
2026-02-26 20:08:13 INFO module=net msg="service started"
2026-02-26 20:15:18 DEBUG module=sched msg="queue length checked"
2026-02-26 20:16:04 INFO module=sched msg="job scheduled"
2026-02-26 20:16:20 INFO module=net msg="user logged in"
2026-02-26 20:16:27 WARN module=api msg="disk usage above 80%"
2026-02-26 20:20:57 WARN module=api msg="slow response"
2026-02-26 20:23:29 INFO module=db msg="user logged in"
2026-02-26 20:24:38 INFO module=auth msg="job scheduled"
2026-02-26 20:27:11 WARN module=cache msg="deprecated option used"
2026-02-26 20:30:44 WARN module=net msg="slow response"
2026-02-26 20:32:11 DEBUG module=auth msg="heartbeat sent"
2026-02-26 20:33:30 INFO module=cache msg="request completed"
2026-02-26 20:34:21 INFO module=api msg="service started"
2026-02-26 20:34:25 DEBUG module=db msg="entering handler"
2026-02-26 20:40:25 INFO module=net msg="service started"
2026-02-26 20:42:30 INFO module=disk msg="user logged in"
2026-02-26 20:42:31 INFO module=db msg="job scheduled"
2026-02-26 20:43:33 WARN module=cache msg="disk usage above 80%"
2026-02-26 20:44:09 ERROR module=db msg="segment read failed"
2026-02-26 20:44:21 INFO module=net msg="request completed"
2026-02-26 20:46:53 INFO module=api msg="cache warmed up"
2026-02-26 20:50:26 INFO module=net msg="cache warmed up"
2026-02-26 20:50:32 INFO module=disk msg="cache warmed up"
2026-02-26 20:50:55 WARN module=cache msg="retrying request"
2026-02-26 20:53:17 INFO module=auth msg="user logged in"
2026-02-26 20:54:41 WARN module=cache msg="deprecated option used"
2026-02-26 20:59:19 INFO module=sched msg="user logged in"
2026-02-26 20:59:39 INFO module=db msg="cache warmed up"
2026-02-26 21:00:30 DEBUG module=disk msg="queue length checked"
2026-02-26 21:01:19 INFO module=sched msg="cache warmed up"
2026-02-26 21:02:24 INFO module=net msg="config reloaded"
2026-02-26 21:03:57 DEBUG module=disk msg="queue length checked"
2026-02-26 21:04:13 INFO module=auth msg="user logged in"
2026-02-26 21:06:22 INFO module=disk msg="user logged in"
2026-02-26 21:07:20 INFO module=sched msg="cache warmed up"
2026-02-26 21:07:27 INFO module=fs msg="job scheduled"
2026-02-26 21:09:31 INFO module=fs msg="user logged in"
2026-02-26 21:12:13 INFO module=auth msg="cache warmed up"
2026-02-26 21:13:08 DEBUG module=sched msg="entering handler"
2026-02-26 21:13:15 DEBUG module=net msg="heartbeat sent"
2026-02-26 21:13:33 INFO module=disk msg="job scheduled"
2026-02-26 21:16:40 INFO module=auth msg="config reloaded"
2026-02-26 21:17:15 INFO module=cache msg="cache warmed up"
2026-02-26 21:18:02 INFO module=db msg="config reloaded"
2026-02-26 21:18:56 INFO module=db msg="user logged in"
2026-02-26 21:21:11 DEBUG module=net msg="queue length checked"
2026-02-26 21:25:29 WARN module=net msg="token expires soon"
2026-02-26 21:26:00 INFO module=net msg="job scheduled"
2026-02-26 21:29:33 INFO module=sched msg="request completed"
2026-02-26 21:32:59 WARN module=cache msg="disk usage above 80%"
2026-02-26 21:35:53 WARN module=sched msg="disk usage above 80%"
2026-02-26 21:36:40 ERROR module=db msg="query failed"
2026-02-26 21:36:58 INFO module=auth msg="config reloaded"
2026-02-26 21:43:59 WARN module=disk msg="slow response"
2026-02-26 21:46:35 WARN module=sched msg="disk usage above 80%"
2026-02-26 21:47:30 WARN module=disk msg="deprecated option used"
2026-02-26 21:49:46 ERROR module=disk msg="segment read failed"
2026-02-26 21:50:53 INFO module=fs msg="service started"
2026-02-26 21:54:55 INFO module=db msg="cache warmed up"
2026-02-26 21:55:22 INFO module=net msg="service started"
2026-02-26 21:56:18 INFO module=sched msg="user logged in"
2026-02-26 22:03:29 INFO module=api msg="service started"
2026-02-26 22:07:49 INFO module=auth msg="config reloaded"
2026-02-26 22:09:01 WARN module=auth msg="slow response"
2026-02-26 22:10:21 DEBUG module=sched msg="queue length checked"
2026-02-26 22:10:32 INFO module=db msg="job scheduled"
2026-02-26 22:10:50 INFO module=db msg="request completed"
2026-02-26 22:13:19 INFO module=disk msg="job scheduled"
2026-02-26 22:13:58 INFO module=api msg="request completed"
2026-02-26 22:17:34 DEBUG module=api msg="heartbeat sent"
2026-02-26 22:21:19 INFO module=net msg="job scheduled"
2026-02-26 22:23:54 WARN module=disk msg="slow response"
2026-02-26 22:25:00 INFO module=db msg="request completed"
2026-02-26 22:28:29 INFO module=auth msg="request completed"
2026-02-26 22:29:55 WARN module=cache msg="deprecated option used"
2026-02-26 22:30:23 INFO module=auth msg="service started"
2026-02-26 22:31:55 INFO module=sched msg="request completed"
2026-02-26 22:37:31 INFO module=fs msg="job scheduled"
2026-02-26 22:41:37 WARN module=disk msg="retrying request"
2026-02-26 22:43:01 INFO module=fs msg="job scheduled"
2026-02-26 22:44:48 INFO module=db msg="user logged in"
2026-02-26 22:45:40 ERROR module=db msg="permission denied"
2026-02-26 22:48:15 DEBUG module=db msg="queue length checked"
2026-02-26 22:54:27 ERROR module=disk msg="connection refused"
2026-02-26 22:58:28 INFO module=auth msg="config reloaded"
2026-02-26 23:01:02 WARN module=auth msg="retrying request"
2026-02-26 23:06:10 ERROR module=disk msg="invalid token"
2026-02-26 23:06:57 INFO module=auth msg="service started"
2026-02-26 23:07:19 INFO module=db msg="cache warmed up"
2026-02-26 23:11:48 INFO module=db msg="cache warmed up"
2026-02-26 23:14:12 INFO module=net msg="request completed"
2026-02-26 23:20:36 INFO module=api msg="user logged in"
2026-02-26 23:21:04 INFO module=fs msg="service started"
2026-02-26 23:21:07 INFO module=cache msg="job scheduled"
2026-02-26 23:21:57 INFO module=net msg="request completed"
2026-02-26 23:24:13 INFO module=fs msg="request completed"
2026-02-26 23:26:58 WARN module=auth msg="token expires soon"
2026-02-26 23:30:46 INFO module=net msg="job scheduled"
2026-02-26 23:35:17 INFO module=sched msg="request completed"
2026-02-26 23:35:18 INFO module=fs msg="request completed"
2026-02-26 23:35:33 INFO module=net msg="request completed"
2026-02-26 23:38:08 INFO module=disk msg="request completed"
2026-02-26 23:42:09 INFO module=fs msg="user logged in"
2026-02-26 23:43:09 DEBUG module=cache msg="queue length checked"
2026-02-26 23:50:08 WARN module=api msg="deprecated option used"
2026-02-26 23:50:52 ERROR module=net msg="connection refused"
2026-02-26 23:54:00 DEBUG module=net msg="entering handler"
