2026-02-28 00:06:06 WARN module=net msg="token expires soon"
2026-02-28 00:14:41 WARN module=disk msg="deprecated option used"
2026-02-28 00:15:16 DEBUG module=net msg="queue length checked"
2026-02-28 00:15:34 ERROR module=api msg="connection refused"
2026-02-28 00:25:05 DEBUG module=net msg="queue length checked"
2026-02-28 00:27:27 INFO module=auth msg="request completed"
2026-02-28 00:38:32 DEBUG module=db msg="queue length checked"
2026-02-28 00:39:22 INFO module=net msg="job scheduled"
2026-02-28 00:40:48 INFO module=net msg="user logged in"
2026-02-28 00:48:14 INFO module=api msg="service started"
2026-02-28 00:58:31 INFO module=net msg="config reloaded"
2026-02-28 01:01:17 INFO module=fs msg="cache warmed up"
2026-02-28 01:02:28 INFO module=db msg="job scheduled"
2026-02-28 01:06:33 INFO module=disk msg="config reloaded"
2026-02-28 01:09:04 INFO module=sched msg="user logged in"
2026-02-28 01:35:22 WARN module=db msg="slow response"
2026-02-28 01:52:58 INFO module=sched msg="user logged in"
2026-02-28 01:59:01 INFO module=net msg="cache warmed up"
2026-02-28 02:09:13 INFO module=disk msg="job scheduled"
2026-02-28 02:12:47 DEBUG module=sched msg="retry counter reset"
2026-02-28 02:17:56 INFO module=db msg="cache warmed up"
2026-02-28 02:18:20 INFO module=net msg="config reloaded"
2026-02-28 02:19:06 INFO module=api msg="service started"
2026-02-28 02:19:48 INFO module=auth msg="user logged in"
2026-02-28 02:24:19 ERROR module=net msg="connection refused"
2026-02-28 02:24:42 INFO module=disk msg="request completed"
2026-02-28 02:27:06 WARN module=api msg="token expires soon"
2026-02-28 02:29:43 INFO module=auth msg="service started"
2026-02-28 02:29:55 INFO module=cache msg="cache warmed up"
2026-02-28 02:41:56 INFO module=db msg="service started"
2026-02-28 02:46:12 INFO module=db msg="cache warmed up"
2026-02-28 02:53:01 INFO module=auth msg="request completed"
2026-02-28 02:55:44 INFO module=sched msg="cache warmed up"
2026-02-28 03:02:01 INFO module=api msg="request completed"
2026-02-28 03:03:09 WARN module=api msg="slow response"
2026-02-28 03:06:14 WARN module=disk msg="deprecated option used"
2026-02-28 03:06:45 INFO module=fs msg="job scheduled"
2026-02-28 03:16:07 INFO module=fs msg="cache warmed up"
2026-02-28 03:25:30 INFO module=net msg="request completed"
2026-02-28 03:26:16 DEBUG module=sched msg="retry counter reset"
2026-02-28 03:26:18 INFO module=db msg="service started"
2026-02-28 03:31:06 WARN module=auth msg="disk usage above 80%"
2026-02-28 03:43:37 INFO module=net msg="job scheduled"
2026-02-28 03:50:33 INFO module=auth msg="service started"
2026-02-28 03:50:34 INFO module=auth msg="job scheduled"
2026-02-28 03:57:12 INFO module=sched msg="config reloaded"
2026-02-28 03:58:58 INFO module=net msg="request completed"
2026-02-28 04:06:10 ERROR module=net msg="connection refused"
2026-02-28 04:06:18 INFO module=auth msg="job scheduled"
2026-02-28 04:11:06 WARN module=net msg="retrying request"
2026-02-28 04:26:43 DEBUG module=disk msg="queue length checked"
2026-02-28 04:32:20 INFO module=cache msg="user logged in"
2026-02-28 04:39:09 INFO module=db msg="cache warmed up"
2026-02-28 04:44:37 INFO module=api msg="request completed"
2026-02-28 05:00:09 DEBUG module=net msg="entering handler"
2026-02-28 05:01:27 WARN module=net msg="retrying request"
2026-02-28 05:02:47 INFO module=fs msg="job scheduled"
2026-02-28 05:03:32 INFO module=auth msg="job scheduled"
2026-02-28 05:09:20 INFO module=net msg="request completed"
2026-02-28 05:09:26 ERROR module=db msg="no space left on device"
2026-02-28 05:10:57 DEBUG module=sched msg="queue length checked"
2026-02-28 05:16:58 WARN module=db msg="deprecated option used"
2026-02-28 05:21:23 INFO module=cache msg="request completed"
2026-02-28 05:29:41 DEBUG module=cache msg="heartbeat sent"
2026-02-28 05:32:21 INFO module=disk msg="service started"
2026-02-28 05:44:28 INFO module=db msg="config reloaded"
2026-02-28 05:50:33 INFO module=disk msg="request completed"
2026-02-28 06:00:58 INFO module=api msg="config reloaded"
2026-02-28 06:12:34 INFO module=db msg="request completed"
2026-02-28 06:17:39 INFO module=net msg="job scheduled"
2026-02-28 06:22:34 DEBUG module=fs msg="retry counter reset"
2026-02-28 06:24:12 INFO module=disk msg="job scheduled"
2026-02-28 06:28:41 INFO module=auth msg="request completed"
2026-02-28 06:42:10 INFO module=cache msg="config reloaded"
2026-02-28 06:44:35 WARN module=fs msg="retrying request"
2026-02-28 06:56:44 WARN module=disk msg="token expires soon"
2026-02-28 06:57:56 INFO module=db msg="job scheduled"
2026-02-28 07:01:55 WARN module=db msg="deprecated option used"
2026-02-28 07:03:26 WARN module=api msg="deprecated option used"
2026-02-28 07:17:09 INFO module=auth msg="cache warmed up"
2026-02-28 07:20:41 INFO module=fs msg="cache warmed up"
2026-02-28 07:22:04 WARN module=api msg="disk usage above 80%"
2026-02-28 07:24:06 WARN module=auth msg="deprecated option used"
2026-02-28 07:27:38 DEBUG module=api msg="entering handler"
2026-02-28 07:28:57 INFO module=db msg="config reloaded"
2026-02-28 07:29:07 INFO module=net msg="service started"
2026-02-28 07:29:52 INFO module=auth msg="config reloaded"
2026-02-28 07:49:47 DEBUG module=sched msg="retry counter reset"
2026-02-28 07:50:09 INFO module=auth msg="service started"
2026-02-28 07:53:56 INFO module=auth msg="request completed"
2026-02-28 07:59:14 INFO module=net msg="config reloaded"
2026-02-28 08:03:06 INFO module=auth msg="cache warmed up"
2026-02-28 08:10:22 ERROR module=net msg="query failed"
2026-02-28 08:16:23 WARN module=cache msg="token expires soon"
2026-02-28 08:18:54 INFO module=net msg="config reloaded"
2026-02-28 08:42:37 INFO module=cache msg="cache warmed up"
2026-02-28 08:58:26 ERROR module=net msg="connection refused"
2026-02-28 09:05:19 WARN module=net msg="disk usage above 80%"
2026-02-28 09:07:57 WARN module=disk msg="disk usage above 80%"
2026-02-28 09:13:08 INFO module=db msg="config reloaded"
2026-02-28 09:25:07 INFO module=fs msg="service started"
2026-02-28 09:26:51 INFO module=db msg="request completed"
2026-02-28 09:34:36 DEBUG module=db msg="retry counter reset"
2026-02-28 09:34:49 INFO module=cache msg="service started"
2026-02-28 09:39:51 INFO module=cache msg="user logged in"
2026-02-28 09:40:24 INFO module=cache msg="job scheduled"
2026-02-28 09:45:41 WARN module=auth msg="disk usage above 80%"
2026-02-28 09:46:49 INFO module=api msg="user logged in"
2026-02-28 09:47:20 INFO module=net msg="user logged in"
2026-02-28 09:54:14 INFO module=cache msg="config reloaded"
2026-02-28 10:14:05 INFO module=sched msg="service started"
2026-02-28 10:35:15 INFO module=auth msg="config reloaded"
2026-02-28 10:35:56 DEBUG module=sched msg="entering handler"
2026-02-28 10:39:32 INFO module=auth msg="request completed"
2026-02-28 10:40:49 INFO module=db msg="service started"
2026-02-28 10:45:14 INFO module=fs msg="user logged in"
2026-02-28 10:48:37 INFO module=db msg="request completed"
2026-02-28 10:50:13 ERROR module=db msg="permission denied"
2026-02-28 11:03:14 WARN module=net msg="retrying request"
2026-02-28 11:03:15 DEBUG module=cache msg="entering handler"
2026-02-28 11:10:37 INFO module=api msg="user logged in"
2026-02-28 11:11:51 INFO module=api msg="config reloaded"
2026-02-28 11:12:58 INFO module=auth msg="user logged in"
2026-02-28 11:15:59 INFO module=api msg="config reloaded"
2026-02-28 11:23:38 WARN module=db msg="slow response"
2026-02-28 11:26:23 INFO module=cache msg="cache warmed up"
2026-02-28 11:26:59 INFO module=api msg="service started"
2026-02-28 11:32:51 INFO module=api msg="cache warmed up"
2026-02-28 11:35:59 INFO module=auth msg="service started"
2026-02-28 11:37:54 DEBUG module=cache msg="heartbeat sent"
2026-02-28 11:46:22 INFO module=db msg="service started"
2026-02-28 12:00:13 WARN module=disk msg="retrying request"
2026-02-28 12:00:21 DEBUG module=fs msg="queue length checked"
2026-02-28 12:03:18 ERROR module=net msg="query failed"
2026-02-28 12:05:33 ERROR module=db msg="permission denied"
2026-02-28 12:08:59 INFO module=fs msg="user logged in"
2026-02-28 12:15:57 WARN module=disk msg="retrying request"
2026-02-28 12:18:06 DEBUG module=api msg="queue length checked"
2026-02-28 12:23:48 DEBUG module=net msg="heartbeat sent"
2026-02-28 12:24:24 INFO module=auth msg="request completed"
2026-02-28 12:29:19 INFO module=disk msg="job scheduled"
2026-02-28 12:30:51 INFO module=fs msg="request completed"
2026-02-28 12:37:15 INFO module=cache msg="config reloaded"
2026-02-28 12:37:29 INFO module=api msg="user logged in"
2026-02-28 12:54:49 DEBUG module=sched msg="heartbeat sent"
2026-02-28 12:55:12 WARN module=api msg="token expires soon"
2026-02-28 12:59:43 DEBUG module=db msg="heartbeat sent"
2026-02-28 13:09:16 WARN module=db msg="deprecated option used"
2026-02-28 13:17:55 INFO module=db msg="user logged in"
2026-02-28 13:33:34 INFO module=disk msg="service started"
2026-02-28 13:41:13 DEBUG module=sched msg="entering handler"
2026-02-28 13:41:54 DEBUG module=sched msg="heartbeat sent"
2026-02-28 13:42:04 ERROR module=db msg="permission denied"
2026-02-28 13:52:02 INFO module=sched msg="config reloaded"
2026-02-28 14:01:15 ERROR module=net msg="no space left on device"
2026-02-28 14:07:38 INFO module=net msg="request completed"
2026-02-28 14:18:12 INFO module=auth msg="request completed"
2026-02-28 14:23:39 DEBUG module=cache msg="entering handler"
2026-02-28 14:50:28 DEBUG module=disk msg="heartbeat sent"
2026-02-28 14:54:01 INFO module=sched msg="user logged in"
2026-02-28 14:57:08 WARN module=net msg="deprecated option used"
2026-02-28 14:58:01 INFO module=auth msg="job scheduled"
2026-02-28 14:59:58 DEBUG module=cache msg="entering handler"
2026-02-28 15:00:04 INFO module=auth msg="request completed"
2026-02-28 15:03:05 INFO module=cache msg="config reloaded"
2026-02-28 15:16:37 INFO module=fs msg="job scheduled"
2026-02-28 15:17:44 ERROR module=disk msg="no space left on device"
2026-02-28 15:26:36 WARN module=cache msg="token expires soon"
2026-02-28 15:27:21 DEBUG module=sched msg="heartbeat sent"
2026-02-28 15:32:51 INFO module=auth msg="service started"
2026-02-28 15:35:23 DEBUG module=cache msg="buffer flushed"
2026-02-28 15:42:53 INFO module=disk msg="request completed"
2026-02-28 15:54:13 INFO module=api msg="request completed"
2026-02-28 15:54:31 INFO module=auth msg="request completed"
2026-02-28 15:56:27 INFO module=api msg="user logged in"
2026-02-28 16:00:19 ERROR module=db msg="query failed"
2026-02-28 16:00:36 INFO module=api msg="request completed"
2026-02-28 16:11:10 DEBUG module=sched msg="heartbeat sent"
2026-02-28 16:22:14 DEBUG module=auth msg="retry counter reset"
2026-02-28 16:30:01 INFO module=api msg="user logged in"
2026-02-28 16:36:13 INFO module=api msg="service started"
2026-02-28 16:42:44 INFO module=db msg="user logged in"
2026-02-28 16:55:24 DEBUG module=api msg="buffer flushed"
2026-02-28 17:01:34 INFO module=db msg="job scheduled"
2026-02-28 17:01:56 DEBUG module=api msg="retry counter reset"
2026-02-28 17:02:41 INFO module=disk msg="config reloaded"
2026-02-28 17:06:52 WARN module=auth msg="slow response"
2026-02-28 17:08:05 WARN module=disk msg="slow response"
2026-02-28 17:09:06 INFO module=cache msg="service started"
2026-02-28 17:15:55 INFO module=cache msg="cache warmed up"
2026-02-28 17:17:27 WARN module=disk msg="disk usage above 80%"
2026-02-28 17:19:10 INFO module=fs msg="request completed"
2026-02-28 17:41:50 INFO module=auth msg="user logged in"
2026-02-28 18:08:20 DEBUG module=cache msg="queue length checked"
2026-02-28 18:10:15 ERROR module=db msg="connection timeout"
2026-02-28 18:13:12 INFO module=db msg="service started"
2026-02-28 18:18:42 DEBUG module=db msg="heartbeat sent"
2026-02-28 18:31:42 DEBUG module=sched msg="heartbeat sent"
2026-02-28 18:39:06 WARN module=fs msg="retrying request"
2026-02-28 18:40:26 WARN module=disk msg="slow response"
2026-02-28 18:41:23 INFO module=auth msg="service started"
2026-02-28 18:42:34 INFO module=net msg="request completed"
2026-02-28 18:51:26 WARN module=disk msg="disk usage above 80%"
2026-02-28 18:53:49 INFO module=auth msg="job scheduled"
2026-02-28 18:57:21 INFO module=cache msg="request completed"
2026-02-28 18:58:46 INFO module=fs msg="user logged in"
2026-02-28 19:00:21 INFO module=net msg="service started"
2026-02-28 19:12:18 ERROR module=db msg="segment read failed"
2026-02-28 19:19:37 INFO module=sched msg="job scheduled"
2026-02-28 19:28:59 DEBUG module=db msg="heartbeat sent"
2026-02-28 19:43:09 INFO module=api msg="user logged in"
2026-02-28 19:45:43 INFO module=api msg="service started"
2026-02-28 19:47:04 DEBUG module=auth msg="buffer flushed"
2026-02-28 19:51:46 INFO module=auth msg="config reloaded"
2026-02-28 20:01:02 DEBUG module=sched msg="entering handler"
2026-02-28 20:03:46 INFO module=db msg="request completed"
2026-02-28 20:06:22 INFO module=api msg="user logged in"
2026-02-28 20:13:55 DEBUG module=db msg="entering handler"
2026-02-28 20:14:24 INFO module=sched msg="user logged in"
2026-02-28 20:27:32 WARN module=api msg="disk usage above 80%"
2026-02-28 20:30:18 ERROR module=auth msg="connection refused"
2026-02-28 20:35:14 WARN module=disk msg="token expires soon"
2026-02-28 20:39:24 INFO module=auth msg="request completed"
2026-02-28 20:40:19 WARN module=net msg="deprecated option used"
2026-02-28 20:44:10 INFO module=db msg="request completed"
2026-02-28 20:46:00 DEBUG module=net msg="retry counter reset"
2026-02-28 20:47:22 INFO module=api msg="job scheduled"
2026-02-28 20:57:35 DEBUG module=net msg="queue length checked"
2026-02-28 21:00:02 INFO module=sched msg="job scheduled"
2026-02-28 21:03:19 INFO module=net msg="request completed"
2026-02-28 21:03:47 INFO module=db msg="user logged in"
2026-02-28 21:06:17 WARN module=api msg="slow response"
2026-02-28 21:14:03 INFO module=db msg="service started"
2026-02-28 21:15:10 WARN module=fs msg="retrying request"
2026-02-28 21:20:49 INFO module=auth msg="cache warmed up"
2026-02-28 21:31:52 INFO module=disk msg="job scheduled"
2026-02-28 21:35:54 DEBUG module=cache msg="entering handler"
2026-02-28 21:36:37 ERROR module=disk msg="invalid token"
2026-02-28 21:43:55 DEBUG module=auth msg="retry counter reset"
2026-02-28 21:53:15 INFO module=net msg="user logged in"
2026-02-28 21:57:11 INFO module=net msg="job scheduled"
2026-02-28 21:57:47 WARN module=auth msg="disk usage above 80%"
2026-02-28 21:58:09 INFO module=fs msg="job scheduled"
2026-02-28 22:00:06 INFO module=api msg="cache warmed up"
2026-02-28 22:10:00 INFO module=cache msg="request completed"
2026-02-28 22:12:29 ERROR module=disk msg="connection timeout"
2026-02-28 22:24:38 DEBUG module=db msg="heartbeat sent"
2026-02-28 22:27:04 INFO module=db msg="cache warmed up"
2026-02-28 22:27:31 DEBUG module=sched msg="entering handler"
2026-02-28 22:40:11 INFO module=fs msg="job scheduled"
2026-02-28 22:54:19 WARN module=net msg="token expires soon"
2026-02-28 23:00:45 ERROR module=auth msg="connection timeout"
2026-02-28 23:09:56 INFO module=api msg="request completed"
2026-02-28 23:17:02 DEBUG module=sched msg="queue length checked"
2026-02-28 23:22:37 INFO module=auth msg="user logged in"
2026-02-28 23:42:07 ERROR module=disk msg="invalid token"
2026-02-28 23:48:14 ERROR module=db msg="segment read failed"
