2026-03-01 00:00:18 INFO module=disk msg="user logged in"
2026-03-01 00:00:45 DEBUG module=api msg="entering handler"
2026-03-01 00:02:46 WARN module=db msg="retrying request"
2026-03-01 00:03:56 INFO module=net msg="service started"
2026-03-01 00:05:29 WARN module=disk msg="retrying request"
2026-03-01 00:06:41 INFO module=api msg="cache warmed up"
2026-03-01 00:07:42 INFO module=db msg="config reloaded"
2026-03-01 00:12:15 DEBUG module=db msg="buffer flushed"
2026-03-01 00:13:25 WARN module=sched msg="disk usage above 80%"
2026-03-01 00:14:55 INFO module=fs msg="config reloaded"
2026-03-01 00:24:53 WARN module=db msg="disk usage above 80%"
2026-03-01 00:25:43 DEBUG module=sched msg="buffer flushed"
2026-03-01 00:26:16 INFO module=fs msg="job scheduled"
2026-03-01 00:28:12 INFO module=api msg="config reloaded"
2026-03-01 00:28:30 DEBUG module=sched msg="entering handler"
2026-03-01 00:28:47 INFO module=api msg="service started"
2026-03-01 00:30:48 ERROR module=disk msg="permission denied"
2026-03-01 00:33:47 INFO module=api msg="cache warmed up"
2026-03-01 00:37:17 DEBUG module=fs msg="buffer flushed"
2026-03-01 00:37:59 DEBUG module=db msg="queue length checked"
2026-03-01 00:40:04 INFO module=api msg="service started"
2026-03-01 00:41:36 INFO module=fs msg="request completed"
2026-03-01 00:42:12 ERROR module=db msg="connection timeout"
2026-03-01 00:43:25 INFO module=db msg="request completed"
2026-03-01 00:46:40 INFO module=cache msg="user logged in"
2026-03-01 00:53:24 INFO module=api msg="service started"
2026-03-01 00:53:47 INFO module=api msg="request completed"
2026-03-01 01:03:42 DEBUG module=net msg="heartbeat sent"
2026-03-01 01:06:00 ERROR module=disk msg="connection refused"
2026-03-01 01:09:40 ERROR module=fs msg="no space left on device"
2026-03-01 01:11:26 WARN module=auth msg="deprecated option used"
2026-03-01 01:12:35 DEBUG module=cache msg="entering handler"
2026-03-01 01:12:37 DEBUG module=db msg="heartbeat sent"
2026-03-01 01:15:33 DEBUG module=sched msg="queue length checked"
2026-03-01 01:16:46 INFO module=api msg="job scheduled"
2026-03-01 01:17:13 INFO module=auth msg="job scheduled"
2026-03-01 01:20:13 INFO module=auth msg="user logged in"
2026-03-01 01:22:21 INFO module=auth msg="cache warmed up"
2026-03-01 01:23:25 DEBUG module=api msg="retry counter reset"
2026-03-01 01:25:43 DEBUG module=cache msg="queue length checked"
2026-03-01 01:26:33 INFO module=net msg="request completed"
2026-03-01 01:33:10 INFO module=sched msg="config reloaded"
2026-03-01 01:33:12 WARN module=disk msg="disk usage above 80%"
2026-03-01 01:34:06 INFO module=cache msg="user logged in"
2026-03-01 01:34:20 INFO module=auth msg="cache warmed up"
2026-03-01 01:35:16 INFO module=db msg="cache warmed up"
2026-03-01 01:35:35 INFO module=api msg="job scheduled"
2026-03-01 01:37:36 INFO module=auth msg="service started"
2026-03-01 01:43:00 DEBUG module=sched msg="queue length checked"
2026-03-01 01:44:32 WARN module=disk msg="disk usage above 80%"
2026-03-01 01:45:23 INFO module=cache msg="service started"
2026-03-01 01:49:52 WARN module=cache msg="disk usage above 80%"
2026-03-01 01:56:49 INFO module=auth msg="request completed"
2026-03-01 01:58:15 DEBUG module=cache msg="queue length checked"
2026-03-01 02:01:48 DEBUG module=fs msg="retry counter reset"
2026-03-01 02:02:07 INFO module=sched msg="config reloaded"
2026-03-01 02:02:46 WARN module=db msg="retrying request"
2026-03-01 02:07:11 INFO module=db msg="user logged in"
2026-03-01 02:10:54 DEBUG module=cache msg="queue length checked"
2026-03-01 02:11:00 INFO module=api msg="cache warmed up"
2026-03-01 02:16:54 INFO module=cache msg="cache warmed up"
2026-03-01 02:20:37 INFO module=db msg="user logged in"
2026-03-01 02:21:23 WARN module=disk msg="deprecated option used"
2026-03-01 02:24:48 DEBUG module=cache msg="buffer flushed"
2026-03-01 02:26:00 WARN module=api msg="token expires soon"
2026-03-01 02:26:52 WARN module=auth msg="disk usage above 80%"
2026-03-01 02:36:19 DEBUG module=api msg="retry counter reset"
2026-03-01 02:39:33 INFO module=fs msg="user logged in"
2026-03-01 02:41:02 INFO module=sched msg="config reloaded"
2026-03-01 02:42:44 INFO module=net msg="user logged in"
2026-03-01 02:42:57 DEBUG module=cache msg="heartbeat sent"
2026-03-01 02:43:18 INFO module=db msg="service started"
2026-03-01 02:43:26 WARN module=net msg="deprecated option used"
2026-03-01 02:47:54 INFO module=sched msg="request completed"
2026-03-01 02:48:49 WARN module=net msg="slow response"
2026-03-01 02:49:24 INFO module=db msg="user logged in"
2026-03-01 02:52:39 WARN module=auth msg="disk usage above 80%"
2026-03-01 02:54:40 INFO module=api msg="user logged in"
2026-03-01 03:04:47 DEBUG module=auth msg="buffer flushed"
2026-03-01 03:06:09 DEBUG module=sched msg="queue length checked"
2026-03-01 03:07:42 INFO module=sched msg="job scheduled"
2026-03-01 03:07:56 WARN module=api msg="slow response"
2026-03-01 03:10:02 INFO module=disk msg="job scheduled"
2026-03-01 03:13:39 INFO module=auth msg="config reloaded"
2026-03-01 03:18:52 INFO module=api msg="cache warmed up"
2026-03-01 03:21:18 INFO module=auth msg="user logged in"
2026-03-01 03:21:58 DEBUG module=net msg="heartbeat sent"
2026-03-01 03:25:51 INFO module=sched msg="config reloaded"
2026-03-01 03:27:58 WARN module=db msg="retrying request"
2026-03-01 03:31:38 INFO module=sched msg="request completed"
2026-03-01 03:37:56 DEBUG module=db msg="retry counter reset"
2026-03-01 03:38:28 INFO module=auth msg="user logged in"
2026-03-01 03:39:52 ERROR module=db msg="query failed"
2026-03-01 03:41:44 DEBUG module=sched msg="entering handler"
2026-03-01 03:42:01 ERROR module=auth msg="query failed"
2026-03-01 03:47:59 INFO module=cache msg="config reloaded"
2026-03-01 03:49:47 ERROR module=db msg="segment read failed"
2026-03-01 03:51:41 INFO module=fs msg="request completed"
2026-03-01 03:51:43 INFO module=net msg="request completed"
2026-03-01 03:52:50 INFO module=api msg="service started"
2026-03-01 03:54:43 INFO module=auth msg="job scheduled"
2026-03-01 03:54:51 ERROR module=db msg="query failed"
2026-03-01 03:58:18 INFO module=fs msg="config reloaded"
2026-03-01 04:00:23 DEBUG module=api msg="entering handler"
2026-03-01 04:01:01 INFO module=db msg="cache warmed up"
2026-03-01 04:01:18 INFO module=sched msg="cache warmed up"
2026-03-01 04:02:05 INFO module=api msg="request completed"
2026-03-01 04:03:18 WARN module=sched msg="retrying request"
2026-03-01 04:03:51 INFO module=net msg="cache warmed up"
2026-03-01 04:04:10 DEBUG module=net msg="heartbeat sent"
2026-03-01 04:15:18 INFO module=sched msg="user logged in"
2026-03-01 04:18:58 INFO module=cache msg="user logged in"
2026-03-01 04:20:05 DEBUG module=cache msg="heartbeat sent"
2026-03-01 04:21:26 WARN module=auth msg="slow response"
2026-03-01 04:26:48 DEBUG module=db msg="entering handler"
2026-03-01 04:28:26 WARN module=net msg="deprecated option used"
2026-03-01 04:34:15 INFO module=net msg="job scheduled"
2026-03-01 04:34:19 INFO module=cache msg="config reloaded"
2026-03-01 04:34:28 INFO module=auth msg="user logged in"
2026-03-01 04:37:25 INFO module=sched msg="request completed"
2026-03-01 04:37:27 INFO module=disk msg="job scheduled"
2026-03-01 04:41:35 INFO module=sched msg="cache warmed up"
2026-03-01 04:44:41 INFO module=net msg="config reloaded"
2026-03-01 04:48:38 ERROR module=disk msg="invalid token"
2026-03-01 04:53:42 WARN module=cache msg="retrying request"
2026-03-01 04:53:44 DEBUG module=db msg="entering handler"
2026-03-01 04:58:17 ERROR module=disk msg="permission denied"
2026-03-01 05:01:10 INFO module=disk msg="config reloaded"
2026-03-01 05:01:24 INFO module=auth msg="job scheduled"
2026-03-01 05:08:47 INFO module=auth msg="request completed"
2026-03-01 05:11:53 INFO module=cache msg="job scheduled"
2026-03-01 05:17:46 WARN module=api msg="disk usage above 80%"
2026-03-01 05:23:53 INFO module=disk msg="cache warmed up"
2026-03-01 05:24:07 INFO module=sched msg="cache warmed up"
2026-03-01 05:25:26 WARN module=cache msg="deprecated option used"
2026-03-01 05:28:58 DEBUG module=auth msg="queue length checked"
2026-03-01 05:30:58 DEBUG module=disk msg="buffer flushed"
2026-03-01 05:31:07 INFO module=api msg="job scheduled"
2026-03-01 05:36:09 DEBUG module=sched msg="entering handler"
2026-03-01 05:36:11 INFO module=net msg="config reloaded"
2026-03-01 05:36:39 DEBUG module=api msg="heartbeat sent"
2026-03-01 05:39:52 INFO module=db msg="job scheduled"
2026-03-01 05:42:00 INFO module=api msg="request completed"
2026-03-01 05:42:37 INFO module=db msg="job scheduled"
2026-03-01 05:45:28 WARN module=disk msg="disk usage above 80%"
2026-03-01 05:45:36 INFO module=sched msg="request completed"
2026-03-01 05:50:33 DEBUG module=auth msg="retry counter reset"
2026-03-01 05:52:04 WARN module=disk msg="slow response"
2026-03-01 05:58:04 INFO module=cache msg="service started"
2026-03-01 05:58:46 INFO module=sched msg="user logged in"
2026-03-01 05:59:52 INFO module=api msg="request completed"
2026-03-01 06:03:11 INFO module=sched msg="request completed"
2026-03-01 06:04:00 INFO module=api msg="user logged in"
2026-03-01 06:08:09 INFO module=cache msg="service started"
2026-03-01 06:09:48 INFO module=fs msg="config reloaded"
2026-03-01 06:10:47 DEBUG module=cache msg="heartbeat sent"
2026-03-01 06:12:21 INFO module=auth msg="user logged in"
2026-03-01 06:14:08 WARN module=auth msg="token expires soon"
2026-03-01 06:18:13 DEBUG module=fs msg="entering handler"
2026-03-01 06:18:29 DEBUG module=sched msg="entering handler"
2026-03-01 06:27:52 INFO module=sched msg="user logged in"
2026-03-01 06:28:10 INFO module=fs msg="config reloaded"
2026-03-01 06:28:40 ERROR module=net msg="permission denied"
2026-03-01 06:32:26 DEBUG module=auth msg="buffer flushed"
2026-03-01 06:33:12 WARN module=cache msg="retrying request"
2026-03-01 06:33:40 INFO module=cache msg="job scheduled"
2026-03-01 06:35:45 DEBUG module=db msg="queue length checked"
2026-03-01 06:36:38 INFO module=disk msg="request completed"
2026-03-01 06:41:24 INFO module=cache msg="config reloaded"
2026-03-01 06:41:39 INFO module=api msg="job scheduled"
2026-03-01 06:44:28 INFO module=net msg="cache warmed up"
2026-03-01 06:45:50 INFO module=cache msg="cache warmed up"
2026-03-01 06:52:11 INFO module=sched msg="job scheduled"
2026-03-01 06:53:42 DEBUG module=cache msg="entering handler"
2026-03-01 06:56:00 INFO module=net msg="request completed"
2026-03-01 06:56:04 INFO module=disk msg="request completed"
2026-03-01 06:59:48 INFO module=disk msg="job scheduled"
2026-03-01 07:00:43 DEBUG module=fs msg="entering handler"
2026-03-01 07:01:54 INFO module=cache msg="config reloaded"
2026-03-01 07:02:03 INFO module=net msg="service started"
2026-03-01 07:02:22 INFO module=sched msg="request completed"
2026-03-01 07:03:26 INFO module=net msg="job scheduled"
2026-03-01 07:09:00 INFO module=db msg="user logged in"
2026-03-01 07:10:01 INFO module=api msg="cache warmed up"
2026-03-01 07:13:37 WARN module=net msg="disk usage above 80%"
2026-03-01 07:19:13 INFO module=auth msg="service started"
2026-03-01 07:19:50 INFO module=sched msg="config reloaded"
2026-03-01 07:19:58 INFO module=api msg="cache warmed up"
2026-03-01 07:31:46 INFO module=auth msg="config reloaded"
2026-03-01 07:38:36 ERROR module=disk msg="connection timeout"
2026-03-01 07:41:30 ERROR module=db msg="permission denied"
2026-03-01 07:50:01 INFO module=api msg="cache warmed up"
2026-03-01 07:52:00 INFO module=auth msg="config reloaded"
2026-03-01 07:52:52 WARN module=db msg="disk usage above 80%"
2026-03-01 07:52:54 INFO module=fs msg="request completed"
2026-03-01 08:01:23 WARN module=auth msg="token expires soon"
2026-03-01 08:02:09 ERROR module=db msg="query failed"
2026-03-01 08:02:40 WARN module=db msg="token expires soon"
2026-03-01 08:05:27 ERROR module=fs msg="segment read failed"
2026-03-01 08:05:38 INFO module=fs msg="request completed"
2026-03-01 08:05:53 DEBUG module=cache msg="retry counter reset"
2026-03-01 08:06:35 DEBUG module=net msg="retry counter reset"
2026-03-01 08:06:41 INFO module=api msg="user logged in"
2026-03-01 08:07:59 DEBUG module=db msg="heartbeat sent"
2026-03-01 08:16:43 ERROR module=disk msg="connection refused"
2026-03-01 08:18:20 INFO module=cache msg="user logged in"
2026-03-01 08:18:57 INFO module=net msg="request completed"
2026-03-01 08:22:40 INFO module=disk msg="user logged in"
2026-03-01 08:25:08 INFO module=net msg="service started"
2026-03-01 08:25:30 DEBUG module=cache msg="retry counter reset"
2026-03-01 08:27:34 INFO module=api msg="cache warmed up"
2026-03-01 08:28:28 INFO module=sched msg="cache warmed up"
2026-03-01 08:29:13 INFO module=net msg="user logged in"
2026-03-01 08:32:56 INFO module=cache msg="request completed"
2026-03-01 08:35:33 DEBUG module=sched msg="queue length checked"
2026-03-01 08:35:49 DEBUG module=disk msg="queue length checked"
2026-03-01 08:36:15 WARN module=disk msg="token expires soon"
2026-03-01 08:41:17 DEBUG module=api msg="buffer flushed"
2026-03-01 08:42:46 INFO module=sched msg="request completed"
2026-03-01 08:53:03 WARN module=net msg="retrying request"
2026-03-01 08:53:08 INFO module=net msg="service started"
2026-03-01 08:54:11 INFO module=api msg="request completed"
2026-03-01 08:54:26 DEBUG module=cache msg="buffer flushed"
2026-03-01 08:58:28 INFO module=cache msg="user logged in"
2026-03-01 09:01:49 WARN module=api msg="token expires soon"
2026-03-01 09:02:17 INFO module=auth msg="cache warmed up"
2026-03-01 09:06:57 INFO module=fs msg="job scheduled"
2026-03-01 09:07:53 INFO module=cache msg="request completed"
2026-03-01 09:11:54 INFO module=sched msg="config reloaded"
2026-03-01 09:16:52 INFO module=db msg="job scheduled"
2026-03-01 09:19:53 WARN module=net msg="retrying request"
2026-03-01 09:20:48 DEBUG module=db msg="heartbeat sent"
2026-03-01 09:21:33 INFO module=auth msg="service started"
2026-03-01 09:25:52 INFO module=disk msg="user logged in"
2026-03-01 09:26:56 INFO module=auth msg="request completed"
2026-03-01 09:27:16 DEBUG module=db msg="heartbeat sent"
2026-03-01 09:31:29 WARN module=net msg="retrying request"
2026-03-01 09:34:51 INFO module=auth msg="cache warmed up"
2026-03-01 09:36:51 WARN module=disk msg="slow response"
2026-03-01 09:37:21 WARN module=cache msg="token expires soon"
2026-03-01 09:41:04 INFO module=db msg="request completed"
2026-03-01 09:44:28 ERROR module=db msg="permission denied"
2026-03-01 09:45:15 INFO module=cache msg="user logged in"
2026-03-01 09:47:47 INFO module=auth msg="config reloaded"
2026-03-01 09:50:01 WARN module=net msg="disk usage above 80%"
2026-03-01 09:50:40 WARN module=api msg="deprecated option used"
2026-03-01 09:52:55 INFO module=db msg="job scheduled"
2026-03-01 09:54:43 WARN module=net msg="slow response"
2026-03-01 09:57:26 INFO module=net msg="cache warmed up"
2026-03-01 09:58:57 INFO module=disk msg="config reloaded"
2026-03-01 10:00:50 INFO module=api msg="job scheduled"
2026-03-01 10:02:36 INFO module=api msg="cache warmed up"
2026-03-01 10:03:42 INFO module=disk msg="user logged in"
2026-03-01 10:03:48 INFO module=cache msg="job scheduled"
2026-03-01 10:04:14 DEBUG module=sched msg="retry counter reset"
2026-03-01 10:04:48 DEBUG module=sched msg="queue length checked"
2026-03-01 10:06:30 INFO module=net msg="service started"
2026-03-01 10:10:54 INFO module=db msg="job scheduled"
2026-03-01 10:11:21 INFO module=api msg="config reloaded"
2026-03-01 10:11:26 DEBUG module=fs msg="entering handler"
2026-03-01 10:12:43 WARN module=fs msg="token expires soon"
2026-03-01 10:12:59 INFO module=cache msg="config reloaded"
2026-03-01 10:17:52 INFO module=net msg="user logged in"
2026-03-01 10:20:14 DEBUG module=api msg="queue length checked"
2026-03-01 10:20:34 WARN module=net msg="deprecated option used"
2026-03-01 10:27:24 WARN module=api msg="deprecated option used"
2026-03-01 10:28:24 INFO module=net msg="service started"
2026-03-01 10:28:56 INFO module=api msg="config reloaded"
2026-03-01 10:29:05 INFO module=fs msg="job scheduled"
2026-03-01 10:31:37 INFO module=cache msg="cache warmed up"
2026-03-01 10:32:57 INFO module=net msg="user logged in"
2026-03-01 10:32:58 INFO module=cache msg="job scheduled"
2026-03-01 10:40:30 WARN module=disk msg="slow response"
2026-03-01 10:41:16 WARN module=api msg="token expires soon"
2026-03-01 10:46:11 WARN module=cache msg="slow response"
2026-03-01 10:47:03 WARN module=net msg="token expires soon"
2026-03-01 10:48:20 WARN module=cache msg="retrying request"
2026-03-01 10:49:34 INFO module=cache msg="service started"
2026-03-01 10:49:51 WARN module=db msg="retrying request"
2026-03-01 10:57:20 WARN module=disk msg="deprecated option used"
2026-03-01 11:00:25 WARN module=disk msg="token expires soon"
2026-03-01 11:06:22 DEBUG module=api msg="retry counter reset"
2026-03-01 11:06:44 WARN module=net msg="slow response"
2026-03-01 11:07:38 DEBUG module=sched msg="retry counter reset"
2026-03-01 11:08:46 INFO module=fs msg="user logged in"
2026-03-01 11:09:34 DEBUG module=disk msg="heartbeat sent"
2026-03-01 11:10:25 INFO module=disk msg="config reloaded"
2026-03-01 11:10:38 WARN module=cache msg="disk usage above 80%"
2026-03-01 11:21:04 INFO module=auth msg="service started"
2026-03-01 11:21:42 INFO module=auth msg="job scheduled"
2026-03-01 11:25:44 INFO module=sched msg="config reloaded"
2026-03-01 11:25:46 INFO module=db msg="user logged in"
2026-03-01 11:26:13 INFO module=api msg="job scheduled"
2026-03-01 11:33:02 INFO module=fs msg="job scheduled"
2026-03-01 11:33:43 INFO module=auth msg="service started"
2026-03-01 11:33:45 INFO module=fs msg="user logged in"
2026-03-01 11:34:10 ERROR module=db msg="query failed"
2026-03-01 11:34:29 INFO module=cache msg="request completed"
2026-03-01 11:40:06 INFO module=fs msg="service started"
2026-03-01 11:40:44 INFO module=auth msg="cache warmed up"
2026-03-01 11:41:59 INFO module=sched msg="cache warmed up"
2026-03-01 11:42:53 INFO module=sched msg="user logged in"
2026-03-01 11:45:14 WARN module=disk msg="disk usage above 80%"
2026-03-01 11:48:00 INFO module=disk msg="config reloaded"
2026-03-01 11:48:53 INFO module=db msg="job scheduled"
2026-03-01 11:49:31 WARN module=net msg="disk usage above 80%"
2026-03-01 11:49:51 INFO module=auth msg="service started"
2026-03-01 11:52:57 WARN module=cache msg="retrying request"
2026-03-01 11:57:02 INFO module=sched msg="user logged in"
2026-03-01 11:57:57 DEBUG module=auth msg="heartbeat sent"
2026-03-01 12:05:11 INFO module=cache msg="cache warmed up"
2026-03-01 12:11:39 INFO module=api msg="cache warmed up"
2026-03-01 12:16:31 INFO module=net msg="request completed"
2026-03-01 12:19:57 WARN module=cache msg="retrying request"
2026-03-01 12:20:29 INFO module=fs msg="user logged in"
2026-03-01 12:20:53 INFO module=net msg="request completed"
2026-03-01 12:21:39 INFO module=db msg="job scheduled"
2026-03-01 12:22:16 WARN module=net msg="disk usage above 80%"
2026-03-01 12:22:57 INFO module=net msg="config reloaded"
2026-03-01 12:23:14 DEBUG module=auth msg="entering handler"
2026-03-01 12:29:20 DEBUG module=fs msg="retry counter reset"
2026-03-01 12:31:50 INFO module=db msg="config reloaded"
2026-03-01 12:32:00 INFO module=auth msg="config reloaded"
2026-03-01 12:35:03 INFO module=db msg="cache warmed up"
2026-03-01 12:35:09 DEBUG module=sched msg="queue length checked"
2026-03-01 12:36:08 INFO module=api msg="service started"
2026-03-01 12:37:29 INFO module=fs msg="cache warmed up"
2026-03-01 12:39:13 WARN module=disk msg="deprecated option used"
2026-03-01 12:41:32 DEBUG module=fs msg="heartbeat sent"
2026-03-01 12:43:52 DEBUG module=cache msg="queue length checked"
2026-03-01 12:46:32 INFO module=auth msg="service started"
2026-03-01 12:48:31 INFO module=sched msg="service started"
2026-03-01 12:58:13 ERROR module=net msg="no space left on device"
2026-03-01 13:00:33 WARN module=disk msg="retrying request"
2026-03-01 13:02:04 ERROR module=net msg="segment read failed"
2026-03-01 13:13:23 INFO module=fs msg="cache warmed up"
2026-03-01 13:13:37 WARN module=net msg="disk usage above 80%"
2026-03-01 13:14:04 INFO module=api msg="job scheduled"
2026-03-01 13:15:57 DEBUG module=cache msg="retry counter reset"
2026-03-01 13:21:58 DEBUG module=cache msg="entering handler"
2026-03-01 13:23:18 INFO module=auth msg="service started"
2026-03-01 13:23:23 INFO module=sched msg="job scheduled"
2026-03-01 13:23:34 INFO module=db msg="request completed"
2026-03-01 13:23:50 INFO module=net msg="job scheduled"
2026-03-01 13:24:07 DEBUG module=api msg="heartbeat sent"
2026-03-01 13:27:14 ERROR module=db msg="connection refused"
2026-03-01 13:27:43 WARN module=disk msg="slow response"
2026-03-01 13:28:27 INFO module=disk msg="request completed"
2026-03-01 13:30:38 INFO module=fs msg="user logged in"
2026-03-01 13:34:21 ERROR module=disk msg="segment read failed"
2026-03-01 13:34:45 DEBUG module=cache msg="heartbeat sent"
2026-03-01 13:39:20 WARN module=cache msg="token expires soon"
2026-03-01 13:40:20 INFO module=db msg="job scheduled"
2026-03-01 13:40:59 ERROR module=net msg="connection refused"
2026-03-01 13:42:34 INFO module=disk msg="job scheduled"
2026-03-01 13:43:22 INFO module=sched msg="service started"
2026-03-01 13:44:04 WARN module=net msg="slow response"
2026-03-01 13:46:07 INFO module=disk msg="job scheduled"
2026-03-01 13:51:39 ERROR module=api msg="query failed"
2026-03-01 13:57:31 DEBUG module=auth msg="buffer flushed"
2026-03-01 13:57:43 WARN module=disk msg="deprecated option used"
2026-03-01 13:58:25 INFO module=auth msg="cache warmed up"
2026-03-01 13:59:28 INFO module=cache msg="user logged in"
2026-03-01 14:00:56 INFO module=api msg="service started"
2026-03-01 14:01:24 INFO module=fs msg="user logged in"
2026-03-01 14:03:07 WARN module=db msg="disk usage above 80%"
2026-03-01 14:07:09 WARN module=auth msg="slow response"
2026-03-01 14:12:37 INFO module=net msg="request completed"
2026-03-01 14:15:19 INFO module=api msg="user logged in"
2026-03-01 14:16:11 WARN module=cache msg="retrying request"
2026-03-01 14:17:38 DEBUG module=net msg="heartbeat sent"
2026-03-01 14:18:46 INFO module=disk msg="job scheduled"
2026-03-01 14:21:00 ERROR module=auth msg="permission denied"
2026-03-01 14:23:58 INFO module=cache msg="config reloaded"
2026-03-01 14:24:43 INFO module=db msg="request completed"
2026-03-01 14:25:37 INFO module=net msg="service started"
2026-03-01 14:26:42 INFO module=fs msg="user logged in"
2026-03-01 14:28:10 INFO module=auth msg="job scheduled"
2026-03-01 14:32:11 ERROR module=net msg="segment read failed"
2026-03-01 14:34:59 INFO module=net msg="job scheduled"
2026-03-01 14:37:51 INFO module=cache msg="service started"
2026-03-01 14:40:06 INFO module=api msg="user logged in"
2026-03-01 14:41:25 WARN module=api msg="disk usage above 80%"
2026-03-01 14:42:30 INFO module=auth msg="service started"
2026-03-01 14:43:20 DEBUG module=cache msg="queue length checked"
2026-03-01 14:44:05 WARN module=disk msg="retrying request"
2026-03-01 14:45:27 INFO module=auth msg="job scheduled"
2026-03-01 14:45:56 INFO module=db msg="cache warmed up"
2026-03-01 14:47:18 WARN module=db msg="disk usage above 80%"
2026-03-01 14:49:38 INFO module=cache msg="config reloaded"
2026-03-01 14:50:47 INFO module=cache msg="config reloaded"
2026-03-01 14:52:08 DEBUG module=db msg="buffer flushed"
2026-03-01 14:59:15 DEBUG module=sched msg="retry counter reset"
2026-03-01 14:59:39 DEBUG module=auth msg="retry counter reset"
2026-03-01 15:01:09 DEBUG module=sched msg="entering handler"
2026-03-01 15:04:51 ERROR module=db msg="invalid token"
2026-03-01 15:14:38 INFO module=sched msg="job scheduled"
2026-03-01 15:17:29 INFO module=fs msg="request completed"
2026-03-01 15:19:34 INFO module=db msg="cache warmed up"
2026-03-01 15:24:25 INFO module=api msg="service started"
2026-03-01 15:25:23 DEBUG module=disk msg="queue length checked"
2026-03-01 15:26:28 DEBUG module=sched msg="heartbeat sent"
2026-03-01 15:27:33 INFO module=db msg="config reloaded"
2026-03-01 15:31:50 INFO module=db msg="request completed"
2026-03-01 15:33:40 DEBUG module=cache msg="queue length checked"
2026-03-01 15:33:43 INFO module=net msg="request completed"
2026-03-01 15:35:41 INFO module=db msg="config reloaded"
2026-03-01 15:42:31 INFO module=db msg="config reloaded"
2026-03-01 15:45:02 INFO module=fs msg="request completed"
2026-03-01 15:45:17 INFO module=cache msg="service started"
2026-03-01 15:46:49 INFO module=sched msg="config reloaded"
2026-03-01 15:49:18 INFO module=net msg="cache warmed up"
2026-03-01 15:50:29 WARN module=cache msg="disk usage above 80%"
2026-03-01 15:57:10 DEBUG module=disk msg="queue length checked"
2026-03-01 15:58:47 INFO module=cache msg="service started"
2026-03-01 16:04:39 INFO module=net msg="user logged in"
2026-03-01 16:05:24 INFO module=sched msg="service started"
2026-03-01 16:11:22 INFO module=api msg="job scheduled"
2026-03-01 16:15:18 INFO module=auth msg="job scheduled"
2026-03-01 16:16:48 INFO module=api msg="service started"
2026-03-01 16:16:55 INFO module=disk msg="cache warmed up"
2026-03-01 16:20:22 INFO module=auth msg="user logged in"
2026-03-01 16:20:30 INFO module=auth msg="job scheduled"
2026-03-01 16:20:49 INFO module=net msg="job scheduled"
2026-03-01 16:21:23 WARN module=cache msg="disk usage above 80%"
2026-03-01 16:25:58 INFO module=db msg="service started"
2026-03-01 16:26:28 INFO module=sched msg="request completed"
2026-03-01 16:27:21 DEBUG module=api msg="queue length checked"
2026-03-01 16:30:07 INFO module=fs msg="user logged in"
2026-03-01 16:30:20 INFO module=sched msg="user logged in"
2026-03-01 16:31:21 DEBUG module=cache msg="heartbeat sent"
2026-03-01 16:31:26 DEBUG module=net msg="heartbeat sent"
2026-03-01 16:31:59 INFO module=db msg="job scheduled"
2026-03-01 16:32:20 INFO module=api msg="request completed"
2026-03-01 16:32:27 DEBUG module=db msg="buffer flushed"
2026-03-01 16:34:33 INFO module=fs msg="request completed"
2026-03-01 16:38:11 INFO module=db msg="request completed"
2026-03-01 16:40:45 INFO module=auth msg="cache warmed up"
2026-03-01 16:41:03 INFO module=sched msg="request completed"
2026-03-01 16:41:09 INFO module=db msg="request completed"
2026-03-01 16:44:38 INFO module=api msg="user logged in"
2026-03-01 16:49:00 INFO module=auth msg="cache warmed up"
2026-03-01 16:50:47 WARN module=net msg="deprecated option used"
2026-03-01 16:52:51 DEBUG module=api msg="buffer flushed"
2026-03-01 16:56:18 INFO module=net msg="request completed"
2026-03-01 16:57:58 DEBUG module=disk msg="retry counter reset"
2026-03-01 17:02:08 ERROR module=disk msg="segment read failed"
2026-03-01 17:02:30 ERROR module=sched msg="no space left on device"
2026-03-01 17:03:25 WARN module=net msg="retrying request"
2026-03-01 17:06:51 INFO module=net msg="job scheduled"
2026-03-01 17:10:07 INFO module=api msg="cache warmed up"
2026-03-01 17:12:47 INFO module=sched msg="user logged in"
2026-03-01 17:15:48 ERROR module=cache msg="query failed"
2026-03-01 17:17:44 DEBUG module=net msg="queue length checked"
2026-03-01 17:20:01 INFO module=cache msg="job scheduled"
2026-03-01 17:20:03 WARN module=db msg="slow response"
2026-03-01 17:22:13 DEBUG module=sched msg="retry counter reset"
2026-03-01 17:23:13 INFO module=disk msg="user logged in"
2026-03-01 17:23:52 INFO module=db msg="cache warmed up"
2026-03-01 17:24:58 ERROR module=sched msg="invalid token"
2026-03-01 17:25:28 INFO module=fs msg="config reloaded"
2026-03-01 17:27:53 ERROR module=net msg="connection refused"
2026-03-01 17:30:34 INFO module=fs msg="job scheduled"
2026-03-01 17:31:31 INFO module=auth msg="job scheduled"
2026-03-01 17:33:10 DEBUG module=fs msg="queue length checked"
2026-03-01 17:36:08 INFO module=db msg="job scheduled"
2026-03-01 17:36:39 INFO module=api msg="config reloaded"
2026-03-01 17:41:49 INFO module=sched msg="service started"
2026-03-01 17:41:51 INFO module=net msg="cache warmed up"
2026-03-01 17:42:45 INFO module=fs msg="config reloaded"
2026-03-01 17:43:27 DEBUG module=api msg="retry counter reset"
2026-03-01 17:44:45 DEBUG module=db msg="retry counter reset"
2026-03-01 17:45:24 INFO module=api msg="request completed"
2026-03-01 17:52:14 INFO module=disk msg="cache warmed up"
2026-03-01 17:58:44 ERROR module=net msg="no space left on device"
2026-03-01 18:02:19 WARN module=db msg="token expires soon"
2026-03-01 18:02:48 INFO module=disk msg="request completed"
2026-03-01 18:04:28 INFO module=fs msg="request completed"
2026-03-01 18:06:30 INFO module=net msg="request completed"
2026-03-01 18:13:08 WARN module=cache msg="disk usage above 80%"
2026-03-01 18:16:56 DEBUG module=disk msg="entering handler"
2026-03-01 18:24:05 INFO module=cache msg="request completed"
2026-03-01 18:24:50 ERROR module=auth msg="segment read failed"
2026-03-01 18:24:52 INFO module=db msg="job scheduled"
2026-03-01 18:28:10 INFO module=disk msg="job scheduled"
2026-03-01 18:32:58 INFO module=api msg="config reloaded"
2026-03-01 18:34:25 DEBUG module=disk msg="buffer flushed"
2026-03-01 18:34:53 INFO module=api msg="user logged in"
2026-03-01 18:44:49 INFO module=sched msg="config reloaded"
2026-03-01 18:44:54 WARN module=disk msg="deprecated option used"
2026-03-01 18:45:07 ERROR module=sched msg="invalid token"
2026-03-01 18:45:11 DEBUG module=api msg="retry counter reset"
2026-03-01 18:45:28 INFO module=db msg="service started"
2026-03-01 18:48:11 ERROR module=net msg="invalid token"
2026-03-01 18:50:49 INFO module=auth msg="config reloaded"
2026-03-01 18:51:22 INFO module=net msg="job scheduled"
2026-03-01 18:53:05 ERROR module=cache msg="no space left on device"
2026-03-01 18:53:52 INFO module=cache msg="config reloaded"
2026-03-01 19:01:12 DEBUG module=fs msg="retry counter reset"
2026-03-01 19:01:50 INFO module=db msg="cache warmed up"
2026-03-01 19:01:52 WARN module=cache msg="retrying request"
2026-03-01 19:03:16 ERROR module=net msg="permission denied"
2026-03-01 19:03:25 INFO module=api msg="request completed"
2026-03-01 19:05:39 INFO module=net msg="service started"
2026-03-01 19:10:11 INFO module=sched msg="service started"
2026-03-01 19:14:21 ERROR module=cache msg="connection refused"
2026-03-01 19:16:16 INFO module=cache msg="request completed"
2026-03-01 19:16:32 ERROR module=api msg="invalid token"
2026-03-01 19:17:51 INFO module=disk msg="cache warmed up"
2026-03-01 19:19:31 DEBUG module=cache msg="heartbeat sent"
2026-03-01 19:19:53 INFO module=cache msg="cache warmed up"
2026-03-01 19:22:03 DEBUG module=cache msg="heartbeat sent"
2026-03-01 19:23:40 ERROR module=db msg="connection timeout"
2026-03-01 19:23:41 INFO module=cache msg="service started"
2026-03-01 19:24:25 WARN module=net msg="deprecated option used"
2026-03-01 19:26:45 DEBUG module=disk msg="retry counter reset"
2026-03-01 19:27:49 INFO module=api msg="config reloaded"
2026-03-01 19:30:00 WARN module=db msg="token expires soon"
2026-03-01 19:31:44 DEBUG module=cache msg="entering handler"
2026-03-01 19:33:09 WARN module=api msg="slow response"
2026-03-01 19:35:07 INFO module=auth msg="config reloaded"
2026-03-01 19:35:12 INFO module=net msg="user logged in"
2026-03-01 19:36:44 DEBUG module=cache msg="heartbeat sent"
2026-03-01 19:37:22 WARN module=net msg="disk usage above 80%"
2026-03-01 19:39:16 WARN module=net msg="retrying request"
2026-03-01 19:39:32 INFO module=auth msg="service started"
2026-03-01 19:41:47 INFO module=db msg="service started"
2026-03-01 19:47:13 INFO module=net msg="cache warmed up"
2026-03-01 19:49:04 INFO module=api msg="cache warmed up"
2026-03-01 19:49:10 WARN module=cache msg="token expires soon"
2026-03-01 19:49:14 INFO module=fs msg="job scheduled"
2026-03-01 19:55:13 INFO module=api msg="service started"
2026-03-01 19:56:53 INFO module=db msg="job scheduled"
2026-03-01 19:57:18 WARN module=db msg="deprecated option used"
2026-03-01 20:04:38 DEBUG module=sched msg="entering handler"
2026-03-01 20:04:51 INFO module=net msg="config reloaded"
2026-03-01 20:05:35 INFO module=net msg="config reloaded"
2026-03-01 20:06:47 INFO module=db msg="request completed"
2026-03-01 20:07:12 INFO module=fs msg="job scheduled"
2026-03-01 20:08:17 ERROR module=cache msg="segment read failed"
2026-03-01 20:10:02 INFO module=net msg="job scheduled"
2026-03-01 20:10:18 INFO module=net msg="service started"
2026-03-01 20:10:32 INFO module=sched msg="config reloaded"
2026-03-01 20:10:40 INFO module=disk msg="user logged in"
2026-03-01 20:11:11 WARN module=net msg="token expires soon"
2026-03-01 20:13:20 WARN module=api msg="retrying request"
2026-03-01 20:14:44 INFO module=cache msg="user logged in"
2026-03-01 20:14:48 ERROR module=auth msg="query failed"
2026-03-01 20:15:21 INFO module=sched msg="service started"
2026-03-01 20:20:19 INFO module=fs msg="cache warmed up"
2026-03-01 20:26:51 INFO module=db msg="request completed"
2026-03-01 20:37:39 WARN module=cache msg="retrying request"
2026-03-01 20:38:28 WARN module=cache msg="deprecated option used"
2026-03-01 20:38:42 INFO module=fs msg="config reloaded"
2026-03-01 20:39:41 INFO module=api msg="request completed"
2026-03-01 20:40:27 INFO module=auth msg="request completed"
2026-03-01 20:40:56 INFO module=api msg="config reloaded"
2026-03-01 20:43:08 INFO module=net msg="service started"
2026-03-01 20:45:25 INFO module=fs msg="user logged in"
2026-03-01 20:49:25 WARN module=net msg="disk usage above 80%"
2026-03-01 20:50:49 DEBUG module=sched msg="heartbeat sent"
2026-03-01 21:04:34 WARN module=auth msg="retrying request"
2026-03-01 21:04:54 ERROR module=net msg="query failed"
2026-03-01 21:10:41 INFO module=fs msg="job scheduled"
2026-03-01 21:11:57 INFO module=cache msg="service started"
2026-03-01 21:13:02 INFO module=disk msg="request completed"
2026-03-01 21:17:08 INFO module=auth msg="config reloaded"
2026-03-01 21:22:10 INFO module=db msg="request completed"
2026-03-01 21:29:15 WARN module=auth msg="slow response"
2026-03-01 21:33:06 WARN module=net msg="token expires soon"
2026-03-01 21:35:03 INFO module=net msg="cache warmed up"
2026-03-01 21:35:12 INFO module=api msg="user logged in"
2026-03-01 21:36:07 DEBUG module=auth msg="retry counter reset"
2026-03-01 21:36:55 INFO module=api msg="config reloaded"
2026-03-01 21:40:19 INFO module=db msg="request completed"
2026-03-01 21:42:30 INFO module=net msg="job scheduled"
2026-03-01 21:42:57 DEBUG module=cache msg="buffer flushed"
2026-03-01 21:45:17 INFO module=api msg="service started"
2026-03-01 21:46:42 INFO module=api msg="cache warmed up"
2026-03-01 21:47:18 DEBUG module=fs msg="heartbeat sent"
2026-03-01 21:58:16 DEBUG module=disk msg="entering handler"
2026-03-01 21:58:19 INFO module=fs msg="user logged in"
2026-03-01 21:58:36 WARN module=api msg="disk usage above 80%"
2026-03-01 22:00:36 DEBUG module=disk msg="entering handler"
2026-03-01 22:02:25 DEBUG module=fs msg="heartbeat sent"
2026-03-01 22:03:31 INFO module=cache msg="cache warmed up"
2026-03-01 22:05:52 ERROR module=auth msg="segment read failed"
2026-03-01 22:07:19 WARN module=net msg="retrying request"
2026-03-01 22:08:17 INFO module=fs msg="cache warmed up"
2026-03-01 22:08:28 WARN module=net msg="retrying request"
2026-03-01 22:11:07 INFO module=db msg="request completed"
2026-03-01 22:11:52 INFO module=net msg="job scheduled"
2026-03-01 22:13:01 WARN module=sched msg="retrying request"
2026-03-01 22:19:37 INFO module=net msg="job scheduled"
2026-03-01 22:20:48 INFO module=net msg="job scheduled"
2026-03-01 22:23:18 INFO module=net msg="job scheduled"
2026-03-01 22:25:02 WARN module=fs msg="deprecated option used"
2026-03-01 22:26:31 INFO module=cache msg="request completed"
2026-03-01 22:26:57 INFO module=sched msg="job scheduled"
2026-03-01 22:34:12 INFO module=sched msg="cache warmed up"
2026-03-01 22:35:22 INFO module=disk msg="config reloaded"
2026-03-01 22:39:05 INFO module=disk msg="user logged in"
2026-03-01 22:50:01 INFO module=net msg="job scheduled"
2026-03-01 22:51:25 ERROR module=disk msg="segment read failed"
2026-03-01 22:52:10 INFO module=db msg="request completed"
2026-03-01 22:53:11 INFO module=cache msg="job scheduled"
2026-03-01 22:55:07 INFO module=sched msg="cache warmed up"
2026-03-01 22:56:04 WARN module=disk msg="slow response"
2026-03-01 22:58:58 INFO module=db msg="user logged in"
2026-03-01 23:02:54 INFO module=cache msg="service started"
2026-03-01 23:06:17 INFO module=sched msg="job scheduled"
2026-03-01 23:06:51 INFO module=api msg="cache warmed up"
2026-03-01 23:10:46 ERROR module=db msg="connection refused"
2026-03-01 23:11:47 INFO module=fs msg="service started"
2026-03-01 23:14:23 INFO module=db msg="job scheduled"
2026-03-01 23:14:42 INFO module=db msg="job scheduled"
2026-03-01 23:20:47 INFO module=disk msg="service started"
2026-03-01 23:24:14 DEBUG module=net msg="retry counter reset"
2026-03-01 23:27:01 DEBUG module=auth msg="queue length checked"
2026-03-01 23:27:49 INFO module=fs msg="config reloaded"
2026-03-01 23:32:01 WARN module=sched msg="disk usage above 80%"
2026-03-01 23:33:53 INFO module=db msg="cache warmed up"
2026-03-01 23:34:56 DEBUG module=api msg="entering handler"
2026-03-01 23:43:04 ERROR module=auth msg="permission denied"
2026-03-01 23:43:33 INFO module=api msg="config reloaded"
2026-03-01 23:43:54 INFO module=api msg="config reloaded"
2026-03-01 23:43:57 DEBUG module=cache msg="buffer flushed"
2026-03-01 23:44:32 INFO module=sched msg="request completed"
2026-03-01 23:52:48 INFO module=cache msg="cache warmed up"
2026-03-01 23:55:24 WARN module=cache msg="token expires soon"
2026-03-01 23:57:32 WARN module=api msg="token expires soon"
