2026-03-02 00:02:06 INFO module=disk msg="user logged in"
2026-03-02 00:03:04 WARN module=fs msg="deprecated option used"
2026-03-02 00:03:46 INFO module=auth msg="config reloaded"
2026-03-02 00:15:18 WARN module=disk msg="deprecated option used"
2026-03-02 00:18:02 DEBUG module=fs msg="queue length checked"
2026-03-02 00:19:33 INFO module=cache msg="cache warmed up"
2026-03-02 00:20:38 DEBUG module=cache msg="retry counter reset"
2026-03-02 00:20:59 INFO module=cache msg="cache warmed up"
2026-03-02 00:21:00 INFO module=db msg="config reloaded"
2026-03-02 00:24:16 WARN module=disk msg="retrying request"
2026-03-02 00:28:02 ERROR module=db msg="no space left on device"
2026-03-02 00:28:36 INFO module=disk msg="service started"
2026-03-02 00:29:21 INFO module=auth msg="job scheduled"
2026-03-02 00:30:28 INFO module=net msg="config reloaded"
2026-03-02 00:35:37 INFO module=auth msg="request completed"
2026-03-02 00:37:28 DEBUG module=cache msg="heartbeat sent"
2026-03-02 00:38:40 INFO module=auth msg="cache warmed up"
2026-03-02 00:44:44 DEBUG module=net msg="buffer flushed"
2026-03-02 00:46:27 INFO module=net msg="user logged in"
2026-03-02 00:48:23 INFO module=db msg="request completed"
2026-03-02 00:52:11 INFO module=auth msg="user logged in"
2026-03-02 00:52:57 INFO module=auth msg="config reloaded"
2026-03-02 00:56:21 ERROR module=auth msg="permission denied"
2026-03-02 01:04:04 INFO module=cache msg="job scheduled"
2026-03-02 01:05:34 INFO module=net msg="job scheduled"
2026-03-02 01:09:15 INFO module=net msg="config reloaded"
2026-03-02 01:09:43 INFO module=db msg="cache warmed up"
2026-03-02 01:11:24 INFO module=net msg="user logged in"
2026-03-02 01:12:54 INFO module=net msg="service started"
2026-03-02 01:13:22 DEBUG module=auth msg="retry counter reset"
2026-03-02 01:16:19 ERROR module=net msg="query failed"
2026-03-02 01:19:24 WARN module=cache msg="disk usage above 80%"
2026-03-02 01:20:56 WARN module=cache msg="token expires soon"
2026-03-02 01:23:16 ERROR module=db msg="no space left on device"
2026-03-02 01:29:39 WARN module=cache msg="token expires soon"
2026-03-02 01:30:55 INFO module=db msg="cache warmed up"
2026-03-02 01:31:13 INFO module=db msg="user logged in"
2026-03-02 01:34:47 INFO module=cache msg="request completed"
2026-03-02 01:35:43 WARN module=net msg="deprecated option used"
2026-03-02 01:35:50 ERROR module=net msg="segment read failed"
2026-03-02 01:39:31 INFO module=db msg="user logged in"
2026-03-02 01:40:42 INFO module=auth msg="user logged in"
2026-03-02 01:42:05 DEBUG module=sched msg="retry counter reset"
2026-03-02 01:44:33 INFO module=cache msg="user logged in"
2026-03-02 01:45:33 WARN module=auth msg="slow response"
2026-03-02 01:45:39 INFO module=api msg="user logged in"
2026-03-02 01:49:36 WARN module=db msg="disk usage above 80%"
2026-03-02 01:50:46 ERROR module=db msg="invalid token"
2026-03-02 01:52:51 DEBUG module=net msg="retry counter reset"
2026-03-02 01:53:03 WARN module=net msg="deprecated option used"
2026-03-02 01:57:40 INFO module=cache msg="config reloaded"
2026-03-02 01:58:02 DEBUG module=cache msg="entering handler"
2026-03-02 01:58:54 INFO module=sched msg="request completed"
2026-03-02 02:01:45 INFO module=net msg="request completed"
2026-03-02 02:01:54 WARN module=db msg="disk usage above 80%"
2026-03-02 02:03:31 INFO module=auth msg="cache warmed up"
2026-03-02 02:08:47 INFO module=api msg="service started"
2026-03-02 02:09:52 ERROR module=disk msg="connection timeout"
2026-03-02 02:10:26 WARN module=api msg="slow response"
2026-03-02 02:21:24 INFO module=sched msg="user logged in"
2026-03-02 02:21:32 INFO module=auth msg="user logged in"
2026-03-02 02:25:33 INFO module=api msg="job scheduled"
2026-03-02 02:26:58 ERROR module=auth msg="segment read failed"
2026-03-02 02:33:17 INFO module=net msg="config reloaded"
2026-03-02 02:34:15 INFO module=sched msg="job scheduled"
2026-03-02 02:36:29 DEBUG module=auth msg="queue length checked"
2026-03-02 02:37:03 INFO module=db msg="service started"
2026-03-02 02:37:45 DEBUG module=fs msg="retry counter reset"
2026-03-02 02:40:27 ERROR module=net msg="connection refused"
2026-03-02 02:40:50 INFO module=api msg="job scheduled"
2026-03-02 02:41:08 INFO module=disk msg="job scheduled"
2026-03-02 02:41:54 DEBUG module=net msg="buffer flushed"
2026-03-02 02:42:17 INFO module=fs msg="service started"
2026-03-02 02:44:23 WARN module=sched msg="token expires soon"
2026-03-02 02:46:49 INFO module=cache msg="user logged in"
2026-03-02 02:46:55 INFO module=auth msg="service started"
2026-03-02 02:56:21 INFO module=api msg="service started"
2026-03-02 03:01:30 INFO module=fs msg="cache warmed up"
2026-03-02 03:01:42 WARN module=db msg="token expires soon"
2026-03-02 03:03:55 INFO module=cache msg="config reloaded"
2026-03-02 03:04:55 DEBUG module=fs msg="heartbeat sent"
2026-03-02 03:10:16 ERROR module=db msg="no space left on device"
2026-03-02 03:13:17 INFO module=db msg="user logged in"
2026-03-02 03:14:34 INFO module=disk msg="config reloaded"
2026-03-02 03:14:40 WARN module=cache msg="token expires soon"
2026-03-02 03:16:20 INFO module=net msg="job scheduled"
2026-03-02 03:17:42 WARN module=api msg="disk usage above 80%"
2026-03-02 03:18:53 INFO module=db msg="config reloaded"
2026-03-02 03:20:30 INFO module=net msg="request completed"
2026-03-02 03:21:12 DEBUG module=auth msg="buffer flushed"
2026-03-02 03:24:29 INFO module=api msg="service started"
2026-03-02 03:25:16 DEBUG module=cache msg="queue length checked"
2026-03-02 03:25:38 INFO module=db msg="job scheduled"
2026-03-02 03:25:51 INFO module=api msg="service started"
2026-03-02 03:26:30 INFO module=fs msg="service started"
2026-03-02 03:32:56 INFO module=cache msg="config reloaded"
2026-03-02 03:33:01 INFO module=net msg="request completed"
2026-03-02 03:36:17 INFO module=net msg="config reloaded"
2026-03-02 03:36:24 DEBUG module=cache msg="queue length checked"
2026-03-02 03:39:00 INFO module=sched msg="job scheduled"
2026-03-02 03:39:15 INFO module=net msg="cache warmed up"
2026-03-02 03:40:07 INFO module=db msg="service started"
2026-03-02 03:42:55 INFO module=db msg="user logged in"
2026-03-02 03:43:21 INFO module=net msg="config reloaded"
2026-03-02 03:47:18 WARN module=cache msg="deprecated option used"
2026-03-02 03:47:20 INFO module=fs msg="cache warmed up"
2026-03-02 03:48:37 INFO module=api msg="cache warmed up"
2026-03-02 03:49:35 DEBUG module=db msg="heartbeat sent"
2026-03-02 03:52:41 ERROR module=disk msg="segment read failed"
2026-03-02 03:56:20 INFO module=fs msg="user logged in"
2026-03-02 04:01:35 INFO module=fs msg="request completed"
2026-03-02 04:01:48 INFO module=net msg="user logged in"
2026-03-02 04:05:22 WARN module=auth msg="disk usage above 80%"
2026-03-02 04:08:53 INFO module=cache msg="user logged in"
2026-03-02 04:16:34 INFO module=sched msg="service started"
2026-03-02 04:16:38 INFO module=sched msg="request completed"
2026-03-02 04:20:08 ERROR module=api msg="connection refused"
2026-03-02 04:20:15 INFO module=cache msg="service started"
2026-03-02 04:21:35 INFO module=cache msg="service started"
2026-03-02 04:21:44 INFO module=fs msg="request completed"
2026-03-02 04:23:11 DEBUG module=disk msg="entering handler"
2026-03-02 04:25:26 INFO module=api msg="config reloaded"
2026-03-02 04:26:25 INFO module=auth msg="job scheduled"
2026-03-02 04:27:43 ERROR module=net msg="invalid token"
2026-03-02 04:29:20 INFO module=auth msg="config reloaded"
2026-03-02 04:34:53 INFO module=net msg="config reloaded"
2026-03-02 04:37:20 WARN module=net msg="deprecated option used"
2026-03-02 04:37:44 INFO module=net msg="cache warmed up"
2026-03-02 04:37:55 WARN module=auth msg="retrying request"
2026-03-02 04:44:29 ERROR module=db msg="connection refused"
2026-03-02 04:49:39 INFO module=disk msg="user logged in"
2026-03-02 04:51:42 INFO module=cache msg="user logged in"
2026-03-02 04:53:39 INFO module=db msg="service started"
2026-03-02 04:57:29 INFO module=sched msg="job scheduled"
2026-03-02 05:04:11 DEBUG module=disk msg="entering handler"
2026-03-02 05:07:35 INFO module=auth msg="cache warmed up"
2026-03-02 05:08:34 WARN module=disk msg="retrying request"
2026-03-02 05:13:01 WARN module=disk msg="slow response"
2026-03-02 05:13:49 DEBUG module=sched msg="queue length checked"
2026-03-02 05:14:06 INFO module=api msg="job scheduled"
2026-03-02 05:23:36 DEBUG module=disk msg="queue length checked"
2026-03-02 05:25:49 DEBUG module=fs msg="queue length checked"
2026-03-02 05:27:18 ERROR module=fs msg="connection timeout"
2026-03-02 05:29:18 INFO module=sched msg="config reloaded"
2026-03-02 05:30:11 ERROR module=db msg="connection timeout"
2026-03-02 05:31:00 WARN module=api msg="deprecated option used"
2026-03-02 05:31:32 WARN module=disk msg="disk usage above 80%"
2026-03-02 05:34:09 INFO module=fs msg="user logged in"
2026-03-02 05:35:29 INFO module=sched msg="request completed"
2026-03-02 05:39:53 WARN module=net msg="retrying request"
2026-03-02 05:43:21 WARN module=fs msg="retrying request"
2026-03-02 05:44:22 DEBUG module=sched msg="entering handler"
2026-03-02 05:45:14 DEBUG module=sched msg="retry counter reset"
2026-03-02 05:45:42 INFO module=net msg="config reloaded"
2026-03-02 05:46:04 INFO module=api msg="cache warmed up"
2026-03-02 05:53:13 INFO module=api msg="cache warmed up"
2026-03-02 05:54:27 INFO module=auth msg="cache warmed up"
2026-03-02 06:00:47 WARN module=disk msg="disk usage above 80%"
2026-03-02 06:05:01 WARN module=disk msg="slow response"
2026-03-02 06:07:15 DEBUG module=net msg="entering handler"
2026-03-02 06:11:35 INFO module=db msg="config reloaded"
2026-03-02 06:16:14 INFO module=api msg="cache warmed up"
2026-03-02 06:16:19 INFO module=cache msg="config reloaded"
2026-03-02 06:20:09 DEBUG module=fs msg="buffer flushed"
2026-03-02 06:21:58 INFO module=sched msg="cache warmed up"
2026-03-02 06:23:03 INFO module=disk msg="request completed"
2026-03-02 06:23:17 INFO module=sched msg="request completed"
2026-03-02 06:29:42 WARN module=net msg="deprecated option used"
2026-03-02 06:30:48 WARN module=db msg="disk usage above 80%"
2026-03-02 06:31:45 INFO module=net msg="user logged in"
2026-03-02 06:33:15 WARN module=disk msg="deprecated option used"
2026-03-02 06:34:11 DEBUG module=fs msg="buffer flushed"
2026-03-02 06:34:44 DEBUG module=cache msg="retry counter reset"
2026-03-02 06:35:15 DEBUG module=db msg="queue length checked"
2026-03-02 06:37:52 INFO module=auth msg="service started"
2026-03-02 06:39:50 ERROR module=net msg="connection refused"
2026-03-02 06:40:15 INFO module=cache msg="job scheduled"
2026-03-02 06:42:18 WARN module=disk msg="retrying request"
2026-03-02 06:44:38 INFO module=cache msg="service started"
2026-03-02 06:48:04 DEBUG module=db msg="entering handler"
2026-03-02 06:48:10 WARN module=api msg="deprecated option used"
2026-03-02 06:49:41 WARN module=db msg="token expires soon"
2026-03-02 06:49:51 INFO module=net msg="service started"
2026-03-02 06:51:34 INFO module=db msg="job scheduled"
2026-03-02 06:56:06 INFO module=db msg="cache warmed up"
2026-03-02 06:56:59 INFO module=auth msg="config reloaded"
2026-03-02 06:57:49 INFO module=db msg="service started"
2026-03-02 07:01:52 WARN module=net msg="token expires soon"
2026-03-02 07:03:10 INFO module=auth msg="user logged in"
2026-03-02 07:03:24 INFO module=fs msg="job scheduled"
2026-03-02 07:04:10 DEBUG module=net msg="buffer flushed"
2026-03-02 07:06:59 INFO module=net msg="job scheduled"
2026-03-02 07:07:40 INFO module=sched msg="user logged in"
2026-03-02 07:08:10 INFO module=fs msg="config reloaded"
2026-03-02 07:09:30 INFO module=db msg="request completed"
2026-03-02 07:12:25 WARN module=disk msg="slow response"
2026-03-02 07:13:35 WARN module=api msg="token expires soon"
2026-03-02 07:15:17 ERROR module=net msg="no space left on device"
2026-03-02 07:15:19 WARN module=api msg="slow response"
2026-03-02 07:21:24 INFO module=db msg="service started"
2026-03-02 07:21:54 WARN module=api msg="deprecated option used"
2026-03-02 07:24:51 DEBUG module=sched msg="entering handler"
2026-03-02 07:26:24 INFO module=cache msg="service started"
2026-03-02 07:31:49 INFO module=disk msg="service started"
2026-03-02 07:37:38 INFO module=api msg="user logged in"
2026-03-02 07:41:41 WARN module=cache msg="deprecated option used"
2026-03-02 07:43:45 WARN module=auth msg="disk usage above 80%"
2026-03-02 07:48:45 INFO module=db msg="user logged in"
2026-03-02 07:52:28 INFO module=net msg="cache warmed up"
2026-03-02 07:58:55 INFO module=api msg="user logged in"
2026-03-02 08:01:16 INFO module=auth msg="cache warmed up"
2026-03-02 08:02:38 INFO module=db msg="job scheduled"
2026-03-02 08:08:42 WARN module=auth msg="retrying request"
2026-03-02 08:14:59 INFO module=auth msg="cache warmed up"
2026-03-02 08:15:12 INFO module=cache msg="request completed"
2026-03-02 08:18:57 INFO module=auth msg="request completed"
2026-03-02 08:19:09 DEBUG module=cache msg="queue length checked"
2026-03-02 08:19:25 WARN module=cache msg="deprecated option used"
2026-03-02 08:20:14 INFO module=fs msg="cache warmed up"
2026-03-02 08:20:31 WARN module=api msg="disk usage above 80%"
2026-03-02 08:22:27 WARN module=disk msg="deprecated option used"
2026-03-02 08:23:17 INFO module=api msg="user logged in"
2026-03-02 08:23:55 DEBUG module=disk msg="retry counter reset"
2026-03-02 08:27:44 INFO module=auth msg="service started"
2026-03-02 08:33:35 ERROR module=net msg="no space left on device"
2026-03-02 08:34:24 INFO module=fs msg="config reloaded"
2026-03-02 08:35:21 INFO module=cache msg="cache warmed up"
2026-03-02 08:38:12 DEBUG module=cache msg="retry counter reset"
2026-03-02 08:41:06 DEBUG module=auth msg="heartbeat sent"
2026-03-02 08:41:38 INFO module=db msg="user logged in"
2026-03-02 08:44:06 DEBUG module=cache msg="buffer flushed"
2026-03-02 08:45:12 INFO module=db msg="request completed"
2026-03-02 08:45:21 INFO module=auth msg="user logged in"
2026-03-02 08:45:30 INFO module=net msg="job scheduled"
2026-03-02 08:46:26 INFO module=net msg="config reloaded"
2026-03-02 08:47:41 INFO module=auth msg="cache warmed up"
2026-03-02 08:48:24 DEBUG module=fs msg="heartbeat sent"
2026-03-02 08:50:29 WARN module=net msg="deprecated option used"
2026-03-02 08:53:42 ERROR module=api msg="invalid token"
2026-03-02 08:53:59 WARN module=api msg="token expires soon"
2026-03-02 08:59:16 INFO module=fs msg="cache warmed up"
2026-03-02 09:07:11 WARN module=net msg="deprecated option used"
2026-03-02 09:08:14 DEBUG module=api msg="retry counter reset"
2026-03-02 09:09:04 WARN module=fs msg="deprecated option used"
2026-03-02 09:10:54 DEBUG module=disk msg="retry counter reset"
2026-03-02 09:12:03 INFO module=auth msg="cache warmed up"
2026-03-02 09:16:18 INFO module=api msg="cache warmed up"
2026-03-02 09:16:38 INFO module=fs msg="service started"
2026-03-02 09:18:51 INFO module=cache msg="user logged in"
2026-03-02 09:19:02 INFO module=auth msg="request completed"
2026-03-02 09:19:32 DEBUG module=net msg="retry counter reset"
2026-03-02 09:21:14 INFO module=db msg="job scheduled"
2026-03-02 09:21:33 INFO module=net msg="job scheduled"
2026-03-02 09:24:35 INFO module=fs msg="cache warmed up"
2026-03-02 09:26:13 DEBUG module=net msg="heartbeat sent"
2026-03-02 09:32:31 WARN module=net msg="token expires soon"
2026-03-02 09:34:20 ERROR module=disk msg="connection timeout"
2026-03-02 09:35:04 INFO module=db msg="service started"
2026-03-02 09:36:27 INFO module=sched msg="request completed"
2026-03-02 09:36:51 INFO module=sched msg="job scheduled"
2026-03-02 09:37:26 INFO module=cache msg="config reloaded"
2026-03-02 09:42:33 DEBUG module=sched msg="entering handler"
2026-03-02 09:43:08 DEBUG module=sched msg="heartbeat sent"
2026-03-02 09:43:27 DEBUG module=auth msg="heartbeat sent"
2026-03-02 09:45:01 INFO module=db msg="service started"
2026-03-02 09:45:12 INFO module=db msg="user logged in"
2026-03-02 09:46:28 WARN module=net msg="retrying request"
2026-03-02 09:52:14 WARN module=api msg="deprecated option used"
2026-03-02 09:53:12 ERROR module=net msg="no space left on device"
2026-03-02 09:54:59 INFO module=cache msg="service started"
2026-03-02 09:56:49 WARN module=disk msg="disk usage above 80%"
2026-03-02 09:57:35 WARN module=cache msg="deprecated option used"
2026-03-02 10:02:11 WARN module=disk msg="token expires soon"
2026-03-02 10:03:14 DEBUG module=api msg="buffer flushed"
2026-03-02 10:04:17 INFO module=net msg="request completed"
2026-03-02 10:05:04 WARN module=disk msg="token expires soon"
2026-03-02 10:07:10 INFO module=db msg="request completed"
2026-03-02 10:11:33 INFO module=net msg="cache warmed up"
2026-03-02 10:14:24 ERROR module=net msg="connection timeout"
2026-03-02 10:15:31 WARN module=db msg="disk usage above 80%"
2026-03-02 10:20:24 INFO module=auth msg="cache warmed up"
2026-03-02 10:29:28 WARN module=net msg="deprecated option used"
2026-03-02 10:30:17 DEBUG module=sched msg="queue length checked"
2026-03-02 10:32:07 INFO module=net msg="request completed"
2026-03-02 10:36:55 WARN module=net msg="disk usage above 80%"
2026-03-02 10:38:29 ERROR module=db msg="no space left on device"
2026-03-02 10:39:17 INFO module=auth msg="service started"
2026-03-02 10:42:10 INFO module=api msg="config reloaded"
2026-03-02 10:43:33 INFO module=fs msg="user logged in"
2026-03-02 10:49:57 INFO module=sched msg="request completed"
2026-03-02 10:52:24 INFO module=api msg="config reloaded"
2026-03-02 10:52:52 INFO module=auth msg="user logged in"
2026-03-02 10:54:35 INFO module=api msg="service started"
2026-03-02 10:56:38 INFO module=net msg="job scheduled"
2026-03-02 10:58:32 WARN module=net msg="disk usage above 80%"
2026-03-02 11:00:56 WARN module=cache msg="deprecated option used"
2026-03-02 11:03:20 WARN module=db msg="disk usage above 80%"
2026-03-02 11:08:17 WARN module=cache msg="retrying request"
2026-03-02 11:08:34 INFO module=api msg="config reloaded"
2026-03-02 11:09:55 INFO module=sched msg="config reloaded"
2026-03-02 11:11:39 ERROR module=net msg="query failed"
2026-03-02 11:25:55 DEBUG module=cache msg="retry counter reset"
2026-03-02 11:25:56 DEBUG module=sched msg="entering handler"
2026-03-02 11:29:42 WARN module=cache msg="retrying request"
2026-03-02 11:29:50 INFO module=db msg="config reloaded"
2026-03-02 11:33:09 ERROR module=auth msg="connection timeout"
2026-03-02 11:33:19 INFO module=cache msg="config reloaded"
2026-03-02 11:36:20 WARN module=net msg="retrying request"
2026-03-02 11:36:44 INFO module=fs msg="user logged in"
2026-03-02 11:37:47 INFO module=api msg="job scheduled"
2026-03-02 11:42:07 INFO module=api msg="service started"
2026-03-02 11:42:25 WARN module=net msg="token expires soon"
2026-03-02 11:43:59 WARN module=db msg="slow response"
2026-03-02 11:44:52 INFO module=db msg="request completed"
2026-03-02 11:45:32 INFO module=db msg="user logged in"
2026-03-02 11:52:00 INFO module=auth msg="config reloaded"
2026-03-02 11:55:36 WARN module=cache msg="deprecated option used"
2026-03-02 11:58:45 WARN module=auth msg="disk usage above 80%"
2026-03-02 12:00:34 INFO module=fs msg="config reloaded"
2026-03-02 12:02:13 INFO module=disk msg="user logged in"
2026-03-02 12:02:17 WARN module=disk msg="disk usage above 80%"
2026-03-02 12:05:21 INFO module=net msg="request completed"
2026-03-02 12:06:26 INFO module=sched msg="request completed"
2026-03-02 12:06:31 INFO module=cache msg="job scheduled"
2026-03-02 12:08:22 WARN module=disk msg="retrying request"
2026-03-02 12:08:55 INFO module=db msg="config reloaded"
2026-03-02 12:09:03 INFO module=auth msg="config reloaded"
2026-03-02 12:11:09 INFO module=net msg="cache warmed up"
2026-03-02 12:13:33 WARN module=sched msg="retrying request"
2026-03-02 12:14:43 INFO module=disk msg="user logged in"
2026-03-02 12:15:16 INFO module=db msg="config reloaded"
2026-03-02 12:17:43 DEBUG module=fs msg="queue length checked"
2026-03-02 12:19:28 WARN module=net msg="disk usage above 80%"
2026-03-02 12:21:20 DEBUG module=sched msg="entering handler"
2026-03-02 12:23:59 INFO module=db msg="service started"
2026-03-02 12:25:34 INFO module=cache msg="job scheduled"
2026-03-02 12:26:54 INFO module=auth msg="cache warmed up"
2026-03-02 12:29:20 INFO module=api msg="request completed"
2026-03-02 12:29:26 INFO module=auth msg="user logged in"
2026-03-02 12:30:42 INFO module=sched msg="config reloaded"
2026-03-02 12:35:38 INFO module=net msg="config reloaded"
2026-03-02 12:36:20 WARN module=disk msg="deprecated option used"
2026-03-02 12:38:08 INFO module=sched msg="request completed"
2026-03-02 12:39:03 ERROR module=disk msg="segment read failed"
2026-03-02 12:43:12 INFO module=fs msg="service started"
2026-03-02 12:45:49 DEBUG module=disk msg="entering handler"
2026-03-02 12:55:11 INFO module=api msg="service started"
2026-03-02 12:58:33 INFO module=disk msg="user logged in"
2026-03-02 13:01:00 INFO module=auth msg="service started"
2026-03-02 13:01:20 WARN module=net msg="deprecated option used"
2026-03-02 13:02:12 DEBUG module=disk msg="buffer flushed"
2026-03-02 13:03:11 INFO module=db msg="request completed"
2026-03-02 13:06:57 INFO module=api msg="job scheduled"
2026-03-02 13:08:20 INFO module=fs msg="job scheduled"
2026-03-02 13:10:34 INFO module=disk msg="service started"
2026-03-02 13:12:30 WARN module=cache msg="disk usage above 80%"
2026-03-02 13:12:50 INFO module=db msg="service started"
2026-03-02 13:13:59 INFO module=fs msg="job scheduled"
2026-03-02 13:14:35 ERROR module=disk msg="invalid token"
2026-03-02 13:18:42 INFO module=api msg="user logged in"
2026-03-02 13:20:52 INFO module=db msg="config reloaded"
2026-03-02 13:23:26 DEBUG module=cache msg="heartbeat sent"
2026-03-02 13:25:34 INFO module=api msg="request completed"
2026-03-02 13:29:56 INFO module=db msg="service started"
2026-03-02 13:31:42 INFO module=fs msg="job scheduled"
2026-03-02 13:32:02 INFO module=sched msg="cache warmed up"
2026-03-02 13:32:39 INFO module=disk msg="request completed"
2026-03-02 13:33:19 INFO module=fs msg="job scheduled"
2026-03-02 13:34:10 INFO module=auth msg="cache warmed up"
2026-03-02 13:37:54 INFO module=net msg="user logged in"
2026-03-02 13:40:30 INFO module=db msg="request completed"
2026-03-02 13:41:03 INFO module=fs msg="request completed"
2026-03-02 13:44:44 INFO module=db msg="config reloaded"
2026-03-02 13:47:11 DEBUG module=api msg="heartbeat sent"
2026-03-02 13:51:46 WARN module=fs msg="deprecated option used"
2026-03-02 13:53:04 WARN module=cache msg="deprecated option used"
2026-03-02 13:53:32 DEBUG module=db msg="heartbeat sent"
2026-03-02 13:55:22 ERROR module=auth msg="permission denied"
2026-03-02 14:00:58 WARN module=net msg="retrying request"
2026-03-02 14:02:18 INFO module=disk msg="request completed"
2026-03-02 14:03:40 ERROR module=disk msg="connection refused"
2026-03-02 14:06:05 INFO module=api msg="user logged in"
2026-03-02 14:07:06 INFO module=auth msg="job scheduled"
2026-03-02 14:11:47 INFO module=fs msg="request completed"
2026-03-02 14:12:16 INFO module=net msg="request completed"
2026-03-02 14:12:29 INFO module=db msg="config reloaded"
2026-03-02 14:15:44 INFO module=cache msg="request completed"
2026-03-02 14:16:27 INFO module=fs msg="cache warmed up"
2026-03-02 14:18:31 INFO module=fs msg="service started"
2026-03-02 14:25:09 INFO module=fs msg="user logged in"
2026-03-02 14:28:53 INFO module=cache msg="user logged in"
2026-03-02 14:31:11 INFO module=sched msg="request completed"
2026-03-02 14:37:15 WARN module=fs msg="deprecated option used"
2026-03-02 14:41:17 INFO module=cache msg="config reloaded"
2026-03-02 14:41:38 INFO module=disk msg="user logged in"
2026-03-02 14:43:37 WARN module=net msg="slow response"
2026-03-02 14:48:49 WARN module=auth msg="deprecated option used"
2026-03-02 14:52:07 INFO module=sched msg="config reloaded"
2026-03-02 14:52:48 INFO module=db msg="user logged in"
2026-03-02 14:58:40 INFO module=fs msg="service started"
2026-03-02 15:00:36 INFO module=disk msg="user logged in"
2026-03-02 15:02:33 INFO module=disk msg="cache warmed up"
2026-03-02 15:03:28 INFO module=fs msg="job scheduled"
2026-03-02 15:06:58 DEBUG module=cache msg="retry counter reset"
2026-03-02 15:08:41 WARN module=net msg="retrying request"
2026-03-02 15:08:57 WARN module=disk msg="deprecated option used"
2026-03-02 15:09:02 ERROR module=cache msg="segment read failed"
2026-03-02 15:12:14 INFO module=disk msg="job scheduled"
2026-03-02 15:14:45 INFO module=api msg="user logged in"
2026-03-02 15:20:04 WARN module=net msg="token expires soon"
2026-03-02 15:22:02 ERROR module=api msg="connection refused"
2026-03-02 15:22:42 INFO module=auth msg="job scheduled"
2026-03-02 15:22:44 INFO module=net msg="cache warmed up"
2026-03-02 15:25:06 INFO module=auth msg="request completed"
2026-03-02 15:28:51 WARN module=disk msg="slow response"
2026-03-02 15:31:03 DEBUG module=cache msg="heartbeat sent"
2026-03-02 15:32:32 INFO module=sched msg="request completed"
2026-03-02 15:36:43 INFO module=api msg="config reloaded"
2026-03-02 15:39:02 INFO module=net msg="user logged in"
2026-03-02 15:39:29 DEBUG module=cache msg="retry counter reset"
2026-03-02 15:42:57 DEBUG module=db msg="entering handler"
2026-03-02 15:45:36 WARN module=disk msg="retrying request"
2026-03-02 15:56:13 DEBUG module=sched msg="retry counter reset"
2026-03-02 16:01:20 INFO module=disk msg="job scheduled"
2026-03-02 16:04:02 INFO module=cache msg="job scheduled"
2026-03-02 16:05:28 WARN module=auth msg="slow response"
2026-03-02 16:05:34 WARN module=net msg="disk usage above 80%"
2026-03-02 16:06:24 DEBUG module=sched msg="heartbeat sent"
2026-03-02 16:08:24 INFO module=db msg="cache warmed up"
2026-03-02 16:11:36 WARN module=api msg="slow response"
2026-03-02 16:12:49 INFO module=fs msg="cache warmed up"
2026-03-02 16:12:50 ERROR module=auth msg="permission denied"
2026-03-02 16:20:28 WARN module=net msg="disk usage above 80%"
2026-03-02 16:24:13 INFO module=sched msg="request completed"
2026-03-02 16:24:29 INFO module=disk msg="request completed"
2026-03-02 16:25:15 DEBUG module=api msg="queue length checked"
2026-03-02 16:25:30 INFO module=cache msg="config reloaded"
2026-03-02 16:26:11 INFO module=net msg="job scheduled"
2026-03-02 16:26:37 INFO module=net msg="service started"
2026-03-02 16:32:45 DEBUG module=sched msg="entering handler"
2026-03-02 16:33:37 INFO module=api msg="cache warmed up"
2026-03-02 16:34:03 INFO module=cache msg="user logged in"
2026-03-02 16:35:22 WARN module=db msg="deprecated option used"
2026-03-02 16:36:49 DEBUG module=disk msg="retry counter reset"
2026-03-02 16:38:05 INFO module=disk msg="request completed"
2026-03-02 16:40:25 INFO module=auth msg="config reloaded"
2026-03-02 16:42:31 INFO module=net msg="config reloaded"
2026-03-02 16:47:07 INFO module=net msg="user logged in"
2026-03-02 16:50:06 INFO module=db msg="config reloaded"
2026-03-02 16:54:41 INFO module=auth msg="job scheduled"
2026-03-02 16:56:42 DEBUG module=auth msg="queue length checked"
2026-03-02 16:57:57 ERROR module=db msg="query failed"
2026-03-02 16:58:05 INFO module=sched msg="job scheduled"
2026-03-02 17:00:58 DEBUG module=net msg="queue length checked"
2026-03-02 17:02:51 INFO module=db msg="config reloaded"
2026-03-02 17:04:16 ERROR module=disk msg="no space left on device"
2026-03-02 17:04:29 INFO module=disk msg="cache warmed up"
2026-03-02 17:04:48 INFO module=api msg="request completed"
2026-03-02 17:08:06 INFO module=auth msg="job scheduled"
2026-03-02 17:08:28 ERROR module=net msg="connection timeout"
2026-03-02 17:08:31 WARN module=cache msg="disk usage above 80%"
2026-03-02 17:13:26 DEBUG module=cache msg="buffer flushed"
2026-03-02 17:16:03 INFO module=sched msg="request completed"
2026-03-02 17:18:23 INFO module=net msg="cache warmed up"
2026-03-02 17:22:53 DEBUG module=api msg="entering handler"
2026-03-02 17:23:55 INFO module=api msg="config reloaded"
2026-03-02 17:24:25 INFO module=api msg="cache warmed up"
2026-03-02 17:24:59 ERROR module=disk msg="invalid token"
2026-03-02 17:27:55 WARN module=fs msg="token expires soon"
2026-03-02 17:29:07 WARN module=fs msg="token expires soon"
2026-03-02 17:31:56 ERROR module=net msg="connection timeout"
2026-03-02 17:34:49 INFO module=fs msg="cache warmed up"
2026-03-02 17:35:57 INFO module=fs msg="user logged in"
2026-03-02 17:36:45 INFO module=auth msg="request completed"
2026-03-02 17:37:48 ERROR module=disk msg="query failed"
2026-03-02 17:37:51 WARN module=auth msg="disk usage above 80%"
2026-03-02 17:38:06 WARN module=fs msg="retrying request"
2026-03-02 17:38:32 WARN module=disk msg="slow response"
2026-03-02 17:40:00 DEBUG module=api msg="buffer flushed"
2026-03-02 17:44:54 INFO module=db msg="service started"
2026-03-02 17:46:22 INFO module=auth msg="service started"
2026-03-02 17:47:32 INFO module=auth msg="cache warmed up"
2026-03-02 17:48:37 DEBUG module=net msg="retry counter reset"
2026-03-02 17:48:49 INFO module=cache msg="cache warmed up"
2026-03-02 17:51:52 INFO module=net msg="config reloaded"
2026-03-02 17:51:59 ERROR module=db msg="no space left on device"
2026-03-02 17:57:02 INFO module=fs msg="request completed"
2026-03-02 17:58:13 INFO module=api msg="job scheduled"
2026-03-02 17:59:19 INFO module=auth msg="cache warmed up"
2026-03-02 17:59:22 DEBUG module=cache msg="entering handler"
2026-03-02 18:10:14 WARN module=auth msg="deprecated option used"
2026-03-02 18:14:28 WARN module=disk msg="deprecated option used"
2026-03-02 18:22:39 INFO module=sched msg="job scheduled"
2026-03-02 18:23:16 INFO module=db msg="service started"
2026-03-02 18:23:48 INFO module=auth msg="user logged in"
2026-03-02 18:25:36 INFO module=auth msg="job scheduled"
2026-03-02 18:25:56 INFO module=db msg="cache warmed up"
2026-03-02 18:28:43 INFO module=fs msg="cache warmed up"
2026-03-02 18:30:32 INFO module=sched msg="request completed"
2026-03-02 18:30:41 ERROR module=api msg="segment read failed"
2026-03-02 18:30:53 INFO module=cache msg="user logged in"
2026-03-02 18:38:35 WARN module=db msg="token expires soon"
2026-03-02 18:39:42 INFO module=sched msg="service started"
2026-03-02 18:45:27 WARN module=net msg="deprecated option used"
2026-03-02 18:47:27 WARN module=db msg="token expires soon"
2026-03-02 18:51:16 WARN module=disk msg="retrying request"
2026-03-02 18:52:19 INFO module=net msg="service started"
2026-03-02 18:54:51 DEBUG module=fs msg="retry counter reset"
2026-03-02 18:59:02 INFO module=disk msg="config reloaded"
2026-03-02 19:00:19 WARN module=db msg="token expires soon"
2026-03-02 19:01:30 INFO module=net msg="service started"
2026-03-02 19:08:20 INFO module=db msg="user logged in"
2026-03-02 19:08:54 INFO module=disk msg="config reloaded"
2026-03-02 19:09:35 WARN module=net msg="retrying request"
2026-03-02 19:09:46 INFO module=net msg="user logged in"
2026-03-02 19:10:56 ERROR module=auth msg="permission denied"
2026-03-02 19:10:58 ERROR module=net msg="query failed"
2026-03-02 19:27:57 DEBUG module=api msg="heartbeat sent"
2026-03-02 19:28:07 WARN module=net msg="token expires soon"
2026-03-02 19:28:26 DEBUG module=cache msg="entering handler"
2026-03-02 19:28:36 INFO module=auth msg="service started"
2026-03-02 19:29:37 INFO module=fs msg="config reloaded"
2026-03-02 19:31:02 INFO module=fs msg="request completed"
2026-03-02 19:37:57 WARN module=db msg="deprecated option used"
2026-03-02 19:39:04 INFO module=api msg="user logged in"
2026-03-02 19:39:06 INFO module=api msg="service started"
2026-03-02 19:44:41 INFO module=sched msg="request completed"
2026-03-02 19:49:42 INFO module=sched msg="config reloaded"
2026-03-02 19:49:43 WARN module=net msg="disk usage above 80%"
2026-03-02 19:54:13 INFO module=sched msg="user logged in"
2026-03-02 19:56:52 INFO module=fs msg="user logged in"
2026-03-02 20:00:13 INFO module=db msg="cache warmed up"
2026-03-02 20:03:04 INFO module=api msg="request completed"
2026-03-02 20:04:26 DEBUG module=cache msg="entering handler"
2026-03-02 20:08:02 WARN module=disk msg="slow response"
2026-03-02 20:13:12 DEBUG module=fs msg="queue length checked"
2026-03-02 20:14:16 ERROR module=db msg="connection refused"
2026-03-02 20:17:16 INFO module=cache msg="job scheduled"
2026-03-02 20:17:20 INFO module=net msg="job scheduled"
2026-03-02 20:20:57 ERROR module=cache msg="segment read failed"
2026-03-02 20:26:30 INFO module=fs msg="job scheduled"
2026-03-02 20:26:45 INFO module=net msg="user logged in"
2026-03-02 20:27:00 WARN module=cache msg="deprecated option used"
2026-03-02 20:30:24 INFO module=disk msg="cache warmed up"
2026-03-02 20:31:35 INFO module=api msg="request completed"
2026-03-02 20:38:05 INFO module=api msg="config reloaded"
2026-03-02 20:41:02 INFO module=disk msg="cache warmed up"
2026-03-02 20:44:36 ERROR module=db msg="segment read failed"
2026-03-02 20:45:36 WARN module=disk msg="slow response"
2026-03-02 20:47:38 WARN module=disk msg="disk usage above 80%"
2026-03-02 20:47:42 INFO module=sched msg="config reloaded"
2026-03-02 20:48:26 INFO module=net msg="service started"
2026-03-02 20:49:17 INFO module=auth msg="config reloaded"
2026-03-02 20:49:52 DEBUG module=cache msg="buffer flushed"
2026-03-02 20:51:08 DEBUG module=sched msg="heartbeat sent"
2026-03-02 20:54:47 INFO module=db msg="user logged in"
2026-03-02 20:55:13 INFO module=fs msg="config reloaded"
2026-03-02 21:01:01 INFO module=cache msg="service started"
2026-03-02 21:01:19 INFO module=auth msg="config reloaded"
2026-03-02 21:02:31 DEBUG module=sched msg="heartbeat sent"
2026-03-02 21:03:31 WARN module=net msg="slow response"
2026-03-02 21:04:57 DEBUG module=sched msg="retry counter reset"
2026-03-02 21:06:23 INFO module=net msg="job scheduled"
2026-03-02 21:13:37 INFO module=auth msg="cache warmed up"
2026-03-02 21:14:04 INFO module=api msg="service started"
2026-03-02 21:14:11 INFO module=auth msg="service started"
2026-03-02 21:15:06 INFO module=fs msg="cache warmed up"
2026-03-02 21:15:33 INFO module=net msg="job scheduled"
2026-03-02 21:16:07 DEBUG module=disk msg="retry counter reset"
2026-03-02 21:19:59 INFO module=api msg="request completed"
2026-03-02 21:21:55 INFO module=net msg="request completed"
2026-03-02 21:29:37 WARN module=net msg="deprecated option used"
2026-03-02 21:31:04 DEBUG module=fs msg="heartbeat sent"
2026-03-02 21:34:29 INFO module=db msg="cache warmed up"
2026-03-02 21:34:43 WARN module=net msg="token expires soon"
2026-03-02 21:35:16 WARN module=db msg="deprecated option used"
2026-03-02 21:45:26 INFO module=fs msg="request completed"
2026-03-02 21:45:44 INFO module=net msg="cache warmed up"
2026-03-02 21:47:36 WARN module=cache msg="slow response"
2026-03-02 21:51:46 WARN module=net msg="retrying request"
2026-03-02 21:51:59 WARN module=db msg="slow response"
2026-03-02 21:52:56 DEBUG module=api msg="buffer flushed"
2026-03-02 21:54:09 ERROR module=db msg="segment read failed"
2026-03-02 21:54:49 INFO module=fs msg="service started"
2026-03-02 21:55:13 INFO module=cache msg="user logged in"
2026-03-02 21:57:26 WARN module=fs msg="token expires soon"
2026-03-02 21:57:55 WARN module=cache msg="token expires soon"
2026-03-02 21:59:35 ERROR module=net msg="query failed"
2026-03-02 22:00:14 INFO module=disk msg="config reloaded"
2026-03-02 22:00:52 INFO module=disk msg="service started"
2026-03-02 22:02:19 INFO module=auth msg="config reloaded"
2026-03-02 22:06:03 DEBUG module=disk msg="entering handler"
2026-03-02 22:07:30 INFO module=net msg="job scheduled"
2026-03-02 22:07:49 ERROR module=disk msg="no space left on device"
2026-03-02 22:07:55 WARN module=disk msg="slow response"
2026-03-02 22:11:32 INFO module=disk msg="user logged in"
2026-03-02 22:12:29 INFO module=disk msg="job scheduled"
2026-03-02 22:16:03 INFO module=auth msg="user logged in"
2026-03-02 22:16:41 INFO module=auth msg="service started"
2026-03-02 22:17:11 INFO module=disk msg="request completed"
2026-03-02 22:17:15 INFO module=disk msg="cache warmed up"
2026-03-02 22:17:27 INFO module=net msg="service started"
2026-03-02 22:18:22 INFO module=auth msg="config reloaded"
2026-03-02 22:21:24 WARN module=cache msg="disk usage above 80%"
2026-03-02 22:22:18 DEBUG module=cache msg="retry counter reset"
2026-03-02 22:26:21 WARN module=net msg="deprecated option used"
2026-03-02 22:27:34 DEBUG module=net msg="heartbeat sent"
2026-03-02 22:30:07 WARN module=disk msg="disk usage above 80%"
2026-03-02 22:32:38 INFO module=cache msg="request completed"
2026-03-02 22:35:11 DEBUG module=fs msg="entering handler"
2026-03-02 22:38:11 DEBUG module=sched msg="queue length checked"
2026-03-02 22:39:40 ERROR module=net msg="invalid token"
2026-03-02 22:42:00 WARN module=net msg="disk usage above 80%"
2026-03-02 22:42:04 DEBUG module=net msg="retry counter reset"
2026-03-02 22:42:25 INFO module=sched msg="cache warmed up"
2026-03-02 22:42:26 DEBUG module=cache msg="queue length checked"
2026-03-02 22:43:19 WARN module=net msg="deprecated option used"
2026-03-02 22:43:57 INFO module=cache msg="config reloaded"
2026-03-02 22:46:04 INFO module=cache msg="service started"
2026-03-02 22:46:26 INFO module=fs msg="job scheduled"
2026-03-02 22:47:28 DEBUG module=auth msg="buffer flushed"
2026-03-02 22:49:07 INFO module=net msg="request completed"
2026-03-02 22:50:23 DEBUG module=sched msg="queue length checked"
2026-03-02 22:52:13 WARN module=cache msg="retrying request"
2026-03-02 22:52:37 WARN module=auth msg="retrying request"
2026-03-02 22:52:44 INFO module=auth msg="config reloaded"
2026-03-02 22:53:38 INFO module=sched msg="config reloaded"
2026-03-02 22:55:59 INFO module=api msg="job scheduled"
2026-03-02 22:56:23 INFO module=sched msg="config reloaded"
2026-03-02 22:56:44 INFO module=auth msg="job scheduled"
2026-03-02 22:59:25 DEBUG module=disk msg="retry counter reset"
2026-03-02 23:01:16 INFO module=sched msg="job scheduled"
2026-03-02 23:05:14 WARN module=db msg="token expires soon"
2026-03-02 23:07:44 WARN module=auth msg="slow response"
2026-03-02 23:07:59 INFO module=disk msg="service started"
2026-03-02 23:08:54 INFO module=cache msg="job scheduled"
2026-03-02 23:14:41 INFO module=api msg="cache warmed up"
2026-03-02 23:19:42 WARN module=disk msg="disk usage above 80%"
2026-03-02 23:19:53 DEBUG module=auth msg="entering handler"
2026-03-02 23:20:16 DEBUG module=db msg="heartbeat sent"
2026-03-02 23:22:42 WARN module=api msg="deprecated option used"
2026-03-02 23:22:56 DEBUG module=disk msg="buffer flushed"
2026-03-02 23:25:06 INFO module=api msg="cache warmed up"
2026-03-02 23:28:49 INFO module=disk msg="config reloaded"
2026-03-02 23:30:26 INFO module=api msg="request completed"
2026-03-02 23:31:39 INFO module=db msg="service started"
2026-03-02 23:33:32 INFO module=net msg="config reloaded"
2026-03-02 23:33:58 INFO module=net msg="user logged in"
2026-03-02 23:35:49 WARN module=disk msg="deprecated option used"
2026-03-02 23:38:45 INFO module=db msg="job scheduled"
2026-03-02 23:38:46 WARN module=cache msg="slow response"
2026-03-02 23:40:32 INFO module=db msg="cache warmed up"
2026-03-02 23:40:45 INFO module=net msg="user logged in"
2026-03-02 23:42:15 DEBUG module=sched msg="entering handler"
2026-03-02 23:49:47 WARN module=disk msg="retrying request"
2026-03-02 23:49:58 INFO module=sched msg="user logged in"
2026-03-02 23:53:37 INFO module=net msg="user logged in"
2026-03-02 23:55:16 INFO module=auth msg="config reloaded"
2026-03-02 23:57:29 INFO module=api msg="job scheduled"
2026-03-02 23:58:42 INFO module=auth msg="job scheduled"
2026-03-02 23:58:56 DEBUG module=auth msg="entering handler"
