2026-03-04 00:05:06 INFO module=disk msg="config reloaded"
2026-03-04 00:08:36 INFO module=fs msg="request completed"
2026-03-04 00:08:51 ERROR module=net msg="no space left on device"
2026-03-04 00:10:39 DEBUG module=cache msg="retry counter reset"
2026-03-04 00:11:18 INFO module=disk msg="job scheduled"
2026-03-04 00:12:18 INFO module=api msg="user logged in"
2026-03-04 00:14:22 INFO module=fs msg="job scheduled"
2026-03-04 00:21:03 INFO module=auth msg="cache warmed up"
2026-03-04 00:24:14 INFO module=auth msg="cache warmed up"
2026-03-04 00:25:52 WARN module=sched msg="disk usage above 80%"
2026-03-04 00:27:02 INFO module=auth msg="service started"
2026-03-04 00:28:56 INFO module=net msg="config reloaded"
2026-03-04 00:29:21 WARN module=db msg="deprecated option used"
2026-03-04 00:36:55 INFO module=auth msg="job scheduled"
2026-03-04 00:37:58 INFO module=sched msg="cache warmed up"
2026-03-04 00:42:52 WARN module=auth msg="retrying request"
2026-03-04 00:45:49 INFO module=sched msg="user logged in"
2026-03-04 00:45:59 INFO module=api msg="request completed"
2026-03-04 00:48:01 INFO module=auth msg="user logged in"
2026-03-04 00:51:50 DEBUG module=sched msg="heartbeat sent"
2026-03-04 00:55:23 ERROR module=net msg="permission denied"
2026-03-04 00:56:56 WARN module=disk msg="deprecated option used"
2026-03-04 00:57:33 INFO module=db msg="cache warmed up"
2026-03-04 00:57:39 INFO module=disk msg="config reloaded"
2026-03-04 00:57:55 INFO module=net msg="request completed"
2026-03-04 00:59:36 INFO module=fs msg="service started"
2026-03-04 00:59:58 INFO module=db msg="cache warmed up"
2026-03-04 01:02:26 INFO module=fs msg="service started"
2026-03-04 01:02:49 INFO module=sched msg="cache warmed up"
2026-03-04 01:11:12 DEBUG module=auth msg="queue length checked"
2026-03-04 01:11:26 DEBUG module=api msg="entering handler"
2026-03-04 01:15:14 WARN module=cache msg="retrying request"
2026-03-04 01:15:53 INFO module=fs msg="user logged in"
2026-03-04 01:19:52 INFO module=cache msg="job scheduled"
2026-03-04 01:27:14 DEBUG module=disk msg="retry counter reset"
2026-03-04 01:27:33 ERROR module=db msg="permission denied"
2026-03-04 01:27:41 ERROR module=net msg="no space left on device"
2026-03-04 01:28:41 INFO module=net msg="user logged in"
2026-03-04 01:32:00 WARN module=db msg="token expires soon"
2026-03-04 01:33:39 INFO module=cache msg="service started"
2026-03-04 01:34:19 DEBUG module=api msg="queue length checked"
2026-03-04 01:34:31 DEBUG module=cache msg="buffer flushed"
2026-03-04 01:35:49 ERROR module=cache msg="no space left on device"
2026-03-04 01:38:41 INFO module=auth msg="request completed"
2026-03-04 01:39:10 INFO module=db msg="cache warmed up"
2026-03-04 01:39:28 INFO module=auth msg="cache warmed up"
2026-03-04 01:43:48 WARN module=disk msg="slow response"
2026-03-04 01:48:46 INFO module=sched msg="request completed"
2026-03-04 01:55:17 INFO module=sched msg="job scheduled"
2026-03-04 01:57:05 INFO module=api msg="config reloaded"
2026-03-04 01:59:11 WARN module=api msg="disk usage above 80%"
2026-03-04 01:59:45 INFO module=auth msg="cache warmed up"
2026-03-04 02:00:22 WARN module=db msg="token expires soon"
2026-03-04 02:05:45 INFO module=net msg="cache warmed up"
2026-03-04 02:11:26 WARN module=fs msg="disk usage above 80%"
2026-03-04 02:12:43 DEBUG module=cache msg="heartbeat sent"
2026-03-04 02:13:16 INFO module=api msg="config reloaded"
2026-03-04 02:16:52 ERROR module=net msg="connection timeout"
2026-03-04 02:17:37 INFO module=sched msg="cache warmed up"
2026-03-04 02:17:40 INFO module=db msg="request completed"
2026-03-04 02:23:41 INFO module=db msg="job scheduled"
2026-03-04 02:24:24 DEBUG module=cache msg="queue length checked"
2026-03-04 02:32:01 DEBUG module=sched msg="entering handler"
2026-03-04 02:34:14 DEBUG module=cache msg="entering handler"
2026-03-04 02:36:20 INFO module=sched msg="user logged in"
2026-03-04 02:38:26 WARN module=disk msg="token expires soon"
2026-03-04 02:39:26 DEBUG module=sched msg="entering handler"
2026-03-04 02:42:46 INFO module=fs msg="request completed"
2026-03-04 02:44:43 INFO module=cache msg="cache warmed up"
2026-03-04 02:45:54 DEBUG module=cache msg="queue length checked"
2026-03-04 02:49:26 DEBUG module=auth msg="queue length checked"
2026-03-04 02:50:09 WARN module=cache msg="disk usage above 80%"
2026-03-04 02:50:45 WARN module=db msg="disk usage above 80%"
2026-03-04 02:53:36 INFO module=auth msg="config reloaded"
2026-03-04 02:54:58 INFO module=fs msg="service started"
2026-03-04 02:55:44 DEBUG module=disk msg="buffer flushed"
2026-03-04 02:59:12 INFO module=net msg="service started"
2026-03-04 03:00:52 DEBUG module=cache msg="buffer flushed"
2026-03-04 03:03:17 INFO module=auth msg="user logged in"
2026-03-04 03:09:12 INFO module=net msg="request completed"
2026-03-04 03:09:25 INFO module=fs msg="cache warmed up"
2026-03-04 03:12:27 WARN module=net msg="slow response"
2026-03-04 03:13:27 WARN module=sched msg="deprecated option used"
2026-03-04 03:15:46 INFO module=db msg="cache warmed up"
2026-03-04 03:18:12 WARN module=net msg="disk usage above 80%"
2026-03-04 03:21:39 ERROR module=auth msg="connection refused"
2026-03-04 03:23:41 WARN module=api msg="retrying request"
2026-03-04 03:24:11 WARN module=net msg="deprecated option used"
2026-03-04 03:27:09 INFO module=db msg="job scheduled"
2026-03-04 03:28:58 WARN module=cache msg="deprecated option used"
2026-03-04 03:29:01 INFO module=db msg="service started"
2026-03-04 03:42:11 INFO module=db msg="job scheduled"
2026-03-04 03:46:44 INFO module=api msg="cache warmed up"
2026-03-04 03:47:16 INFO module=auth msg="service started"
2026-03-04 03:51:13 INFO module=net msg="job scheduled"
2026-03-04 03:51:14 INFO module=api msg="job scheduled"
2026-03-04 03:54:11 ERROR module=net msg="segment read failed"
2026-03-04 03:57:30 WARN module=auth msg="retrying request"
2026-03-04 03:58:05 INFO module=sched msg="user logged in"
2026-03-04 04:01:49 INFO module=disk msg="config reloaded"
2026-03-04 04:03:09 INFO module=net msg="config reloaded"
2026-03-04 04:05:29 ERROR module=api msg="no space left on device"
2026-03-04 04:06:47 WARN module=disk msg="token expires soon"
2026-03-04 04:07:21 ERROR module=db msg="invalid token"
2026-03-04 04:07:35 WARN module=db msg="retrying request"
2026-03-04 04:08:05 INFO module=sched msg="job scheduled"
2026-03-04 04:12:20 DEBUG module=cache msg="queue length checked"
2026-03-04 04:16:16 INFO module=sched msg="service started"
2026-03-04 04:18:29 WARN module=api msg="slow response"
2026-03-04 04:19:11 WARN module=disk msg="slow response"
2026-03-04 04:19:14 WARN module=cache msg="token expires soon"
2026-03-04 04:21:20 INFO module=auth msg="user logged in"
2026-03-04 04:24:34 DEBUG module=sched msg="queue length checked"
2026-03-04 04:25:59 INFO module=auth msg="cache warmed up"
2026-03-04 04:26:52 INFO module=disk msg="config reloaded"
2026-03-04 04:28:26 WARN module=net msg="retrying request"
2026-03-04 04:28:43 INFO module=net msg="request completed"
2026-03-04 04:28:51 ERROR module=disk msg="segment read failed"
2026-03-04 04:34:39 INFO module=disk msg="cache warmed up"
2026-03-04 04:36:26 ERROR module=db msg="no space left on device"
2026-03-04 04:39:02 INFO module=net msg="config reloaded"
2026-03-04 04:40:39 INFO module=net msg="user logged in"
2026-03-04 04:41:15 INFO module=auth msg="job scheduled"
2026-03-04 04:42:27 INFO module=cache msg="request completed"
2026-03-04 04:44:10 ERROR module=disk msg="connection refused"
2026-03-04 04:44:51 ERROR module=net msg="segment read failed"
2026-03-04 04:46:00 INFO module=api msg="cache warmed up"
2026-03-04 04:47:57 INFO module=auth msg="config reloaded"
2026-03-04 04:50:07 INFO module=net msg="config reloaded"
2026-03-04 04:50:11 INFO module=disk msg="config reloaded"
2026-03-04 04:56:20 INFO module=sched msg="request completed"
2026-03-04 05:00:04 INFO module=fs msg="service started"
2026-03-04 05:02:41 INFO module=db msg="job scheduled"
2026-03-04 05:05:08 INFO module=net msg="request completed"
2026-03-04 05:06:51 INFO module=net msg="job scheduled"
2026-03-04 05:11:37 INFO module=auth msg="cache warmed up"
2026-03-04 05:17:34 DEBUG module=auth msg="queue length checked"
2026-03-04 05:18:23 INFO module=sched msg="request completed"
2026-03-04 05:20:09 INFO module=auth msg="service started"
2026-03-04 05:22:37 WARN module=cache msg="deprecated option used"
2026-03-04 05:23:17 INFO module=cache msg="config reloaded"
2026-03-04 05:23:45 DEBUG module=api msg="entering handler"
2026-03-04 05:27:18 INFO module=db msg="config reloaded"
2026-03-04 05:31:35 WARN module=disk msg="retrying request"
2026-03-04 05:32:46 INFO module=fs msg="job scheduled"
2026-03-04 05:34:50 INFO module=disk msg="config reloaded"
2026-03-04 05:45:25 INFO module=disk msg="cache warmed up"
2026-03-04 05:45:39 INFO module=auth msg="job scheduled"
2026-03-04 05:54:59 ERROR module=net msg="permission denied"
2026-03-04 06:01:03 WARN module=net msg="deprecated option used"
2026-03-04 06:03:02 INFO module=auth msg="cache warmed up"
2026-03-04 06:03:38 DEBUG module=cache msg="buffer flushed"
2026-03-04 06:04:15 WARN module=disk msg="retrying request"
2026-03-04 06:10:34 INFO module=auth msg="job scheduled"
2026-03-04 06:13:25 INFO module=net msg="service started"
2026-03-04 06:17:34 INFO module=sched msg="request completed"
2026-03-04 06:19:13 INFO module=db msg="job scheduled"
2026-03-04 06:21:55 INFO module=cache msg="config reloaded"
2026-03-04 06:23:13 WARN module=cache msg="deprecated option used"
2026-03-04 06:30:43 INFO module=api msg="config reloaded"
2026-03-04 06:32:25 INFO module=auth msg="request completed"
2026-03-04 06:32:59 DEBUG module=cache msg="heartbeat sent"
2026-03-04 06:36:13 INFO module=cache msg="cache warmed up"
2026-03-04 06:47:18 WARN module=net msg="disk usage above 80%"
2026-03-04 06:49:00 INFO module=db msg="config reloaded"
2026-03-04 06:54:26 ERROR module=net msg="connection timeout"
2026-03-04 06:56:03 INFO module=sched msg="user logged in"
2026-03-04 06:59:15 INFO module=net msg="job scheduled"
2026-03-04 07:02:05 INFO module=db msg="user logged in"
2026-03-04 07:05:16 INFO module=api msg="job scheduled"
2026-03-04 07:05:24 WARN module=disk msg="retrying request"
2026-03-04 07:07:36 DEBUG module=db msg="heartbeat sent"
2026-03-04 07:14:48 WARN module=disk msg="disk usage above 80%"
2026-03-04 07:16:14 INFO module=api msg="config reloaded"
2026-03-04 07:18:36 INFO module=sched msg="request completed"
2026-03-04 07:19:26 INFO module=net msg="job scheduled"
2026-03-04 07:20:27 INFO module=cache msg="service started"
2026-03-04 07:22:51 INFO module=cache msg="request completed"
2026-03-04 07:23:03 INFO module=auth msg="service started"
2026-03-04 07:26:07 ERROR module=auth msg="invalid token"
2026-03-04 07:33:20 ERROR module=net msg="connection timeout"
2026-03-04 07:33:32 DEBUG module=net msg="entering handler"
2026-03-04 07:34:03 INFO module=net msg="cache warmed up"
2026-03-04 07:36:04 ERROR module=db msg="no space left on device"
2026-03-04 07:36:08 DEBUG module=auth msg="entering handler"
2026-03-04 07:36:52 WARN module=db msg="retrying request"
2026-03-04 07:39:11 INFO module=auth msg="job scheduled"
2026-03-04 07:43:08 WARN module=net msg="disk usage above 80%"
2026-03-04 07:43:44 ERROR module=net msg="invalid token"
2026-03-04 07:45:52 ERROR module=auth msg="query failed"
2026-03-04 07:45:59 ERROR module=disk msg="no space left on device"
2026-03-04 07:46:26 INFO module=auth msg="user logged in"
2026-03-04 07:47:06 ERROR module=db msg="query failed"
2026-03-04 07:49:44 WARN module=disk msg="token expires soon"
2026-03-04 07:51:02 INFO module=auth msg="user logged in"
2026-03-04 07:52:47 WARN module=auth msg="deprecated option used"
2026-03-04 07:56:16 INFO module=fs msg="service started"
2026-03-04 07:56:27 INFO module=net msg="request completed"
2026-03-04 07:57:47 INFO module=auth msg="user logged in"
2026-03-04 08:00:55 DEBUG module=auth msg="retry counter reset"
2026-03-04 08:03:32 INFO module=api msg="user logged in"
2026-03-04 08:06:26 WARN module=api msg="retrying request"
2026-03-04 08:10:03 INFO module=disk msg="service started"
2026-03-04 08:10:25 WARN module=net msg="retrying request"
2026-03-04 08:11:10 DEBUG module=cache msg="heartbeat sent"
2026-03-04 08:16:28 INFO module=cache msg="user logged in"
2026-03-04 08:16:57 INFO module=auth msg="cache warmed up"
2026-03-04 08:20:34 WARN module=db msg="disk usage above 80%"
2026-03-04 08:23:37 INFO module=api msg="request completed"
2026-03-04 08:26:04 INFO module=disk msg="config reloaded"
2026-03-04 08:27:37 WARN module=db msg="retrying request"
2026-03-04 08:27:50 DEBUG module=fs msg="buffer flushed"
2026-03-04 08:32:28 DEBUG module=cache msg="retry counter reset"
2026-03-04 08:33:32 INFO module=sched msg="user logged in"
2026-03-04 08:36:21 INFO module=db msg="user logged in"
2026-03-04 08:38:15 INFO module=api msg="service started"
2026-03-04 08:39:46 INFO module=disk msg="user logged in"
2026-03-04 08:46:50 WARN module=cache msg="token expires soon"
2026-03-04 08:48:23 DEBUG module=fs msg="retry counter reset"
2026-03-04 08:50:16 INFO module=db msg="job scheduled"
2026-03-04 08:52:45 INFO module=api msg="config reloaded"
2026-03-04 08:58:36 ERROR module=disk msg="no space left on device"
2026-03-04 09:02:10 INFO module=cache msg="cache warmed up"
2026-03-04 09:05:24 INFO module=db msg="cache warmed up"
2026-03-04 09:05:35 WARN module=api msg="disk usage above 80%"
2026-03-04 09:07:41 INFO module=auth msg="user logged in"
2026-03-04 09:09:05 INFO module=fs msg="service started"
2026-03-04 09:11:47 DEBUG module=net msg="entering handler"
2026-03-04 09:12:35 INFO module=disk msg="user logged in"
2026-03-04 09:14:45 INFO module=fs msg="user logged in"
2026-03-04 09:16:25 WARN module=fs msg="token expires soon"
2026-03-04 09:16:44 INFO module=db msg="job scheduled"
2026-03-04 09:16:47 DEBUG module=auth msg="buffer flushed"
2026-03-04 09:17:30 WARN module=db msg="retrying request"
2026-03-04 09:17:31 ERROR module=disk msg="query failed"
2026-03-04 09:19:16 INFO module=fs msg="request completed"
2026-03-04 09:19:37 INFO module=cache msg="cache warmed up"
2026-03-04 09:23:36 DEBUG module=cache msg="heartbeat sent"
2026-03-04 09:25:30 INFO module=db msg="request completed"
2026-03-04 09:27:15 INFO module=cache msg="user logged in"
2026-03-04 09:28:59 INFO module=db msg="service started"
2026-03-04 09:30:28 INFO module=api msg="service started"
2026-03-04 09:31:22 INFO module=auth msg="service started"
2026-03-04 09:33:01 INFO module=sched msg="request completed"
2026-03-04 09:36:16 DEBUG module=sched msg="entering handler"
2026-03-04 09:44:01 WARN module=net msg="slow response"
2026-03-04 09:46:47 WARN module=db msg="disk usage above 80%"
2026-03-04 09:48:20 INFO module=api msg="cache warmed up"
2026-03-04 09:49:57 ERROR module=net msg="connection refused"
2026-03-04 09:51:04 INFO module=fs msg="config reloaded"
2026-03-04 09:52:33 DEBUG module=net msg="heartbeat sent"
2026-03-04 09:53:02 INFO module=auth msg="request completed"
2026-03-04 09:54:18 INFO module=fs msg="request completed"
2026-03-04 09:57:18 INFO module=db msg="cache warmed up"
2026-03-04 09:57:26 INFO module=fs msg="user logged in"
2026-03-04 09:57:28 INFO module=net msg="cache warmed up"
2026-03-04 09:58:59 INFO module=disk msg="cache warmed up"
2026-03-04 10:00:01 INFO module=sched msg="request completed"
2026-03-04 10:01:21 INFO module=net msg="job scheduled"
2026-03-04 10:04:45 DEBUG module=fs msg="entering handler"
2026-03-04 10:07:52 INFO module=db msg="config reloaded"
2026-03-04 10:08:44 INFO module=auth msg="service started"
2026-03-04 10:10:50 DEBUG module=db msg="queue length checked"
2026-03-04 10:12:24 INFO module=api msg="cache warmed up"
2026-03-04 10:13:37 WARN module=disk msg="slow response"
2026-03-04 10:14:44 DEBUG module=sched msg="retry counter reset"
2026-03-04 10:15:20 DEBUG module=fs msg="heartbeat sent"
2026-03-04 10:17:14 INFO module=db msg="request completed"
2026-03-04 10:17:59 WARN module=db msg="retrying request"
2026-03-04 10:20:19 INFO module=net msg="request completed"
2026-03-04 10:20:22 INFO module=api msg="service started"
2026-03-04 10:21:22 INFO module=api msg="user logged in"
2026-03-04 10:21:56 INFO module=db msg="cache warmed up"
2026-03-04 10:22:28 INFO module=api msg="request completed"
2026-03-04 10:23:48 INFO module=auth msg="config reloaded"
2026-03-04 10:25:24 INFO module=db msg="user logged in"
2026-03-04 10:27:11 INFO module=net msg="cache warmed up"
2026-03-04 10:28:36 DEBUG module=cache msg="buffer flushed"
2026-03-04 10:34:53 ERROR module=disk msg="connection timeout"
2026-03-04 10:40:14 WARN module=sched msg="retrying request"
2026-03-04 10:42:09 DEBUG module=cache msg="retry counter reset"
2026-03-04 10:45:47 INFO module=db msg="config reloaded"
2026-03-04 10:52:43 INFO module=auth msg="service started"
2026-03-04 10:53:31 INFO module=fs msg="job scheduled"
2026-03-04 10:55:08 INFO module=db msg="request completed"
2026-03-04 10:58:07 INFO module=disk msg="config reloaded"
2026-03-04 10:59:43 INFO module=sched msg="request completed"
2026-03-04 11:00:36 ERROR module=api msg="permission denied"
2026-03-04 11:01:35 WARN module=disk msg="slow response"
2026-03-04 11:01:47 INFO module=auth msg="cache warmed up"
2026-03-04 11:06:03 WARN module=db msg="deprecated option used"
2026-03-04 11:07:52 DEBUG module=fs msg="entering handler"
2026-03-04 11:09:17 INFO module=cache msg="user logged in"
2026-03-04 11:09:20 INFO module=net msg="cache warmed up"
2026-03-04 11:10:37 ERROR module=net msg="segment read failed"
2026-03-04 11:11:04 INFO module=db msg="config reloaded"
2026-03-04 11:14:19 ERROR module=net msg="permission denied"
2026-03-04 11:21:10 DEBUG module=api msg="retry counter reset"
2026-03-04 11:23:37 DEBUG module=cache msg="buffer flushed"
2026-03-04 11:29:03 DEBUG module=cache msg="heartbeat sent"
2026-03-04 11:29:08 INFO module=cache msg="cache warmed up"
2026-03-04 11:29:55 INFO module=api msg="user logged in"
2026-03-04 11:30:04 INFO module=cache msg="cache warmed up"
2026-03-04 11:31:03 WARN module=cache msg="token expires soon"
2026-03-04 11:32:43 INFO module=auth msg="config reloaded"
2026-03-04 11:35:10 INFO module=api msg="request completed"
2026-03-04 11:35:28 WARN module=cache msg="slow response"
2026-03-04 11:36:56 INFO module=api msg="request completed"
2026-03-04 11:40:24 INFO module=api msg="request completed"
2026-03-04 11:40:58 ERROR module=disk msg="connection timeout"
2026-03-04 11:41:24 INFO module=sched msg="config reloaded"
2026-03-04 11:44:47 WARN module=disk msg="disk usage above 80%"
2026-03-04 11:51:54 DEBUG module=api msg="queue length checked"
2026-03-04 11:52:45 INFO module=db msg="service started"
2026-03-04 11:53:33 WARN module=cache msg="slow response"
2026-03-04 11:54:42 DEBUG module=api msg="entering handler"
2026-03-04 11:55:21 INFO module=net msg="user logged in"
2026-03-04 11:55:48 INFO module=db msg="config reloaded"
2026-03-04 11:57:01 ERROR module=api msg="permission denied"
2026-03-04 12:02:52 INFO module=api msg="request completed"
2026-03-04 12:13:51 INFO module=cache msg="user logged in"
2026-03-04 12:21:40 INFO module=cache msg="user logged in"
2026-03-04 12:30:30 INFO module=sched msg="config reloaded"
2026-03-04 12:35:18 WARN module=auth msg="retrying request"
2026-03-04 12:44:57 DEBUG module=fs msg="queue length checked"
2026-03-04 12:48:44 WARN module=cache msg="slow response"
2026-03-04 12:50:26 INFO module=auth msg="user logged in"
2026-03-04 12:55:45 DEBUG module=cache msg="buffer flushed"
2026-03-04 12:56:50 INFO module=auth msg="job scheduled"
2026-03-04 12:57:34 INFO module=fs msg="config reloaded"
2026-03-04 12:59:33 WARN module=net msg="deprecated option used"
2026-03-04 13:00:05 INFO module=disk msg="service started"
2026-03-04 13:00:11 ERROR module=db msg="connection refused"
2026-03-04 13:01:13 ERROR module=disk msg="invalid token"
2026-03-04 13:04:18 INFO module=api msg="config reloaded"
2026-03-04 13:10:32 ERROR module=api msg="connection timeout"
2026-03-04 13:11:35 WARN module=auth msg="slow response"
2026-03-04 13:12:08 ERROR module=net msg="connection refused"
2026-03-04 13:13:26 INFO module=api msg="service started"
2026-03-04 13:18:27 ERROR module=cache msg="query failed"
2026-03-04 13:20:05 WARN module=db msg="retrying request"
2026-03-04 13:22:46 DEBUG module=fs msg="retry counter reset"
2026-03-04 13:24:17 WARN module=auth msg="deprecated option used"
2026-03-04 13:25:23 INFO module=disk msg="cache warmed up"
2026-03-04 13:25:41 INFO module=disk msg="job scheduled"
2026-03-04 13:27:33 INFO module=cache msg="job scheduled"
2026-03-04 13:31:35 INFO module=api msg="config reloaded"
2026-03-04 13:31:42 WARN module=disk msg="deprecated option used"
2026-03-04 13:33:07 INFO module=disk msg="job scheduled"
2026-03-04 13:38:12 WARN module=db msg="deprecated option used"
2026-03-04 13:41:28 DEBUG module=api msg="buffer flushed"
2026-03-04 13:43:15 INFO module=net msg="job scheduled"
2026-03-04 13:43:48 INFO module=auth msg="request completed"
2026-03-04 13:44:54 INFO module=db msg="config reloaded"
2026-03-04 13:45:39 WARN module=disk msg="slow response"
2026-03-04 13:47:57 DEBUG module=cache msg="retry counter reset"
2026-03-04 13:51:03 INFO module=fs msg="service started"
2026-03-04 13:53:07 INFO module=net msg="cache warmed up"
2026-03-04 13:54:11 INFO module=disk msg="request completed"
2026-03-04 13:54:52 DEBUG module=sched msg="heartbeat sent"
2026-03-04 14:02:36 INFO module=cache msg="service started"
2026-03-04 14:02:53 DEBUG module=disk msg="retry counter reset"
2026-03-04 14:04:15 DEBUG module=api msg="heartbeat sent"
2026-03-04 14:04:26 INFO module=auth msg="cache warmed up"
2026-03-04 14:08:07 WARN module=cache msg="slow response"
2026-03-04 14:10:21 INFO module=auth msg="cache warmed up"
2026-03-04 14:14:49 INFO module=disk msg="config reloaded"
2026-03-04 14:15:37 DEBUG module=cache msg="heartbeat sent"
2026-03-04 14:15:54 INFO module=net msg="job scheduled"
2026-03-04 14:17:00 INFO module=db msg="config reloaded"
2026-03-04 14:17:39 INFO module=api msg="job scheduled"
2026-03-04 14:18:22 WARN module=fs msg="deprecated option used"
2026-03-04 14:28:02 WARN module=api msg="retrying request"
2026-03-04 14:30:12 WARN module=disk msg="disk usage above 80%"
2026-03-04 14:31:11 INFO module=auth msg="cache warmed up"
2026-03-04 14:33:02 INFO module=disk msg="cache warmed up"
2026-03-04 14:37:07 INFO module=sched msg="job scheduled"
2026-03-04 14:38:21 INFO module=fs msg="user logged in"
2026-03-04 14:42:18 INFO module=api msg="request completed"
2026-03-04 14:44:52 DEBUG module=cache msg="heartbeat sent"
2026-03-04 14:45:49 DEBUG module=cache msg="entering handler"
2026-03-04 14:46:17 INFO module=fs msg="config reloaded"
2026-03-04 14:46:25 INFO module=api msg="request completed"
2026-03-04 14:48:36 INFO module=api msg="user logged in"
2026-03-04 14:50:48 INFO module=disk msg="cache warmed up"
2026-03-04 14:52:49 INFO module=auth msg="user logged in"
2026-03-04 14:53:32 INFO module=net msg="config reloaded"
2026-03-04 14:57:20 INFO module=db msg="service started"
2026-03-04 14:58:24 INFO module=api msg="service started"
2026-03-04 15:00:45 INFO module=net msg="job scheduled"
2026-03-04 15:02:58 INFO module=db msg="config reloaded"
2026-03-04 15:04:00 DEBUG module=fs msg="retry counter reset"
2026-03-04 15:05:37 INFO module=fs msg="user logged in"
2026-03-04 15:09:07 INFO module=disk msg="cache warmed up"
2026-03-04 15:10:30 INFO module=api msg="request completed"
2026-03-04 15:15:26 ERROR module=net msg="connection timeout"
2026-03-04 15:17:15 DEBUG module=auth msg="buffer flushed"
2026-03-04 15:21:33 INFO module=api msg="job scheduled"
2026-03-04 15:25:24 INFO module=net msg="service started"
2026-03-04 15:29:47 INFO module=api msg="cache warmed up"
2026-03-04 15:31:22 INFO module=fs msg="cache warmed up"
2026-03-04 15:32:49 ERROR module=disk msg="connection timeout"
2026-03-04 15:35:30 INFO module=fs msg="request completed"
2026-03-04 15:42:24 DEBUG module=api msg="entering handler"
2026-03-04 15:43:49 INFO module=auth msg="config reloaded"
2026-03-04 15:48:02 INFO module=cache msg="job scheduled"
2026-03-04 15:48:20 INFO module=cache msg="cache warmed up"
2026-03-04 15:51:52 INFO module=sched msg="request completed"
2026-03-04 15:52:56 INFO module=fs msg="request completed"
2026-03-04 15:53:09 INFO module=api msg="job scheduled"
2026-03-04 15:53:41 INFO module=auth msg="user logged in"
2026-03-04 15:54:56 INFO module=api msg="service started"
2026-03-04 15:57:11 DEBUG module=sched msg="entering handler"
2026-03-04 15:57:45 INFO module=sched msg="request completed"
2026-03-04 15:58:59 DEBUG module=fs msg="retry counter reset"
2026-03-04 16:01:49 ERROR module=api msg="invalid token"
2026-03-04 16:05:41 INFO module=fs msg="cache warmed up"
2026-03-04 16:08:03 WARN module=disk msg="deprecated option used"
2026-03-04 16:12:34 ERROR module=db msg="connection timeout"
2026-03-04 16:18:39 INFO module=db msg="user logged in"
2026-03-04 16:19:18 INFO module=sched msg="service started"
2026-03-04 16:20:23 DEBUG module=db msg="entering handler"
2026-03-04 16:21:12 INFO module=cache msg="user logged in"
2026-03-04 16:22:02 INFO module=net msg="config reloaded"
2026-03-04 16:23:19 INFO module=auth msg="config reloaded"
2026-03-04 16:24:56 INFO module=api msg="service started"
2026-03-04 16:36:03 INFO module=fs msg="user logged in"
2026-03-04 16:37:11 INFO module=cache msg="cache warmed up"
2026-03-04 16:42:02 INFO module=net msg="service started"
2026-03-04 16:46:04 INFO module=fs msg="job scheduled"
2026-03-04 16:46:05 INFO module=net msg="request completed"
2026-03-04 16:51:49 INFO module=db msg="cache warmed up"
2026-03-04 16:53:04 INFO module=api msg="config reloaded"
2026-03-04 16:53:39 ERROR module=db msg="permission denied"
2026-03-04 16:54:53 INFO module=api msg="request completed"
2026-03-04 16:58:06 INFO module=db msg="config reloaded"
2026-03-04 16:58:59 WARN module=api msg="deprecated option used"
2026-03-04 16:59:40 DEBUG module=disk msg="retry counter reset"
2026-03-04 17:03:19 INFO module=net msg="cache warmed up"
2026-03-04 17:03:42 INFO module=cache msg="service started"
2026-03-04 17:03:50 INFO module=net msg="request completed"
2026-03-04 17:08:27 INFO module=sched msg="service started"
2026-03-04 17:09:47 INFO module=api msg="request completed"
2026-03-04 17:09:53 INFO module=auth msg="request completed"
2026-03-04 17:10:49 INFO module=net msg="user logged in"
2026-03-04 17:15:55 WARN module=api msg="slow response"
2026-03-04 17:18:43 INFO module=fs msg="service started"
2026-03-04 17:19:57 INFO module=net msg="request completed"
2026-03-04 17:21:22 INFO module=auth msg="service started"
2026-03-04 17:23:01 INFO module=auth msg="cache warmed up"
2026-03-04 17:30:16 WARN module=api msg="disk usage above 80%"
2026-03-04 17:30:23 INFO module=api msg="job scheduled"
2026-03-04 17:38:22 INFO module=api msg="config reloaded"
2026-03-04 17:42:21 INFO module=api msg="user logged in"
2026-03-04 17:49:24 INFO module=disk msg="user logged in"
2026-03-04 17:50:47 INFO module=db msg="job scheduled"
2026-03-04 17:51:06 WARN module=auth msg="deprecated option used"
2026-03-04 17:55:31 WARN module=net msg="deprecated option used"
2026-03-04 17:56:02 INFO module=auth msg="request completed"
2026-03-04 17:57:19 WARN module=db msg="retrying request"
2026-03-04 17:59:23 INFO module=disk msg="request completed"
2026-03-04 17:59:27 INFO module=disk msg="user logged in"
2026-03-04 18:03:30 INFO module=disk msg="config reloaded"
2026-03-04 18:03:56 INFO module=db msg="service started"
2026-03-04 18:06:34 ERROR module=auth msg="no space left on device"
2026-03-04 18:12:20 INFO module=net msg="service started"
2026-03-04 18:19:10 WARN module=net msg="token expires soon"
2026-03-04 18:27:29 ERROR module=sched msg="invalid token"
2026-03-04 18:29:19 DEBUG module=api msg="queue length checked"
2026-03-04 18:33:53 INFO module=fs msg="user logged in"
2026-03-04 18:34:03 WARN module=disk msg="retrying request"
2026-03-04 18:35:27 INFO module=cache msg="config reloaded"
2026-03-04 18:37:31 DEBUG module=sched msg="buffer flushed"
2026-03-04 18:43:06 DEBUG module=cache msg="entering handler"
2026-03-04 18:43:12 INFO module=cache msg="cache warmed up"
2026-03-04 18:43:44 DEBUG module=sched msg="buffer flushed"
2026-03-04 18:46:24 INFO module=net msg="service started"
2026-03-04 18:46:33 INFO module=db msg="cache warmed up"
2026-03-04 18:46:51 INFO module=net msg="request completed"
2026-03-04 18:51:43 DEBUG module=sched msg="entering handler"
2026-03-04 18:59:35 WARN module=net msg="disk usage above 80%"
2026-03-04 19:02:20 WARN module=api msg="retrying request"
2026-03-04 19:07:15 INFO module=sched msg="request completed"
2026-03-04 19:08:07 INFO module=auth msg="job scheduled"
2026-03-04 19:08:45 INFO module=db msg="service started"
2026-03-04 19:10:06 DEBUG module=db msg="buffer flushed"
2026-03-04 19:12:09 INFO module=cache msg="request completed"
2026-03-04 19:12:32 ERROR module=net msg="no space left on device"
2026-03-04 19:12:39 INFO module=cache msg="config reloaded"
2026-03-04 19:12:45 INFO module=net msg="request completed"
2026-03-04 19:18:24 INFO module=cache msg="config reloaded"
2026-03-04 19:19:56 INFO module=api msg="user logged in"
2026-03-04 19:21:00 WARN module=cache msg="deprecated option used"
2026-03-04 19:21:43 ERROR module=disk msg="connection timeout"
2026-03-04 19:26:41 INFO module=sched msg="config reloaded"
2026-03-04 19:27:44 WARN module=sched msg="token expires soon"
2026-03-04 19:29:25 INFO module=sched msg="cache warmed up"
2026-03-04 19:29:55 INFO module=sched msg="request completed"
2026-03-04 19:32:28 ERROR module=net msg="connection refused"
2026-03-04 19:35:36 INFO module=auth msg="request completed"
2026-03-04 19:39:23 DEBUG module=cache msg="retry counter reset"
2026-03-04 19:40:03 INFO module=api msg="job scheduled"
2026-03-04 19:45:00 WARN module=disk msg="deprecated option used"
2026-03-04 19:50:00 INFO module=cache msg="config reloaded"
2026-03-04 19:55:27 WARN module=net msg="token expires soon"
2026-03-04 19:55:40 INFO module=fs msg="config reloaded"
2026-03-04 19:55:48 INFO module=auth msg="user logged in"
2026-03-04 19:56:26 DEBUG module=sched msg="buffer flushed"
2026-03-04 20:03:58 INFO module=db msg="config reloaded"
2026-03-04 20:07:33 INFO module=net msg="service started"
2026-03-04 20:09:23 INFO module=auth msg="cache warmed up"
2026-03-04 20:10:03 ERROR module=disk msg="connection refused"
2026-03-04 20:12:58 WARN module=net msg="deprecated option used"
2026-03-04 20:14:42 DEBUG module=auth msg="buffer flushed"
2026-03-04 20:14:57 WARN module=net msg="disk usage above 80%"
2026-03-04 20:16:52 DEBUG module=api msg="heartbeat sent"
2026-03-04 20:18:20 INFO module=sched msg="config reloaded"
2026-03-04 20:21:34 INFO module=fs msg="user logged in"
2026-03-04 20:22:45 INFO module=cache msg="job scheduled"
2026-03-04 20:22:53 WARN module=db msg="deprecated option used"
2026-03-04 20:27:28 INFO module=sched msg="config reloaded"
2026-03-04 20:33:18 INFO module=net msg="cache warmed up"
2026-03-04 20:34:40 INFO module=sched msg="cache warmed up"
2026-03-04 20:35:17 INFO module=cache msg="service started"
2026-03-04 20:38:03 ERROR module=cache msg="no space left on device"
2026-03-04 20:48:48 ERROR module=disk msg="connection refused"
2026-03-04 20:54:48 INFO module=cache msg="request completed"
2026-03-04 20:55:18 WARN module=auth msg="retrying request"
2026-03-04 20:57:07 WARN module=net msg="slow response"
2026-03-04 21:03:11 INFO module=auth msg="job scheduled"
2026-03-04 21:05:20 INFO module=net msg="service started"
2026-03-04 21:09:14 DEBUG module=auth msg="entering handler"
2026-03-04 21:10:09 INFO module=auth msg="config reloaded"
2026-03-04 21:11:30 DEBUG module=fs msg="queue length checked"
2026-03-04 21:13:44 ERROR module=net msg="segment read failed"
2026-03-04 21:18:05 INFO module=api msg="job scheduled"
2026-03-04 21:22:53 INFO module=db msg="service started"
2026-03-04 21:24:16 INFO module=db msg="config reloaded"
2026-03-04 21:24:40 ERROR module=net msg="segment read failed"
2026-03-04 21:28:10 INFO module=db msg="job scheduled"
2026-03-04 21:28:33 INFO module=net msg="user logged in"
2026-03-04 21:29:21 INFO module=auth msg="config reloaded"
2026-03-04 21:30:06 INFO module=fs msg="job scheduled"
2026-03-04 21:31:57 INFO module=db msg="config reloaded"
2026-03-04 21:32:17 INFO module=net msg="user logged in"
2026-03-04 21:35:23 WARN module=net msg="disk usage above 80%"
2026-03-04 21:35:28 INFO module=sched msg="config reloaded"
2026-03-04 21:35:42 WARN module=sched msg="slow response"
2026-03-04 21:41:56 INFO module=api msg="service started"
2026-03-04 21:41:59 INFO module=auth msg="config reloaded"
2026-03-04 21:43:32 INFO module=fs msg="cache warmed up"
2026-03-04 21:43:49 INFO module=db msg="config reloaded"
2026-03-04 21:44:53 DEBUG module=disk msg="queue length checked"
2026-03-04 21:47:07 INFO module=api msg="config reloaded"
2026-03-04 21:47:28 WARN module=net msg="slow response"
2026-03-04 21:48:26 INFO module=sched msg="job scheduled"
2026-03-04 21:49:33 DEBUG module=fs msg="buffer flushed"
2026-03-04 21:59:52 INFO module=fs msg="cache warmed up"
2026-03-04 22:06:50 INFO module=cache msg="cache warmed up"
2026-03-04 22:07:28 INFO module=api msg="config reloaded"
2026-03-04 22:09:24 INFO module=sched msg="user logged in"
2026-03-04 22:09:37 INFO module=sched msg="cache warmed up"
2026-03-04 22:15:22 INFO module=net msg="cache warmed up"
2026-03-04 22:15:27 DEBUG module=auth msg="queue length checked"
2026-03-04 22:17:07 INFO module=auth msg="service started"
2026-03-04 22:17:16 DEBUG module=disk msg="queue length checked"
2026-03-04 22:20:37 INFO module=auth msg="job scheduled"
2026-03-04 22:24:17 WARN module=db msg="disk usage above 80%"
2026-03-04 22:26:54 INFO module=auth msg="request completed"
2026-03-04 22:28:02 INFO module=api msg="job scheduled"
2026-03-04 22:32:32 DEBUG module=cache msg="queue length checked"
2026-03-04 22:33:50 WARN module=db msg="token expires soon"
2026-03-04 22:36:15 INFO module=net msg="cache warmed up"
2026-03-04 22:36:20 INFO module=db msg="service started"
2026-03-04 22:38:54 INFO module=cache msg="user logged in"
2026-03-04 22:48:49 INFO module=db msg="config reloaded"
2026-03-04 22:53:15 INFO module=fs msg="service started"
2026-03-04 22:55:24 INFO module=cache msg="request completed"
2026-03-04 22:56:21 INFO module=net msg="job scheduled"
2026-03-04 22:59:18 INFO module=db msg="user logged in"
2026-03-04 23:04:00 DEBUG module=fs msg="buffer flushed"
2026-03-04 23:05:33 INFO module=sched msg="user logged in"
2026-03-04 23:06:12 INFO module=disk msg="user logged in"
2026-03-04 23:11:09 WARN module=api msg="retrying request"
2026-03-04 23:11:25 INFO module=disk msg="request completed"
2026-03-04 23:11:30 ERROR module=disk msg="segment read failed"
2026-03-04 23:13:10 ERROR module=auth msg="segment read failed"
2026-03-04 23:14:18 WARN module=cache msg="retrying request"
2026-03-04 23:17:35 INFO module=api msg="service started"
2026-03-04 23:20:15 INFO module=net msg="service started"
2026-03-04 23:24:47 ERROR module=net msg="invalid token"
2026-03-04 23:29:14 INFO module=fs msg="request completed"
2026-03-04 23:30:14 DEBUG module=db msg="entering handler"
2026-03-04 23:31:30 INFO module=fs msg="config reloaded"
2026-03-04 23:34:07 DEBUG module=auth msg="buffer flushed"
2026-03-04 23:35:36 INFO module=disk msg="cache warmed up"
2026-03-04 23:36:54 INFO module=sched msg="request completed"
2026-03-04 23:37:12 INFO module=fs msg="cache warmed up"
2026-03-04 23:40:42 INFO module=db msg="user logged in"
2026-03-04 23:44:21 INFO module=auth msg="config reloaded"
2026-03-04 23:49:35 DEBUG module=cache msg="buffer flushed"
2026-03-04 23:50:44 INFO module=auth msg="job scheduled"
2026-03-04 23:51:27 INFO module=auth msg="user logged in"
2026-03-04 23:58:24 INFO module=api msg="cache warmed up"
