2026-03-05 00:07:35 DEBUG module=auth msg="entering handler"
2026-03-05 00:08:07 INFO module=sched msg="cache warmed up"
2026-03-05 00:15:05 INFO module=sched msg="config reloaded"
2026-03-05 00:18:19 ERROR module=db msg="invalid token"
2026-03-05 00:25:56 ERROR module=cache msg="invalid token"
2026-03-05 00:27:26 INFO module=db msg="cache warmed up"
2026-03-05 00:30:51 INFO module=auth msg="config reloaded"
2026-03-05 00:31:16 INFO module=net msg="config reloaded"
2026-03-05 00:35:24 INFO module=fs msg="request completed"
2026-03-05 00:41:40 WARN module=auth msg="disk usage above 80%"
2026-03-05 00:43:46 INFO module=disk msg="service started"
2026-03-05 00:44:05 DEBUG module=cache msg="retry counter reset"
2026-03-05 00:59:07 DEBUG module=fs msg="heartbeat sent"
2026-03-05 01:02:07 INFO module=sched msg="job scheduled"
2026-03-05 01:16:20 INFO module=sched msg="cache warmed up"
2026-03-05 01:21:03 INFO module=api msg="request completed"
2026-03-05 01:28:11 INFO module=api msg="request completed"
2026-03-05 01:38:05 INFO module=disk msg="cache warmed up"
2026-03-05 01:40:54 INFO module=api msg="service started"
2026-03-05 01:41:23 WARN module=cache msg="retrying request"
2026-03-05 01:42:54 INFO module=cache msg="user logged in"
2026-03-05 01:46:35 INFO module=disk msg="config reloaded"
2026-03-05 01:53:06 INFO module=fs msg="job scheduled"
2026-03-05 02:08:09 WARN module=disk msg="deprecated option used"
2026-03-05 02:12:34 INFO module=api msg="user logged in"
2026-03-05 02:28:04 INFO module=net msg="job scheduled"
2026-03-05 02:32:49 WARN module=net msg="deprecated option used"
2026-03-05 02:36:52 ERROR module=disk msg="permission denied"
2026-03-05 02:38:01 INFO module=sched msg="request completed"
2026-03-05 02:53:48 DEBUG module=cache msg="queue length checked"
2026-03-05 02:56:20 DEBUG module=fs msg="queue length checked"
2026-03-05 02:56:38 INFO module=api msg="job scheduled"
2026-03-05 02:57:03 INFO module=auth msg="service started"
2026-03-05 02:59:02 DEBUG module=net msg="entering handler"
2026-03-05 03:00:34 INFO module=api msg="job scheduled"
2026-03-05 03:15:43 DEBUG module=net msg="buffer flushed"
2026-03-05 03:16:01 WARN module=net msg="retrying request"
2026-03-05 03:18:26 INFO module=fs msg="config reloaded"
2026-03-05 03:19:11 INFO module=disk msg="user logged in"
2026-03-05 03:21:06 DEBUG module=db msg="heartbeat sent"
2026-03-05 03:23:49 INFO module=fs msg="request completed"
2026-03-05 03:25:13 INFO module=db msg="cache warmed up"
2026-03-05 03:27:03 DEBUG module=api msg="entering handler"
2026-03-05 03:31:28 INFO module=auth msg="user logged in"
2026-03-05 03:35:25 WARN module=cache msg="token expires soon"
2026-03-05 03:38:13 INFO module=cache msg="cache warmed up"
2026-03-05 03:38:34 WARN module=fs msg="slow response"
2026-03-05 03:39:02 INFO module=sched msg="user logged in"
2026-03-05 03:44:52 INFO module=net msg="job scheduled"
2026-03-05 03:52:07 INFO module=sched msg="service started"
2026-03-05 03:52:31 INFO module=auth msg="job scheduled"
2026-03-05 03:54:27 INFO module=net msg="user logged in"
2026-03-05 04:01:26 INFO module=sched msg="job scheduled"
2026-03-05 04:03:00 INFO module=sched msg="user logged in"
2026-03-05 04:04:51 DEBUG module=auth msg="retry counter reset"
2026-03-05 04:06:25 INFO module=disk msg="request completed"
2026-03-05 04:08:10 WARN module=net msg="token expires soon"
2026-03-05 04:30:20 WARN module=db msg="deprecated option used"
2026-03-05 04:38:07 ERROR module=net msg="query failed"
2026-03-05 04:40:08 INFO module=disk msg="service started"
2026-03-05 04:53:46 INFO module=sched msg="config reloaded"
2026-03-05 04:56:18 INFO module=auth msg="config reloaded"
2026-03-05 04:57:28 WARN module=net msg="token expires soon"
2026-03-05 04:59:42 DEBUG module=sched msg="heartbeat sent"
2026-03-05 05:02:19 INFO module=disk msg="user logged in"
2026-03-05 05:04:04 WARN module=disk msg="retrying request"
2026-03-05 05:07:24 WARN module=db msg="deprecated option used"
2026-03-05 05:08:34 DEBUG module=cache msg="buffer flushed"
2026-03-05 05:11:05 DEBUG module=auth msg="buffer flushed"
2026-03-05 05:12:11 INFO module=api msg="user logged in"
2026-03-05 05:21:00 DEBUG module=sched msg="queue length checked"
2026-03-05 05:22:06 INFO module=api msg="config reloaded"
2026-03-05 05:25:39 INFO module=auth msg="cache warmed up"
2026-03-05 05:25:54 INFO module=api msg="user logged in"
2026-03-05 05:30:59 INFO module=api msg="job scheduled"
2026-03-05 05:31:29 DEBUG module=sched msg="retry counter reset"
2026-03-05 05:33:54 DEBUG module=net msg="queue length checked"
2026-03-05 05:35:25 ERROR module=api msg="connection timeout"
2026-03-05 05:35:33 INFO module=net msg="cache warmed up"
2026-03-05 05:35:50 INFO module=api msg="user logged in"
2026-03-05 05:40:10 INFO module=auth msg="config reloaded"
2026-03-05 05:40:48 WARN module=db msg="retrying request"
2026-03-05 05:40:53 INFO module=sched msg="request completed"
2026-03-05 05:46:15 ERROR module=db msg="query failed"
2026-03-05 05:49:14 WARN module=net msg="deprecated option used"
2026-03-05 05:51:56 WARN module=auth msg="retrying request"
2026-03-05 05:58:14 WARN module=db msg="token expires soon"
2026-03-05 05:59:09 INFO module=fs msg="request completed"
2026-03-05 06:02:02 WARN module=cache msg="disk usage above 80%"
2026-03-05 06:02:37 INFO module=cache msg="config reloaded"
2026-03-05 06:03:00 INFO module=cache msg="config reloaded"
2026-03-05 06:05:40 ERROR module=db msg="connection refused"
2026-03-05 06:08:04 INFO module=net msg="job scheduled"
2026-03-05 06:08:56 INFO module=cache msg="request completed"
2026-03-05 06:17:00 INFO module=db msg="cache warmed up"
2026-03-05 06:21:00 DEBUG module=sched msg="retry counter reset"
2026-03-05 06:23:26 WARN module=cache msg="token expires soon"
2026-03-05 06:28:54 INFO module=api msg="service started"
2026-03-05 06:30:02 DEBUG module=cache msg="entering handler"
2026-03-05 06:35:54 INFO module=disk msg="service started"
2026-03-05 06:42:08 INFO module=fs msg="cache warmed up"
2026-03-05 06:47:03 ERROR module=auth msg="query failed"
2026-03-05 06:54:14 DEBUG module=disk msg="heartbeat sent"
2026-03-05 06:58:15 INFO module=fs msg="job scheduled"
2026-03-05 06:59:49 WARN module=auth msg="deprecated option used"
2026-03-05 07:04:18 INFO module=net msg="config reloaded"
2026-03-05 07:04:36 WARN module=api msg="disk usage above 80%"
2026-03-05 07:05:36 INFO module=db msg="job scheduled"
2026-03-05 07:08:58 DEBUG module=api msg="queue length checked"
2026-03-05 07:10:40 INFO module=api msg="cache warmed up"
2026-03-05 07:11:12 INFO module=net msg="request completed"
2026-03-05 07:15:44 INFO module=api msg="request completed"
2026-03-05 07:17:52 INFO module=sched msg="config reloaded"
2026-03-05 07:19:55 INFO module=cache msg="job scheduled"
2026-03-05 07:21:14 DEBUG module=cache msg="heartbeat sent"
2026-03-05 07:24:57 INFO module=net msg="job scheduled"
2026-03-05 07:25:00 DEBUG module=db msg="heartbeat sent"
2026-03-05 07:26:41 DEBUG module=auth msg="heartbeat sent"
2026-03-05 07:32:26 INFO module=net msg="config reloaded"
2026-03-05 07:36:34 WARN module=disk msg="deprecated option used"
2026-03-05 07:41:08 INFO module=api msg="request completed"
2026-03-05 07:41:15 INFO module=fs msg="job scheduled"
2026-03-05 07:46:27 DEBUG module=cache msg="heartbeat sent"
2026-03-05 07:46:53 INFO module=net msg="user logged in"
2026-03-05 07:51:39 INFO module=auth msg="cache warmed up"
2026-03-05 07:56:41 DEBUG module=sched msg="queue length checked"
2026-03-05 07:58:30 INFO module=cache msg="cache warmed up"
2026-03-05 08:02:31 INFO module=auth msg="job scheduled"
2026-03-05 08:16:11 DEBUG module=sched msg="retry counter reset"
2026-03-05 08:17:26 DEBUG module=cache msg="heartbeat sent"
2026-03-05 08:18:26 INFO module=auth msg="request completed"
2026-03-05 08:21:36 INFO module=auth msg="job scheduled"
2026-03-05 08:30:03 INFO module=net msg="cache warmed up"
2026-03-05 08:31:56 DEBUG module=auth msg="heartbeat sent"
2026-03-05 08:35:41 ERROR module=disk msg="invalid token"
2026-03-05 08:36:58 INFO module=api msg="user logged in"
2026-03-05 08:44:44 INFO module=auth msg="request completed"
2026-03-05 08:50:38 INFO module=cache msg="request completed"
2026-03-05 08:52:49 INFO module=net msg="request completed"
2026-03-05 09:14:58 DEBUG module=auth msg="retry counter reset"
2026-03-05 09:18:47 INFO module=net msg="config reloaded"
2026-03-05 09:22:32 DEBUG module=sched msg="queue length checked"
2026-03-05 09:23:36 INFO module=auth msg="job scheduled"
2026-03-05 09:24:59 INFO module=net msg="cache warmed up"
2026-03-05 09:30:28 INFO module=db msg="request completed"
2026-03-05 09:32:06 WARN module=sched msg="retrying request"
2026-03-05 09:37:09 DEBUG module=disk msg="entering handler"
2026-03-05 09:37:20 INFO module=sched msg="config reloaded"
2026-03-05 09:39:57 WARN module=sched msg="slow response"
2026-03-05 09:46:02 DEBUG module=cache msg="queue length checked"
2026-03-05 09:46:53 WARN module=db msg="slow response"
2026-03-05 09:48:17 INFO module=db msg="user logged in"
2026-03-05 09:48:38 INFO module=cache msg="service started"
2026-03-05 09:50:39 ERROR module=db msg="segment read failed"
2026-03-05 09:53:41 INFO module=auth msg="service started"
2026-03-05 09:55:30 ERROR module=net msg="no space left on device"
2026-03-05 09:59:55 ERROR module=net msg="query failed"
2026-03-05 10:01:59 INFO module=auth msg="service started"
2026-03-05 10:03:26 WARN module=disk msg="disk usage above 80%"
2026-03-05 10:04:13 INFO module=api msg="job scheduled"
2026-03-05 10:07:46 DEBUG module=api msg="buffer flushed"
2026-03-05 10:09:23 DEBUG module=net msg="heartbeat sent"
2026-03-05 10:10:21 WARN module=net msg="token expires soon"
2026-03-05 10:19:46 INFO module=auth msg="config reloaded"
2026-03-05 10:20:23 INFO module=auth msg="cache warmed up"
2026-03-05 10:20:40 INFO module=api msg="config reloaded"
2026-03-05 10:21:54 INFO module=sched msg="service started"
2026-03-05 10:23:05 DEBUG module=fs msg="entering handler"
2026-03-05 10:37:37 INFO module=api msg="job scheduled"
2026-03-05 10:41:13 DEBUG module=db msg="retry counter reset"
2026-03-05 10:45:31 WARN module=db msg="deprecated option used"
2026-03-05 10:47:29 WARN module=db msg="deprecated option used"
2026-03-05 10:48:18 DEBUG module=auth msg="queue length checked"
2026-03-05 10:48:28 INFO module=api msg="cache warmed up"
2026-03-05 10:48:59 WARN module=net msg="token expires soon"
2026-03-05 10:50:27 WARN module=api msg="deprecated option used"
2026-03-05 10:52:09 ERROR module=fs msg="no space left on device"
2026-03-05 10:57:24 DEBUG module=net msg="queue length checked"
2026-03-05 10:59:10 INFO module=disk msg="config reloaded"
2026-03-05 11:00:48 INFO module=sched msg="cache warmed up"
2026-03-05 11:05:22 INFO module=api msg="service started"
2026-03-05 11:09:30 INFO module=api msg="job scheduled"
2026-03-05 11:13:22 INFO module=cache msg="config reloaded"
2026-03-05 11:16:42 INFO module=net msg="request completed"
2026-03-05 11:20:17 WARN module=auth msg="disk usage above 80%"
2026-03-05 11:27:04 ERROR module=db msg="connection refused"
2026-03-05 11:28:14 INFO module=auth msg="service started"
2026-03-05 11:37:52 DEBUG module=net msg="queue length checked"
2026-03-05 11:43:26 INFO module=auth msg="cache warmed up"
2026-03-05 11:44:06 INFO module=net msg="cache warmed up"
2026-03-05 11:56:23 INFO module=sched msg="request completed"
2026-03-05 11:59:14 INFO module=auth msg="user logged in"
2026-03-05 11:59:58 DEBUG module=sched msg="retry counter reset"
2026-03-05 12:00:08 INFO module=api msg="job scheduled"
2026-03-05 12:07:52 DEBUG module=sched msg="heartbeat sent"
2026-03-05 12:09:43 INFO module=cache msg="job scheduled"
2026-03-05 12:13:38 INFO module=net msg="request completed"
2026-03-05 12:16:00 INFO module=auth msg="user logged in"
2026-03-05 12:20:19 INFO module=disk msg="service started"
2026-03-05 12:20:57 INFO module=auth msg="user logged in"
2026-03-05 12:22:23 INFO module=fs msg="job scheduled"
2026-03-05 12:23:15 WARN module=db msg="deprecated option used"
2026-03-05 12:32:34 INFO module=fs msg="user logged in"
2026-03-05 12:37:49 INFO module=api msg="service started"
2026-03-05 12:38:22 INFO module=sched msg="request completed"
2026-03-05 12:38:51 ERROR module=auth msg="permission denied"
2026-03-05 12:43:40 INFO module=disk msg="job scheduled"
2026-03-05 12:45:11 DEBUG module=db msg="entering handler"
2026-03-05 12:49:57 DEBUG module=cache msg="retry counter reset"
2026-03-05 12:58:19 INFO module=auth msg="config reloaded"
2026-03-05 12:59:54 INFO module=cache msg="service started"
2026-03-05 13:05:58 INFO module=sched msg="user logged in"
2026-03-05 13:21:20 INFO module=auth msg="service started"
2026-03-05 13:23:04 INFO module=net msg="config reloaded"
2026-03-05 13:26:05 INFO module=sched msg="user logged in"
2026-03-05 13:26:09 INFO module=db msg="service started"
2026-03-05 13:34:02 INFO module=disk msg="cache warmed up"
2026-03-05 13:34:09 INFO module=auth msg="request completed"
2026-03-05 13:35:15 INFO module=auth msg="cache warmed up"
2026-03-05 13:36:56 INFO module=net msg="cache warmed up"
2026-03-05 13:42:10 INFO module=sched msg="user logged in"
2026-03-05 13:51:03 INFO module=cache msg="service started"
2026-03-05 13:51:24 WARN module=api msg="slow response"
2026-03-05 13:54:34 INFO module=net msg="service started"
2026-03-05 13:56:15 INFO module=net msg="config reloaded"
2026-03-05 13:57:24 DEBUG module=sched msg="buffer flushed"
2026-03-05 13:59:59 INFO module=fs msg="config reloaded"
2026-03-05 14:01:26 INFO module=auth msg="user logged in"
2026-03-05 14:02:39 INFO module=fs msg="service started"
2026-03-05 14:11:02 INFO module=cache msg="request completed"
2026-03-05 14:12:17 INFO module=api msg="service started"
2026-03-05 14:13:13 WARN module=fs msg="retrying request"
2026-03-05 14:13:18 INFO module=api msg="user logged in"
2026-03-05 14:16:24 ERROR module=net msg="invalid token"
2026-03-05 14:26:33 INFO module=api msg="request completed"
2026-03-05 14:32:07 DEBUG module=fs msg="buffer flushed"
2026-03-05 14:34:08 WARN module=disk msg="disk usage above 80%"
2026-03-05 14:35:37 INFO module=cache msg="request completed"
2026-03-05 14:39:26 INFO module=db msg="user logged in"
2026-03-05 14:53:00 INFO module=disk msg="user logged in"
2026-03-05 14:54:25 INFO module=cache msg="service started"
2026-03-05 15:05:05 INFO module=db msg="user logged in"
2026-03-05 15:15:53 INFO module=api msg="user logged in"
2026-03-05 15:16:12 DEBUG module=auth msg="buffer flushed"
2026-03-05 15:16:19 ERROR module=disk msg="no space left on device"
2026-03-05 15:17:01 INFO module=disk msg="cache warmed up"
2026-03-05 15:17:34 INFO module=api msg="service started"
2026-03-05 15:19:35 INFO module=db msg="cache warmed up"
2026-03-05 15:23:05 INFO module=sched msg="service started"
2026-03-05 15:32:58 WARN module=disk msg="retrying request"
2026-03-05 15:33:50 ERROR module=disk msg="query failed"
2026-03-05 15:34:21 INFO module=api msg="job scheduled"
2026-03-05 15:34:40 WARN module=cache msg="deprecated option used"
2026-03-05 15:34:50 INFO module=fs msg="user logged in"
2026-03-05 15:36:39 INFO module=disk msg="service started"
2026-03-05 15:53:27 ERROR module=auth msg="invalid token"
2026-03-05 15:56:30 WARN module=api msg="disk usage above 80%"
2026-03-05 16:00:22 ERROR module=net msg="connection refused"
2026-03-05 16:02:38 INFO module=auth msg="job scheduled"
2026-03-05 16:07:30 INFO module=auth msg="config reloaded"
2026-03-05 16:27:21 INFO module=auth msg="request completed"
2026-03-05 16:37:55 DEBUG module=sched msg="buffer flushed"
2026-03-05 16:41:36 INFO module=auth msg="cache warmed up"
2026-03-05 16:43:05 INFO module=sched msg="config reloaded"
2026-03-05 16:43:07 ERROR module=disk msg="connection timeout"
2026-03-05 16:49:31 INFO module=db msg="cache warmed up"
2026-03-05 16:56:34 INFO module=db msg="user logged in"
2026-03-05 17:02:54 INFO module=net msg="user logged in"
2026-03-05 17:05:01 WARN module=db msg="token expires soon"
2026-03-05 17:05:36 INFO module=fs msg="request completed"
2026-03-05 17:13:42 ERROR module=net msg="connection timeout"
2026-03-05 17:30:44 INFO module=net msg="user logged in"
2026-03-05 17:30:57 INFO module=auth msg="service started"
2026-03-05 17:31:12 INFO module=api msg="request completed"
2026-03-05 17:34:05 INFO module=db msg="service started"
2026-03-05 17:37:52 WARN module=db msg="deprecated option used"
2026-03-05 17:45:01 INFO module=db msg="user logged in"
2026-03-05 17:49:34 WARN module=sched msg="token expires soon"
2026-03-05 17:50:23 INFO module=db msg="config reloaded"
2026-03-05 17:55:31 INFO module=api msg="cache warmed up"
2026-03-05 17:59:42 WARN module=disk msg="retrying request"
2026-03-05 18:01:52 WARN module=disk msg="deprecated option used"
2026-03-05 18:02:24 DEBUG module=auth msg="queue length checked"
2026-03-05 18:05:53 INFO module=fs msg="service started"
2026-03-05 18:07:39 INFO module=db msg="job scheduled"
2026-03-05 18:12:56 INFO module=db msg="job scheduled"
2026-03-05 18:13:54 WARN module=auth msg="deprecated option used"
2026-03-05 18:17:49 INFO module=fs msg="job scheduled"
2026-03-05 18:39:44 WARN module=api msg="disk usage above 80%"
2026-03-05 18:41:05 INFO module=api msg="user logged in"
2026-03-05 18:55:10 ERROR module=auth msg="permission denied"
2026-03-05 18:55:15 DEBUG module=net msg="retry counter reset"
2026-03-05 18:56:02 INFO module=auth msg="user logged in"
2026-03-05 18:58:07 INFO module=cache msg="service started"
2026-03-05 18:59:17 INFO module=db msg="user logged in"
2026-03-05 19:00:22 DEBUG module=db msg="queue length checked"
2026-03-05 19:08:20 INFO module=fs msg="job scheduled"
2026-03-05 19:12:59 WARN module=fs msg="token expires soon"
2026-03-05 19:15:34 WARN module=db msg="disk usage above 80%"
2026-03-05 19:21:18 INFO module=fs msg="job scheduled"
2026-03-05 19:25:21 INFO module=disk msg="cache warmed up"
2026-03-05 19:29:33 INFO module=db msg="user logged in"
2026-03-05 19:30:00 INFO module=auth msg="request completed"
2026-03-05 19:31:38 INFO module=net msg="service started"
2026-03-05 19:45:07 INFO module=auth msg="job scheduled"
2026-03-05 19:47:59 INFO module=fs msg="user logged in"
2026-03-05 19:48:57 WARN module=api msg="token expires soon"
2026-03-05 19:49:59 ERROR module=net msg="connection refused"
2026-03-05 19:51:07 INFO module=auth msg="service started"
2026-03-05 20:01:32 INFO module=auth msg="user logged in"
2026-03-05 20:05:14 DEBUG module=auth msg="heartbeat sent"
2026-03-05 20:17:00 INFO module=auth msg="user logged in"
2026-03-05 20:20:32 INFO module=auth msg="user logged in"
2026-03-05 20:22:53 INFO module=fs msg="request completed"
2026-03-05 20:23:28 INFO module=sched msg="request completed"
2026-03-05 20:24:00 WARN module=db msg="disk usage above 80%"
2026-03-05 20:26:45 INFO module=net msg="job scheduled"
2026-03-05 20:30:53 ERROR module=db msg="invalid token"
2026-03-05 20:33:46 INFO module=sched msg="user logged in"
2026-03-05 20:36:19 DEBUG module=net msg="heartbeat sent"
2026-03-05 20:36:23 DEBUG module=sched msg="entering handler"
2026-03-05 20:41:18 DEBUG module=db msg="retry counter reset"
2026-03-05 20:47:09 DEBUG module=auth msg="retry counter reset"
2026-03-05 20:49:21 INFO module=net msg="job scheduled"
2026-03-05 20:50:15 INFO module=net msg="job scheduled"
2026-03-05 20:53:27 INFO module=auth msg="cache warmed up"
2026-03-05 20:54:12 DEBUG module=sched msg="heartbeat sent"
2026-03-05 21:04:07 INFO module=auth msg="request completed"
2026-03-05 21:05:01 INFO module=api msg="cache warmed up"
2026-03-05 21:10:53 WARN module=db msg="slow response"
2026-03-05 21:11:34 INFO module=api msg="config reloaded"
2026-03-05 21:12:52 INFO module=auth msg="config reloaded"
2026-03-05 21:24:29 WARN module=cache msg="token expires soon"
2026-03-05 21:33:46 INFO module=api msg="request completed"
2026-03-05 21:37:12 INFO module=sched msg="request completed"
2026-03-05 21:39:41 INFO module=db msg="config reloaded"
2026-03-05 21:40:48 ERROR module=db msg="permission denied"
2026-03-05 21:45:28 INFO module=net msg="user logged in"
2026-03-05 21:48:05 ERROR module=disk msg="no space left on device"
2026-03-05 21:48:34 DEBUG module=cache msg="queue length checked"
2026-03-05 21:53:59 INFO module=auth msg="user logged in"
2026-03-05 21:57:38 DEBUG module=sched msg="entering handler"
2026-03-05 21:57:42 INFO module=disk msg="request completed"
2026-03-05 22:04:14 ERROR module=db msg="connection refused"
2026-03-05 22:10:33 INFO module=disk msg="job scheduled"
2026-03-05 22:16:32 INFO module=net msg="cache warmed up"
2026-03-05 22:16:34 ERROR module=api msg="invalid token"
2026-03-05 22:19:58 WARN module=db msg="deprecated option used"
2026-03-05 22:20:12 INFO module=auth msg="service started"
2026-03-05 22:23:56 INFO module=fs msg="user logged in"
2026-03-05 22:34:38 INFO module=db msg="config reloaded"
2026-03-05 22:36:14 INFO module=fs msg="job scheduled"
2026-03-05 22:36:24 WARN module=disk msg="disk usage above 80%"
2026-03-05 22:41:24 INFO module=fs msg="config reloaded"
2026-03-05 22:41:47 WARN module=cache msg="deprecated option used"
2026-03-05 22:43:56 INFO module=api msg="user logged in"
2026-03-05 22:44:28 WARN module=disk msg="disk usage above 80%"
2026-03-05 22:46:39 INFO module=api msg="cache warmed up"
2026-03-05 22:51:16 INFO module=api msg="request completed"
2026-03-05 22:53:50 DEBUG module=api msg="heartbeat sent"
2026-03-05 22:53:56 INFO module=net msg="user logged in"
2026-03-05 22:54:47 INFO module=fs msg="job scheduled"
2026-03-05 22:57:02 INFO module=api msg="service started"
2026-03-05 23:02:32 INFO module=auth msg="config reloaded"
2026-03-05 23:03:22 INFO module=db msg="config reloaded"
2026-03-05 23:13:40 INFO module=fs msg="request completed"
2026-03-05 23:17:05 INFO module=disk msg="config reloaded"
2026-03-05 23:20:54 ERROR module=disk msg="invalid token"
2026-03-05 23:23:54 INFO module=db msg="user logged in"
2026-03-05 23:30:49 INFO module=auth msg="user logged in"
2026-03-05 23:41:11 INFO module=net msg="service started"
2026-03-05 23:43:00 INFO module=db msg="service started"
2026-03-05 23:44:30 INFO module=disk msg="service started"
2026-03-05 23:57:25 ERROR module=cache msg="segment read failed"
2026-03-05 23:58:32 DEBUG module=disk msg="queue length checked"
2026-03-05 23:59:54 DEBUG module=disk msg="retry counter reset"
