2026-03-06 00:00:53 DEBUG module=sched msg="heartbeat sent"
2026-03-06 00:01:44 INFO module=db msg="user logged in"
2026-03-06 00:03:18 INFO module=db msg="request completed"
2026-03-06 00:04:21 INFO module=net msg="request completed"
2026-03-06 00:05:02 DEBUG module=cache msg="queue length checked"
2026-03-06 00:08:32 DEBUG module=db msg="heartbeat sent"
2026-03-06 00:16:31 INFO module=db msg="cache warmed up"
2026-03-06 00:19:09 INFO module=cache msg="cache warmed up"
2026-03-06 00:21:42 WARN module=disk msg="retrying request"
2026-03-06 00:28:03 DEBUG module=db msg="entering handler"
2026-03-06 00:28:26 DEBUG module=net msg="queue length checked"
2026-03-06 00:29:19 ERROR module=cache msg="connection refused"
2026-03-06 00:29:29 INFO module=net msg="cache warmed up"
2026-03-06 00:30:33 INFO module=api msg="service started"
2026-03-06 00:31:13 WARN module=disk msg="disk usage above 80%"
2026-03-06 00:33:16 DEBUG module=net msg="retry counter reset"
2026-03-06 00:33:22 INFO module=cache msg="user logged in"
2026-03-06 00:38:02 INFO module=fs msg="service started"
2026-03-06 00:38:41 INFO module=net msg="request completed"
2026-03-06 00:40:06 INFO module=db msg="job scheduled"
2026-03-06 00:40:37 INFO module=auth msg="config reloaded"
2026-03-06 00:41:54 INFO module=disk msg="user logged in"
2026-03-06 00:44:55 WARN module=net msg="slow response"
2026-03-06 00:45:13 INFO module=net msg="cache warmed up"
2026-03-06 00:46:15 DEBUG module=fs msg="heartbeat sent"
2026-03-06 00:49:34 INFO module=net msg="service started"
2026-03-06 00:51:58 INFO module=auth msg="user logged in"
2026-03-06 00:52:38 INFO module=disk msg="job scheduled"
2026-03-06 00:54:42 INFO module=api msg="user logged in"
2026-03-06 00:58:26 INFO module=cache msg="request completed"
2026-03-06 00:59:20 INFO module=api msg="job scheduled"
2026-03-06 01:01:30 WARN module=disk msg="slow response"
2026-03-06 01:05:25 INFO module=auth msg="request completed"
2026-03-06 01:07:41 DEBUG module=sched msg="heartbeat sent"
2026-03-06 01:09:05 INFO module=disk msg="config reloaded"
2026-03-06 01:09:53 INFO module=api msg="config reloaded"
2026-03-06 01:11:54 ERROR module=db msg="no space left on device"
2026-03-06 01:17:50 INFO module=net msg="cache warmed up"
2026-03-06 01:18:03 INFO module=auth msg="cache warmed up"
2026-03-06 01:19:21 INFO module=net msg="request completed"
2026-03-06 01:21:25 INFO module=disk msg="job scheduled"
2026-03-06 01:22:24 INFO module=db msg="user logged in"
2026-03-06 01:22:31 INFO module=db msg="config reloaded"
2026-03-06 01:24:00 INFO module=sched msg="config reloaded"
2026-03-06 01:26:47 INFO module=disk msg="user logged in"
2026-03-06 01:27:20 WARN module=cache msg="disk usage above 80%"
2026-03-06 01:29:13 INFO module=disk msg="cache warmed up"
2026-03-06 01:30:11 INFO module=db msg="user logged in"
2026-03-06 01:30:23 INFO module=cache msg="user logged in"
2026-03-06 01:30:28 INFO module=disk msg="job scheduled"
2026-03-06 01:30:32 DEBUG module=db msg="heartbeat sent"
2026-03-06 01:33:11 INFO module=auth msg="config reloaded"
2026-03-06 01:33:32 INFO module=cache msg="service started"
2026-03-06 01:35:41 INFO module=db msg="service started"
2026-03-06 01:37:37 INFO module=sched msg="service started"
2026-03-06 01:40:32 WARN module=auth msg="token expires soon"
2026-03-06 01:41:44 WARN module=disk msg="retrying request"
2026-03-06 01:43:55 DEBUG module=cache msg="retry counter reset"
2026-03-06 01:44:05 ERROR module=sched msg="no space left on device"
2026-03-06 01:47:25 WARN module=api msg="retrying request"
2026-03-06 01:51:12 INFO module=api msg="config reloaded"
2026-03-06 01:53:39 INFO module=db msg="user logged in"
2026-03-06 01:54:09 INFO module=cache msg="config reloaded"
2026-03-06 01:54:40 INFO module=sched msg="job scheduled"
2026-03-06 01:58:16 WARN module=cache msg="disk usage above 80%"
2026-03-06 02:01:07 WARN module=db msg="retrying request"
2026-03-06 02:03:13 DEBUG module=sched msg="queue length checked"
2026-03-06 02:04:50 WARN module=db msg="token expires soon"
2026-03-06 02:04:58 INFO module=cache msg="cache warmed up"
2026-03-06 02:05:08 INFO module=db msg="job scheduled"
2026-03-06 02:06:57 INFO module=cache msg="config reloaded"
2026-03-06 02:09:07 INFO module=sched msg="config reloaded"
2026-03-06 02:09:26 INFO module=net msg="request completed"
2026-03-06 02:10:45 INFO module=disk msg="user logged in"
2026-03-06 02:13:38 INFO module=db msg="config reloaded"
2026-03-06 02:14:01 INFO module=auth msg="cache warmed up"
2026-03-06 02:14:55 INFO module=auth msg="user logged in"
2026-03-06 02:16:59 DEBUG module=cache msg="entering handler"
2026-03-06 02:20:11 WARN module=sched msg="disk usage above 80%"
2026-03-06 02:20:49 INFO module=cache msg="job scheduled"
2026-03-06 02:22:47 DEBUG module=disk msg="entering handler"
2026-03-06 02:23:16 INFO module=api msg="request completed"
2026-03-06 02:24:59 INFO module=db msg="cache warmed up"
2026-03-06 02:25:11 INFO module=disk msg="config reloaded"
2026-03-06 02:31:28 INFO module=disk msg="job scheduled"
2026-03-06 02:31:49 INFO module=net msg="config reloaded"
2026-03-06 02:31:58 INFO module=fs msg="config reloaded"
2026-03-06 02:33:57 INFO module=auth msg="job scheduled"
2026-03-06 02:36:07 INFO module=disk msg="user logged in"
2026-03-06 02:42:44 ERROR module=net msg="no space left on device"
2026-03-06 02:46:31 INFO module=net msg="config reloaded"
2026-03-06 02:48:07 ERROR module=net msg="connection timeout"
2026-03-06 02:52:16 INFO module=db msg="user logged in"
2026-03-06 02:53:17 INFO module=net msg="user logged in"
2026-03-06 02:54:08 INFO module=auth msg="job scheduled"
2026-03-06 02:58:25 WARN module=api msg="slow response"
2026-03-06 02:58:31 DEBUG module=api msg="buffer flushed"
2026-03-06 02:59:23 INFO module=db msg="user logged in"
2026-03-06 03:02:54 INFO module=db msg="request completed"
2026-03-06 03:04:26 INFO module=auth msg="request completed"
2026-03-06 03:04:46 INFO module=db msg="cache warmed up"
2026-03-06 03:05:53 INFO module=sched msg="request completed"
2026-03-06 03:06:10 DEBUG module=db msg="retry counter reset"
2026-03-06 03:09:04 INFO module=db msg="request completed"
2026-03-06 03:10:37 INFO module=sched msg="job scheduled"
2026-03-06 03:16:56 WARN module=api msg="deprecated option used"
2026-03-06 03:17:15 INFO module=disk msg="request completed"
2026-03-06 03:18:21 INFO module=db msg="user logged in"
2026-03-06 03:19:18 INFO module=fs msg="user logged in"
2026-03-06 03:20:39 INFO module=auth msg="job scheduled"
2026-03-06 03:23:24 INFO module=api msg="config reloaded"
2026-03-06 03:23:51 INFO module=auth msg="service started"
2026-03-06 03:25:30 INFO module=fs msg="cache warmed up"
2026-03-06 03:25:42 WARN module=db msg="token expires soon"
2026-03-06 03:27:56 INFO module=net msg="config reloaded"
2026-03-06 03:30:34 ERROR module=net msg="segment read failed"
2026-03-06 03:35:29 ERROR module=auth msg="connection refused"
2026-03-06 03:36:16 DEBUG module=fs msg="buffer flushed"
2026-03-06 03:37:17 INFO module=auth msg="config reloaded"
2026-03-06 03:40:37 WARN module=cache msg="retrying request"
2026-03-06 03:41:01 INFO module=auth msg="cache warmed up"
2026-03-06 03:43:07 INFO module=net msg="config reloaded"
2026-03-06 03:44:48 WARN module=disk msg="slow response"
2026-03-06 03:46:04 ERROR module=api msg="invalid token"
2026-03-06 03:50:21 INFO module=auth msg="cache warmed up"
2026-03-06 03:53:12 INFO module=auth msg="job scheduled"
2026-03-06 03:59:41 INFO module=sched msg="config reloaded"
2026-03-06 04:00:10 WARN module=api msg="token expires soon"
2026-03-06 04:02:20 INFO module=sched msg="user logged in"
2026-03-06 04:03:43 DEBUG module=sched msg="retry counter reset"
2026-03-06 04:06:10 INFO module=db msg="user logged in"
2026-03-06 04:06:34 DEBUG module=net msg="heartbeat sent"
2026-03-06 04:14:38 INFO module=auth msg="request completed"
2026-03-06 04:18:20 INFO module=auth msg="request completed"
2026-03-06 04:20:51 INFO module=auth msg="cache warmed up"
2026-03-06 04:22:21 INFO module=fs msg="config reloaded"
2026-03-06 04:22:40 INFO module=auth msg="service started"
2026-03-06 04:23:03 INFO module=db msg="cache warmed up"
2026-03-06 04:26:16 INFO module=api msg="job scheduled"
2026-03-06 04:28:49 INFO module=sched msg="config reloaded"
2026-03-06 04:30:13 INFO module=cache msg="request completed"
2026-03-06 04:30:33 INFO module=auth msg="cache warmed up"
2026-03-06 04:30:48 INFO module=net msg="job scheduled"
2026-03-06 04:31:10 INFO module=db msg="request completed"
2026-03-06 04:35:01 WARN module=net msg="deprecated option used"
2026-03-06 04:35:04 DEBUG module=cache msg="queue length checked"
2026-03-06 04:38:10 ERROR module=db msg="invalid token"
2026-03-06 04:40:03 DEBUG module=sched msg="retry counter reset"
2026-03-06 04:44:09 ERROR module=api msg="invalid token"
2026-03-06 04:44:40 INFO module=db msg="job scheduled"
2026-03-06 04:45:21 WARN module=cache msg="disk usage above 80%"
2026-03-06 04:46:13 INFO module=auth msg="request completed"
2026-03-06 04:46:27 INFO module=sched msg="job scheduled"
2026-03-06 04:47:29 INFO module=net msg="service started"
2026-03-06 04:48:55 INFO module=api msg="service started"
2026-03-06 04:49:07 ERROR module=disk msg="permission denied"
2026-03-06 04:49:40 DEBUG module=auth msg="retry counter reset"
2026-03-06 04:53:55 DEBUG module=auth msg="retry counter reset"
2026-03-06 04:54:17 INFO module=auth msg="config reloaded"
2026-03-06 04:58:14 WARN module=cache msg="token expires soon"
2026-03-06 04:58:56 INFO module=auth msg="request completed"
2026-03-06 04:59:47 ERROR module=disk msg="connection refused"
2026-03-06 05:00:46 WARN module=disk msg="retrying request"
2026-03-06 05:02:31 INFO module=db msg="cache warmed up"
2026-03-06 05:06:07 DEBUG module=db msg="buffer flushed"
2026-03-06 05:06:50 INFO module=net msg="service started"
2026-03-06 05:07:29 INFO module=sched msg="user logged in"
2026-03-06 05:08:37 INFO module=disk msg="user logged in"
2026-03-06 05:09:40 INFO module=api msg="user logged in"
2026-03-06 05:10:32 INFO module=auth msg="job scheduled"
2026-03-06 05:11:25 INFO module=auth msg="job scheduled"
2026-03-06 05:12:50 ERROR module=disk msg="no space left on device"
2026-03-06 05:13:00 INFO module=sched msg="cache warmed up"
2026-03-06 05:13:11 INFO module=api msg="user logged in"
2026-03-06 05:14:38 WARN module=disk msg="disk usage above 80%"
2026-03-06 05:18:20 INFO module=auth msg="request completed"
2026-03-06 05:22:11 WARN module=disk msg="retrying request"
2026-03-06 05:22:37 INFO module=net msg="request completed"
2026-03-06 05:23:58 DEBUG module=sched msg="heartbeat sent"
2026-03-06 05:29:31 WARN module=api msg="token expires soon"
2026-03-06 05:30:20 DEBUG module=api msg="queue length checked"
2026-03-06 05:33:11 INFO module=auth msg="cache warmed up"
2026-03-06 05:33:31 ERROR module=db msg="permission denied"
2026-03-06 05:34:39 WARN module=cache msg="slow response"
2026-03-06 05:35:12 ERROR module=db msg="query failed"
2026-03-06 05:35:19 WARN module=auth msg="slow response"
2026-03-06 05:35:48 INFO module=db msg="job scheduled"
2026-03-06 05:36:15 INFO module=db msg="cache warmed up"
2026-03-06 05:40:18 INFO module=api msg="config reloaded"
2026-03-06 05:42:41 INFO module=db msg="cache warmed up"
2026-03-06 05:45:01 INFO module=db msg="user logged in"
2026-03-06 05:46:40 INFO module=auth msg="user logged in"
2026-03-06 05:47:11 ERROR module=auth msg="segment read failed"
2026-03-06 05:48:29 DEBUG module=auth msg="entering handler"
2026-03-06 05:49:22 DEBUG module=db msg="retry counter reset"
2026-03-06 05:54:02 INFO module=disk msg="job scheduled"
2026-03-06 05:56:40 INFO module=disk msg="cache warmed up"
2026-03-06 06:00:19 INFO module=sched msg="cache warmed up"
2026-03-06 06:02:07 INFO module=db msg="service started"
2026-03-06 06:07:23 INFO module=fs msg="config reloaded"
2026-03-06 06:09:12 DEBUG module=net msg="buffer flushed"
2026-03-06 06:09:34 DEBUG module=sched msg="entering handler"
2026-03-06 06:11:17 WARN module=auth msg="token expires soon"
2026-03-06 06:11:51 INFO module=net msg="cache warmed up"
2026-03-06 06:15:03 INFO module=net msg="user logged in"
2026-03-06 06:15:16 DEBUG module=sched msg="buffer flushed"
2026-03-06 06:15:18 INFO module=disk msg="user logged in"
2026-03-06 06:17:09 WARN module=cache msg="token expires soon"
2026-03-06 06:17:25 DEBUG module=api msg="entering handler"
2026-03-06 06:17:45 ERROR module=disk msg="no space left on device"
2026-03-06 06:18:51 INFO module=auth msg="cache warmed up"
2026-03-06 06:21:53 INFO module=disk msg="config reloaded"
2026-03-06 06:22:41 ERROR module=db msg="segment read failed"
2026-03-06 06:23:55 INFO module=net msg="service started"
2026-03-06 06:25:10 WARN module=sched msg="disk usage above 80%"
2026-03-06 06:29:27 INFO module=db msg="user logged in"
2026-03-06 06:30:38 INFO module=sched msg="user logged in"
2026-03-06 06:31:09 INFO module=sched msg="cache warmed up"
2026-03-06 06:31:55 INFO module=db msg="cache warmed up"
2026-03-06 06:33:12 INFO module=net msg="service started"
2026-03-06 06:35:23 DEBUG module=cache msg="retry counter reset"
2026-03-06 06:35:28 INFO module=net msg="user logged in"
2026-03-06 06:36:25 INFO module=fs msg="user logged in"
2026-03-06 06:36:35 INFO module=auth msg="job scheduled"
2026-03-06 06:38:26 INFO module=net msg="job scheduled"
2026-03-06 06:38:42 ERROR module=disk msg="connection timeout"
2026-03-06 06:40:18 INFO module=fs msg="service started"
2026-03-06 06:43:13 INFO module=net msg="cache warmed up"
2026-03-06 06:44:27 WARN module=cache msg="disk usage above 80%"
2026-03-06 06:44:46 WARN module=cache msg="deprecated option used"
2026-03-06 06:45:37 ERROR module=auth msg="connection timeout"
2026-03-06 06:47:29 INFO module=disk msg="cache warmed up"
2026-03-06 06:48:25 DEBUG module=auth msg="entering handler"
2026-03-06 06:49:12 INFO module=db msg="cache warmed up"
2026-03-06 06:50:28 INFO module=fs msg="service started"
2026-03-06 06:50:41 DEBUG module=disk msg="entering handler"
2026-03-06 06:59:56 INFO module=auth msg="service started"
2026-03-06 07:00:02 INFO module=cache msg="request completed"
2026-03-06 07:01:27 INFO module=db msg="service started"
2026-03-06 07:03:53 INFO module=auth msg="request completed"
2026-03-06 07:04:48 INFO module=disk msg="job scheduled"
2026-03-06 07:06:22 INFO module=auth msg="request completed"
2026-03-06 07:09:04 INFO module=auth msg="cache warmed up"
2026-03-06 07:10:27 WARN module=api msg="disk usage above 80%"
2026-03-06 07:10:44 DEBUG module=fs msg="retry counter reset"
2026-03-06 07:13:01 ERROR module=disk msg="no space left on device"
2026-03-06 07:14:27 DEBUG module=db msg="entering handler"
2026-03-06 07:15:18 INFO module=net msg="service started"
2026-03-06 07:15:55 INFO module=fs msg="cache warmed up"
2026-03-06 07:17:13 INFO module=sched msg="config reloaded"
2026-03-06 07:17:40 INFO module=db msg="service started"
2026-03-06 07:18:02 INFO module=net msg="user logged in"
2026-03-06 07:22:05 INFO module=net msg="service started"
2026-03-06 07:22:25 INFO module=db msg="config reloaded"
2026-03-06 07:25:23 INFO module=api msg="cache warmed up"
2026-03-06 07:25:30 INFO module=sched msg="request completed"
2026-03-06 07:26:14 DEBUG module=auth msg="queue length checked"
2026-03-06 07:27:40 INFO module=sched msg="job scheduled"
2026-03-06 07:31:17 INFO module=net msg="service started"
2026-03-06 07:38:56 INFO module=auth msg="cache warmed up"
2026-03-06 07:39:05 INFO module=db msg="job scheduled"
2026-03-06 07:42:23 INFO module=db msg="user logged in"
2026-03-06 07:43:39 DEBUG module=cache msg="entering handler"
2026-03-06 07:45:03 WARN module=disk msg="slow response"
2026-03-06 07:47:08 INFO module=api msg="service started"
2026-03-06 07:49:07 INFO module=cache msg="cache warmed up"
2026-03-06 07:55:36 INFO module=auth msg="service started"
2026-03-06 07:56:17 INFO module=fs msg="request completed"
2026-03-06 07:57:12 WARN module=api msg="retrying request"
2026-03-06 07:58:25 INFO module=disk msg="user logged in"
2026-03-06 08:00:06 WARN module=db msg="disk usage above 80%"
2026-03-06 08:02:18 WARN module=cache msg="deprecated option used"
2026-03-06 08:04:47 INFO module=cache msg="service started"
2026-03-06 08:07:49 INFO module=net msg="config reloaded"
2026-03-06 08:07:58 WARN module=sched msg="deprecated option used"
2026-03-06 08:09:50 ERROR module=disk msg="permission denied"
2026-03-06 08:10:08 INFO module=net msg="job scheduled"
2026-03-06 08:13:10 INFO module=auth msg="job scheduled"
2026-03-06 08:13:58 DEBUG module=db msg="buffer flushed"
2026-03-06 08:15:26 INFO module=api msg="job scheduled"
2026-03-06 08:21:13 INFO module=sched msg="service started"
2026-03-06 08:26:26 INFO module=net msg="job scheduled"
2026-03-06 08:27:24 ERROR module=db msg="connection refused"
2026-03-06 08:27:57 INFO module=fs msg="cache warmed up"
2026-03-06 08:28:59 WARN module=cache msg="slow response"
2026-03-06 08:30:52 DEBUG module=disk msg="entering handler"
2026-03-06 08:31:32 INFO module=api msg="user logged in"
2026-03-06 08:34:00 ERROR module=net msg="invalid token"
2026-03-06 08:34:03 DEBUG module=auth msg="heartbeat sent"
2026-03-06 08:35:25 DEBUG module=sched msg="retry counter reset"
2026-03-06 08:37:19 DEBUG module=sched msg="retry counter reset"
2026-03-06 08:39:01 INFO module=disk msg="config reloaded"
2026-03-06 08:40:25 WARN module=sched msg="deprecated option used"
2026-03-06 08:43:21 WARN module=cache msg="disk usage above 80%"
2026-03-06 08:43:49 INFO module=db msg="cache warmed up"
2026-03-06 08:44:09 INFO module=api msg="request completed"
2026-03-06 08:44:29 DEBUG module=api msg="queue length checked"
2026-03-06 08:46:24 INFO module=db msg="cache warmed up"
2026-03-06 08:47:04 INFO module=disk msg="job scheduled"
2026-03-06 08:47:50 ERROR module=net msg="connection timeout"
2026-03-06 08:52:09 INFO module=net msg="request completed"
2026-03-06 08:54:10 DEBUG module=cache msg="heartbeat sent"
2026-03-06 08:55:19 WARN module=disk msg="disk usage above 80%"
2026-03-06 08:55:53 INFO module=disk msg="config reloaded"
2026-03-06 08:58:46 DEBUG module=sched msg="buffer flushed"
2026-03-06 08:59:04 WARN module=disk msg="retrying request"
2026-03-06 09:00:53 ERROR module=cache msg="permission denied"
2026-03-06 09:00:55 WARN module=auth msg="slow response"
2026-03-06 09:03:07 ERROR module=net msg="invalid token"
2026-03-06 09:04:14 INFO module=fs msg="request completed"
2026-03-06 09:11:40 INFO module=sched msg="cache warmed up"
2026-03-06 09:13:42 ERROR module=db msg="connection refused"
2026-03-06 09:14:20 INFO module=cache msg="cache warmed up"
2026-03-06 09:19:34 INFO module=net msg="cache warmed up"
2026-03-06 09:19:49 DEBUG module=db msg="queue length checked"
2026-03-06 09:20:25 DEBUG module=sched msg="buffer flushed"
2026-03-06 09:21:32 DEBUG module=disk msg="heartbeat sent"
2026-03-06 09:23:32 WARN module=net msg="token expires soon"
2026-03-06 09:23:54 DEBUG module=sched msg="heartbeat sent"
2026-03-06 09:26:15 DEBUG module=net msg="buffer flushed"
2026-03-06 09:27:20 ERROR module=disk msg="permission denied"
2026-03-06 09:27:22 INFO module=auth msg="service started"
2026-03-06 09:28:30 INFO module=sched msg="user logged in"
2026-03-06 09:28:53 INFO module=net msg="config reloaded"
2026-03-06 09:31:21 INFO module=net msg="job scheduled"
2026-03-06 09:33:48 INFO module=fs msg="user logged in"
2026-03-06 09:36:28 INFO module=fs msg="service started"
2026-03-06 09:36:38 INFO module=net msg="job scheduled"
2026-03-06 09:38:05 INFO module=fs msg="config reloaded"
2026-03-06 09:38:32 INFO module=api msg="request completed"
2026-03-06 09:39:04 DEBUG module=disk msg="buffer flushed"
2026-03-06 09:43:41 WARN module=api msg="retrying request"
2026-03-06 09:44:24 INFO module=sched msg="cache warmed up"
2026-03-06 09:44:54 DEBUG module=db msg="entering handler"
2026-03-06 09:45:32 INFO module=sched msg="service started"
2026-03-06 09:45:45 INFO module=net msg="service started"
2026-03-06 09:45:57 WARN module=cache msg="deprecated option used"
2026-03-06 09:46:24 WARN module=db msg="retrying request"
2026-03-06 09:50:25 WARN module=db msg="deprecated option used"
2026-03-06 09:53:19 INFO module=net msg="service started"
2026-03-06 09:54:17 INFO module=api msg="request completed"
2026-03-06 09:56:59 DEBUG module=cache msg="entering handler"
2026-03-06 09:58:17 DEBUG module=sched msg="queue length checked"
2026-03-06 09:58:31 INFO module=cache msg="config reloaded"
2026-03-06 10:00:13 DEBUG module=sched msg="entering handler"
2026-03-06 10:01:07 INFO module=net msg="cache warmed up"
2026-03-06 10:01:48 INFO module=disk msg="service started"
2026-03-06 10:02:43 INFO module=db msg="request completed"
2026-03-06 10:04:41 INFO module=db msg="cache warmed up"
2026-03-06 10:04:53 INFO module=disk msg="user logged in"
2026-03-06 10:06:12 WARN module=net msg="slow response"
2026-03-06 10:06:29 WARN module=sched msg="retrying request"
2026-03-06 10:06:34 INFO module=disk msg="user logged in"
2026-03-06 10:06:40 INFO module=fs msg="service started"
2026-03-06 10:08:23 INFO module=api msg="user logged in"
2026-03-06 10:09:43 DEBUG module=disk msg="entering handler"
2026-03-06 10:15:11 INFO module=sched msg="request completed"
2026-03-06 10:17:06 INFO module=db msg="user logged in"
2026-03-06 10:20:06 INFO module=db msg="cache warmed up"
2026-03-06 10:24:30 ERROR module=disk msg="query failed"
2026-03-06 10:24:39 INFO module=fs msg="job scheduled"
2026-03-06 10:25:45 INFO module=fs msg="user logged in"
2026-03-06 10:26:04 INFO module=api msg="request completed"
2026-03-06 10:26:41 INFO module=fs msg="service started"
2026-03-06 10:28:07 INFO module=cache msg="service started"
2026-03-06 10:28:46 INFO module=sched msg="service started"
2026-03-06 10:29:28 DEBUG module=net msg="heartbeat sent"
2026-03-06 10:30:40 DEBUG module=db msg="retry counter reset"
2026-03-06 10:30:57 INFO module=net msg="request completed"
2026-03-06 10:34:34 INFO module=fs msg="job scheduled"
2026-03-06 10:37:39 INFO module=auth msg="user logged in"
2026-03-06 10:38:14 INFO module=db msg="cache warmed up"
2026-03-06 10:39:04 INFO module=sched msg="user logged in"
2026-03-06 10:44:00 INFO module=sched msg="service started"
2026-03-06 10:44:10 INFO module=cache msg="cache warmed up"
2026-03-06 10:46:40 WARN module=api msg="token expires soon"
2026-03-06 10:47:22 INFO module=auth msg="service started"
2026-03-06 10:51:17 INFO module=db msg="service started"
2026-03-06 10:53:29 INFO module=disk msg="request completed"
2026-03-06 10:53:30 INFO module=api msg="user logged in"
2026-03-06 10:53:58 ERROR module=db msg="invalid token"
2026-03-06 10:57:05 INFO module=fs msg="user logged in"
2026-03-06 10:57:21 INFO module=net msg="request completed"
2026-03-06 10:59:58 INFO module=api msg="user logged in"
2026-03-06 11:01:26 INFO module=disk msg="user logged in"
2026-03-06 11:05:45 INFO module=fs msg="job scheduled"
2026-03-06 11:07:50 DEBUG module=db msg="heartbeat sent"
2026-03-06 11:09:04 DEBUG module=fs msg="queue length checked"
2026-03-06 11:09:46 INFO module=fs msg="job scheduled"
2026-03-06 11:10:43 INFO module=api msg="service started"
2026-03-06 11:15:20 INFO module=sched msg="job scheduled"
2026-03-06 11:15:35 ERROR module=auth msg="permission denied"
2026-03-06 11:16:19 INFO module=net msg="user logged in"
2026-03-06 11:17:09 INFO module=disk msg="request completed"
2026-03-06 11:17:18 DEBUG module=cache msg="entering handler"
2026-03-06 11:18:09 ERROR module=sched msg="no space left on device"
2026-03-06 11:18:44 DEBUG module=disk msg="buffer flushed"
2026-03-06 11:20:37 INFO module=db msg="job scheduled"
2026-03-06 11:21:29 DEBUG module=db msg="retry counter reset"
2026-03-06 11:23:10 INFO module=api msg="job scheduled"
2026-03-06 11:24:17 INFO module=disk msg="job scheduled"
2026-03-06 11:25:29 INFO module=auth msg="service started"
2026-03-06 11:26:36 WARN module=net msg="retrying request"
2026-03-06 11:29:09 ERROR module=net msg="permission denied"
2026-03-06 11:32:17 INFO module=auth msg="request completed"
2026-03-06 11:37:28 INFO module=auth msg="user logged in"
2026-03-06 11:37:49 INFO module=fs msg="cache warmed up"
2026-03-06 11:39:08 INFO module=api msg="config reloaded"
2026-03-06 11:41:44 DEBUG module=cache msg="queue length checked"
2026-03-06 11:44:32 INFO module=api msg="config reloaded"
2026-03-06 11:44:35 INFO module=db msg="job scheduled"
2026-03-06 11:45:17 INFO module=auth msg="cache warmed up"
2026-03-06 11:45:40 WARN module=api msg="token expires soon"
2026-03-06 11:51:08 INFO module=disk msg="job scheduled"
2026-03-06 11:51:31 INFO module=api msg="config reloaded"
2026-03-06 11:52:42 INFO module=sched msg="config reloaded"
2026-03-06 11:54:23 INFO module=disk msg="service started"
2026-03-06 11:55:06 INFO module=api msg="cache warmed up"
2026-03-06 11:57:58 INFO module=db msg="service started"
2026-03-06 11:59:12 ERROR module=net msg="invalid token"
2026-03-06 11:59:36 INFO module=sched msg="service started"
2026-03-06 12:01:26 DEBUG module=api msg="entering handler"
2026-03-06 12:05:34 INFO module=db msg="config reloaded"
2026-03-06 12:05:36 DEBUG module=sched msg="retry counter reset"
2026-03-06 12:05:50 DEBUG module=cache msg="heartbeat sent"
2026-03-06 12:07:02 DEBUG module=disk msg="queue length checked"
2026-03-06 12:07:57 WARN module=disk msg="retrying request"
2026-03-06 12:08:21 WARN module=net msg="disk usage above 80%"
2026-03-06 12:09:07 INFO module=auth msg="config reloaded"
2026-03-06 12:09:14 DEBUG module=api msg="queue length checked"
2026-03-06 12:09:45 INFO module=disk msg="cache warmed up"
2026-03-06 12:10:03 INFO module=cache msg="service started"
2026-03-06 12:10:06 INFO module=net msg="config reloaded"
2026-03-06 12:10:29 WARN module=disk msg="retrying request"
2026-03-06 12:12:01 INFO module=db msg="request completed"
2026-03-06 12:16:29 INFO module=auth msg="config reloaded"
2026-03-06 12:21:06 DEBUG module=cache msg="heartbeat sent"
2026-03-06 12:22:33 INFO module=db msg="service started"
2026-03-06 12:24:08 INFO module=net msg="request completed"
2026-03-06 12:24:37 INFO module=db msg="service started"
2026-03-06 12:26:09 DEBUG module=sched msg="retry counter reset"
2026-03-06 12:28:07 INFO module=auth msg="cache warmed up"
2026-03-06 12:29:14 INFO module=db msg="service started"
2026-03-06 12:31:20 INFO module=auth msg="job scheduled"
2026-03-06 12:33:46 INFO module=disk msg="service started"
2026-03-06 12:34:04 DEBUG module=net msg="entering handler"
2026-03-06 12:34:16 DEBUG module=cache msg="entering handler"
2026-03-06 12:35:10 WARN module=disk msg="retrying request"
2026-03-06 12:38:32 INFO module=db msg="service started"
2026-03-06 12:38:53 INFO module=api msg="service started"
2026-03-06 12:38:54 INFO module=auth msg="request completed"
2026-03-06 12:43:55 INFO module=db msg="job scheduled"
2026-03-06 12:44:15 WARN module=cache msg="retrying request"
2026-03-06 12:47:46 WARN module=auth msg="disk usage above 80%"
2026-03-06 12:49:55 INFO module=sched msg="request completed"
2026-03-06 12:51:01 INFO module=fs msg="request completed"
2026-03-06 12:54:15 INFO module=api msg="cache warmed up"
2026-03-06 12:54:56 ERROR module=net msg="connection refused"
2026-03-06 12:55:21 INFO module=sched msg="config reloaded"
2026-03-06 12:59:55 INFO module=net msg="user logged in"
2026-03-06 13:00:13 ERROR module=disk msg="connection timeout"
2026-03-06 13:10:08 WARN module=api msg="retrying request"
2026-03-06 13:13:29 INFO module=disk msg="config reloaded"
2026-03-06 13:14:33 WARN module=disk msg="deprecated option used"
2026-03-06 13:17:04 INFO module=disk msg="cache warmed up"
2026-03-06 13:19:07 DEBUG module=api msg="buffer flushed"
2026-03-06 13:21:16 DEBUG module=sched msg="buffer flushed"
2026-03-06 13:22:40 INFO module=net msg="job scheduled"
2026-03-06 13:23:54 INFO module=disk msg="config reloaded"
2026-03-06 13:24:02 ERROR module=net msg="connection timeout"
2026-03-06 13:28:32 DEBUG module=db msg="buffer flushed"
2026-03-06 13:29:29 INFO module=net msg="service started"
2026-03-06 13:30:33 INFO module=cache msg="cache warmed up"
2026-03-06 13:30:52 WARN module=net msg="deprecated option used"
2026-03-06 13:33:03 INFO module=api msg="job scheduled"
2026-03-06 13:33:58 DEBUG module=cache msg="heartbeat sent"
2026-03-06 13:41:41 DEBUG module=cache msg="queue length checked"
2026-03-06 13:41:47 INFO module=fs msg="user logged in"
2026-03-06 13:44:41 INFO module=net msg="config reloaded"
2026-03-06 13:45:54 INFO module=cache msg="service started"
2026-03-06 13:49:12 INFO module=cache msg="user logged in"
2026-03-06 13:49:38 INFO module=db msg="config reloaded"
2026-03-06 13:50:31 INFO module=api msg="service started"
2026-03-06 13:51:20 WARN module=api msg="retrying request"
2026-03-06 13:52:18 ERROR module=fs msg="query failed"
2026-03-06 13:53:06 INFO module=sched msg="config reloaded"
2026-03-06 13:53:38 INFO module=fs msg="service started"
2026-03-06 14:00:40 INFO module=cache msg="cache warmed up"
2026-03-06 14:03:08 WARN module=db msg="disk usage above 80%"
2026-03-06 14:05:09 DEBUG module=fs msg="entering handler"
2026-03-06 14:05:46 DEBUG module=disk msg="queue length checked"
2026-03-06 14:09:54 INFO module=sched msg="request completed"
2026-03-06 14:12:45 WARN module=api msg="token expires soon"
2026-03-06 14:15:10 INFO module=cache msg="user logged in"
2026-03-06 14:15:55 WARN module=db msg="retrying request"
2026-03-06 14:17:18 INFO module=net msg="user logged in"
2026-03-06 14:18:38 INFO module=sched msg="user logged in"
2026-03-06 14:18:47 WARN module=disk msg="slow response"
2026-03-06 14:20:05 DEBUG module=sched msg="heartbeat sent"
2026-03-06 14:20:38 INFO module=api msg="cache warmed up"
2026-03-06 14:21:07 INFO module=db msg="service started"
2026-03-06 14:21:08 INFO module=fs msg="service started"
2026-03-06 14:21:09 INFO module=net msg="request completed"
2026-03-06 14:21:15 INFO module=disk msg="service started"
2026-03-06 14:22:43 INFO module=cache msg="user logged in"
2026-03-06 14:27:31 INFO module=net msg="job scheduled"
2026-03-06 14:28:31 DEBUG module=disk msg="heartbeat sent"
2026-03-06 14:32:41 WARN module=auth msg="retrying request"
2026-03-06 14:34:23 INFO module=disk msg="user logged in"
2026-03-06 14:37:24 INFO module=auth msg="user logged in"
2026-03-06 14:39:00 INFO module=net msg="cache warmed up"
2026-03-06 14:39:09 DEBUG module=cache msg="retry counter reset"
2026-03-06 14:39:40 ERROR module=net msg="connection timeout"
2026-03-06 14:41:12 DEBUG module=fs msg="heartbeat sent"
2026-03-06 14:42:17 INFO module=net msg="service started"
2026-03-06 14:43:26 INFO module=fs msg="config reloaded"
2026-03-06 14:43:44 INFO module=fs msg="cache warmed up"
2026-03-06 14:50:56 INFO module=fs msg="job scheduled"
2026-03-06 14:52:16 ERROR module=auth msg="connection refused"
2026-03-06 14:53:27 INFO module=api msg="cache warmed up"
2026-03-06 14:54:20 INFO module=sched msg="service started"
2026-03-06 14:55:09 INFO module=api msg="config reloaded"
2026-03-06 14:55:39 INFO module=db msg="user logged in"
2026-03-06 14:59:11 INFO module=fs msg="user logged in"
2026-03-06 15:00:04 DEBUG module=api msg="entering handler"
2026-03-06 15:03:06 INFO module=net msg="request completed"
2026-03-06 15:10:08 DEBUG module=auth msg="heartbeat sent"
2026-03-06 15:10:22 INFO module=auth msg="user logged in"
2026-03-06 15:13:37 INFO module=auth msg="cache warmed up"
2026-03-06 15:16:46 INFO module=db msg="cache warmed up"
2026-03-06 15:18:43 INFO module=fs msg="service started"
2026-03-06 15:22:40 INFO module=net msg="request completed"
2026-03-06 15:23:55 INFO module=net msg="job scheduled"
2026-03-06 15:30:21 DEBUG module=net msg="entering handler"
2026-03-06 15:30:59 ERROR module=auth msg="invalid token"
2026-03-06 15:33:26 INFO module=cache msg="user logged in"
2026-03-06 15:34:32 WARN module=net msg="disk usage above 80%"
2026-03-06 15:37:39 DEBUG module=auth msg="queue length checked"
2026-03-06 15:40:28 INFO module=sched msg="config reloaded"
2026-03-06 15:42:27 ERROR module=api msg="connection timeout"
2026-03-06 15:42:33 INFO module=api msg="cache warmed up"
2026-03-06 15:43:38 DEBUG module=db msg="heartbeat sent"
2026-03-06 15:48:21 DEBUG module=disk msg="buffer flushed"
2026-03-06 15:48:26 INFO module=auth msg="config reloaded"
2026-03-06 15:48:41 INFO module=cache msg="cache warmed up"
2026-03-06 15:49:42 INFO module=disk msg="config reloaded"
2026-03-06 15:50:08 DEBUG module=cache msg="queue length checked"
2026-03-06 15:50:25 INFO module=cache msg="cache warmed up"
2026-03-06 15:56:50 INFO module=net msg="request completed"
2026-03-06 16:00:23 ERROR module=db msg="connection refused"
2026-03-06 16:01:19 INFO module=db msg="service started"
2026-03-06 16:03:28 WARN module=fs msg="deprecated option used"
2026-03-06 16:05:42 WARN module=net msg="disk usage above 80%"
2026-03-06 16:07:38 DEBUG module=cache msg="queue length checked"
2026-03-06 16:09:24 INFO module=sched msg="user logged in"
2026-03-06 16:10:44 INFO module=db msg="job scheduled"
2026-03-06 16:11:30 INFO module=sched msg="request completed"
2026-03-06 16:12:06 INFO module=auth msg="config reloaded"
2026-03-06 16:14:24 ERROR module=net msg="connection timeout"
2026-03-06 16:16:21 INFO module=net msg="job scheduled"
2026-03-06 16:16:41 INFO module=disk msg="service started"
2026-03-06 16:18:21 DEBUG module=fs msg="heartbeat sent"
2026-03-06 16:20:39 DEBUG module=sched msg="entering handler"
2026-03-06 16:22:29 ERROR module=net msg="no space left on device"
2026-03-06 16:23:33 INFO module=auth msg="config reloaded"
2026-03-06 16:23:53 INFO module=sched msg="request completed"
2026-03-06 16:25:26 WARN module=auth msg="token expires soon"
2026-03-06 16:28:00 DEBUG module=sched msg="entering handler"
2026-03-06 16:29:29 WARN module=net msg="slow response"
2026-03-06 16:29:39 INFO module=net msg="cache warmed up"
2026-03-06 16:29:58 DEBUG module=auth msg="buffer flushed"
2026-03-06 16:33:07 WARN module=db msg="token expires soon"
2026-03-06 16:37:50 INFO module=sched msg="user logged in"
2026-03-06 16:37:57 INFO module=disk msg="job scheduled"
2026-03-06 16:41:29 WARN module=net msg="deprecated option used"
2026-03-06 16:44:40 ERROR module=disk msg="no space left on device"
2026-03-06 16:46:14 WARN module=disk msg="disk usage above 80%"
2026-03-06 16:48:37 WARN module=db msg="retrying request"
2026-03-06 16:52:30 INFO module=net msg="user logged in"
2026-03-06 16:53:22 WARN module=db msg="retrying request"
2026-03-06 16:54:01 INFO module=sched msg="config reloaded"
2026-03-06 16:54:16 INFO module=auth msg="service started"
2026-03-06 16:54:33 WARN module=net msg="slow response"
2026-03-06 16:57:35 ERROR module=fs msg="connection timeout"
2026-03-06 16:58:53 DEBUG module=disk msg="queue length checked"
2026-03-06 17:00:41 ERROR module=auth msg="segment read failed"
2026-03-06 17:00:56 ERROR module=db msg="connection refused"
2026-03-06 17:04:34 INFO module=auth msg="service started"
2026-03-06 17:04:43 INFO module=disk msg="user logged in"
2026-03-06 17:07:38 INFO module=fs msg="service started"
2026-03-06 17:08:20 INFO module=cache msg="service started"
2026-03-06 17:08:46 INFO module=sched msg="job scheduled"
2026-03-06 17:11:09 DEBUG module=sched msg="queue length checked"
2026-03-06 17:12:09 INFO module=auth msg="cache warmed up"
2026-03-06 17:13:32 INFO module=sched msg="service started"
2026-03-06 17:14:45 INFO module=cache msg="cache warmed up"
2026-03-06 17:15:56 ERROR module=db msg="no space left on device"
2026-03-06 17:16:10 INFO module=sched msg="user logged in"
2026-03-06 17:20:49 INFO module=db msg="job scheduled"
2026-03-06 17:20:50 INFO module=cache msg="user logged in"
2026-03-06 17:26:15 INFO module=auth msg="cache warmed up"
2026-03-06 17:26:57 INFO module=disk msg="job scheduled"
2026-03-06 17:27:49 ERROR module=db msg="connection timeout"
2026-03-06 17:29:17 INFO module=cache msg="cache warmed up"
2026-03-06 17:30:14 INFO module=api msg="cache warmed up"
2026-03-06 17:32:34 INFO module=api msg="config reloaded"
2026-03-06 17:33:06 INFO module=net msg="config reloaded"
2026-03-06 17:35:03 INFO module=api msg="request completed"
2026-03-06 17:37:03 INFO module=net msg="request completed"
2026-03-06 17:38:06 WARN module=cache msg="disk usage above 80%"
2026-03-06 17:38:28 DEBUG module=auth msg="entering handler"
2026-03-06 17:38:47 DEBUG module=fs msg="entering handler"
2026-03-06 17:39:46 DEBUG module=sched msg="buffer flushed"
2026-03-06 17:41:09 INFO module=fs msg="request completed"
2026-03-06 17:42:18 WARN module=api msg="deprecated option used"
2026-03-06 17:42:31 WARN module=db msg="retrying request"
2026-03-06 17:42:49 INFO module=sched msg="job scheduled"
2026-03-06 17:43:02 INFO module=net msg="job scheduled"
2026-03-06 17:45:05 INFO module=auth msg="config reloaded"
2026-03-06 17:45:16 WARN module=cache msg="slow response"
2026-03-06 17:54:13 DEBUG module=auth msg="heartbeat sent"
2026-03-06 17:54:55 INFO module=disk msg="job scheduled"
2026-03-06 17:56:47 DEBUG module=cache msg="buffer flushed"
2026-03-06 17:57:02 INFO module=sched msg="request completed"
2026-03-06 17:57:28 INFO module=fs msg="job scheduled"
2026-03-06 17:58:15 WARN module=db msg="disk usage above 80%"
2026-03-06 17:58:58 DEBUG module=api msg="retry counter reset"
2026-03-06 17:59:42 DEBUG module=sched msg="retry counter reset"
2026-03-06 18:07:05 INFO module=auth msg="config reloaded"
2026-03-06 18:11:22 ERROR module=net msg="no space left on device"
2026-03-06 18:11:49 DEBUG module=cache msg="entering handler"
2026-03-06 18:11:57 INFO module=net msg="cache warmed up"
2026-03-06 18:12:12 INFO module=auth msg="cache warmed up"
2026-03-06 18:14:08 ERROR module=auth msg="connection timeout"
2026-03-06 18:16:07 INFO module=net msg="config reloaded"
2026-03-06 18:18:40 INFO module=cache msg="config reloaded"
2026-03-06 18:21:25 INFO module=cache msg="service started"
2026-03-06 18:22:08 INFO module=net msg="config reloaded"
2026-03-06 18:26:37 DEBUG module=cache msg="retry counter reset"
2026-03-06 18:30:00 INFO module=cache msg="job scheduled"
2026-03-06 18:34:03 INFO module=db msg="job scheduled"
2026-03-06 18:36:18 INFO module=db msg="user logged in"
2026-03-06 18:39:07 INFO module=api msg="service started"
2026-03-06 18:40:52 WARN module=auth msg="token expires soon"
2026-03-06 18:41:04 INFO module=api msg="user logged in"
2026-03-06 18:54:26 WARN module=cache msg="disk usage above 80%"
2026-03-06 19:01:37 INFO module=fs msg="cache warmed up"
2026-03-06 19:02:53 INFO module=db msg="cache warmed up"
2026-03-06 19:03:31 WARN module=sched msg="token expires soon"
2026-03-06 19:04:08 ERROR module=auth msg="invalid token"
2026-03-06 19:04:32 INFO module=cache msg="config reloaded"
2026-03-06 19:05:13 INFO module=auth msg="service started"
2026-03-06 19:05:59 WARN module=net msg="retrying request"
2026-03-06 19:07:12 WARN module=db msg="retrying request"
2026-03-06 19:08:11 DEBUG module=sched msg="heartbeat sent"
2026-03-06 19:12:29 INFO module=cache msg="user logged in"
2026-03-06 19:17:58 INFO module=db msg="request completed"
2026-03-06 19:19:10 WARN module=net msg="deprecated option used"
2026-03-06 19:25:30 INFO module=net msg="user logged in"
2026-03-06 19:31:50 DEBUG module=cache msg="retry counter reset"
2026-03-06 19:32:08 DEBUG module=sched msg="buffer flushed"
2026-03-06 19:32:19 INFO module=db msg="cache warmed up"
2026-03-06 19:34:53 INFO module=disk msg="config reloaded"
2026-03-06 19:39:37 INFO module=auth msg="cache warmed up"
2026-03-06 19:40:29 WARN module=net msg="retrying request"
2026-03-06 19:42:32 INFO module=db msg="config reloaded"
2026-03-06 19:45:49 INFO module=db msg="config reloaded"
2026-03-06 19:52:25 INFO module=db msg="config reloaded"
2026-03-06 19:53:43 INFO module=db msg="cache warmed up"
2026-03-06 19:56:12 INFO module=cache msg="cache warmed up"
2026-03-06 19:57:23 INFO module=net msg="service started"
2026-03-06 20:00:04 ERROR module=auth msg="invalid token"
2026-03-06 20:02:12 DEBUG module=db msg="queue length checked"
2026-03-06 20:03:57 INFO module=disk msg="job scheduled"
2026-03-06 20:06:58 WARN module=net msg="slow response"
2026-03-06 20:07:47 ERROR module=db msg="permission denied"
2026-03-06 20:08:36 DEBUG module=sched msg="entering handler"
2026-03-06 20:08:49 ERROR module=auth msg="no space left on device"
2026-03-06 20:11:14 ERROR module=api msg="invalid token"
2026-03-06 20:12:00 DEBUG module=auth msg="heartbeat sent"
2026-03-06 20:15:45 ERROR module=net msg="segment read failed"
2026-03-06 20:15:59 ERROR module=auth msg="no space left on device"
2026-03-06 20:21:56 INFO module=fs msg="cache warmed up"
2026-03-06 20:22:11 DEBUG module=sched msg="buffer flushed"
2026-03-06 20:24:57 INFO module=db msg="request completed"
2026-03-06 20:25:11 ERROR module=db msg="query failed"
2026-03-06 20:26:39 WARN module=net msg="slow response"
2026-03-06 20:29:58 INFO module=api msg="config reloaded"
2026-03-06 20:30:10 INFO module=db msg="config reloaded"
2026-03-06 20:33:22 INFO module=auth msg="service started"
2026-03-06 20:34:04 ERROR module=net msg="segment read failed"
2026-03-06 20:35:11 DEBUG module=fs msg="buffer flushed"
2026-03-06 20:36:03 INFO module=db msg="user logged in"
2026-03-06 20:38:43 INFO module=auth msg="service started"
2026-03-06 20:42:22 DEBUG module=cache msg="heartbeat sent"
2026-03-06 20:44:52 INFO module=cache msg="request completed"
2026-03-06 20:48:57 WARN module=auth msg="token expires soon"
2026-03-06 20:53:18 ERROR module=net msg="invalid token"
2026-03-06 20:55:08 INFO module=api msg="cache warmed up"
2026-03-06 20:58:07 WARN module=net msg="token expires soon"
2026-03-06 20:58:56 DEBUG module=api msg="queue length checked"
2026-03-06 21:03:54 WARN module=sched msg="disk usage above 80%"
2026-03-06 21:11:58 INFO module=fs msg="config reloaded"
2026-03-06 21:12:13 DEBUG module=api msg="heartbeat sent"
2026-03-06 21:13:06 DEBUG module=cache msg="queue length checked"
2026-03-06 21:13:49 INFO module=sched msg="user logged in"
2026-03-06 21:13:55 WARN module=net msg="slow response"
2026-03-06 21:15:25 INFO module=api msg="job scheduled"
2026-03-06 21:15:46 INFO module=db msg="request completed"
2026-03-06 21:16:44 INFO module=cache msg="request completed"
2026-03-06 21:18:06 INFO module=auth msg="job scheduled"
2026-03-06 21:19:21 DEBUG module=sched msg="heartbeat sent"
2026-03-06 21:22:18 DEBUG module=sched msg="queue length checked"
2026-03-06 21:27:22 INFO module=auth msg="job scheduled"
2026-03-06 21:27:25 INFO module=net msg="job scheduled"
2026-03-06 21:27:28 INFO module=db msg="cache warmed up"
2026-03-06 21:27:32 INFO module=api msg="request completed"
2026-03-06 21:30:07 INFO module=db msg="user logged in"
2026-03-06 21:30:31 WARN module=cache msg="slow response"
2026-03-06 21:31:43 ERROR module=net msg="connection refused"
2026-03-06 21:32:50 INFO module=auth msg="job scheduled"
2026-03-06 21:38:00 DEBUG module=sched msg="queue length checked"
2026-03-06 21:38:06 INFO module=db msg="user logged in"
2026-03-06 21:38:22 INFO module=api msg="job scheduled"
2026-03-06 21:40:26 INFO module=api msg="service started"
2026-03-06 21:41:55 INFO module=fs msg="user logged in"
2026-03-06 21:45:23 DEBUG module=api msg="buffer flushed"
2026-03-06 21:46:04 INFO module=db msg="request completed"
2026-03-06 21:50:07 INFO module=sched msg="cache warmed up"
2026-03-06 21:51:10 INFO module=net msg="config reloaded"
2026-03-06 21:53:45 ERROR module=disk msg="segment read failed"
2026-03-06 21:54:27 INFO module=disk msg="config reloaded"
2026-03-06 21:54:59 INFO module=auth msg="user logged in"
2026-03-06 21:57:45 INFO module=db msg="user logged in"
2026-03-06 22:03:37 INFO module=sched msg="job scheduled"
2026-03-06 22:04:00 DEBUG module=cache msg="buffer flushed"
2026-03-06 22:04:42 WARN module=net msg="retrying request"
2026-03-06 22:07:06 WARN module=disk msg="disk usage above 80%"
2026-03-06 22:07:13 WARN module=net msg="token expires soon"
2026-03-06 22:07:28 INFO module=db msg="service started"
2026-03-06 22:09:13 INFO module=api msg="service started"
2026-03-06 22:10:23 INFO module=cache msg="request completed"
2026-03-06 22:10:41 WARN module=net msg="slow response"
2026-03-06 22:11:11 WARN module=net msg="slow response"
2026-03-06 22:11:46 INFO module=net msg="service started"
2026-03-06 22:14:46 INFO module=net msg="service started"
2026-03-06 22:17:23 INFO module=sched msg="service started"
2026-03-06 22:18:51 WARN module=net msg="deprecated option used"
2026-03-06 22:20:01 ERROR module=sched msg="query failed"
2026-03-06 22:20:47 INFO module=db msg="job scheduled"
2026-03-06 22:22:11 INFO module=net msg="user logged in"
2026-03-06 22:24:39 INFO module=disk msg="service started"
2026-03-06 22:28:56 INFO module=auth msg="request completed"
2026-03-06 22:30:15 INFO module=auth msg="request completed"
2026-03-06 22:30:30 INFO module=api msg="service started"
2026-03-06 22:33:35 ERROR module=net msg="permission denied"
2026-03-06 22:34:53 INFO module=sched msg="cache warmed up"
2026-03-06 22:34:54 WARN module=disk msg="deprecated option used"
2026-03-06 22:35:39 DEBUG module=auth msg="retry counter reset"
2026-03-06 22:36:33 INFO module=auth msg="cache warmed up"
2026-03-06 22:37:17 INFO module=cache msg="request completed"
2026-03-06 22:42:53 INFO module=sched msg="cache warmed up"
2026-03-06 22:45:00 WARN module=net msg="token expires soon"
2026-03-06 22:48:17 INFO module=fs msg="service started"
2026-03-06 22:53:20 INFO module=db msg="job scheduled"
2026-03-06 22:54:13 INFO module=net msg="cache warmed up"
2026-03-06 22:56:13 INFO module=auth msg="config reloaded"
2026-03-06 22:58:02 WARN module=net msg="slow response"
2026-03-06 23:02:59 ERROR module=db msg="no space left on device"
2026-03-06 23:06:10 INFO module=net msg="config reloaded"
2026-03-06 23:06:59 DEBUG module=db msg="entering handler"
2026-03-06 23:07:49 WARN module=net msg="retrying request"
2026-03-06 23:08:37 WARN module=disk msg="disk usage above 80%"
2026-03-06 23:12:27 WARN module=disk msg="retrying request"
2026-03-06 23:17:30 DEBUG module=net msg="queue length checked"
2026-03-06 23:17:31 DEBUG module=fs msg="buffer flushed"
2026-03-06 23:18:50 INFO module=auth msg="cache warmed up"
2026-03-06 23:21:14 INFO module=api msg="cache warmed up"
2026-03-06 23:24:16 ERROR module=auth msg="segment read failed"
2026-03-06 23:26:00 INFO module=db msg="service started"
2026-03-06 23:26:41 DEBUG module=db msg="buffer flushed"
2026-03-06 23:27:17 INFO module=db msg="service started"
2026-03-06 23:28:00 WARN module=db msg="disk usage above 80%"
2026-03-06 23:28:48 INFO module=cache msg="cache warmed up"
2026-03-06 23:29:22 DEBUG module=disk msg="queue length checked"
2026-03-06 23:31:08 INFO module=api msg="user logged in"
2026-03-06 23:33:09 INFO module=db msg="user logged in"
2026-03-06 23:37:57 INFO module=fs msg="request completed"
2026-03-06 23:40:15 INFO module=api msg="config reloaded"
2026-03-06 23:40:18 INFO module=net msg="job scheduled"
2026-03-06 23:41:37 INFO module=api msg="job scheduled"
2026-03-06 23:42:22 INFO module=sched msg="job scheduled"
2026-03-06 23:42:45 ERROR module=api msg="no space left on device"
2026-03-06 23:43:14 INFO module=db msg="config reloaded"
2026-03-06 23:45:46 WARN module=disk msg="token expires soon"
2026-03-06 23:46:33 INFO module=fs msg="job scheduled"
2026-03-06 23:48:44 INFO module=auth msg="user logged in"
2026-03-06 23:50:11 WARN module=net msg="deprecated option used"
2026-03-06 23:51:09 INFO module=db msg="job scheduled"
2026-03-06 23:52:16 INFO module=net msg="cache warmed up"
2026-03-06 23:53:34 DEBUG module=sched msg="retry counter reset"
2026-03-06 23:54:26 INFO module=sched msg="request completed"
2026-03-06 23:56:44 WARN module=cache msg="slow response"
