2026-03-09 00:03:54 WARN module=api msg="token expires soon"
2026-03-09 00:08:06 INFO module=fs msg="job scheduled"
2026-03-09 00:15:29 INFO module=disk msg="job scheduled"
2026-03-09 00:17:47 INFO module=sched msg="config reloaded"
2026-03-09 00:18:29 DEBUG module=sched msg="buffer flushed"
2026-03-09 00:19:17 INFO module=cache msg="user logged in"
2026-03-09 00:20:42 INFO module=net msg="request completed"
2026-03-09 00:21:38 INFO module=sched msg="service started"
2026-03-09 00:25:15 INFO module=disk msg="user logged in"
2026-03-09 00:32:20 DEBUG module=disk msg="queue length checked"
2026-03-09 00:34:24 WARN module=net msg="disk usage above 80%"
2026-03-09 00:35:26 DEBUG module=fs msg="entering handler"
2026-03-09 00:35:39 DEBUG module=api msg="retry counter reset"
2026-03-09 00:35:42 INFO module=db msg="cache warmed up"
2026-03-09 00:36:41 ERROR module=disk msg="query failed"
2026-03-09 00:39:05 INFO module=api msg="config reloaded"
2026-03-09 00:40:07 INFO module=db msg="service started"
2026-03-09 00:49:15 INFO module=cache msg="cache warmed up"
2026-03-09 00:53:26 INFO module=cache msg="service started"
2026-03-09 00:54:00 INFO module=auth msg="request completed"
2026-03-09 00:54:02 WARN module=auth msg="token expires soon"
2026-03-09 00:57:04 INFO module=db msg="service started"
2026-03-09 00:58:56 DEBUG module=fs msg="retry counter reset"
2026-03-09 01:00:25 INFO module=disk msg="config reloaded"
2026-03-09 01:01:03 INFO module=api msg="user logged in"
2026-03-09 01:02:00 WARN module=db msg="token expires soon"
2026-03-09 01:04:19 WARN module=cache msg="token expires soon"
2026-03-09 01:04:28 INFO module=cache msg="config reloaded"
2026-03-09 01:06:46 INFO module=cache msg="job scheduled"
2026-03-09 01:06:57 INFO module=disk msg="service started"
2026-03-09 01:07:27 INFO module=db msg="config reloaded"
2026-03-09 01:08:59 WARN module=api msg="slow response"
2026-03-09 01:11:18 DEBUG module=db msg="entering handler"
2026-03-09 01:11:39 INFO module=api msg="user logged in"
2026-03-09 01:14:20 INFO module=net msg="user logged in"
2026-03-09 01:15:09 INFO module=disk msg="job scheduled"
2026-03-09 01:18:22 INFO module=db msg="user logged in"
2026-03-09 01:19:11 INFO module=net msg="service started"
2026-03-09 01:25:00 INFO module=api msg="request completed"
2026-03-09 01:26:30 ERROR module=net msg="connection timeout"
2026-03-09 01:28:52 WARN module=auth msg="token expires soon"
2026-03-09 01:30:50 DEBUG module=sched msg="buffer flushed"
2026-03-09 01:31:16 WARN module=net msg="slow response"
2026-03-09 01:31:39 INFO module=fs msg="cache warmed up"
2026-03-09 01:37:54 INFO module=api msg="config reloaded"
2026-03-09 01:40:34 INFO module=auth msg="service started"
2026-03-09 01:41:42 INFO module=net msg="config reloaded"
2026-03-09 01:42:39 INFO module=auth msg="job scheduled"
2026-03-09 01:43:37 INFO module=disk msg="request completed"
2026-03-09 01:45:55 INFO module=api msg="job scheduled"
2026-03-09 01:45:56 INFO module=auth msg="user logged in"
2026-03-09 01:47:01 INFO module=disk msg="request completed"
2026-03-09 01:48:48 INFO module=sched msg="user logged in"
2026-03-09 01:51:28 DEBUG module=db msg="entering handler"
2026-03-09 01:52:11 INFO module=fs msg="request completed"
2026-03-09 01:52:13 INFO module=api msg="request completed"
2026-03-09 01:52:25 DEBUG module=fs msg="queue length checked"
2026-03-09 01:52:55 WARN module=sched msg="deprecated option used"
2026-03-09 01:55:24 INFO module=net msg="job scheduled"
2026-03-09 01:57:26 DEBUG module=db msg="entering handler"
2026-03-09 01:58:54 WARN module=db msg="retrying request"
2026-03-09 01:59:13 INFO module=cache msg="job scheduled"
2026-03-09 01:59:55 INFO module=auth msg="cache warmed up"
2026-03-09 02:02:29 INFO module=api msg="config reloaded"
2026-03-09 02:05:24 INFO module=auth msg="job scheduled"
2026-03-09 02:06:13 INFO module=auth msg="job scheduled"
2026-03-09 02:07:40 INFO module=db msg="user logged in"
2026-03-09 02:09:50 INFO module=db msg="user logged in"
2026-03-09 02:10:32 WARN module=disk msg="retrying request"
2026-03-09 02:11:47 INFO module=db msg="cache warmed up"
2026-03-09 02:12:46 INFO module=api msg="job scheduled"
2026-03-09 02:18:38 DEBUG module=fs msg="queue length checked"
2026-03-09 02:21:50 WARN module=net msg="disk usage above 80%"
2026-03-09 02:22:54 DEBUG module=api msg="heartbeat sent"
2026-03-09 02:26:07 INFO module=cache msg="user logged in"
2026-03-09 02:26:50 INFO module=api msg="config reloaded"
2026-03-09 02:27:01 DEBUG module=cache msg="heartbeat sent"
2026-03-09 02:27:26 INFO module=net msg="request completed"
2026-03-09 02:28:38 INFO module=db msg="service started"
2026-03-09 02:28:49 INFO module=sched msg="job scheduled"
2026-03-09 02:33:18 WARN module=api msg="token expires soon"
2026-03-09 02:34:11 WARN module=db msg="disk usage above 80%"
2026-03-09 02:36:02 INFO module=net msg="user logged in"
2026-03-09 02:38:08 INFO module=fs msg="config reloaded"
2026-03-09 02:38:48 DEBUG module=db msg="retry counter reset"
2026-03-09 02:40:22 DEBUG module=cache msg="heartbeat sent"
2026-03-09 02:42:38 INFO module=api msg="job scheduled"
2026-03-09 02:44:04 INFO module=db msg="service started"
2026-03-09 02:44:50 INFO module=db msg="user logged in"
2026-03-09 02:46:47 INFO module=api msg="service started"
2026-03-09 02:47:33 INFO module=net msg="service started"
2026-03-09 02:48:08 DEBUG module=net msg="buffer flushed"
2026-03-09 02:49:38 DEBUG module=db msg="retry counter reset"
2026-03-09 02:50:54 INFO module=api msg="job scheduled"
2026-03-09 02:53:11 DEBUG module=disk msg="retry counter reset"
2026-03-09 02:53:21 INFO module=api msg="config reloaded"
2026-03-09 02:54:55 WARN module=disk msg="slow response"
2026-03-09 02:55:06 INFO module=auth msg="service started"
2026-03-09 02:55:23 INFO module=net msg="cache warmed up"
2026-03-09 02:58:08 DEBUG module=sched msg="entering handler"
2026-03-09 02:59:02 WARN module=db msg="slow response"
2026-03-09 02:59:55 INFO module=net msg="cache warmed up"
2026-03-09 03:00:33 INFO module=fs msg="request completed"
2026-03-09 03:02:01 WARN module=auth msg="disk usage above 80%"
2026-03-09 03:03:29 WARN module=net msg="token expires soon"
2026-03-09 03:03:31 DEBUG module=sched msg="entering handler"
2026-03-09 03:03:46 DEBUG module=api msg="queue length checked"
2026-03-09 03:04:17 WARN module=disk msg="retrying request"
2026-03-09 03:04:20 INFO module=cache msg="cache warmed up"
2026-03-09 03:10:30 INFO module=api msg="cache warmed up"
2026-03-09 03:11:15 ERROR module=net msg="connection timeout"
2026-03-09 03:16:19 INFO module=net msg="request completed"
2026-03-09 03:17:00 INFO module=auth msg="config reloaded"
2026-03-09 03:20:09 WARN module=net msg="slow response"
2026-03-09 03:21:12 INFO module=auth msg="config reloaded"
2026-03-09 03:24:47 INFO module=fs msg="job scheduled"
2026-03-09 03:25:46 WARN module=cache msg="token expires soon"
2026-03-09 03:26:19 INFO module=fs msg="job scheduled"
2026-03-09 03:26:33 INFO module=db msg="job scheduled"
2026-03-09 03:26:55 ERROR module=net msg="connection timeout"
2026-03-09 03:27:23 INFO module=api msg="request completed"
2026-03-09 03:29:52 INFO module=net msg="request completed"
2026-03-09 03:33:02 WARN module=fs msg="token expires soon"
2026-03-09 03:35:26 INFO module=fs msg="cache warmed up"
2026-03-09 03:36:16 ERROR module=disk msg="segment read failed"
2026-03-09 03:37:04 DEBUG module=cache msg="entering handler"
2026-03-09 03:37:33 ERROR module=net msg="permission denied"
2026-03-09 03:40:47 INFO module=disk msg="config reloaded"
2026-03-09 03:41:33 INFO module=db msg="config reloaded"
2026-03-09 03:43:03 DEBUG module=fs msg="queue length checked"
2026-03-09 03:44:39 DEBUG module=auth msg="buffer flushed"
2026-03-09 03:45:36 ERROR module=auth msg="permission denied"
2026-03-09 03:49:48 ERROR module=db msg="invalid token"
2026-03-09 03:54:46 INFO module=auth msg="service started"
2026-03-09 03:57:13 INFO module=disk msg="cache warmed up"
2026-03-09 03:59:24 INFO module=auth msg="service started"
2026-03-09 04:06:39 DEBUG module=cache msg="buffer flushed"
2026-03-09 04:07:24 INFO module=disk msg="service started"
2026-03-09 04:10:13 INFO module=sched msg="config reloaded"
2026-03-09 04:10:33 INFO module=net msg="user logged in"
2026-03-09 04:12:21 INFO module=net msg="config reloaded"
2026-03-09 04:13:01 INFO module=db msg="request completed"
2026-03-09 04:14:00 INFO module=net msg="user logged in"
2026-03-09 04:14:33 INFO module=auth msg="user logged in"
2026-03-09 04:18:38 ERROR module=db msg="connection timeout"
2026-03-09 04:21:49 DEBUG module=net msg="retry counter reset"
2026-03-09 04:21:57 INFO module=sched msg="user logged in"
2026-03-09 04:23:44 WARN module=cache msg="disk usage above 80%"
2026-03-09 04:25:13 DEBUG module=sched msg="heartbeat sent"
2026-03-09 04:25:21 INFO module=net msg="request completed"
2026-03-09 04:25:39 INFO module=fs msg="request completed"
2026-03-09 04:30:32 WARN module=disk msg="slow response"
2026-03-09 04:30:41 DEBUG module=sched msg="entering handler"
2026-03-09 04:32:04 ERROR module=db msg="invalid token"
2026-03-09 04:32:39 INFO module=cache msg="config reloaded"
2026-03-09 04:36:02 WARN module=net msg="slow response"
2026-03-09 04:37:46 ERROR module=auth msg="query failed"
2026-03-09 04:39:19 DEBUG module=api msg="retry counter reset"
2026-03-09 04:43:30 INFO module=disk msg="user logged in"
2026-03-09 04:44:05 ERROR module=db msg="segment read failed"
2026-03-09 04:44:28 INFO module=sched msg="cache warmed up"
2026-03-09 04:44:40 INFO module=cache msg="user logged in"
2026-03-09 04:45:52 INFO module=cache msg="service started"
2026-03-09 04:53:16 WARN module=cache msg="token expires soon"
2026-03-09 04:53:26 INFO module=db msg="config reloaded"
2026-03-09 04:58:47 INFO module=db msg="job scheduled"
2026-03-09 04:58:56 WARN module=fs msg="retrying request"
2026-03-09 04:59:23 ERROR module=api msg="permission denied"
2026-03-09 05:00:53 WARN module=net msg="disk usage above 80%"
2026-03-09 05:01:00 WARN module=disk msg="retrying request"
2026-03-09 05:06:06 WARN module=db msg="deprecated option used"
2026-03-09 05:07:14 INFO module=sched msg="user logged in"
2026-03-09 05:07:25 WARN module=api msg="slow response"
2026-03-09 05:10:29 WARN module=cache msg="deprecated option used"
2026-03-09 05:14:45 DEBUG module=disk msg="entering handler"
2026-03-09 05:19:04 INFO module=disk msg="config reloaded"
2026-03-09 05:20:25 INFO module=db msg="service started"
2026-03-09 05:22:28 WARN module=fs msg="token expires soon"
2026-03-09 05:26:55 DEBUG module=fs msg="entering handler"
2026-03-09 05:27:41 INFO module=db msg="service started"
2026-03-09 05:28:03 DEBUG module=cache msg="entering handler"
2026-03-09 05:28:24 INFO module=db msg="job scheduled"
2026-03-09 05:34:35 INFO module=net msg="user logged in"
2026-03-09 05:35:04 INFO module=sched msg="cache warmed up"
2026-03-09 05:36:35 ERROR module=db msg="no space left on device"
2026-03-09 05:38:17 WARN module=disk msg="disk usage above 80%"
2026-03-09 05:38:21 INFO module=auth msg="config reloaded"
2026-03-09 05:40:46 WARN module=net msg="disk usage above 80%"
2026-03-09 05:41:38 INFO module=api msg="cache warmed up"
2026-03-09 05:44:08 INFO module=net msg="cache warmed up"
2026-03-09 05:44:28 WARN module=cache msg="disk usage above 80%"
2026-03-09 05:46:41 INFO module=cache msg="user logged in"
2026-03-09 05:52:04 INFO module=api msg="service started"
2026-03-09 05:52:55 WARN module=fs msg="slow response"
2026-03-09 05:57:18 WARN module=net msg="deprecated option used"
2026-03-09 06:00:49 INFO module=disk msg="config reloaded"
2026-03-09 06:03:31 WARN module=cache msg="deprecated option used"
2026-03-09 06:03:36 INFO module=db msg="request completed"
2026-03-09 06:05:33 INFO module=sched msg="request completed"
2026-03-09 06:06:47 DEBUG module=db msg="entering handler"
2026-03-09 06:07:45 INFO module=fs msg="user logged in"
2026-03-09 06:07:48 INFO module=sched msg="config reloaded"
2026-03-09 06:07:51 INFO module=api msg="job scheduled"
2026-03-09 06:08:04 INFO module=sched msg="job scheduled"
2026-03-09 06:16:35 INFO module=db msg="config reloaded"
2026-03-09 06:18:38 INFO module=db msg="service started"
2026-03-09 06:18:53 WARN module=sched msg="deprecated option used"
2026-03-09 06:23:19 WARN module=net msg="slow response"
2026-03-09 06:24:01 INFO module=api msg="service started"
2026-03-09 06:28:36 WARN module=net msg="retrying request"
2026-03-09 06:30:27 INFO module=db msg="cache warmed up"
2026-03-09 06:30:29 INFO module=disk msg="config reloaded"
2026-03-09 06:38:16 INFO module=api msg="job scheduled"
2026-03-09 06:45:27 INFO module=net msg="request completed"
2026-03-09 06:50:07 INFO module=api msg="job scheduled"
2026-03-09 06:56:51 WARN module=net msg="disk usage above 80%"
2026-03-09 06:58:21 INFO module=disk msg="request completed"
2026-03-09 06:58:25 DEBUG module=disk msg="retry counter reset"
2026-03-09 06:58:44 INFO module=cache msg="user logged in"
2026-03-09 06:58:58 INFO module=cache msg="service started"
2026-03-09 06:59:37 INFO module=fs msg="service started"
2026-03-09 07:02:27 INFO module=sched msg="cache warmed up"
2026-03-09 07:02:39 INFO module=net msg="cache warmed up"
2026-03-09 07:04:04 DEBUG module=net msg="heartbeat sent"
2026-03-09 07:04:08 DEBUG module=cache msg="buffer flushed"
2026-03-09 07:06:30 INFO module=api msg="cache warmed up"
2026-03-09 07:07:58 INFO module=sched msg="user logged in"
2026-03-09 07:11:02 INFO module=db msg="config reloaded"
2026-03-09 07:17:09 ERROR module=db msg="connection timeout"
2026-03-09 07:17:43 INFO module=net msg="cache warmed up"
2026-03-09 07:18:12 INFO module=net msg="cache warmed up"
2026-03-09 07:19:55 INFO module=db msg="service started"
2026-03-09 07:19:58 INFO module=fs msg="config reloaded"
2026-03-09 07:20:06 INFO module=auth msg="request completed"
2026-03-09 07:21:52 WARN module=db msg="disk usage above 80%"
2026-03-09 07:22:12 ERROR module=net msg="no space left on device"
2026-03-09 07:22:47 DEBUG module=sched msg="heartbeat sent"
2026-03-09 07:24:02 DEBUG module=sched msg="queue length checked"
2026-03-09 07:26:01 INFO module=db msg="cache warmed up"
2026-03-09 07:26:44 ERROR module=net msg="permission denied"
2026-03-09 07:28:08 INFO module=db msg="user logged in"
2026-03-09 07:30:03 INFO module=sched msg="job scheduled"
2026-03-09 07:30:29 WARN module=net msg="deprecated option used"
2026-03-09 07:30:39 INFO module=fs msg="config reloaded"
2026-03-09 07:32:40 INFO module=net msg="user logged in"
2026-03-09 07:36:08 ERROR module=db msg="segment read failed"
2026-03-09 07:39:09 DEBUG module=sched msg="retry counter reset"
2026-03-09 07:39:12 INFO module=fs msg="request completed"
2026-03-09 07:39:28 INFO module=api msg="request completed"
2026-03-09 07:40:38 INFO module=api msg="service started"
2026-03-09 07:40:48 WARN module=cache msg="slow response"
2026-03-09 07:42:57 INFO module=api msg="job scheduled"
2026-03-09 07:53:00 ERROR module=api msg="connection timeout"
2026-03-09 07:53:26 INFO module=disk msg="service started"
2026-03-09 07:53:40 WARN module=fs msg="deprecated option used"
2026-03-09 07:54:45 WARN module=api msg="retrying request"
2026-03-09 07:57:32 INFO module=net msg="config reloaded"
2026-03-09 07:58:42 INFO module=auth msg="cache warmed up"
2026-03-09 07:59:55 WARN module=db msg="retrying request"
2026-03-09 08:03:20 INFO module=auth msg="job scheduled"
2026-03-09 08:07:10 INFO module=net msg="user logged in"
2026-03-09 08:09:14 INFO module=cache msg="request completed"
2026-03-09 08:09:48 ERROR module=api msg="connection timeout"
2026-03-09 08:11:22 INFO module=api msg="user logged in"
2026-03-09 08:12:28 WARN module=db msg="retrying request"
2026-03-09 08:13:27 INFO module=sched msg="service started"
2026-03-09 08:13:50 INFO module=net msg="job scheduled"
2026-03-09 08:16:14 INFO module=api msg="config reloaded"
2026-03-09 08:16:35 INFO module=fs msg="config reloaded"
2026-03-09 08:18:37 ERROR module=api msg="no space left on device"
2026-03-09 08:19:32 DEBUG module=cache msg="heartbeat sent"
2026-03-09 08:20:12 INFO module=api msg="service started"
2026-03-09 08:20:42 ERROR module=disk msg="connection refused"
2026-03-09 08:25:09 DEBUG module=disk msg="retry counter reset"
2026-03-09 08:27:57 INFO module=cache msg="service started"
2026-03-09 08:29:55 INFO module=cache msg="service started"
2026-03-09 08:31:08 DEBUG module=api msg="retry counter reset"
2026-03-09 08:32:27 WARN module=db msg="slow response"
2026-03-09 08:33:06 DEBUG module=auth msg="retry counter reset"
2026-03-09 08:37:43 INFO module=db msg="config reloaded"
2026-03-09 08:40:04 INFO module=db msg="job scheduled"
2026-03-09 08:40:18 INFO module=auth msg="service started"
2026-03-09 08:42:24 INFO module=api msg="request completed"
2026-03-09 08:42:59 INFO module=api msg="user logged in"
2026-03-09 08:44:28 DEBUG module=fs msg="heartbeat sent"
2026-03-09 08:47:13 INFO module=fs msg="cache warmed up"
2026-03-09 08:49:42 INFO module=disk msg="request completed"
2026-03-09 08:51:47 INFO module=disk msg="user logged in"
2026-03-09 08:52:29 DEBUG module=cache msg="retry counter reset"
2026-03-09 08:57:31 DEBUG module=sched msg="entering handler"
2026-03-09 09:01:08 INFO module=net msg="user logged in"
2026-03-09 09:03:59 INFO module=fs msg="request completed"
2026-03-09 09:04:18 INFO module=disk msg="request completed"
2026-03-09 09:04:40 ERROR module=disk msg="query failed"
2026-03-09 09:06:57 INFO module=db msg="cache warmed up"
2026-03-09 09:07:41 INFO module=disk msg="config reloaded"
2026-03-09 09:07:47 INFO module=auth msg="job scheduled"
2026-03-09 09:08:38 ERROR module=net msg="invalid token"
2026-03-09 09:09:31 DEBUG module=disk msg="buffer flushed"
2026-03-09 09:12:28 INFO module=db msg="request completed"
2026-03-09 09:15:23 INFO module=db msg="job scheduled"
2026-03-09 09:16:02 DEBUG module=fs msg="entering handler"
2026-03-09 09:16:12 ERROR module=db msg="connection refused"
2026-03-09 09:21:51 DEBUG module=auth msg="entering handler"
2026-03-09 09:22:06 INFO module=net msg="service started"
2026-03-09 09:22:16 INFO module=api msg="config reloaded"
2026-03-09 09:24:27 WARN module=disk msg="retrying request"
2026-03-09 09:25:21 DEBUG module=net msg="retry counter reset"
2026-03-09 09:25:29 ERROR module=auth msg="permission denied"
2026-03-09 09:26:31 INFO module=auth msg="user logged in"
2026-03-09 09:26:34 INFO module=db msg="user logged in"
2026-03-09 09:27:12 INFO module=api msg="cache warmed up"
2026-03-09 09:27:46 INFO module=auth msg="user logged in"
2026-03-09 09:29:32 INFO module=net msg="job scheduled"
2026-03-09 09:29:35 INFO module=auth msg="config reloaded"
2026-03-09 09:30:02 INFO module=net msg="request completed"
2026-03-09 09:30:47 INFO module=net msg="service started"
2026-03-09 09:32:36 DEBUG module=auth msg="buffer flushed"
2026-03-09 09:34:15 INFO module=auth msg="request completed"
2026-03-09 09:36:43 INFO module=api msg="service started"
2026-03-09 09:49:30 INFO module=db msg="job scheduled"
2026-03-09 09:51:00 INFO module=api msg="job scheduled"
2026-03-09 09:52:24 INFO module=cache msg="job scheduled"
2026-03-09 09:54:41 INFO module=net msg="cache warmed up"
2026-03-09 09:58:37 INFO module=net msg="job scheduled"
2026-03-09 10:00:20 INFO module=net msg="config reloaded"
2026-03-09 10:03:25 ERROR module=auth msg="segment read failed"
2026-03-09 10:03:38 INFO module=db msg="config reloaded"
2026-03-09 10:05:40 INFO module=cache msg="config reloaded"
2026-03-09 10:08:09 INFO module=db msg="service started"
2026-03-09 10:08:22 WARN module=net msg="deprecated option used"
2026-03-09 10:09:58 WARN module=disk msg="slow response"
2026-03-09 10:10:07 ERROR module=db msg="query failed"
2026-03-09 10:12:10 INFO module=sched msg="service started"
2026-03-09 10:14:05 WARN module=cache msg="deprecated option used"
2026-03-09 10:15:12 ERROR module=net msg="segment read failed"
2026-03-09 10:16:46 INFO module=cache msg="service started"
2026-03-09 10:17:28 INFO module=sched msg="request completed"
2026-03-09 10:21:23 WARN module=disk msg="deprecated option used"
2026-03-09 10:23:10 ERROR module=auth msg="invalid token"
2026-03-09 10:27:16 INFO module=net msg="service started"
2026-03-09 10:27:25 INFO module=api msg="cache warmed up"
2026-03-09 10:27:37 WARN module=disk msg="deprecated option used"
2026-03-09 10:27:44 INFO module=net msg="service started"
2026-03-09 10:29:24 WARN module=auth msg="slow response"
2026-03-09 10:30:49 INFO module=sched msg="request completed"
2026-03-09 10:33:29 INFO module=db msg="job scheduled"
2026-03-09 10:35:06 DEBUG module=sched msg="buffer flushed"
2026-03-09 10:35:18 DEBUG module=api msg="buffer flushed"
2026-03-09 10:36:09 INFO module=api msg="service started"
2026-03-09 10:39:39 INFO module=api msg="request completed"
2026-03-09 10:44:27 INFO module=api msg="request completed"
2026-03-09 10:45:35 DEBUG module=api msg="entering handler"
2026-03-09 10:47:31 INFO module=db msg="request completed"
2026-03-09 10:51:24 INFO module=disk msg="request completed"
2026-03-09 10:52:33 INFO module=auth msg="config reloaded"
2026-03-09 10:52:43 WARN module=db msg="disk usage above 80%"
2026-03-09 10:56:18 INFO module=sched msg="user logged in"
2026-03-09 10:59:09 INFO module=sched msg="cache warmed up"
2026-03-09 11:00:15 DEBUG module=auth msg="queue length checked"
2026-03-09 11:04:29 WARN module=disk msg="token expires soon"
2026-03-09 11:10:17 INFO module=auth msg="service started"
2026-03-09 11:12:19 INFO module=fs msg="user logged in"
2026-03-09 11:12:48 INFO module=net msg="user logged in"
2026-03-09 11:13:58 INFO module=cache msg="cache warmed up"
2026-03-09 11:14:52 INFO module=auth msg="service started"
2026-03-09 11:15:04 INFO module=db msg="service started"
2026-03-09 11:15:26 INFO module=fs msg="user logged in"
2026-03-09 11:18:58 INFO module=net msg="job scheduled"
2026-03-09 11:19:17 INFO module=api msg="config reloaded"
2026-03-09 11:19:36 INFO module=cache msg="user logged in"
2026-03-09 11:19:51 INFO module=disk msg="request completed"
2026-03-09 11:21:04 WARN module=fs msg="retrying request"
2026-03-09 11:21:22 INFO module=disk msg="request completed"
2026-03-09 11:24:26 INFO module=net msg="service started"
2026-03-09 11:27:05 INFO module=sched msg="user logged in"
2026-03-09 11:28:16 INFO module=auth msg="config reloaded"
2026-03-09 11:30:17 WARN module=net msg="slow response"
2026-03-09 11:31:55 INFO module=sched msg="cache warmed up"
2026-03-09 11:36:49 WARN module=disk msg="retrying request"
2026-03-09 11:40:41 WARN module=net msg="deprecated option used"
2026-03-09 11:42:57 INFO module=sched msg="request completed"
2026-03-09 11:43:44 INFO module=disk msg="job scheduled"
2026-03-09 11:44:00 WARN module=api msg="retrying request"
2026-03-09 11:46:52 INFO module=sched msg="request completed"
2026-03-09 11:48:37 WARN module=db msg="token expires soon"
2026-03-09 11:49:09 INFO module=fs msg="service started"
2026-03-09 11:51:59 WARN module=net msg="disk usage above 80%"
2026-03-09 11:52:18 INFO module=auth msg="service started"
2026-03-09 11:52:54 INFO module=api msg="request completed"
2026-03-09 11:54:04 INFO module=db msg="user logged in"
2026-03-09 11:58:34 INFO module=net msg="service started"
2026-03-09 11:59:44 INFO module=auth msg="config reloaded"
2026-03-09 12:02:28 INFO module=sched msg="job scheduled"
2026-03-09 12:04:44 DEBUG module=cache msg="heartbeat sent"
2026-03-09 12:05:14 INFO module=net msg="config reloaded"
2026-03-09 12:05:19 INFO module=api msg="service started"
2026-03-09 12:07:23 INFO module=auth msg="cache warmed up"
2026-03-09 12:09:42 WARN module=net msg="disk usage above 80%"
2026-03-09 12:10:00 INFO module=db msg="service started"
2026-03-09 12:10:54 DEBUG module=auth msg="retry counter reset"
2026-03-09 12:12:30 DEBUG module=auth msg="buffer flushed"
2026-03-09 12:14:02 INFO module=disk msg="cache warmed up"
2026-03-09 12:14:31 INFO module=api msg="request completed"
2026-03-09 12:19:36 INFO module=fs msg="job scheduled"
2026-03-09 12:20:03 INFO module=api msg="config reloaded"
2026-03-09 12:21:46 INFO module=disk msg="request completed"
2026-03-09 12:23:46 DEBUG module=cache msg="queue length checked"
2026-03-09 12:26:17 WARN module=disk msg="token expires soon"
2026-03-09 12:27:10 ERROR module=disk msg="segment read failed"
2026-03-09 12:31:02 WARN module=net msg="token expires soon"
2026-03-09 12:31:07 DEBUG module=fs msg="buffer flushed"
2026-03-09 12:32:21 INFO module=net msg="user logged in"
2026-03-09 12:32:50 WARN module=net msg="slow response"
2026-03-09 12:35:35 INFO module=net msg="cache warmed up"
2026-03-09 12:36:14 DEBUG module=db msg="buffer flushed"
2026-03-09 12:37:17 INFO module=db msg="user logged in"
2026-03-09 12:39:57 INFO module=auth msg="request completed"
2026-03-09 12:40:31 INFO module=api msg="service started"
2026-03-09 12:42:52 ERROR module=db msg="query failed"
2026-03-09 12:45:45 INFO module=db msg="service started"
2026-03-09 12:45:55 INFO module=db msg="cache warmed up"
2026-03-09 12:49:00 INFO module=net msg="cache warmed up"
2026-03-09 12:49:09 DEBUG module=db msg="queue length checked"
2026-03-09 12:50:04 INFO module=sched msg="job scheduled"
2026-03-09 12:50:15 DEBUG module=fs msg="entering handler"
2026-03-09 12:51:19 WARN module=api msg="disk usage above 80%"
2026-03-09 12:52:05 WARN module=cache msg="deprecated option used"
2026-03-09 12:53:15 ERROR module=db msg="query failed"
2026-03-09 12:54:03 INFO module=net msg="job scheduled"
2026-03-09 12:56:04 INFO module=auth msg="service started"
2026-03-09 12:58:05 DEBUG module=disk msg="buffer flushed"
2026-03-09 13:00:07 INFO module=api msg="job scheduled"
2026-03-09 13:03:42 INFO module=api msg="cache warmed up"
2026-03-09 13:06:14 ERROR module=net msg="connection refused"
2026-03-09 13:09:14 INFO module=api msg="user logged in"
2026-03-09 13:11:45 INFO module=auth msg="cache warmed up"
2026-03-09 13:12:12 INFO module=net msg="request completed"
2026-03-09 13:12:31 WARN module=db msg="slow response"
2026-03-09 13:16:08 INFO module=sched msg="job scheduled"
2026-03-09 13:17:55 WARN module=db msg="token expires soon"
2026-03-09 13:18:26 ERROR module=disk msg="connection refused"
2026-03-09 13:18:45 DEBUG module=fs msg="queue length checked"
2026-03-09 13:21:34 INFO module=db msg="job scheduled"
2026-03-09 13:21:38 INFO module=db msg="service started"
2026-03-09 13:24:03 WARN module=db msg="disk usage above 80%"
2026-03-09 13:24:23 INFO module=disk msg="request completed"
2026-03-09 13:25:14 INFO module=auth msg="job scheduled"
2026-03-09 13:26:09 ERROR module=net msg="connection refused"
2026-03-09 13:27:01 ERROR module=net msg="query failed"
2026-03-09 13:28:58 INFO module=disk msg="job scheduled"
2026-03-09 13:29:17 INFO module=disk msg="job scheduled"
2026-03-09 13:30:40 INFO module=disk msg="user logged in"
2026-03-09 13:31:25 INFO module=fs msg="request completed"
2026-03-09 13:33:56 WARN module=db msg="token expires soon"
2026-03-09 13:39:49 INFO module=disk msg="job scheduled"
2026-03-09 13:39:59 INFO module=auth msg="cache warmed up"
2026-03-09 13:40:35 INFO module=db msg="service started"
2026-03-09 13:41:08 ERROR module=db msg="no space left on device"
2026-03-09 13:43:12 WARN module=cache msg="deprecated option used"
2026-03-09 13:44:53 ERROR module=disk msg="invalid token"
2026-03-09 13:47:14 INFO module=api msg="service started"
2026-03-09 13:47:20 INFO module=api msg="service started"
2026-03-09 13:48:15 DEBUG module=sched msg="retry counter reset"
2026-03-09 13:48:52 INFO module=disk msg="user logged in"
2026-03-09 13:51:16 INFO module=api msg="config reloaded"
2026-03-09 13:52:24 INFO module=sched msg="config reloaded"
2026-03-09 13:53:04 WARN module=disk msg="token expires soon"
2026-03-09 13:55:42 WARN module=disk msg="token expires soon"
2026-03-09 13:55:49 INFO module=disk msg="request completed"
2026-03-09 14:01:12 INFO module=auth msg="request completed"
2026-03-09 14:01:43 INFO module=db msg="service started"
2026-03-09 14:05:11 INFO module=api msg="config reloaded"
2026-03-09 14:05:15 WARN module=net msg="token expires soon"
2026-03-09 14:05:46 WARN module=fs msg="deprecated option used"
2026-03-09 14:06:33 INFO module=auth msg="request completed"
2026-03-09 14:06:45 INFO module=auth msg="service started"
2026-03-09 14:10:24 INFO module=disk msg="job scheduled"
2026-03-09 14:10:39 INFO module=sched msg="job scheduled"
2026-03-09 14:22:11 ERROR module=db msg="segment read failed"
2026-03-09 14:23:46 INFO module=disk msg="job scheduled"
2026-03-09 14:24:44 INFO module=cache msg="cache warmed up"
2026-03-09 14:26:43 ERROR module=disk msg="permission denied"
2026-03-09 14:26:59 INFO module=db msg="job scheduled"
2026-03-09 14:27:34 ERROR module=db msg="connection refused"
2026-03-09 14:28:41 INFO module=net msg="request completed"
2026-03-09 14:29:21 INFO module=api msg="job scheduled"
2026-03-09 14:38:01 INFO module=disk msg="cache warmed up"
2026-03-09 14:40:15 WARN module=auth msg="token expires soon"
2026-03-09 14:41:40 INFO module=sched msg="user logged in"
2026-03-09 14:42:14 INFO module=net msg="cache warmed up"
2026-03-09 14:47:59 INFO module=fs msg="config reloaded"
2026-03-09 14:50:19 WARN module=cache msg="slow response"
2026-03-09 14:50:26 INFO module=net msg="service started"
2026-03-09 14:50:53 ERROR module=fs msg="connection timeout"
2026-03-09 14:51:35 INFO module=sched msg="service started"
2026-03-09 14:52:25 INFO module=db msg="service started"
2026-03-09 14:55:30 INFO module=cache msg="job scheduled"
2026-03-09 14:56:47 WARN module=api msg="slow response"
2026-03-09 14:57:59 INFO module=api msg="user logged in"
2026-03-09 14:58:05 INFO module=disk msg="request completed"
2026-03-09 15:00:44 INFO module=api msg="cache warmed up"
2026-03-09 15:02:04 DEBUG module=sched msg="retry counter reset"
2026-03-09 15:03:13 INFO module=db msg="request completed"
2026-03-09 15:04:43 WARN module=net msg="slow response"
2026-03-09 15:11:11 ERROR module=db msg="connection timeout"
2026-03-09 15:12:57 INFO module=sched msg="config reloaded"
2026-03-09 15:14:38 WARN module=disk msg="disk usage above 80%"
2026-03-09 15:15:50 ERROR module=db msg="permission denied"
2026-03-09 15:16:01 WARN module=api msg="retrying request"
2026-03-09 15:18:17 DEBUG module=sched msg="entering handler"
2026-03-09 15:18:32 INFO module=api msg="job scheduled"
2026-03-09 15:18:42 INFO module=net msg="service started"
2026-03-09 15:19:57 INFO module=db msg="job scheduled"
2026-03-09 15:20:56 DEBUG module=api msg="entering handler"
2026-03-09 15:23:56 WARN module=disk msg="deprecated option used"
2026-03-09 15:26:54 INFO module=auth msg="request completed"
2026-03-09 15:28:04 INFO module=api msg="job scheduled"
2026-03-09 15:30:20 INFO module=db msg="user logged in"
2026-03-09 15:34:50 INFO module=api msg="config reloaded"
2026-03-09 15:35:29 WARN module=auth msg="disk usage above 80%"
2026-03-09 15:36:01 INFO module=api msg="user logged in"
2026-03-09 15:36:37 INFO module=api msg="config reloaded"
2026-03-09 15:39:16 INFO module=disk msg="cache warmed up"
2026-03-09 15:40:30 INFO module=net msg="config reloaded"
2026-03-09 15:42:10 INFO module=db msg="job scheduled"
2026-03-09 15:44:21 DEBUG module=net msg="heartbeat sent"
2026-03-09 15:45:09 INFO module=disk msg="request completed"
2026-03-09 15:48:35 INFO module=net msg="cache warmed up"
2026-03-09 15:48:49 INFO module=auth msg="job scheduled"
2026-03-09 15:52:47 INFO module=auth msg="user logged in"
2026-03-09 15:56:29 INFO module=net msg="cache warmed up"
2026-03-09 15:56:58 WARN module=net msg="disk usage above 80%"
2026-03-09 15:57:11 ERROR module=db msg="connection refused"
2026-03-09 15:57:38 WARN module=disk msg="token expires soon"
2026-03-09 16:00:15 ERROR module=net msg="permission denied"
2026-03-09 16:02:49 WARN module=net msg="deprecated option used"
2026-03-09 16:03:51 INFO module=net msg="config reloaded"
2026-03-09 16:06:56 DEBUG module=cache msg="heartbeat sent"
2026-03-09 16:07:20 DEBUG module=cache msg="buffer flushed"
2026-03-09 16:10:37 INFO module=api msg="request completed"
2026-03-09 16:10:50 WARN module=disk msg="retrying request"
2026-03-09 16:11:02 DEBUG module=db msg="retry counter reset"
2026-03-09 16:11:21 DEBUG module=sched msg="queue length checked"
2026-03-09 16:12:59 ERROR module=auth msg="no space left on device"
2026-03-09 16:14:07 INFO module=fs msg="job scheduled"
2026-03-09 16:16:42 INFO module=db msg="config reloaded"
2026-03-09 16:17:15 INFO module=sched msg="request completed"
2026-03-09 16:19:32 INFO module=api msg="cache warmed up"
2026-03-09 16:20:16 WARN module=net msg="deprecated option used"
2026-03-09 16:22:03 INFO module=disk msg="job scheduled"
2026-03-09 16:23:22 WARN module=db msg="token expires soon"
2026-03-09 16:23:53 INFO module=disk msg="job scheduled"
2026-03-09 16:26:04 ERROR module=disk msg="connection timeout"
2026-03-09 16:27:34 WARN module=net msg="token expires soon"
2026-03-09 16:30:19 DEBUG module=sched msg="retry counter reset"
2026-03-09 16:32:52 INFO module=auth msg="cache warmed up"
2026-03-09 16:33:11 INFO module=net msg="request completed"
2026-03-09 16:33:48 INFO module=sched msg="job scheduled"
2026-03-09 16:34:23 INFO module=net msg="config reloaded"
2026-03-09 16:35:31 INFO module=fs msg="service started"
2026-03-09 16:35:52 DEBUG module=db msg="heartbeat sent"
2026-03-09 16:37:15 DEBUG module=api msg="heartbeat sent"
2026-03-09 16:38:03 INFO module=net msg="config reloaded"
2026-03-09 16:40:49 INFO module=net msg="request completed"
2026-03-09 16:41:34 ERROR module=db msg="no space left on device"
2026-03-09 16:41:45 INFO module=db msg="user logged in"
2026-03-09 16:46:34 WARN module=db msg="slow response"
2026-03-09 16:54:33 INFO module=db msg="job scheduled"
2026-03-09 16:55:09 DEBUG module=db msg="heartbeat sent"
2026-03-09 16:56:38 INFO module=fs msg="job scheduled"
2026-03-09 16:57:09 WARN module=auth msg="retrying request"
2026-03-09 16:57:39 DEBUG module=cache msg="retry counter reset"
2026-03-09 16:58:17 INFO module=net msg="request completed"
2026-03-09 16:59:38 INFO module=db msg="user logged in"
2026-03-09 17:01:07 WARN module=disk msg="slow response"
2026-03-09 17:05:09 ERROR module=disk msg="invalid token"
2026-03-09 17:06:38 INFO module=auth msg="job scheduled"
2026-03-09 17:08:58 INFO module=fs msg="config reloaded"
2026-03-09 17:12:05 DEBUG module=db msg="entering handler"
2026-03-09 17:18:16 DEBUG module=auth msg="retry counter reset"
2026-03-09 17:19:27 DEBUG module=cache msg="entering handler"
2026-03-09 17:20:44 INFO module=net msg="cache warmed up"
2026-03-09 17:20:58 INFO module=auth msg="config reloaded"
2026-03-09 17:23:47 DEBUG module=net msg="retry counter reset"
2026-03-09 17:23:58 INFO module=db msg="service started"
2026-03-09 17:24:01 WARN module=cache msg="deprecated option used"
2026-03-09 17:24:35 INFO module=auth msg="job scheduled"
2026-03-09 17:27:02 INFO module=fs msg="service started"
2026-03-09 17:30:54 DEBUG module=cache msg="entering handler"
2026-03-09 17:31:49 INFO module=cache msg="user logged in"
2026-03-09 17:34:24 INFO module=disk msg="request completed"
2026-03-09 17:35:58 INFO module=api msg="cache warmed up"
2026-03-09 17:36:20 INFO module=sched msg="user logged in"
2026-03-09 17:40:16 WARN module=net msg="disk usage above 80%"
2026-03-09 17:41:45 INFO module=fs msg="cache warmed up"
2026-03-09 17:43:18 DEBUG module=api msg="retry counter reset"
2026-03-09 17:43:40 WARN module=sched msg="token expires soon"
2026-03-09 17:43:45 INFO module=api msg="cache warmed up"
2026-03-09 17:44:48 WARN module=db msg="deprecated option used"
2026-03-09 17:49:05 DEBUG module=cache msg="entering handler"
2026-03-09 17:49:14 ERROR module=db msg="connection timeout"
2026-03-09 17:49:35 INFO module=disk msg="job scheduled"
2026-03-09 17:50:38 INFO module=api msg="user logged in"
2026-03-09 17:50:40 DEBUG module=cache msg="buffer flushed"
2026-03-09 17:53:39 DEBUG module=cache msg="retry counter reset"
2026-03-09 17:55:02 INFO module=auth msg="service started"
2026-03-09 17:55:56 WARN module=db msg="slow response"
2026-03-09 17:57:28 INFO module=auth msg="request completed"
2026-03-09 17:58:19 INFO module=db msg="user logged in"
2026-03-09 17:58:26 INFO module=auth msg="cache warmed up"
2026-03-09 18:00:10 WARN module=db msg="disk usage above 80%"
2026-03-09 18:07:07 INFO module=net msg="service started"
2026-03-09 18:07:19 INFO module=auth msg="user logged in"
2026-03-09 18:08:24 INFO module=api msg="cache warmed up"
2026-03-09 18:08:30 INFO module=api msg="user logged in"
2026-03-09 18:08:52 DEBUG module=sched msg="queue length checked"
2026-03-09 18:10:07 INFO module=fs msg="cache warmed up"
2026-03-09 18:10:35 INFO module=sched msg="request completed"
2026-03-09 18:13:07 INFO module=auth msg="job scheduled"
2026-03-09 18:14:40 INFO module=db msg="job scheduled"
2026-03-09 18:15:25 INFO module=sched msg="config reloaded"
2026-03-09 18:16:38 WARN module=sched msg="deprecated option used"
2026-03-09 18:17:17 INFO module=net msg="user logged in"
2026-03-09 18:17:44 INFO module=net msg="user logged in"
2026-03-09 18:17:52 ERROR module=sched msg="permission denied"
2026-03-09 18:27:02 INFO module=db msg="config reloaded"
2026-03-09 18:28:44 INFO module=net msg="service started"
2026-03-09 18:28:58 INFO module=auth msg="service started"
2026-03-09 18:29:03 INFO module=api msg="user logged in"
2026-03-09 18:32:25 INFO module=api msg="service started"
2026-03-09 18:36:57 DEBUG module=api msg="entering handler"
2026-03-09 18:37:15 INFO module=api msg="user logged in"
2026-03-09 18:39:25 INFO module=disk msg="user logged in"
2026-03-09 18:39:38 DEBUG module=sched msg="buffer flushed"
2026-03-09 18:40:33 INFO module=fs msg="cache warmed up"
2026-03-09 18:41:14 INFO module=api msg="service started"
2026-03-09 18:45:03 INFO module=disk msg="user logged in"
2026-03-09 18:45:41 INFO module=disk msg="job scheduled"
2026-03-09 18:46:14 INFO module=api msg="cache warmed up"
2026-03-09 18:46:44 DEBUG module=sched msg="heartbeat sent"
2026-03-09 18:47:25 WARN module=disk msg="disk usage above 80%"
2026-03-09 18:54:49 WARN module=net msg="token expires soon"
2026-03-09 18:55:38 INFO module=net msg="job scheduled"
2026-03-09 18:57:34 INFO module=sched msg="job scheduled"
2026-03-09 18:57:47 INFO module=api msg="request completed"
2026-03-09 18:59:12 INFO module=net msg="cache warmed up"
2026-03-09 18:59:38 INFO module=net msg="user logged in"
2026-03-09 18:59:52 INFO module=auth msg="config reloaded"
2026-03-09 19:00:35 ERROR module=disk msg="segment read failed"
2026-03-09 19:04:06 INFO module=net msg="user logged in"
2026-03-09 19:05:16 INFO module=db msg="service started"
2026-03-09 19:07:54 INFO module=api msg="cache warmed up"
2026-03-09 19:08:39 INFO module=api msg="request completed"
2026-03-09 19:10:03 DEBUG module=cache msg="heartbeat sent"
2026-03-09 19:10:13 ERROR module=disk msg="query failed"
2026-03-09 19:10:16 INFO module=db msg="config reloaded"
2026-03-09 19:11:57 INFO module=net msg="config reloaded"
2026-03-09 19:14:30 INFO module=db msg="cache warmed up"
2026-03-09 19:14:41 INFO module=auth msg="user logged in"
2026-03-09 19:15:48 WARN module=cache msg="disk usage above 80%"
2026-03-09 19:17:23 WARN module=api msg="disk usage above 80%"
2026-03-09 19:18:23 INFO module=cache msg="cache warmed up"
2026-03-09 19:19:53 INFO module=db msg="request completed"
2026-03-09 19:26:17 INFO module=sched msg="cache warmed up"
2026-03-09 19:26:59 INFO module=db msg="cache warmed up"
2026-03-09 19:32:00 INFO module=net msg="service started"
2026-03-09 19:32:05 INFO module=net msg="config reloaded"
2026-03-09 19:35:23 DEBUG module=cache msg="buffer flushed"
2026-03-09 19:36:41 DEBUG module=db msg="entering handler"
2026-03-09 19:38:52 INFO module=cache msg="request completed"
2026-03-09 19:43:51 INFO module=db msg="cache warmed up"
2026-03-09 19:44:04 INFO module=api msg="user logged in"
2026-03-09 19:45:05 DEBUG module=api msg="heartbeat sent"
2026-03-09 19:45:13 DEBUG module=sched msg="queue length checked"
2026-03-09 19:48:04 INFO module=fs msg="cache warmed up"
2026-03-09 19:49:57 INFO module=fs msg="config reloaded"
2026-03-09 19:54:42 INFO module=fs msg="job scheduled"
2026-03-09 19:55:14 INFO module=cache msg="service started"
2026-03-09 19:55:33 INFO module=net msg="request completed"
2026-03-09 19:55:34 INFO module=db msg="config reloaded"
2026-03-09 19:56:51 WARN module=db msg="disk usage above 80%"
2026-03-09 19:58:28 INFO module=db msg="user logged in"
2026-03-09 20:03:19 WARN module=disk msg="token expires soon"
2026-03-09 20:03:23 INFO module=net msg="config reloaded"
2026-03-09 20:03:37 WARN module=net msg="retrying request"
2026-03-09 20:04:16 INFO module=db msg="request completed"
2026-03-09 20:04:38 INFO module=api msg="service started"
2026-03-09 20:05:08 INFO module=auth msg="cache warmed up"
2026-03-09 20:05:56 DEBUG module=fs msg="retry counter reset"
2026-03-09 20:10:54 INFO module=api msg="user logged in"
2026-03-09 20:11:02 INFO module=db msg="config reloaded"
2026-03-09 20:14:16 INFO module=api msg="config reloaded"
2026-03-09 20:14:52 INFO module=api msg="service started"
2026-03-09 20:16:08 DEBUG module=api msg="retry counter reset"
2026-03-09 20:17:48 INFO module=fs msg="request completed"
2026-03-09 20:17:50 WARN module=db msg="slow response"
2026-03-09 20:21:30 INFO module=disk msg="cache warmed up"
2026-03-09 20:23:03 INFO module=disk msg="config reloaded"
2026-03-09 20:25:24 ERROR module=net msg="no space left on device"
2026-03-09 20:25:38 ERROR module=sched msg="no space left on device"
2026-03-09 20:26:50 INFO module=disk msg="cache warmed up"
2026-03-09 20:29:19 INFO module=net msg="request completed"
2026-03-09 20:31:00 DEBUG module=db msg="heartbeat sent"
2026-03-09 20:36:23 INFO module=fs msg="config reloaded"
2026-03-09 20:36:59 ERROR module=net msg="segment read failed"
2026-03-09 20:37:55 WARN module=net msg="deprecated option used"
2026-03-09 20:38:21 WARN module=cache msg="disk usage above 80%"
2026-03-09 20:39:30 WARN module=net msg="retrying request"
2026-03-09 20:39:44 INFO module=db msg="cache warmed up"
2026-03-09 20:39:55 WARN module=cache msg="disk usage above 80%"
2026-03-09 20:46:53 INFO module=db msg="request completed"
2026-03-09 20:46:57 INFO module=disk msg="cache warmed up"
2026-03-09 20:50:54 DEBUG module=api msg="retry counter reset"
2026-03-09 20:52:24 INFO module=db msg="config reloaded"
2026-03-09 20:58:31 INFO module=db msg="job scheduled"
2026-03-09 20:59:57 INFO module=net msg="user logged in"
2026-03-09 21:00:22 DEBUG module=api msg="entering handler"
2026-03-09 21:01:19 ERROR module=auth msg="segment read failed"
2026-03-09 21:02:54 INFO module=db msg="config reloaded"
2026-03-09 21:06:49 WARN module=cache msg="disk usage above 80%"
2026-03-09 21:07:04 WARN module=cache msg="token expires soon"
2026-03-09 21:10:48 INFO module=api msg="user logged in"
2026-03-09 21:11:28 WARN module=net msg="disk usage above 80%"
2026-03-09 21:12:56 INFO module=auth msg="request completed"
2026-03-09 21:13:45 INFO module=net msg="service started"
2026-03-09 21:15:44 INFO module=api msg="request completed"
2026-03-09 21:16:18 WARN module=db msg="slow response"
2026-03-09 21:16:40 INFO module=sched msg="service started"
2026-03-09 21:19:59 ERROR module=sched msg="segment read failed"
2026-03-09 21:20:10 WARN module=cache msg="token expires soon"
2026-03-09 21:22:37 DEBUG module=cache msg="entering handler"
2026-03-09 21:22:55 INFO module=net msg="config reloaded"
2026-03-09 21:25:33 INFO module=cache msg="user logged in"
2026-03-09 21:26:34 INFO module=api msg="request completed"
2026-03-09 21:28:23 INFO module=disk msg="cache warmed up"
2026-03-09 21:30:04 WARN module=db msg="token expires soon"
2026-03-09 21:31:04 DEBUG module=cache msg="entering handler"
2026-03-09 21:33:09 DEBUG module=disk msg="retry counter reset"
2026-03-09 21:33:14 DEBUG module=auth msg="buffer flushed"
2026-03-09 21:39:03 INFO module=api msg="cache warmed up"
2026-03-09 21:40:28 WARN module=cache msg="token expires soon"
2026-03-09 21:40:35 WARN module=api msg="retrying request"
2026-03-09 21:41:19 INFO module=net msg="service started"
2026-03-09 21:41:43 DEBUG module=fs msg="queue length checked"
2026-03-09 21:42:29 DEBUG module=db msg="retry counter reset"
2026-03-09 21:43:04 ERROR module=net msg="invalid token"
2026-03-09 21:52:20 INFO module=db msg="request completed"
2026-03-09 21:58:14 INFO module=db msg="service started"
2026-03-09 21:58:56 INFO module=api msg="config reloaded"
2026-03-09 21:59:20 INFO module=disk msg="config reloaded"
2026-03-09 21:59:31 DEBUG module=net msg="entering handler"
2026-03-09 22:00:11 INFO module=db msg="service started"
2026-03-09 22:00:55 INFO module=fs msg="cache warmed up"
2026-03-09 22:01:22 INFO module=auth msg="service started"
2026-03-09 22:04:08 INFO module=api msg="request completed"
2026-03-09 22:05:42 INFO module=api msg="cache warmed up"
2026-03-09 22:07:17 INFO module=api msg="request completed"
2026-03-09 22:08:05 INFO module=cache msg="job scheduled"
2026-03-09 22:08:36 WARN module=net msg="deprecated option used"
2026-03-09 22:09:25 INFO module=auth msg="job scheduled"
2026-03-09 22:09:33 INFO module=net msg="service started"
2026-03-09 22:09:59 INFO module=disk msg="job scheduled"
2026-03-09 22:11:30 INFO module=cache msg="service started"
2026-03-09 22:13:05 INFO module=fs msg="service started"
2026-03-09 22:14:52 INFO module=db msg="config reloaded"
2026-03-09 22:21:09 WARN module=disk msg="slow response"
2026-03-09 22:21:16 INFO module=sched msg="service started"
2026-03-09 22:21:52 INFO module=api msg="service started"
2026-03-09 22:22:27 INFO module=sched msg="service started"
2026-03-09 22:22:57 INFO module=auth msg="service started"
2026-03-09 22:24:15 INFO module=sched msg="cache warmed up"
2026-03-09 22:26:27 INFO module=cache msg="service started"
2026-03-09 22:26:44 WARN module=disk msg="disk usage above 80%"
2026-03-09 22:28:34 INFO module=auth msg="cache warmed up"
2026-03-09 22:29:07 INFO module=db msg="user logged in"
2026-03-09 22:29:29 DEBUG module=db msg="heartbeat sent"
2026-03-09 22:30:23 INFO module=auth msg="request completed"
2026-03-09 22:30:27 INFO module=cache msg="job scheduled"
2026-03-09 22:31:14 INFO module=disk msg="cache warmed up"
2026-03-09 22:33:31 INFO module=sched msg="request completed"
2026-03-09 22:34:32 INFO module=cache msg="service started"
2026-03-09 22:36:37 WARN module=disk msg="slow response"
2026-03-09 22:42:32 INFO module=net msg="service started"
2026-03-09 22:42:59 WARN module=fs msg="deprecated option used"
2026-03-09 22:44:27 INFO module=auth msg="job scheduled"
2026-03-09 22:44:42 INFO module=disk msg="request completed"
2026-03-09 22:45:13 WARN module=db msg="disk usage above 80%"
2026-03-09 22:47:02 INFO module=net msg="service started"
2026-03-09 22:47:45 INFO module=disk msg="user logged in"
2026-03-09 22:48:04 INFO module=disk msg="job scheduled"
2026-03-09 22:48:50 INFO module=net msg="user logged in"
2026-03-09 22:50:39 ERROR module=db msg="query failed"
2026-03-09 22:52:33 INFO module=fs msg="job scheduled"
2026-03-09 22:53:34 WARN module=net msg="slow response"
2026-03-09 22:55:49 INFO module=auth msg="config reloaded"
2026-03-09 22:56:32 DEBUG module=cache msg="buffer flushed"
2026-03-09 22:57:15 INFO module=db msg="job scheduled"
2026-03-09 23:02:07 INFO module=fs msg="service started"
2026-03-09 23:03:05 WARN module=net msg="token expires soon"
2026-03-09 23:04:27 ERROR module=fs msg="invalid token"
2026-03-09 23:11:54 DEBUG module=api msg="buffer flushed"
2026-03-09 23:13:03 ERROR module=net msg="segment read failed"
2026-03-09 23:14:16 DEBUG module=cache msg="retry counter reset"
2026-03-09 23:15:10 WARN module=db msg="token expires soon"
2026-03-09 23:16:40 INFO module=api msg="config reloaded"
2026-03-09 23:17:30 ERROR module=api msg="connection timeout"
2026-03-09 23:20:02 WARN module=fs msg="disk usage above 80%"
2026-03-09 23:21:15 INFO module=auth msg="cache warmed up"
2026-03-09 23:22:07 INFO module=disk msg="request completed"
2026-03-09 23:22:33 INFO module=auth msg="service started"
2026-03-09 23:24:41 WARN module=auth msg="disk usage above 80%"
2026-03-09 23:26:03 INFO module=sched msg="user logged in"
2026-03-09 23:26:18 INFO module=api msg="job scheduled"
2026-03-09 23:26:53 WARN module=net msg="token expires soon"
2026-03-09 23:31:31 INFO module=disk msg="user logged in"
2026-03-09 23:34:32 INFO module=sched msg="service started"
2026-03-09 23:36:05 DEBUG module=api msg="queue length checked"
2026-03-09 23:36:06 INFO module=db msg="service started"
2026-03-09 23:41:53 WARN module=net msg="deprecated option used"
2026-03-09 23:45:24 DEBUG module=auth msg="buffer flushed"
2026-03-09 23:47:47 INFO module=fs msg="request completed"
2026-03-09 23:52:33 INFO module=disk msg="request completed"
2026-03-09 23:54:38 WARN module=fs msg="slow response"
2026-03-09 23:56:04 INFO module=net msg="request completed"
2026-03-09 23:59:51 INFO module=auth msg="cache warmed up"
