2026-03-10 00:01:12 INFO module=cache msg="user logged in"
2026-03-10 00:03:17 INFO module=sched msg="service started"
2026-03-10 00:16:08 INFO module=cache msg="config reloaded"
2026-03-10 00:20:36 INFO module=auth msg="config reloaded"
2026-03-10 00:28:30 INFO module=db msg="job scheduled"
2026-03-10 00:36:59 DEBUG module=cache msg="entering handler"
2026-03-10 00:42:06 DEBUG module=fs msg="entering handler"
2026-03-10 00:42:29 ERROR module=disk msg="query failed"
2026-03-10 00:42:51 INFO module=api msg="user logged in"
2026-03-10 00:46:13 ERROR module=fs msg="connection timeout"
2026-03-10 00:46:23 INFO module=net msg="config reloaded"
2026-03-10 00:46:27 INFO module=net msg="job scheduled"
2026-03-10 00:55:10 INFO module=net msg="cache warmed up"
2026-03-10 00:57:46 WARN module=net msg="retrying request"
2026-03-10 01:00:52 INFO module=disk msg="job scheduled"
2026-03-10 01:04:24 INFO module=fs msg="request completed"
2026-03-10 01:07:21 WARN module=net msg="disk usage above 80%"
2026-03-10 01:07:28 INFO module=db msg="service started"
2026-03-10 01:13:14 INFO module=sched msg="job scheduled"
2026-03-10 01:18:45 INFO module=auth msg="config reloaded"
2026-03-10 01:35:57 WARN module=net msg="token expires soon"
2026-03-10 01:52:43 INFO module=auth msg="cache warmed up"
2026-03-10 01:55:57 INFO module=net msg="config reloaded"
2026-03-10 01:59:02 DEBUG module=fs msg="buffer flushed"
2026-03-10 02:00:10 WARN module=api msg="retrying request"
2026-03-10 02:01:24 INFO module=auth msg="user logged in"
2026-03-10 02:01:48 WARN module=sched msg="deprecated option used"
2026-03-10 02:06:01 ERROR module=disk msg="query failed"
2026-03-10 02:07:44 DEBUG module=cache msg="retry counter reset"
2026-03-10 02:08:39 DEBUG module=sched msg="buffer flushed"
2026-03-10 02:10:02 WARN module=cache msg="slow response"
2026-03-10 02:16:55 DEBUG module=fs msg="queue length checked"
2026-03-10 02:20:43 WARN module=disk msg="retrying request"
2026-03-10 02:21:25 DEBUG module=net msg="retry counter reset"
2026-03-10 02:22:19 INFO module=net msg="config reloaded"
2026-03-10 02:29:55 INFO module=auth msg="cache warmed up"
2026-03-10 02:35:41 WARN module=net msg="slow response"
2026-03-10 02:38:59 DEBUG module=api msg="entering handler"
2026-03-10 02:46:12 ERROR module=auth msg="query failed"
2026-03-10 02:47:46 INFO module=auth msg="request completed"
2026-03-10 02:55:03 WARN module=fs msg="slow response"
2026-03-10 02:58:59 INFO module=auth msg="request completed"
2026-03-10 03:01:37 DEBUG module=db msg="queue length checked"
2026-03-10 03:04:09 INFO module=auth msg="cache warmed up"
2026-03-10 03:09:49 DEBUG module=api msg="buffer flushed"
2026-03-10 03:19:40 INFO module=net msg="service started"
2026-03-10 03:23:19 ERROR module=db msg="segment read failed"
2026-03-10 03:30:57 WARN module=db msg="disk usage above 80%"
2026-03-10 03:34:43 INFO module=fs msg="cache warmed up"
2026-03-10 03:37:27 INFO module=auth msg="config reloaded"
2026-03-10 03:48:30 INFO module=db msg="cache warmed up"
2026-03-10 04:03:11 INFO module=disk msg="job scheduled"
2026-03-10 04:05:40 INFO module=disk msg="cache warmed up"
2026-03-10 04:14:22 INFO module=disk msg="config reloaded"
2026-03-10 04:17:13 INFO module=api msg="job scheduled"
2026-03-10 04:18:10 INFO module=net msg="cache warmed up"
2026-03-10 04:18:12 DEBUG module=cache msg="queue length checked"
2026-03-10 04:19:02 ERROR module=db msg="no space left on device"
2026-03-10 04:19:16 INFO module=db msg="job scheduled"
2026-03-10 04:20:11 INFO module=auth msg="job scheduled"
2026-03-10 04:20:24 INFO module=fs msg="job scheduled"
2026-03-10 04:24:14 WARN module=disk msg="slow response"
2026-03-10 04:26:41 ERROR module=net msg="connection timeout"
2026-03-10 04:28:01 INFO module=auth msg="request completed"
2026-03-10 04:30:32 DEBUG module=fs msg="heartbeat sent"
2026-03-10 04:30:51 INFO module=net msg="config reloaded"
2026-03-10 04:36:26 INFO module=api msg="config reloaded"
2026-03-10 04:38:59 INFO module=disk msg="config reloaded"
2026-03-10 04:42:05 INFO module=fs msg="request completed"
2026-03-10 04:46:58 DEBUG module=db msg="queue length checked"
2026-03-10 04:47:47 INFO module=net msg="user logged in"
2026-03-10 04:50:19 DEBUG module=fs msg="buffer flushed"
2026-03-10 04:50:23 INFO module=net msg="job scheduled"
2026-03-10 05:00:52 INFO module=db msg="user logged in"
2026-03-10 05:03:07 INFO module=db msg="service started"
2026-03-10 05:06:33 INFO module=api msg="service started"
2026-03-10 05:08:12 INFO module=auth msg="user logged in"
2026-03-10 05:10:23 INFO module=auth msg="job scheduled"
2026-03-10 05:12:58 INFO module=disk msg="cache warmed up"
2026-03-10 05:16:25 INFO module=auth msg="service started"
2026-03-10 05:16:58 WARN module=db msg="deprecated option used"
2026-03-10 05:24:31 INFO module=fs msg="job scheduled"
2026-03-10 05:25:02 INFO module=db msg="service started"
2026-03-10 05:25:21 INFO module=auth msg="job scheduled"
2026-03-10 05:34:36 INFO module=cache msg="request completed"
2026-03-10 05:35:33 WARN module=db msg="token expires soon"
2026-03-10 05:44:17 INFO module=cache msg="config reloaded"
2026-03-10 05:47:19 WARN module=auth msg="deprecated option used"
2026-03-10 05:47:30 INFO module=auth msg="config reloaded"
2026-03-10 05:54:03 INFO module=net msg="job scheduled"
2026-03-10 05:54:45 DEBUG module=disk msg="buffer flushed"
2026-03-10 05:54:57 INFO module=fs msg="cache warmed up"
2026-03-10 06:03:52 INFO module=auth msg="job scheduled"
2026-03-10 06:04:59 WARN module=fs msg="deprecated option used"
2026-03-10 06:15:39 INFO module=fs msg="service started"
2026-03-10 06:19:56 WARN module=disk msg="slow response"
2026-03-10 06:38:53 INFO module=cache msg="request completed"
2026-03-10 06:39:17 DEBUG module=net msg="entering handler"
2026-03-10 06:48:08 INFO module=db msg="config reloaded"
2026-03-10 06:51:02 INFO module=api msg="cache warmed up"
2026-03-10 06:56:53 INFO module=net msg="config reloaded"
2026-03-10 07:00:11 DEBUG module=disk msg="queue length checked"
2026-03-10 07:02:07 ERROR module=db msg="segment read failed"
2026-03-10 07:02:12 INFO module=api msg="job scheduled"
2026-03-10 07:04:22 INFO module=auth msg="request completed"
2026-03-10 07:22:06 INFO module=db msg="config reloaded"
2026-03-10 07:23:39 INFO module=api msg="request completed"
2026-03-10 07:23:52 INFO module=disk msg="config reloaded"
2026-03-10 07:23:57 INFO module=api msg="service started"
2026-03-10 07:26:34 DEBUG module=api msg="queue length checked"
2026-03-10 07:37:29 INFO module=api msg="service started"
2026-03-10 07:37:53 INFO module=sched msg="request completed"
2026-03-10 07:43:45 WARN module=auth msg="disk usage above 80%"
2026-03-10 07:46:42 INFO module=fs msg="request completed"
2026-03-10 07:52:02 INFO module=fs msg="user logged in"
2026-03-10 07:52:32 INFO module=auth msg="service started"
2026-03-10 07:54:04 INFO module=api msg="cache warmed up"
2026-03-10 07:55:49 INFO module=api msg="cache warmed up"
2026-03-10 07:56:19 INFO module=net msg="service started"
2026-03-10 08:01:13 DEBUG module=auth msg="heartbeat sent"
2026-03-10 08:01:26 DEBUG module=db msg="retry counter reset"
2026-03-10 08:07:44 INFO module=sched msg="config reloaded"
2026-03-10 08:09:53 WARN module=db msg="retrying request"
2026-03-10 08:15:23 ERROR module=auth msg="invalid token"
2026-03-10 08:15:53 DEBUG module=net msg="retry counter reset"
2026-03-10 08:17:55 INFO module=disk msg="cache warmed up"
2026-03-10 08:18:06 INFO module=net msg="cache warmed up"
2026-03-10 08:19:57 WARN module=disk msg="deprecated option used"
2026-03-10 08:25:51 DEBUG module=net msg="entering handler"
2026-03-10 08:32:41 INFO module=api msg="user logged in"
2026-03-10 08:36:04 WARN module=disk msg="disk usage above 80%"
2026-03-10 08:41:44 DEBUG module=cache msg="retry counter reset"
2026-03-10 08:42:29 INFO module=api msg="user logged in"
2026-03-10 08:42:35 INFO module=api msg="service started"
2026-03-10 08:43:52 WARN module=cache msg="retrying request"
2026-03-10 08:51:35 INFO module=fs msg="user logged in"
2026-03-10 08:58:49 WARN module=net msg="retrying request"
2026-03-10 09:02:51 WARN module=cache msg="disk usage above 80%"
2026-03-10 09:05:40 INFO module=sched msg="cache warmed up"
2026-03-10 09:07:00 INFO module=disk msg="cache warmed up"
2026-03-10 09:07:58 INFO module=disk msg="user logged in"
2026-03-10 09:10:46 DEBUG module=api msg="buffer flushed"
2026-03-10 09:12:30 INFO module=api msg="user logged in"
2026-03-10 09:13:56 INFO module=cache msg="cache warmed up"
2026-03-10 09:15:18 WARN module=disk msg="slow response"
2026-03-10 09:17:18 INFO module=cache msg="user logged in"
2026-03-10 09:28:02 INFO module=api msg="config reloaded"
2026-03-10 09:29:44 INFO module=api msg="job scheduled"
2026-03-10 09:31:07 WARN module=cache msg="token expires soon"
2026-03-10 09:32:58 INFO module=sched msg="service started"
2026-03-10 09:33:29 INFO module=net msg="request completed"
2026-03-10 09:34:19 INFO module=disk msg="user logged in"
2026-03-10 09:49:27 INFO module=net msg="request completed"
2026-03-10 09:58:57 INFO module=disk msg="request completed"
2026-03-10 10:02:20 INFO module=net msg="request completed"
2026-03-10 10:04:35 DEBUG module=disk msg="retry counter reset"
2026-03-10 10:04:41 INFO module=db msg="request completed"
2026-03-10 10:05:41 WARN module=net msg="deprecated option used"
2026-03-10 10:05:44 WARN module=sched msg="slow response"
2026-03-10 10:09:09 INFO module=net msg="config reloaded"
2026-03-10 10:17:49 INFO module=disk msg="request completed"
2026-03-10 10:18:12 DEBUG module=cache msg="heartbeat sent"
2026-03-10 10:25:40 WARN module=fs msg="deprecated option used"
2026-03-10 10:25:41 WARN module=db msg="token expires soon"
2026-03-10 10:26:15 INFO module=auth msg="config reloaded"
2026-03-10 10:28:56 INFO module=db msg="service started"
2026-03-10 10:30:05 INFO module=sched msg="user logged in"
2026-03-10 10:35:19 INFO module=db msg="request completed"
2026-03-10 10:42:53 INFO module=fs msg="service started"
2026-03-10 10:50:52 DEBUG module=cache msg="queue length checked"
2026-03-10 10:52:23 INFO module=net msg="config reloaded"
2026-03-10 10:57:28 WARN module=db msg="deprecated option used"
2026-03-10 10:58:15 INFO module=net msg="config reloaded"
2026-03-10 11:02:48 ERROR module=disk msg="no space left on device"
2026-03-10 11:09:47 INFO module=db msg="user logged in"
2026-03-10 11:13:06 INFO module=auth msg="job scheduled"
2026-03-10 11:23:06 INFO module=db msg="service started"
2026-03-10 11:34:08 INFO module=api msg="service started"
2026-03-10 11:35:55 INFO module=disk msg="config reloaded"
2026-03-10 11:36:19 DEBUG module=auth msg="buffer flushed"
2026-03-10 11:40:37 DEBUG module=sched msg="buffer flushed"
2026-03-10 11:42:34 WARN module=net msg="deprecated option used"
2026-03-10 11:43:42 ERROR module=auth msg="query failed"
2026-03-10 11:45:13 ERROR module=net msg="segment read failed"
2026-03-10 11:52:25 INFO module=net msg="request completed"
2026-03-10 11:57:38 INFO module=auth msg="config reloaded"
2026-03-10 12:04:21 INFO module=net msg="request completed"
2026-03-10 12:11:36 INFO module=disk msg="request completed"
2026-03-10 12:12:17 INFO module=db msg="cache warmed up"
2026-03-10 12:25:25 DEBUG module=db msg="entering handler"
2026-03-10 12:33:55 INFO module=net msg="job scheduled"
2026-03-10 12:41:54 INFO module=api msg="request completed"
2026-03-10 12:42:14 WARN module=db msg="retrying request"
2026-03-10 12:43:22 DEBUG module=fs msg="retry counter reset"
2026-03-10 12:44:28 INFO module=auth msg="user logged in"
2026-03-10 12:57:41 DEBUG module=db msg="entering handler"
2026-03-10 12:57:54 INFO module=cache msg="job scheduled"
2026-03-10 13:09:53 DEBUG module=disk msg="queue length checked"
2026-03-10 13:12:13 DEBUG module=cache msg="entering handler"
2026-03-10 13:15:21 INFO module=net msg="user logged in"
2026-03-10 13:20:09 INFO module=api msg="user logged in"
2026-03-10 13:20:51 WARN module=cache msg="token expires soon"
2026-03-10 13:24:16 INFO module=db msg="user logged in"
2026-03-10 13:26:32 INFO module=disk msg="config reloaded"
2026-03-10 13:26:34 INFO module=disk msg="job scheduled"
2026-03-10 13:27:12 WARN module=cache msg="slow response"
2026-03-10 13:33:37 DEBUG module=net msg="retry counter reset"
2026-03-10 13:36:26 INFO module=db msg="request completed"
2026-03-10 13:41:06 WARN module=db msg="slow response"
2026-03-10 13:41:24 DEBUG module=sched msg="retry counter reset"
2026-03-10 13:42:20 DEBUG module=sched msg="queue length checked"
2026-03-10 13:42:30 INFO module=db msg="cache warmed up"
2026-03-10 13:44:35 INFO module=api msg="job scheduled"
2026-03-10 13:51:04 WARN module=net msg="token expires soon"
2026-03-10 13:52:42 INFO module=net msg="user logged in"
2026-03-10 13:55:05 DEBUG module=cache msg="buffer flushed"
2026-03-10 13:56:25 WARN module=net msg="token expires soon"
2026-03-10 13:57:36 ERROR module=api msg="segment read failed"
2026-03-10 13:58:15 WARN module=disk msg="deprecated option used"
2026-03-10 14:02:10 WARN module=cache msg="retrying request"
2026-03-10 14:02:46 DEBUG module=net msg="buffer flushed"
2026-03-10 14:06:52 WARN module=api msg="slow response"
2026-03-10 14:10:52 INFO module=db msg="cache warmed up"
2026-03-10 14:11:13 INFO module=sched msg="config reloaded"
2026-03-10 14:12:15 INFO module=cache msg="service started"
2026-03-10 14:15:57 INFO module=api msg="request completed"
2026-03-10 14:21:55 DEBUG module=auth msg="entering handler"
2026-03-10 14:23:27 INFO module=sched msg="service started"
2026-03-10 14:25:53 INFO module=api msg="job scheduled"
2026-03-10 14:29:54 INFO module=disk msg="cache warmed up"
2026-03-10 14:30:23 DEBUG module=cache msg="entering handler"
2026-03-10 14:39:11 INFO module=sched msg="job scheduled"
2026-03-10 14:39:27 INFO module=auth msg="user logged in"
2026-03-10 14:51:11 INFO module=fs msg="cache warmed up"
2026-03-10 14:54:49 DEBUG module=sched msg="entering handler"
2026-03-10 14:56:10 INFO module=db msg="config reloaded"
2026-03-10 15:00:53 INFO module=fs msg="user logged in"
2026-03-10 15:04:31 INFO module=fs msg="service started"
2026-03-10 15:04:38 INFO module=auth msg="request completed"
2026-03-10 15:11:58 INFO module=sched msg="service started"
2026-03-10 15:12:51 INFO module=api msg="request completed"
2026-03-10 15:18:06 DEBUG module=disk msg="heartbeat sent"
2026-03-10 15:19:24 WARN module=db msg="retrying request"
2026-03-10 15:28:30 DEBUG module=db msg="queue length checked"
2026-03-10 15:28:47 INFO module=cache msg="request completed"
2026-03-10 15:34:51 INFO module=auth msg="service started"
2026-03-10 15:35:08 WARN module=net msg="deprecated option used"
2026-03-10 15:37:13 DEBUG module=net msg="queue length checked"
2026-03-10 15:39:44 INFO module=sched msg="request completed"
2026-03-10 15:41:46 INFO module=auth msg="request completed"
2026-03-10 16:02:16 INFO module=db msg="cache warmed up"
2026-03-10 16:02:57 DEBUG module=api msg="retry counter reset"
2026-03-10 16:12:20 INFO module=db msg="config reloaded"
2026-03-10 16:14:09 INFO module=auth msg="service started"
2026-03-10 16:31:13 WARN module=disk msg="token expires soon"
2026-03-10 16:46:15 WARN module=cache msg="deprecated option used"
2026-03-10 16:48:01 INFO module=db msg="cache warmed up"
2026-03-10 16:49:18 INFO module=auth msg="job scheduled"
2026-03-10 16:50:56 DEBUG module=net msg="heartbeat sent"
2026-03-10 17:02:42 ERROR module=cache msg="connection refused"
2026-03-10 17:08:01 INFO module=sched msg="config reloaded"
2026-03-10 17:08:22 INFO module=sched msg="request completed"
2026-03-10 17:10:36 INFO module=api msg="service started"
2026-03-10 17:20:06 DEBUG module=auth msg="entering handler"
2026-03-10 17:22:34 DEBUG module=sched msg="entering handler"
2026-03-10 17:25:22 INFO module=net msg="request completed"
2026-03-10 17:30:02 INFO module=net msg="request completed"
2026-03-10 17:37:55 WARN module=disk msg="token expires soon"
2026-03-10 17:39:09 INFO module=auth msg="job scheduled"
2026-03-10 17:52:17 INFO module=auth msg="cache warmed up"
2026-03-10 18:02:06 INFO module=net msg="config reloaded"
2026-03-10 18:05:25 INFO module=api msg="config reloaded"
2026-03-10 18:07:08 INFO module=net msg="job scheduled"
2026-03-10 18:10:36 ERROR module=net msg="invalid token"
2026-03-10 18:11:07 INFO module=net msg="job scheduled"
2026-03-10 18:13:56 INFO module=db msg="job scheduled"
2026-03-10 18:16:00 DEBUG module=api msg="buffer flushed"
2026-03-10 18:21:02 DEBUG module=cache msg="buffer flushed"
2026-03-10 18:22:05 INFO module=db msg="service started"
2026-03-10 18:23:11 INFO module=fs msg="config reloaded"
2026-03-10 18:25:17 INFO module=net msg="config reloaded"
2026-03-10 18:29:08 INFO module=cache msg="user logged in"
2026-03-10 18:42:07 WARN module=db msg="disk usage above 80%"
2026-03-10 18:55:35 WARN module=cache msg="token expires soon"
2026-03-10 19:02:01 INFO module=disk msg="cache warmed up"
2026-03-10 19:02:07 ERROR module=auth msg="permission denied"
2026-03-10 19:08:57 DEBUG module=net msg="heartbeat sent"
2026-03-10 19:10:09 INFO module=db msg="request completed"
2026-03-10 19:10:16 DEBUG module=sched msg="buffer flushed"
2026-03-10 19:13:20 INFO module=net msg="config reloaded"
2026-03-10 19:14:24 INFO module=api msg="service started"
2026-03-10 19:26:15 INFO module=net msg="job scheduled"
2026-03-10 19:30:41 DEBUG module=api msg="buffer flushed"
2026-03-10 19:33:11 INFO module=sched msg="request completed"
2026-03-10 19:37:48 INFO module=api msg="config reloaded"
2026-03-10 19:38:02 WARN module=net msg="slow response"
2026-03-10 19:41:48 INFO module=cache msg="user logged in"
2026-03-10 19:47:12 INFO module=db msg="request completed"
2026-03-10 19:48:11 DEBUG module=api msg="queue length checked"
2026-03-10 19:49:35 DEBUG module=db msg="retry counter reset"
2026-03-10 19:56:21 INFO module=auth msg="user logged in"
2026-03-10 19:59:44 WARN module=api msg="retrying request"
2026-03-10 20:11:58 INFO module=api msg="request completed"
2026-03-10 20:19:43 INFO module=db msg="request completed"
2026-03-10 20:40:49 INFO module=db msg="service started"
2026-03-10 20:42:24 INFO module=disk msg="user logged in"
2026-03-10 20:46:47 INFO module=disk msg="user logged in"
2026-03-10 21:04:26 INFO module=db msg="user logged in"
2026-03-10 21:09:50 DEBUG module=auth msg="retry counter reset"
2026-03-10 21:10:05 WARN module=db msg="token expires soon"
2026-03-10 21:17:02 WARN module=disk msg="token expires soon"
2026-03-10 21:30:10 INFO module=sched msg="cache warmed up"
2026-03-10 21:38:36 ERROR module=auth msg="connection refused"
2026-03-10 21:58:06 INFO module=net msg="cache warmed up"
2026-03-10 22:01:14 INFO module=net msg="service started"
2026-03-10 22:04:32 DEBUG module=net msg="entering handler"
2026-03-10 22:05:13 INFO module=api msg="config reloaded"
2026-03-10 22:07:18 INFO module=api msg="config reloaded"
2026-03-10 22:07:31 WARN module=auth msg="deprecated option used"
2026-03-10 22:11:40 WARN module=net msg="deprecated option used"
2026-03-10 22:28:35 INFO module=net msg="config reloaded"
2026-03-10 22:28:59 DEBUG module=sched msg="entering handler"
2026-03-10 22:33:44 WARN module=net msg="token expires soon"
2026-03-10 22:36:09 INFO module=fs msg="service started"
2026-03-10 23:06:25 ERROR module=db msg="no space left on device"
2026-03-10 23:07:25 INFO module=auth msg="request completed"
2026-03-10 23:16:47 INFO module=api msg="service started"
2026-03-10 23:18:29 INFO module=fs msg="user logged in"
2026-03-10 23:26:21 INFO module=auth msg="user logged in"
2026-03-10 23:28:20 INFO module=db msg="cache warmed up"
2026-03-10 23:28:35 DEBUG module=disk msg="retry counter reset"
2026-03-10 23:29:12 ERROR module=disk msg="connection timeout"
2026-03-10 23:37:36 INFO module=cache msg="config reloaded"
2026-03-10 23:40:07 DEBUG module=disk msg="queue length checked"
2026-03-10 23:51:57 INFO module=net msg="request completed"
