2026-03-15 00:00:23 WARN module=cache msg="retrying request"
2026-03-15 00:01:47 INFO module=disk msg="request completed"
2026-03-15 00:02:57 WARN module=cache msg="slow response"
2026-03-15 00:03:13 INFO module=cache msg="cache warmed up"
2026-03-15 00:04:19 INFO module=api msg="user logged in"
2026-03-15 00:04:42 WARN module=auth msg="retrying request"
2026-03-15 00:06:39 DEBUG module=net msg="retry counter reset"
2026-03-15 00:07:04 INFO module=sched msg="job scheduled"
2026-03-15 00:07:12 WARN module=disk msg="disk usage above 80%"
2026-03-15 00:11:31 ERROR module=net msg="invalid token"
2026-03-15 00:11:46 WARN module=cache msg="retrying request"
2026-03-15 00:13:06 INFO module=auth msg="service started"
2026-03-15 00:17:19 WARN module=api msg="token expires soon"
2026-03-15 00:19:47 DEBUG module=db msg="heartbeat sent"
2026-03-15 00:20:46 WARN module=net msg="disk usage above 80%"
2026-03-15 00:21:09 WARN module=db msg="token expires soon"
2026-03-15 00:22:21 ERROR module=db msg="invalid token"
2026-03-15 00:22:49 INFO module=net msg="user logged in"
2026-03-15 00:26:35 WARN module=cache msg="disk usage above 80%"
2026-03-15 00:27:48 INFO module=net msg="config reloaded"
2026-03-15 00:29:21 WARN module=auth msg="slow response"
2026-03-15 00:30:01 WARN module=disk msg="slow response"
2026-03-15 00:30:33 INFO module=net msg="request completed"
2026-03-15 00:33:47 INFO module=fs msg="job scheduled"
2026-03-15 00:34:43 INFO module=db msg="service started"
2026-03-15 00:35:44 DEBUG module=db msg="queue length checked"
2026-03-15 00:41:17 INFO module=auth msg="service started"
2026-03-15 00:41:27 DEBUG module=db msg="buffer flushed"
2026-03-15 00:43:36 DEBUG module=disk msg="heartbeat sent"
2026-03-15 00:46:55 INFO module=net msg="service started"
2026-03-15 00:48:29 DEBUG module=cache msg="heartbeat sent"
2026-03-15 00:50:23 DEBUG module=sched msg="entering handler"
2026-03-15 00:50:24 WARN module=api msg="slow response"
2026-03-15 00:54:15 WARN module=cache msg="token expires soon"
2026-03-15 00:55:38 INFO module=disk msg="request completed"
2026-03-15 00:55:54 WARN module=cache msg="token expires soon"
2026-03-15 00:57:01 WARN module=disk msg="retrying request"
2026-03-15 00:58:04 DEBUG module=db msg="queue length checked"
2026-03-15 00:59:06 INFO module=cache msg="request completed"
2026-03-15 00:59:58 INFO module=disk msg="config reloaded"
2026-03-15 01:01:49 INFO module=disk msg="cache warmed up"
2026-03-15 01:04:36 INFO module=api msg="job scheduled"
2026-03-15 01:04:54 INFO module=net msg="job scheduled"
2026-03-15 01:08:05 INFO module=net msg="cache warmed up"
2026-03-15 01:10:00 INFO module=api msg="service started"
2026-03-15 01:10:07 INFO module=api msg="user logged in"
2026-03-15 01:11:52 INFO module=net msg="service started"
2026-03-15 01:14:36 INFO module=auth msg="cache warmed up"
2026-03-15 01:16:20 DEBUG module=cache msg="heartbeat sent"
2026-03-15 01:16:45 WARN module=db msg="retrying request"
2026-03-15 01:19:56 INFO module=cache msg="cache warmed up"
2026-03-15 01:21:46 INFO module=db msg="job scheduled"
2026-03-15 01:21:56 INFO module=fs msg="job scheduled"
2026-03-15 01:26:47 INFO module=net msg="request completed"
2026-03-15 01:27:07 INFO module=sched msg="config reloaded"
2026-03-15 01:27:10 INFO module=api msg="cache warmed up"
2026-03-15 01:27:11 ERROR module=net msg="invalid token"
2026-03-15 01:32:02 INFO module=net msg="job scheduled"
2026-03-15 01:32:09 INFO module=auth msg="service started"
2026-03-15 01:34:05 INFO module=auth msg="user logged in"
2026-03-15 01:36:12 ERROR module=auth msg="segment read failed"
2026-03-15 01:37:15 INFO module=sched msg="config reloaded"
2026-03-15 01:39:27 DEBUG module=disk msg="heartbeat sent"
2026-03-15 01:40:05 INFO module=sched msg="request completed"
2026-03-15 01:42:09 WARN module=cache msg="slow response"
2026-03-15 01:43:29 ERROR module=net msg="connection timeout"
2026-03-15 01:45:28 INFO module=auth msg="cache warmed up"
2026-03-15 01:51:06 WARN module=cache msg="token expires soon"
2026-03-15 01:52:05 DEBUG module=api msg="heartbeat sent"
2026-03-15 01:52:19 INFO module=auth msg="job scheduled"
2026-03-15 01:52:34 INFO module=db msg="request completed"
2026-03-15 01:55:42 INFO module=auth msg="user logged in"
2026-03-15 01:56:17 ERROR module=auth msg="query failed"
2026-03-15 01:59:17 WARN module=net msg="token expires soon"
2026-03-15 02:00:43 INFO module=cache msg="job scheduled"
2026-03-15 02:04:32 INFO module=db msg="job scheduled"
2026-03-15 02:04:38 INFO module=auth msg="user logged in"
2026-03-15 02:08:54 INFO module=cache msg="config reloaded"
2026-03-15 02:10:48 INFO module=fs msg="request completed"
2026-03-15 02:13:16 INFO module=db msg="config reloaded"
2026-03-15 02:15:52 DEBUG module=net msg="entering handler"
2026-03-15 02:17:50 INFO module=fs msg="cache warmed up"
2026-03-15 02:17:51 INFO module=db msg="service started"
2026-03-15 02:20:23 WARN module=api msg="disk usage above 80%"
2026-03-15 02:21:31 INFO module=auth msg="job scheduled"
2026-03-15 02:22:22 INFO module=net msg="cache warmed up"
2026-03-15 02:22:43 ERROR module=db msg="permission denied"
2026-03-15 02:24:12 WARN module=net msg="retrying request"
2026-03-15 02:26:38 DEBUG module=db msg="heartbeat sent"
2026-03-15 02:27:25 DEBUG module=api msg="retry counter reset"
2026-03-15 02:27:35 INFO module=fs msg="config reloaded"
2026-03-15 02:27:53 INFO module=db msg="service started"
2026-03-15 02:32:19 INFO module=auth msg="job scheduled"
2026-03-15 02:40:43 INFO module=auth msg="user logged in"
2026-03-15 02:45:18 INFO module=sched msg="job scheduled"
2026-03-15 02:46:35 INFO module=sched msg="config reloaded"
2026-03-15 02:49:11 DEBUG module=cache msg="heartbeat sent"
2026-03-15 02:50:09 INFO module=fs msg="request completed"
2026-03-15 02:51:06 INFO module=fs msg="service started"
2026-03-15 02:51:14 WARN module=db msg="token expires soon"
2026-03-15 02:55:19 INFO module=cache msg="job scheduled"
2026-03-15 02:55:46 ERROR module=db msg="segment read failed"
2026-03-15 02:57:43 INFO module=net msg="config reloaded"
2026-03-15 02:58:20 DEBUG module=api msg="buffer flushed"
2026-03-15 02:58:35 DEBUG module=db msg="retry counter reset"
2026-03-15 02:59:06 DEBUG module=db msg="queue length checked"
2026-03-15 02:59:44 WARN module=net msg="token expires soon"
2026-03-15 03:00:35 ERROR module=auth msg="query failed"
2026-03-15 03:00:36 WARN module=db msg="deprecated option used"
2026-03-15 03:00:59 DEBUG module=api msg="queue length checked"
2026-03-15 03:03:36 INFO module=db msg="user logged in"
2026-03-15 03:04:30 INFO module=cache msg="job scheduled"
2026-03-15 03:06:14 INFO module=fs msg="config reloaded"
2026-03-15 03:07:00 INFO module=net msg="request completed"
2026-03-15 03:11:55 DEBUG module=net msg="heartbeat sent"
2026-03-15 03:15:29 INFO module=db msg="job scheduled"
2026-03-15 03:16:16 INFO module=api msg="user logged in"
2026-03-15 03:16:25 INFO module=net msg="job scheduled"
2026-03-15 03:17:17 INFO module=disk msg="request completed"
2026-03-15 03:18:48 INFO module=cache msg="job scheduled"
2026-03-15 03:21:51 WARN module=disk msg="token expires soon"
2026-03-15 03:22:03 WARN module=net msg="token expires soon"
2026-03-15 03:29:04 WARN module=auth msg="token expires soon"
2026-03-15 03:29:50 WARN module=disk msg="slow response"
2026-03-15 03:29:57 DEBUG module=cache msg="retry counter reset"
2026-03-15 03:30:04 INFO module=auth msg="user logged in"
2026-03-15 03:30:25 INFO module=fs msg="request completed"
2026-03-15 03:32:58 INFO module=fs msg="cache warmed up"
2026-03-15 03:33:07 DEBUG module=auth msg="queue length checked"
2026-03-15 03:33:41 INFO module=net msg="user logged in"
2026-03-15 03:34:16 INFO module=auth msg="service started"
2026-03-15 03:36:16 INFO module=disk msg="cache warmed up"
2026-03-15 03:37:28 INFO module=cache msg="service started"
2026-03-15 03:40:20 INFO module=disk msg="job scheduled"
2026-03-15 03:41:17 INFO module=net msg="cache warmed up"
2026-03-15 03:43:40 INFO module=fs msg="job scheduled"
2026-03-15 03:48:13 INFO module=fs msg="cache warmed up"
2026-03-15 03:51:31 INFO module=cache msg="service started"
2026-03-15 03:51:56 DEBUG module=disk msg="retry counter reset"
2026-03-15 03:54:13 ERROR module=db msg="permission denied"
2026-03-15 03:55:55 INFO module=db msg="user logged in"
2026-03-15 03:56:26 INFO module=sched msg="cache warmed up"
2026-03-15 03:57:29 DEBUG module=db msg="queue length checked"
2026-03-15 04:01:31 WARN module=api msg="token expires soon"
2026-03-15 04:03:05 INFO module=db msg="cache warmed up"
2026-03-15 04:08:00 WARN module=db msg="slow response"
2026-03-15 04:08:45 ERROR module=auth msg="connection refused"
2026-03-15 04:09:01 INFO module=net msg="cache warmed up"
2026-03-15 04:11:27 INFO module=sched msg="config reloaded"
2026-03-15 04:12:27 INFO module=sched msg="config reloaded"
2026-03-15 04:13:02 WARN module=disk msg="deprecated option used"
2026-03-15 04:14:31 INFO module=db msg="user logged in"
2026-03-15 04:15:02 INFO module=api msg="cache warmed up"
2026-03-15 04:15:09 DEBUG module=sched msg="heartbeat sent"
2026-03-15 04:15:36 INFO module=cache msg="request completed"
2026-03-15 04:16:57 DEBUG module=sched msg="buffer flushed"
2026-03-15 04:18:13 INFO module=sched msg="request completed"
2026-03-15 04:19:14 INFO module=db msg="request completed"
2026-03-15 04:21:06 INFO module=cache msg="cache warmed up"
2026-03-15 04:21:07 INFO module=disk msg="service started"
2026-03-15 04:24:01 INFO module=cache msg="config reloaded"
2026-03-15 04:24:44 ERROR module=db msg="permission denied"
2026-03-15 04:26:57 DEBUG module=cache msg="retry counter reset"
2026-03-15 04:28:19 INFO module=cache msg="cache warmed up"
2026-03-15 04:31:37 INFO module=api msg="job scheduled"
2026-03-15 04:34:30 WARN module=disk msg="slow response"
2026-03-15 04:35:15 INFO module=auth msg="service started"
2026-03-15 04:35:22 DEBUG module=fs msg="queue length checked"
2026-03-15 04:35:41 INFO module=api msg="service started"
2026-03-15 04:38:58 INFO module=api msg="job scheduled"
2026-03-15 04:40:57 INFO module=api msg="config reloaded"
2026-03-15 04:43:03 WARN module=net msg="deprecated option used"
2026-03-15 04:43:23 INFO module=auth msg="job scheduled"
2026-03-15 04:49:33 DEBUG module=net msg="buffer flushed"
2026-03-15 04:50:11 INFO module=db msg="cache warmed up"
2026-03-15 04:55:47 WARN module=disk msg="retrying request"
2026-03-15 05:05:36 WARN module=auth msg="deprecated option used"
2026-03-15 05:07:21 INFO module=auth msg="cache warmed up"
2026-03-15 05:10:07 WARN module=cache msg="retrying request"
2026-03-15 05:12:14 INFO module=fs msg="job scheduled"
2026-03-15 05:12:30 ERROR module=cache msg="permission denied"
2026-03-15 05:13:11 INFO module=api msg="user logged in"
2026-03-15 05:13:27 WARN module=net msg="token expires soon"
2026-03-15 05:14:14 INFO module=api msg="request completed"
2026-03-15 05:17:20 INFO module=fs msg="cache warmed up"
2026-03-15 05:18:00 ERROR module=db msg="connection refused"
2026-03-15 05:22:30 INFO module=fs msg="service started"
2026-03-15 05:23:19 INFO module=api msg="job scheduled"
2026-03-15 05:23:33 INFO module=net msg="cache warmed up"
2026-03-15 05:28:58 WARN module=db msg="slow response"
2026-03-15 05:29:08 INFO module=api msg="request completed"
2026-03-15 05:29:16 INFO module=net msg="cache warmed up"
2026-03-15 05:33:43 DEBUG module=sched msg="heartbeat sent"
2026-03-15 05:35:41 WARN module=net msg="slow response"
2026-03-15 05:35:45 WARN module=disk msg="disk usage above 80%"
2026-03-15 05:36:25 INFO module=auth msg="config reloaded"
2026-03-15 05:39:01 INFO module=api msg="cache warmed up"
2026-03-15 05:40:02 ERROR module=fs msg="segment read failed"
2026-03-15 05:40:20 INFO module=net msg="request completed"
2026-03-15 05:40:27 INFO module=sched msg="request completed"
2026-03-15 05:44:54 INFO module=api msg="cache warmed up"
2026-03-15 05:45:54 ERROR module=cache msg="connection timeout"
2026-03-15 05:55:16 INFO module=auth msg="service started"
2026-03-15 05:56:02 INFO module=db msg="job scheduled"
2026-03-15 05:59:51 INFO module=api msg="request completed"
2026-03-15 05:59:55 ERROR module=db msg="invalid token"
2026-03-15 06:02:53 INFO module=disk msg="config reloaded"
2026-03-15 06:03:32 INFO module=fs msg="request completed"
2026-03-15 06:04:03 WARN module=api msg="disk usage above 80%"
2026-03-15 06:06:05 WARN module=sched msg="retrying request"
2026-03-15 06:06:36 DEBUG module=fs msg="buffer flushed"
2026-03-15 06:07:16 WARN module=sched msg="retrying request"
2026-03-15 06:07:23 DEBUG module=sched msg="retry counter reset"
2026-03-15 06:08:20 INFO module=net msg="config reloaded"
2026-03-15 06:08:31 ERROR module=auth msg="query failed"
2026-03-15 06:08:37 INFO module=net msg="service started"
2026-03-15 06:09:30 INFO module=api msg="job scheduled"
2026-03-15 06:09:38 ERROR module=db msg="permission denied"
2026-03-15 06:11:47 INFO module=cache msg="job scheduled"
2026-03-15 06:13:59 INFO module=sched msg="request completed"
2026-03-15 06:17:18 INFO module=net msg="cache warmed up"
2026-03-15 06:20:47 DEBUG module=fs msg="heartbeat sent"
2026-03-15 06:20:49 INFO module=sched msg="cache warmed up"
2026-03-15 06:23:38 DEBUG module=sched msg="queue length checked"
2026-03-15 06:25:40 WARN module=disk msg="disk usage above 80%"
2026-03-15 06:29:07 INFO module=sched msg="request completed"
2026-03-15 06:34:46 INFO module=db msg="cache warmed up"
2026-03-15 06:37:14 WARN module=api msg="retrying request"
2026-03-15 06:38:44 INFO module=api msg="service started"
2026-03-15 06:41:19 WARN module=auth msg="retrying request"
2026-03-15 06:42:29 INFO module=api msg="config reloaded"
2026-03-15 06:43:12 INFO module=sched msg="service started"
2026-03-15 06:44:08 INFO module=db msg="job scheduled"
2026-03-15 06:44:17 WARN module=net msg="disk usage above 80%"
2026-03-15 06:44:55 WARN module=net msg="slow response"
2026-03-15 06:47:13 DEBUG module=sched msg="retry counter reset"
2026-03-15 06:49:43 INFO module=fs msg="request completed"
2026-03-15 06:50:08 INFO module=fs msg="job scheduled"
2026-03-15 06:50:15 INFO module=net msg="request completed"
2026-03-15 06:51:56 INFO module=disk msg="cache warmed up"
2026-03-15 06:54:42 INFO module=sched msg="request completed"
2026-03-15 06:55:40 INFO module=fs msg="service started"
2026-03-15 06:55:52 WARN module=fs msg="token expires soon"
2026-03-15 06:59:43 DEBUG module=disk msg="entering handler"
2026-03-15 07:00:20 INFO module=disk msg="cache warmed up"
2026-03-15 07:04:02 WARN module=auth msg="token expires soon"
2026-03-15 07:04:43 INFO module=disk msg="cache warmed up"
2026-03-15 07:09:35 WARN module=disk msg="disk usage above 80%"
2026-03-15 07:12:21 WARN module=fs msg="disk usage above 80%"
2026-03-15 07:12:22 INFO module=auth msg="request completed"
2026-03-15 07:13:00 INFO module=net msg="service started"
2026-03-15 07:13:54 WARN module=api msg="retrying request"
2026-03-15 07:17:15 WARN module=db msg="disk usage above 80%"
2026-03-15 07:19:55 WARN module=cache msg="token expires soon"
2026-03-15 07:20:36 INFO module=auth msg="cache warmed up"
2026-03-15 07:23:08 DEBUG module=db msg="queue length checked"
2026-03-15 07:25:58 INFO module=sched msg="service started"
2026-03-15 07:27:28 INFO module=auth msg="service started"
2026-03-15 07:32:17 INFO module=disk msg="service started"
2026-03-15 07:33:46 ERROR module=disk msg="permission denied"
2026-03-15 07:34:46 WARN module=net msg="token expires soon"
2026-03-15 07:35:43 INFO module=db msg="request completed"
2026-03-15 07:35:58 WARN module=disk msg="disk usage above 80%"
2026-03-15 07:36:51 INFO module=sched msg="service started"
2026-03-15 07:37:16 ERROR module=net msg="permission denied"
2026-03-15 07:37:36 ERROR module=api msg="permission denied"
2026-03-15 07:38:36 WARN module=sched msg="retrying request"
2026-03-15 07:40:24 INFO module=cache msg="config reloaded"
2026-03-15 07:43:17 INFO module=net msg="config reloaded"
2026-03-15 07:43:36 INFO module=db msg="request completed"
2026-03-15 07:45:45 WARN module=disk msg="deprecated option used"
2026-03-15 07:46:56 INFO module=fs msg="cache warmed up"
2026-03-15 07:50:30 INFO module=net msg="service started"
2026-03-15 07:51:32 WARN module=fs msg="retrying request"
2026-03-15 07:52:15 INFO module=disk msg="service started"
2026-03-15 07:56:03 INFO module=api msg="config reloaded"
2026-03-15 07:56:58 INFO module=cache msg="request completed"
2026-03-15 08:02:21 INFO module=sched msg="user logged in"
2026-03-15 08:03:29 WARN module=auth msg="slow response"
2026-03-15 08:04:21 INFO module=db msg="config reloaded"
2026-03-15 08:05:26 INFO module=auth msg="job scheduled"
2026-03-15 08:05:58 INFO module=db msg="cache warmed up"
2026-03-15 08:07:59 WARN module=disk msg="deprecated option used"
2026-03-15 08:10:07 INFO module=db msg="user logged in"
2026-03-15 08:12:17 INFO module=auth msg="cache warmed up"
2026-03-15 08:15:27 INFO module=disk msg="service started"
2026-03-15 08:17:12 INFO module=net msg="user logged in"
2026-03-15 08:17:49 INFO module=cache msg="request completed"
2026-03-15 08:20:19 DEBUG module=auth msg="retry counter reset"
2026-03-15 08:22:22 INFO module=disk msg="config reloaded"
2026-03-15 08:24:58 INFO module=api msg="job scheduled"
2026-03-15 08:25:21 ERROR module=api msg="no space left on device"
2026-03-15 08:25:55 INFO module=db msg="request completed"
2026-03-15 08:26:46 WARN module=auth msg="retrying request"
2026-03-15 08:28:31 ERROR module=db msg="invalid token"
2026-03-15 08:29:59 INFO module=disk msg="job scheduled"
2026-03-15 08:32:57 WARN module=net msg="slow response"
2026-03-15 08:34:50 ERROR module=api msg="no space left on device"
2026-03-15 08:35:46 WARN module=disk msg="deprecated option used"
2026-03-15 08:36:30 INFO module=auth msg="service started"
2026-03-15 08:36:59 INFO module=api msg="service started"
2026-03-15 08:38:35 INFO module=net msg="user logged in"
2026-03-15 08:39:35 INFO module=cache msg="config reloaded"
2026-03-15 08:39:54 INFO module=db msg="service started"
2026-03-15 08:43:54 INFO module=db msg="job scheduled"
2026-03-15 08:44:54 INFO module=disk msg="service started"
2026-03-15 08:45:22 DEBUG module=fs msg="buffer flushed"
2026-03-15 08:46:27 INFO module=fs msg="request completed"
2026-03-15 08:49:00 INFO module=net msg="config reloaded"
2026-03-15 08:49:40 WARN module=net msg="token expires soon"
2026-03-15 08:51:13 WARN module=net msg="disk usage above 80%"
2026-03-15 08:53:28 INFO module=net msg="cache warmed up"
2026-03-15 08:55:00 DEBUG module=fs msg="heartbeat sent"
2026-03-15 08:55:05 INFO module=sched msg="config reloaded"
2026-03-15 08:57:24 INFO module=auth msg="cache warmed up"
2026-03-15 08:57:28 WARN module=db msg="token expires soon"
2026-03-15 08:59:32 DEBUG module=disk msg="queue length checked"
2026-03-15 09:01:15 WARN module=db msg="token expires soon"
2026-03-15 09:01:30 ERROR module=disk msg="segment read failed"
2026-03-15 09:01:37 INFO module=api msg="service started"
2026-03-15 09:07:00 INFO module=cache msg="cache warmed up"
2026-03-15 09:07:49 INFO module=db msg="config reloaded"
2026-03-15 09:16:38 WARN module=disk msg="slow response"
2026-03-15 09:16:42 ERROR module=disk msg="no space left on device"
2026-03-15 09:16:57 INFO module=disk msg="job scheduled"
2026-03-15 09:18:06 WARN module=db msg="retrying request"
2026-03-15 09:18:12 DEBUG module=fs msg="retry counter reset"
2026-03-15 09:18:31 INFO module=fs msg="job scheduled"
2026-03-15 09:18:57 ERROR module=auth msg="segment read failed"
2026-03-15 09:19:04 INFO module=net msg="service started"
2026-03-15 09:25:04 INFO module=db msg="cache warmed up"
2026-03-15 09:25:23 INFO module=db msg="job scheduled"
2026-03-15 09:25:43 INFO module=auth msg="cache warmed up"
2026-03-15 09:32:07 INFO module=cache msg="cache warmed up"
2026-03-15 09:33:08 WARN module=disk msg="slow response"
2026-03-15 09:33:41 DEBUG module=api msg="entering handler"
2026-03-15 09:35:21 INFO module=net msg="request completed"
2026-03-15 09:36:08 INFO module=disk msg="user logged in"
2026-03-15 09:37:45 INFO module=net msg="config reloaded"
2026-03-15 09:38:07 WARN module=cache msg="deprecated option used"
2026-03-15 09:38:50 DEBUG module=cache msg="retry counter reset"
2026-03-15 09:42:11 WARN module=cache msg="token expires soon"
2026-03-15 09:44:31 DEBUG module=cache msg="retry counter reset"
2026-03-15 09:45:51 INFO module=fs msg="cache warmed up"
2026-03-15 09:47:10 INFO module=net msg="user logged in"
2026-03-15 09:50:36 WARN module=disk msg="token expires soon"
2026-03-15 09:52:43 DEBUG module=api msg="entering handler"
2026-03-15 09:55:23 INFO module=auth msg="config reloaded"
2026-03-15 09:57:52 INFO module=api msg="config reloaded"
2026-03-15 09:58:06 INFO module=disk msg="user logged in"
2026-03-15 09:59:30 ERROR module=net msg="permission denied"
2026-03-15 10:00:43 INFO module=fs msg="service started"
2026-03-15 10:03:07 INFO module=db msg="user logged in"
2026-03-15 10:03:09 WARN module=auth msg="slow response"
2026-03-15 10:05:14 INFO module=net msg="user logged in"
2026-03-15 10:07:39 WARN module=sched msg="slow response"
2026-03-15 10:07:51 INFO module=net msg="service started"
2026-03-15 10:10:58 ERROR module=net msg="permission denied"
2026-03-15 10:16:14 INFO module=fs msg="request completed"
2026-03-15 10:17:08 WARN module=cache msg="retrying request"
2026-03-15 10:19:46 INFO module=cache msg="config reloaded"
2026-03-15 10:20:11 ERROR module=disk msg="segment read failed"
2026-03-15 10:20:27 INFO module=net msg="config reloaded"
2026-03-15 10:20:47 WARN module=api msg="disk usage above 80%"
2026-03-15 10:21:40 INFO module=auth msg="user logged in"
2026-03-15 10:21:55 INFO module=disk msg="service started"
2026-03-15 10:22:16 INFO module=auth msg="config reloaded"
2026-03-15 10:26:37 INFO module=cache msg="service started"
2026-03-15 10:29:02 INFO module=api msg="user logged in"
2026-03-15 10:29:59 INFO module=disk msg="config reloaded"
2026-03-15 10:31:23 INFO module=auth msg="cache warmed up"
2026-03-15 10:31:27 WARN module=net msg="retrying request"
2026-03-15 10:32:20 INFO module=sched msg="cache warmed up"
2026-03-15 10:34:26 INFO module=api msg="user logged in"
2026-03-15 10:36:12 WARN module=fs msg="token expires soon"
2026-03-15 10:38:00 WARN module=net msg="retrying request"
2026-03-15 10:38:07 INFO module=api msg="cache warmed up"
2026-03-15 10:38:41 ERROR module=net msg="invalid token"
2026-03-15 10:39:44 INFO module=net msg="cache warmed up"
2026-03-15 10:40:18 WARN module=db msg="deprecated option used"
2026-03-15 10:40:43 ERROR module=db msg="query failed"
2026-03-15 10:41:00 DEBUG module=sched msg="entering handler"
2026-03-15 10:41:29 INFO module=disk msg="service started"
2026-03-15 10:46:11 WARN module=api msg="token expires soon"
2026-03-15 10:47:37 INFO module=db msg="user logged in"
2026-03-15 10:48:35 INFO module=cache msg="service started"
2026-03-15 10:50:47 INFO module=cache msg="user logged in"
2026-03-15 10:51:46 INFO module=fs msg="job scheduled"
2026-03-15 10:52:49 ERROR module=db msg="query failed"
2026-03-15 10:53:55 WARN module=net msg="slow response"
2026-03-15 10:54:46 INFO module=fs msg="cache warmed up"
2026-03-15 10:54:56 INFO module=cache msg="user logged in"
2026-03-15 10:55:13 DEBUG module=disk msg="buffer flushed"
2026-03-15 10:55:22 INFO module=db msg="request completed"
2026-03-15 10:56:12 ERROR module=db msg="segment read failed"
2026-03-15 10:57:25 DEBUG module=db msg="heartbeat sent"
2026-03-15 10:59:24 DEBUG module=fs msg="entering handler"
2026-03-15 10:59:30 INFO module=disk msg="job scheduled"
2026-03-15 11:03:21 INFO module=auth msg="cache warmed up"
2026-03-15 11:06:10 INFO module=fs msg="config reloaded"
2026-03-15 11:06:36 WARN module=auth msg="disk usage above 80%"
2026-03-15 11:08:41 INFO module=net msg="user logged in"
2026-03-15 11:09:23 WARN module=fs msg="token expires soon"
2026-03-15 11:12:58 INFO module=api msg="user logged in"
2026-03-15 11:14:08 INFO module=sched msg="user logged in"
2026-03-15 11:16:00 INFO module=api msg="job scheduled"
2026-03-15 11:16:27 INFO module=sched msg="service started"
2026-03-15 11:17:23 INFO module=net msg="cache warmed up"
2026-03-15 11:17:34 WARN module=api msg="token expires soon"
2026-03-15 11:18:58 INFO module=net msg="service started"
2026-03-15 11:19:09 ERROR module=auth msg="segment read failed"
2026-03-15 11:19:46 ERROR module=db msg="no space left on device"
2026-03-15 11:20:22 INFO module=db msg="service started"
2026-03-15 11:21:40 ERROR module=api msg="connection timeout"
2026-03-15 11:22:06 INFO module=sched msg="service started"
2026-03-15 11:23:13 INFO module=db msg="config reloaded"
2026-03-15 11:23:14 DEBUG module=db msg="retry counter reset"
2026-03-15 11:23:34 INFO module=sched msg="config reloaded"
2026-03-15 11:24:15 INFO module=net msg="config reloaded"
2026-03-15 11:24:29 INFO module=net msg="job scheduled"
2026-03-15 11:29:08 ERROR module=api msg="invalid token"
2026-03-15 11:29:47 ERROR module=net msg="no space left on device"
2026-03-15 11:32:13 DEBUG module=sched msg="heartbeat sent"
2026-03-15 11:32:26 INFO module=sched msg="request completed"
2026-03-15 11:35:30 DEBUG module=net msg="retry counter reset"
2026-03-15 11:36:17 DEBUG module=cache msg="buffer flushed"
2026-03-15 11:38:46 WARN module=net msg="deprecated option used"
2026-03-15 11:42:44 INFO module=db msg="job scheduled"
2026-03-15 11:43:54 INFO module=db msg="request completed"
2026-03-15 11:44:02 INFO module=disk msg="service started"
2026-03-15 11:46:37 WARN module=net msg="disk usage above 80%"
2026-03-15 11:48:25 ERROR module=net msg="connection timeout"
2026-03-15 11:51:37 INFO module=disk msg="job scheduled"
2026-03-15 11:51:53 DEBUG module=sched msg="entering handler"
2026-03-15 11:54:21 INFO module=sched msg="job scheduled"
2026-03-15 11:56:42 INFO module=disk msg="user logged in"
2026-03-15 11:57:09 INFO module=sched msg="job scheduled"
2026-03-15 12:01:56 WARN module=disk msg="slow response"
2026-03-15 12:02:36 DEBUG module=disk msg="buffer flushed"
2026-03-15 12:03:57 INFO module=cache msg="service started"
2026-03-15 12:07:32 INFO module=disk msg="cache warmed up"
2026-03-15 12:08:22 INFO module=sched msg="job scheduled"
2026-03-15 12:08:26 ERROR module=cache msg="invalid token"
2026-03-15 12:10:42 INFO module=auth msg="request completed"
2026-03-15 12:12:18 INFO module=net msg="service started"
2026-03-15 12:12:53 DEBUG module=sched msg="buffer flushed"
2026-03-15 12:13:42 INFO module=sched msg="request completed"
2026-03-15 12:13:43 INFO module=cache msg="user logged in"
2026-03-15 12:13:48 INFO module=cache msg="user logged in"
2026-03-15 12:13:58 DEBUG module=net msg="retry counter reset"
2026-03-15 12:15:30 ERROR module=api msg="connection refused"
2026-03-15 12:17:40 INFO module=db msg="cache warmed up"
2026-03-15 12:19:19 INFO module=db msg="config reloaded"
2026-03-15 12:19:48 INFO module=net msg="cache warmed up"
2026-03-15 12:22:08 INFO module=fs msg="config reloaded"
2026-03-15 12:22:31 INFO module=fs msg="cache warmed up"
2026-03-15 12:25:16 INFO module=net msg="request completed"
2026-03-15 12:27:00 WARN module=disk msg="retrying request"
2026-03-15 12:28:44 INFO module=sched msg="request completed"
2026-03-15 12:29:29 INFO module=auth msg="job scheduled"
2026-03-15 12:31:01 INFO module=fs msg="service started"
2026-03-15 12:34:40 INFO module=cache msg="config reloaded"
2026-03-15 12:38:37 WARN module=disk msg="disk usage above 80%"
2026-03-15 12:44:05 ERROR module=net msg="no space left on device"
2026-03-15 12:44:15 INFO module=sched msg="request completed"
2026-03-15 12:44:44 INFO module=cache msg="service started"
2026-03-15 12:45:31 WARN module=disk msg="retrying request"
2026-03-15 12:45:54 INFO module=db msg="request completed"
2026-03-15 12:47:47 WARN module=net msg="disk usage above 80%"
2026-03-15 12:48:04 WARN module=disk msg="retrying request"
2026-03-15 12:49:02 WARN module=net msg="deprecated option used"
2026-03-15 12:50:24 INFO module=fs msg="config reloaded"
2026-03-15 12:51:37 INFO module=auth msg="request completed"
2026-03-15 12:53:32 INFO module=sched msg="user logged in"
2026-03-15 12:55:03 DEBUG module=sched msg="heartbeat sent"
2026-03-15 12:57:21 INFO module=net msg="config reloaded"
2026-03-15 12:58:49 DEBUG module=sched msg="retry counter reset"
2026-03-15 12:59:10 WARN module=net msg="deprecated option used"
2026-03-15 13:00:43 DEBUG module=fs msg="retry counter reset"
2026-03-15 13:03:29 INFO module=net msg="service started"
2026-03-15 13:04:17 INFO module=fs msg="service started"
2026-03-15 13:08:35 DEBUG module=disk msg="queue length checked"
2026-03-15 13:10:38 ERROR module=disk msg="connection refused"
2026-03-15 13:10:56 INFO module=auth msg="user logged in"
2026-03-15 13:11:14 WARN module=auth msg="slow response"
2026-03-15 13:14:09 INFO module=db msg="service started"
2026-03-15 13:15:28 INFO module=auth msg="job scheduled"
2026-03-15 13:16:42 DEBUG module=api msg="buffer flushed"
2026-03-15 13:17:45 INFO module=fs msg="config reloaded"
2026-03-15 13:18:09 INFO module=auth msg="job scheduled"
2026-03-15 13:23:23 INFO module=fs msg="config reloaded"
2026-03-15 13:24:29 INFO module=db msg="cache warmed up"
2026-03-15 13:26:03 INFO module=cache msg="request completed"
2026-03-15 13:27:29 INFO module=db msg="config reloaded"
2026-03-15 13:29:53 INFO module=disk msg="job scheduled"
2026-03-15 13:30:15 INFO module=disk msg="service started"
2026-03-15 13:31:05 INFO module=auth msg="service started"
2026-03-15 13:31:14 INFO module=api msg="service started"
2026-03-15 13:32:14 INFO module=db msg="job scheduled"
2026-03-15 13:33:34 DEBUG module=fs msg="heartbeat sent"
2026-03-15 13:35:31 INFO module=db msg="request completed"
2026-03-15 13:35:59 ERROR module=db msg="connection timeout"
2026-03-15 13:40:42 WARN module=api msg="slow response"
2026-03-15 13:40:44 INFO module=api msg="cache warmed up"
2026-03-15 13:41:02 INFO module=cache msg="config reloaded"
2026-03-15 13:42:24 INFO module=disk msg="cache warmed up"
2026-03-15 13:42:34 INFO module=auth msg="config reloaded"
2026-03-15 13:42:51 INFO module=net msg="config reloaded"
2026-03-15 13:44:08 DEBUG module=cache msg="queue length checked"
2026-03-15 13:44:10 INFO module=db msg="cache warmed up"
2026-03-15 13:46:06 INFO module=sched msg="user logged in"
2026-03-15 13:48:22 INFO module=sched msg="config reloaded"
2026-03-15 13:49:00 INFO module=auth msg="request completed"
2026-03-15 13:50:13 WARN module=auth msg="retrying request"
2026-03-15 13:53:30 INFO module=db msg="request completed"
2026-03-15 13:54:24 WARN module=disk msg="deprecated option used"
2026-03-15 13:57:26 INFO module=db msg="config reloaded"
2026-03-15 13:58:53 WARN module=auth msg="retrying request"
2026-03-15 13:59:35 INFO module=db msg="cache warmed up"
2026-03-15 14:00:14 INFO module=cache msg="cache warmed up"
2026-03-15 14:01:51 INFO module=net msg="cache warmed up"
2026-03-15 14:04:22 INFO module=net msg="user logged in"
2026-03-15 14:04:40 DEBUG module=sched msg="queue length checked"
2026-03-15 14:05:03 ERROR module=disk msg="invalid token"
2026-03-15 14:06:35 ERROR module=sched msg="connection timeout"
2026-03-15 14:08:15 INFO module=auth msg="request completed"
2026-03-15 14:11:09 INFO module=sched msg="request completed"
2026-03-15 14:14:09 ERROR module=cache msg="no space left on device"
2026-03-15 14:15:26 INFO module=cache msg="job scheduled"
2026-03-15 14:15:27 INFO module=cache msg="service started"
2026-03-15 14:21:49 INFO module=fs msg="request completed"
2026-03-15 14:23:20 INFO module=net msg="service started"
2026-03-15 14:23:59 INFO module=cache msg="job scheduled"
2026-03-15 14:26:15 INFO module=auth msg="job scheduled"
2026-03-15 14:27:01 INFO module=disk msg="cache warmed up"
2026-03-15 14:27:44 ERROR module=api msg="query failed"
2026-03-15 14:28:57 WARN module=auth msg="token expires soon"
2026-03-15 14:30:11 INFO module=fs msg="config reloaded"
2026-03-15 14:30:34 INFO module=net msg="job scheduled"
2026-03-15 14:31:24 ERROR module=disk msg="invalid token"
2026-03-15 14:31:30 INFO module=net msg="cache warmed up"
2026-03-15 14:32:02 DEBUG module=disk msg="buffer flushed"
2026-03-15 14:37:10 DEBUG module=disk msg="heartbeat sent"
2026-03-15 14:48:30 INFO module=net msg="request completed"
2026-03-15 14:49:29 INFO module=auth msg="user logged in"
2026-03-15 14:51:23 INFO module=fs msg="request completed"
2026-03-15 14:52:25 INFO module=disk msg="config reloaded"
2026-03-15 14:52:33 INFO module=net msg="service started"
2026-03-15 14:52:38 DEBUG module=sched msg="buffer flushed"
2026-03-15 14:52:48 INFO module=net msg="config reloaded"
2026-03-15 14:53:23 WARN module=db msg="retrying request"
2026-03-15 15:00:43 DEBUG module=cache msg="entering handler"
2026-03-15 15:02:40 INFO module=cache msg="cache warmed up"
2026-03-15 15:02:50 INFO module=disk msg="service started"
2026-03-15 15:03:30 INFO module=net msg="request completed"
2026-03-15 15:03:44 WARN module=cache msg="retrying request"
2026-03-15 15:04:57 INFO module=db msg="user logged in"
2026-03-15 15:06:28 INFO module=disk msg="service started"
2026-03-15 15:07:22 DEBUG module=disk msg="buffer flushed"
2026-03-15 15:09:22 INFO module=net msg="config reloaded"
2026-03-15 15:10:25 WARN module=sched msg="retrying request"
2026-03-15 15:10:49 INFO module=cache msg="service started"
2026-03-15 15:11:45 ERROR module=db msg="invalid token"
2026-03-15 15:12:24 DEBUG module=fs msg="entering handler"
2026-03-15 15:13:05 WARN module=disk msg="disk usage above 80%"
2026-03-15 15:14:22 INFO module=api msg="config reloaded"
2026-03-15 15:14:54 INFO module=net msg="job scheduled"
2026-03-15 15:15:28 INFO module=cache msg="job scheduled"
2026-03-15 15:25:51 ERROR module=sched msg="permission denied"
2026-03-15 15:26:08 DEBUG module=cache msg="retry counter reset"
2026-03-15 15:26:56 WARN module=db msg="deprecated option used"
2026-03-15 15:28:25 INFO module=cache msg="cache warmed up"
2026-03-15 15:31:53 INFO module=api msg="config reloaded"
2026-03-15 15:31:56 DEBUG module=net msg="buffer flushed"
2026-03-15 15:32:31 INFO module=fs msg="user logged in"
2026-03-15 15:34:46 INFO module=auth msg="config reloaded"
2026-03-15 15:35:00 DEBUG module=cache msg="queue length checked"
2026-03-15 15:35:17 DEBUG module=cache msg="heartbeat sent"
2026-03-15 15:38:04 WARN module=cache msg="deprecated option used"
2026-03-15 15:40:54 WARN module=api msg="token expires soon"
2026-03-15 15:44:31 INFO module=cache msg="job scheduled"
2026-03-15 15:45:12 WARN module=cache msg="retrying request"
2026-03-15 15:45:15 WARN module=disk msg="retrying request"
2026-03-15 15:45:26 INFO module=sched msg="job scheduled"
2026-03-15 15:45:52 DEBUG module=cache msg="heartbeat sent"
2026-03-15 15:47:08 INFO module=disk msg="user logged in"
2026-03-15 15:51:10 ERROR module=sched msg="permission denied"
2026-03-15 15:52:12 INFO module=sched msg="job scheduled"
2026-03-15 15:52:36 INFO module=disk msg="job scheduled"
2026-03-15 15:53:01 INFO module=db msg="request completed"
2026-03-15 15:53:28 INFO module=api msg="job scheduled"
2026-03-15 15:54:09 INFO module=cache msg="user logged in"
2026-03-15 15:57:25 INFO module=net msg="user logged in"
2026-03-15 15:58:28 INFO module=net msg="config reloaded"
2026-03-15 16:01:24 INFO module=fs msg="request completed"
2026-03-15 16:02:37 ERROR module=net msg="segment read failed"
2026-03-15 16:02:54 DEBUG module=api msg="queue length checked"
2026-03-15 16:03:32 ERROR module=cache msg="connection timeout"
2026-03-15 16:05:12 WARN module=disk msg="retrying request"
2026-03-15 16:08:59 INFO module=api msg="request completed"
2026-03-15 16:12:14 WARN module=disk msg="deprecated option used"
2026-03-15 16:15:52 WARN module=fs msg="deprecated option used"
2026-03-15 16:19:48 DEBUG module=sched msg="entering handler"
2026-03-15 16:20:06 INFO module=disk msg="service started"
2026-03-15 16:20:15 ERROR module=sched msg="connection refused"
2026-03-15 16:23:56 INFO module=fs msg="job scheduled"
2026-03-15 16:25:06 DEBUG module=net msg="heartbeat sent"
2026-03-15 16:25:56 DEBUG module=api msg="queue length checked"
2026-03-15 16:26:32 INFO module=db msg="job scheduled"
2026-03-15 16:27:25 INFO module=db msg="job scheduled"
2026-03-15 16:28:17 INFO module=fs msg="user logged in"
2026-03-15 16:28:32 INFO module=disk msg="user logged in"
2026-03-15 16:33:56 INFO module=auth msg="job scheduled"
2026-03-15 16:34:15 INFO module=disk msg="cache warmed up"
2026-03-15 16:34:59 INFO module=api msg="job scheduled"
2026-03-15 16:35:35 ERROR module=disk msg="invalid token"
2026-03-15 16:37:29 INFO module=net msg="config reloaded"
2026-03-15 16:37:34 INFO module=cache msg="job scheduled"
2026-03-15 16:38:29 INFO module=api msg="config reloaded"
2026-03-15 16:39:54 INFO module=disk msg="service started"
2026-03-15 16:41:29 INFO module=fs msg="user logged in"
2026-03-15 16:44:58 WARN module=api msg="disk usage above 80%"
2026-03-15 16:48:03 INFO module=disk msg="request completed"
2026-03-15 16:48:50 INFO module=fs msg="cache warmed up"
2026-03-15 16:49:53 INFO module=auth msg="request completed"
2026-03-15 16:52:00 WARN module=net msg="slow response"
2026-03-15 16:56:33 INFO module=auth msg="cache warmed up"
2026-03-15 16:57:29 INFO module=db msg="job scheduled"
2026-03-15 16:59:01 INFO module=api msg="user logged in"
2026-03-15 17:00:10 INFO module=auth msg="cache warmed up"
2026-03-15 17:00:53 INFO module=disk msg="job scheduled"
2026-03-15 17:02:55 INFO module=auth msg="user logged in"
2026-03-15 17:04:15 INFO module=auth msg="user logged in"
2026-03-15 17:04:52 INFO module=db msg="user logged in"
2026-03-15 17:04:59 WARN module=disk msg="disk usage above 80%"
2026-03-15 17:06:44 INFO module=fs msg="request completed"
2026-03-15 17:07:23 INFO module=fs msg="request completed"
2026-03-15 17:08:43 INFO module=net msg="config reloaded"
2026-03-15 17:10:18 INFO module=db msg="user logged in"
2026-03-15 17:11:12 WARN module=net msg="slow response"
2026-03-15 17:14:29 WARN module=db msg="token expires soon"
2026-03-15 17:15:15 INFO module=disk msg="request completed"
2026-03-15 17:17:01 INFO module=fs msg="cache warmed up"
2026-03-15 17:17:54 INFO module=api msg="job scheduled"
2026-03-15 17:19:11 INFO module=auth msg="config reloaded"
2026-03-15 17:22:04 INFO module=disk msg="user logged in"
2026-03-15 17:22:12 DEBUG module=disk msg="retry counter reset"
2026-03-15 17:23:22 INFO module=db msg="request completed"
2026-03-15 17:24:01 WARN module=fs msg="retrying request"
2026-03-15 17:24:53 DEBUG module=net msg="buffer flushed"
2026-03-15 17:25:13 DEBUG module=fs msg="entering handler"
2026-03-15 17:26:22 WARN module=api msg="slow response"
2026-03-15 17:26:33 INFO module=sched msg="user logged in"
2026-03-15 17:26:44 INFO module=sched msg="user logged in"
2026-03-15 17:28:14 DEBUG module=disk msg="entering handler"
2026-03-15 17:31:37 INFO module=net msg="job scheduled"
2026-03-15 17:33:10 DEBUG module=api msg="heartbeat sent"
2026-03-15 17:43:32 INFO module=sched msg="cache warmed up"
2026-03-15 17:43:36 DEBUG module=sched msg="entering handler"
2026-03-15 17:44:07 INFO module=cache msg="cache warmed up"
2026-03-15 17:44:43 INFO module=disk msg="cache warmed up"
2026-03-15 17:45:06 INFO module=disk msg="user logged in"
2026-03-15 17:46:11 WARN module=disk msg="retrying request"
2026-03-15 17:46:15 INFO module=auth msg="service started"
2026-03-15 17:46:43 INFO module=cache msg="user logged in"
2026-03-15 17:51:41 DEBUG module=db msg="heartbeat sent"
2026-03-15 17:52:24 DEBUG module=db msg="queue length checked"
2026-03-15 17:55:56 INFO module=net msg="cache warmed up"
2026-03-15 17:57:25 WARN module=disk msg="token expires soon"
2026-03-15 17:58:50 INFO module=cache msg="config reloaded"
2026-03-15 17:59:21 INFO module=api msg="user logged in"
2026-03-15 18:02:38 INFO module=auth msg="service started"
2026-03-15 18:04:35 INFO module=disk msg="user logged in"
2026-03-15 18:05:39 INFO module=db msg="service started"
2026-03-15 18:07:16 DEBUG module=net msg="queue length checked"
2026-03-15 18:07:17 WARN module=db msg="token expires soon"
2026-03-15 18:08:57 WARN module=api msg="retrying request"
2026-03-15 18:11:22 INFO module=disk msg="config reloaded"
2026-03-15 18:12:24 WARN module=net msg="retrying request"
2026-03-15 18:13:25 INFO module=cache msg="service started"
2026-03-15 18:14:25 INFO module=api msg="job scheduled"
2026-03-15 18:15:14 DEBUG module=cache msg="retry counter reset"
2026-03-15 18:15:27 WARN module=net msg="retrying request"
2026-03-15 18:22:14 INFO module=db msg="user logged in"
2026-03-15 18:22:40 WARN module=api msg="deprecated option used"
2026-03-15 18:22:55 INFO module=sched msg="user logged in"
2026-03-15 18:27:50 INFO module=disk msg="config reloaded"
2026-03-15 18:32:52 INFO module=auth msg="cache warmed up"
2026-03-15 18:35:22 INFO module=sched msg="cache warmed up"
2026-03-15 18:35:44 INFO module=db msg="cache warmed up"
2026-03-15 18:38:05 INFO module=auth msg="job scheduled"
2026-03-15 18:39:41 INFO module=fs msg="request completed"
2026-03-15 18:40:50 INFO module=net msg="cache warmed up"
2026-03-15 18:42:15 INFO module=db msg="job scheduled"
2026-03-15 18:42:21 ERROR module=net msg="query failed"
2026-03-15 18:43:42 INFO module=db msg="config reloaded"
2026-03-15 18:45:45 INFO module=auth msg="config reloaded"
2026-03-15 18:48:02 INFO module=fs msg="request completed"
2026-03-15 18:50:01 DEBUG module=net msg="entering handler"
2026-03-15 18:50:04 ERROR module=db msg="invalid token"
2026-03-15 18:50:38 INFO module=fs msg="job scheduled"
2026-03-15 18:51:03 INFO module=cache msg="user logged in"
2026-03-15 18:51:04 INFO module=api msg="user logged in"
2026-03-15 18:51:45 INFO module=net msg="job scheduled"
2026-03-15 18:54:19 INFO module=auth msg="cache warmed up"
2026-03-15 18:55:57 INFO module=auth msg="service started"
2026-03-15 18:56:58 WARN module=disk msg="token expires soon"
2026-03-15 19:03:47 WARN module=db msg="retrying request"
2026-03-15 19:04:16 INFO module=cache msg="user logged in"
2026-03-15 19:04:23 INFO module=fs msg="service started"
2026-03-15 19:05:06 INFO module=api msg="user logged in"
2026-03-15 19:06:24 ERROR module=db msg="segment read failed"
2026-03-15 19:07:28 WARN module=disk msg="disk usage above 80%"
2026-03-15 19:08:42 INFO module=db msg="cache warmed up"
2026-03-15 19:09:14 WARN module=api msg="disk usage above 80%"
2026-03-15 19:11:22 WARN module=api msg="deprecated option used"
2026-03-15 19:11:32 DEBUG module=net msg="heartbeat sent"
2026-03-15 19:15:20 DEBUG module=disk msg="heartbeat sent"
2026-03-15 19:15:50 DEBUG module=db msg="entering handler"
2026-03-15 19:18:27 ERROR module=disk msg="connection timeout"
2026-03-15 19:20:20 DEBUG module=db msg="buffer flushed"
2026-03-15 19:20:51 DEBUG module=cache msg="buffer flushed"
2026-03-15 19:23:08 INFO module=auth msg="user logged in"
2026-03-15 19:25:17 DEBUG module=auth msg="queue length checked"
2026-03-15 19:30:15 INFO module=net msg="job scheduled"
2026-03-15 19:30:52 INFO module=cache msg="config reloaded"
2026-03-15 19:30:57 WARN module=auth msg="disk usage above 80%"
2026-03-15 19:31:47 INFO module=api msg="job scheduled"
2026-03-15 19:32:12 INFO module=api msg="service started"
2026-03-15 19:34:47 DEBUG module=net msg="buffer flushed"
2026-03-15 19:35:18 WARN module=disk msg="slow response"
2026-03-15 19:38:12 INFO module=db msg="cache warmed up"
2026-03-15 19:39:14 ERROR module=auth msg="invalid token"
2026-03-15 19:40:46 WARN module=api msg="deprecated option used"
2026-03-15 19:41:21 WARN module=cache msg="token expires soon"
2026-03-15 19:45:02 DEBUG module=fs msg="heartbeat sent"
2026-03-15 19:48:19 INFO module=db msg="user logged in"
2026-03-15 19:48:53 INFO module=fs msg="config reloaded"
2026-03-15 19:50:22 INFO module=auth msg="cache warmed up"
2026-03-15 19:54:33 INFO module=db msg="user logged in"
2026-03-15 19:55:14 INFO module=sched msg="job scheduled"
2026-03-15 19:57:49 INFO module=net msg="cache warmed up"
2026-03-15 19:59:45 INFO module=auth msg="user logged in"
2026-03-15 20:02:05 WARN module=auth msg="slow response"
2026-03-15 20:02:38 DEBUG module=cache msg="heartbeat sent"
2026-03-15 20:04:13 ERROR module=net msg="no space left on device"
2026-03-15 20:04:36 ERROR module=disk msg="segment read failed"
2026-03-15 20:04:55 INFO module=fs msg="user logged in"
2026-03-15 20:08:41 INFO module=cache msg="service started"
2026-03-15 20:08:52 INFO module=auth msg="job scheduled"
2026-03-15 20:20:05 WARN module=auth msg="slow response"
2026-03-15 20:20:43 INFO module=disk msg="request completed"
2026-03-15 20:23:46 WARN module=net msg="slow response"
2026-03-15 20:26:05 INFO module=disk msg="cache warmed up"
2026-03-15 20:27:37 INFO module=db msg="service started"
2026-03-15 20:28:27 DEBUG module=cache msg="entering handler"
2026-03-15 20:42:28 INFO module=sched msg="job scheduled"
2026-03-15 20:43:43 WARN module=db msg="disk usage above 80%"
2026-03-15 20:47:28 DEBUG module=auth msg="entering handler"
2026-03-15 20:47:57 INFO module=sched msg="config reloaded"
2026-03-15 20:48:49 WARN module=db msg="token expires soon"
2026-03-15 20:48:52 INFO module=cache msg="request completed"
2026-03-15 20:55:53 DEBUG module=auth msg="retry counter reset"
2026-03-15 20:57:32 INFO module=net msg="service started"
2026-03-15 21:04:04 INFO module=net msg="job scheduled"
2026-03-15 21:07:14 INFO module=sched msg="request completed"
2026-03-15 21:08:25 INFO module=db msg="cache warmed up"
2026-03-15 21:11:01 INFO module=auth msg="request completed"
2026-03-15 21:11:22 DEBUG module=sched msg="buffer flushed"
2026-03-15 21:18:54 INFO module=cache msg="job scheduled"
2026-03-15 21:19:19 INFO module=net msg="job scheduled"
2026-03-15 21:19:23 INFO module=fs msg="request completed"
2026-03-15 21:24:06 INFO module=net msg="config reloaded"
2026-03-15 21:24:51 INFO module=net msg="cache warmed up"
2026-03-15 21:26:28 WARN module=fs msg="disk usage above 80%"
2026-03-15 21:28:26 INFO module=fs msg="cache warmed up"
2026-03-15 21:28:36 DEBUG module=db msg="queue length checked"
2026-03-15 21:30:11 INFO module=db msg="request completed"
2026-03-15 21:33:14 INFO module=fs msg="config reloaded"
2026-03-15 21:33:32 INFO module=net msg="user logged in"
2026-03-15 21:34:53 ERROR module=net msg="query failed"
2026-03-15 21:36:00 INFO module=fs msg="service started"
2026-03-15 21:36:02 DEBUG module=api msg="retry counter reset"
2026-03-15 21:37:40 ERROR module=net msg="invalid token"
2026-03-15 21:37:57 INFO module=api msg="service started"
2026-03-15 21:38:05 WARN module=net msg="retrying request"
2026-03-15 21:40:44 INFO module=fs msg="job scheduled"
2026-03-15 21:41:56 INFO module=net msg="cache warmed up"
2026-03-15 21:43:55 ERROR module=db msg="connection refused"
2026-03-15 21:46:16 INFO module=disk msg="service started"
2026-03-15 21:46:40 DEBUG module=auth msg="entering handler"
2026-03-15 21:48:51 WARN module=net msg="deprecated option used"
2026-03-15 21:49:28 INFO module=net msg="user logged in"
2026-03-15 21:51:10 INFO module=auth msg="config reloaded"
2026-03-15 21:53:07 INFO module=net msg="request completed"
2026-03-15 21:54:11 INFO module=auth msg="job scheduled"
2026-03-15 21:55:21 WARN module=auth msg="retrying request"
2026-03-15 21:55:38 DEBUG module=cache msg="buffer flushed"
2026-03-15 21:57:27 INFO module=api msg="user logged in"
2026-03-15 21:57:42 INFO module=disk msg="cache warmed up"
2026-03-15 21:59:16 WARN module=db msg="retrying request"
2026-03-15 21:59:53 INFO module=fs msg="job scheduled"
2026-03-15 22:00:59 INFO module=api msg="service started"
2026-03-15 22:01:01 INFO module=sched msg="request completed"
2026-03-15 22:02:34 INFO module=sched msg="job scheduled"
2026-03-15 22:03:16 ERROR module=disk msg="no space left on device"
2026-03-15 22:04:00 ERROR module=db msg="connection refused"
2026-03-15 22:08:58 INFO module=auth msg="cache warmed up"
2026-03-15 22:10:29 INFO module=db msg="request completed"
2026-03-15 22:10:37 INFO module=api msg="job scheduled"
2026-03-15 22:12:50 ERROR module=db msg="invalid token"
2026-03-15 22:14:41 ERROR module=net msg="query failed"
2026-03-15 22:14:44 WARN module=api msg="retrying request"
2026-03-15 22:15:04 INFO module=fs msg="config reloaded"
2026-03-15 22:19:30 INFO module=sched msg="user logged in"
2026-03-15 22:20:42 INFO module=cache msg="job scheduled"
2026-03-15 22:21:40 INFO module=sched msg="job scheduled"
2026-03-15 22:23:47 WARN module=auth msg="disk usage above 80%"
2026-03-15 22:25:43 INFO module=auth msg="service started"
2026-03-15 22:27:06 INFO module=net msg="service started"
2026-03-15 22:27:27 WARN module=api msg="slow response"
2026-03-15 22:29:42 DEBUG module=net msg="queue length checked"
2026-03-15 22:29:55 INFO module=db msg="job scheduled"
2026-03-15 22:30:30 INFO module=disk msg="cache warmed up"
2026-03-15 22:30:34 INFO module=db msg="cache warmed up"
2026-03-15 22:33:42 INFO module=auth msg="job scheduled"
2026-03-15 22:35:27 INFO module=auth msg="cache warmed up"
2026-03-15 22:40:57 INFO module=db msg="user logged in"
2026-03-15 22:51:15 DEBUG module=db msg="queue length checked"
2026-03-15 22:52:43 ERROR module=net msg="query failed"
2026-03-15 22:53:30 ERROR module=db msg="connection timeout"
2026-03-15 22:53:45 DEBUG module=db msg="queue length checked"
2026-03-15 22:54:00 DEBUG module=fs msg="buffer flushed"
2026-03-15 22:54:45 INFO module=net msg="cache warmed up"
2026-03-15 22:56:25 INFO module=api msg="request completed"
2026-03-15 22:58:08 INFO module=sched msg="service started"
2026-03-15 23:00:14 INFO module=disk msg="config reloaded"
2026-03-15 23:01:09 INFO module=sched msg="job scheduled"
2026-03-15 23:03:14 DEBUG module=auth msg="entering handler"
2026-03-15 23:03:23 INFO module=auth msg="cache warmed up"
2026-03-15 23:03:38 INFO module=net msg="cache warmed up"
2026-03-15 23:03:45 INFO module=sched msg="user logged in"
2026-03-15 23:05:16 INFO module=disk msg="job scheduled"
2026-03-15 23:06:11 DEBUG module=cache msg="entering handler"
2026-03-15 23:07:44 INFO module=net msg="job scheduled"
2026-03-15 23:10:19 INFO module=net msg="request completed"
2026-03-15 23:11:46 INFO module=net msg="config reloaded"
2026-03-15 23:13:09 INFO module=disk msg="cache warmed up"
2026-03-15 23:13:21 WARN module=auth msg="disk usage above 80%"
2026-03-15 23:15:44 WARN module=disk msg="slow response"
2026-03-15 23:17:30 INFO module=disk msg="user logged in"
2026-03-15 23:18:58 WARN module=cache msg="deprecated option used"
2026-03-15 23:21:30 WARN module=disk msg="slow response"
2026-03-15 23:23:04 INFO module=sched msg="request completed"
2026-03-15 23:23:14 ERROR module=net msg="invalid token"
2026-03-15 23:23:31 WARN module=fs msg="token expires soon"
2026-03-15 23:27:16 WARN module=disk msg="disk usage above 80%"
2026-03-15 23:29:53 INFO module=fs msg="cache warmed up"
2026-03-15 23:31:43 ERROR module=db msg="segment read failed"
2026-03-15 23:32:23 INFO module=disk msg="user logged in"
2026-03-15 23:34:11 DEBUG module=sched msg="queue length checked"
2026-03-15 23:34:31 ERROR module=db msg="invalid token"
2026-03-15 23:34:41 INFO module=fs msg="request completed"
2026-03-15 23:40:08 INFO module=net msg="request completed"
2026-03-15 23:41:01 DEBUG module=api msg="retry counter reset"
2026-03-15 23:44:20 INFO module=db msg="cache warmed up"
2026-03-15 23:44:31 ERROR module=sched msg="no space left on device"
2026-03-15 23:47:12 INFO module=cache msg="config reloaded"
2026-03-15 23:50:01 INFO module=disk msg="request completed"
2026-03-15 23:51:19 WARN module=api msg="token expires soon"
2026-03-15 23:52:13 INFO module=disk msg="job scheduled"
2026-03-15 23:53:27 INFO module=api msg="cache warmed up"
2026-03-15 23:55:00 DEBUG module=disk msg="buffer flushed"
2026-03-15 23:56:18 INFO module=fs msg="job scheduled"
2026-03-15 23:57:45 INFO module=cache msg="user logged in"
2026-03-15 23:57:51 DEBUG module=db msg="buffer flushed"
2026-03-15 23:57:53 DEBUG module=sched msg="entering handler"
2026-03-15 23:58:57 INFO module=disk msg="job scheduled"
2026-03-15 23:59:46 DEBUG module=auth msg="heartbeat sent"
2026-03-15 23:59:47 ERROR module=api msg="invalid token"
