2026-03-18 00:06:21 INFO module=fs msg="request completed"
2026-03-18 00:13:04 INFO module=net msg="job scheduled"
2026-03-18 00:19:16 ERROR module=disk msg="connection refused"
2026-03-18 00:23:16 INFO module=fs msg="request completed"
2026-03-18 00:23:28 DEBUG module=sched msg="retry counter reset"
2026-03-18 00:29:14 INFO module=auth msg="user logged in"
2026-03-18 00:31:37 WARN module=net msg="token expires soon"
2026-03-18 00:32:42 DEBUG module=cache msg="entering handler"
2026-03-18 00:41:58 INFO module=sched msg="service started"
2026-03-18 00:51:45 INFO module=db msg="request completed"
2026-03-18 00:52:17 INFO module=net msg="cache warmed up"
2026-03-18 00:55:34 INFO module=auth msg="job scheduled"
2026-03-18 01:01:42 INFO module=sched msg="job scheduled"
2026-03-18 01:03:54 WARN module=net msg="retrying request"
2026-03-18 01:07:29 INFO module=disk msg="user logged in"
2026-03-18 01:12:36 INFO module=fs msg="service started"
2026-03-18 01:18:13 INFO module=cache msg="cache warmed up"
2026-03-18 01:22:29 INFO module=api msg="config reloaded"
2026-03-18 01:26:50 WARN module=db msg="retrying request"
2026-03-18 01:29:52 WARN module=auth msg="token expires soon"
2026-03-18 01:36:41 INFO module=fs msg="job scheduled"
2026-03-18 01:36:44 INFO module=auth msg="cache warmed up"
2026-03-18 01:37:08 WARN module=cache msg="slow response"
2026-03-18 01:42:18 DEBUG module=fs msg="queue length checked"
2026-03-18 02:06:22 INFO module=api msg="user logged in"
2026-03-18 02:06:46 WARN module=disk msg="disk usage above 80%"
2026-03-18 02:09:20 INFO module=cache msg="job scheduled"
2026-03-18 02:10:39 ERROR module=cache msg="no space left on device"
2026-03-18 02:13:48 INFO module=api msg="config reloaded"
2026-03-18 02:16:11 INFO module=sched msg="service started"
2026-03-18 02:22:54 INFO module=cache msg="cache warmed up"
2026-03-18 02:25:24 INFO module=api msg="request completed"
2026-03-18 02:27:59 INFO module=db msg="config reloaded"
2026-03-18 02:32:12 INFO module=cache msg="service started"
2026-03-18 02:34:51 INFO module=net msg="config reloaded"
2026-03-18 02:46:39 INFO module=api msg="user logged in"
2026-03-18 02:50:54 WARN module=db msg="disk usage above 80%"
2026-03-18 02:51:41 INFO module=fs msg="request completed"
2026-03-18 02:54:34 INFO module=cache msg="job scheduled"
2026-03-18 02:54:38 WARN module=cache msg="disk usage above 80%"
2026-03-18 02:57:53 INFO module=cache msg="service started"
2026-03-18 03:01:34 DEBUG module=auth msg="heartbeat sent"
2026-03-18 03:11:50 INFO module=sched msg="cache warmed up"
2026-03-18 03:15:02 INFO module=api msg="request completed"
2026-03-18 03:30:51 INFO module=net msg="cache warmed up"
2026-03-18 03:31:26 WARN module=disk msg="retrying request"
2026-03-18 03:33:56 INFO module=sched msg="config reloaded"
2026-03-18 03:35:09 INFO module=net msg="service started"
2026-03-18 03:39:07 DEBUG module=disk msg="queue length checked"
2026-03-18 03:42:51 INFO module=net msg="service started"
2026-03-18 03:46:25 ERROR module=sched msg="query failed"
2026-03-18 03:48:46 DEBUG module=cache msg="queue length checked"
2026-03-18 03:52:15 INFO module=auth msg="config reloaded"
2026-03-18 04:02:44 DEBUG module=cache msg="retry counter reset"
2026-03-18 04:02:51 WARN module=cache msg="token expires soon"
2026-03-18 04:09:17 INFO module=api msg="config reloaded"
2026-03-18 04:10:16 ERROR module=disk msg="no space left on device"
2026-03-18 04:13:12 WARN module=db msg="deprecated option used"
2026-03-18 04:21:57 INFO module=api msg="service started"
2026-03-18 04:24:11 DEBUG module=auth msg="buffer flushed"
2026-03-18 04:31:10 INFO module=fs msg="cache warmed up"
2026-03-18 04:34:54 WARN module=db msg="token expires soon"
2026-03-18 04:43:43 DEBUG module=db msg="retry counter reset"
2026-03-18 04:47:24 ERROR module=api msg="segment read failed"
2026-03-18 04:50:20 WARN module=net msg="token expires soon"
2026-03-18 04:52:27 DEBUG module=sched msg="entering handler"
2026-03-18 04:53:44 DEBUG module=api msg="buffer flushed"
2026-03-18 04:54:30 INFO module=auth msg="user logged in"
2026-03-18 04:55:42 DEBUG module=auth msg="queue length checked"
2026-03-18 04:56:11 WARN module=disk msg="token expires soon"
2026-03-18 04:57:42 DEBUG module=auth msg="buffer flushed"
2026-03-18 05:16:51 INFO module=db msg="config reloaded"
2026-03-18 05:34:44 INFO module=disk msg="user logged in"
2026-03-18 05:39:37 INFO module=disk msg="cache warmed up"
2026-03-18 05:41:12 DEBUG module=db msg="buffer flushed"
2026-03-18 05:48:53 WARN module=fs msg="token expires soon"
2026-03-18 06:05:14 DEBUG module=auth msg="queue length checked"
2026-03-18 06:16:20 INFO module=api msg="job scheduled"
2026-03-18 06:16:23 DEBUG module=api msg="retry counter reset"
2026-03-18 06:21:49 WARN module=disk msg="retrying request"
2026-03-18 06:23:26 ERROR module=db msg="invalid token"
2026-03-18 06:31:23 INFO module=net msg="user logged in"
2026-03-18 06:34:02 INFO module=db msg="job scheduled"
2026-03-18 06:47:39 INFO module=auth msg="cache warmed up"
2026-03-18 06:50:31 DEBUG module=sched msg="heartbeat sent"
2026-03-18 07:01:34 INFO module=api msg="request completed"
2026-03-18 07:07:30 INFO module=cache msg="service started"
2026-03-18 07:09:37 WARN module=disk msg="slow response"
2026-03-18 07:12:36 DEBUG module=api msg="heartbeat sent"
2026-03-18 07:13:06 WARN module=net msg="disk usage above 80%"
2026-03-18 07:22:09 INFO module=db msg="job scheduled"
2026-03-18 07:24:22 ERROR module=db msg="connection refused"
2026-03-18 07:29:19 ERROR module=net msg="no space left on device"
2026-03-18 07:39:08 INFO module=net msg="cache warmed up"
2026-03-18 07:46:39 DEBUG module=cache msg="queue length checked"
2026-03-18 07:55:31 INFO module=net msg="cache warmed up"
2026-03-18 07:56:41 INFO module=net msg="cache warmed up"
2026-03-18 07:59:06 DEBUG module=db msg="buffer flushed"
2026-03-18 08:02:31 INFO module=auth msg="cache warmed up"
2026-03-18 08:07:25 INFO module=net msg="user logged in"
2026-03-18 08:17:31 INFO module=net msg="cache warmed up"
2026-03-18 08:34:19 WARN module=api msg="retrying request"
2026-03-18 08:34:38 DEBUG module=db msg="buffer flushed"
2026-03-18 08:35:52 INFO module=db msg="config reloaded"
2026-03-18 08:36:12 WARN module=net msg="disk usage above 80%"
2026-03-18 08:40:08 ERROR module=auth msg="invalid token"
2026-03-18 08:42:00 INFO module=disk msg="config reloaded"
2026-03-18 08:42:54 INFO module=sched msg="request completed"
2026-03-18 08:43:47 INFO module=auth msg="cache warmed up"
2026-03-18 08:48:26 WARN module=cache msg="retrying request"
2026-03-18 08:55:34 INFO module=disk msg="config reloaded"
2026-03-18 08:55:46 WARN module=net msg="disk usage above 80%"
2026-03-18 08:56:35 INFO module=db msg="user logged in"
2026-03-18 08:56:48 WARN module=cache msg="token expires soon"
2026-03-18 09:09:58 INFO module=api msg="job scheduled"
2026-03-18 09:10:13 INFO module=cache msg="config reloaded"
2026-03-18 09:10:39 WARN module=api msg="deprecated option used"
2026-03-18 09:16:06 INFO module=net msg="request completed"
2026-03-18 09:16:43 WARN module=net msg="token expires soon"
2026-03-18 09:20:19 DEBUG module=auth msg="buffer flushed"
2026-03-18 09:27:44 INFO module=fs msg="request completed"
2026-03-18 09:28:33 INFO module=auth msg="user logged in"
2026-03-18 09:34:39 INFO module=auth msg="config reloaded"
2026-03-18 09:41:47 ERROR module=disk msg="invalid token"
2026-03-18 09:48:57 DEBUG module=disk msg="retry counter reset"
2026-03-18 09:49:10 WARN module=disk msg="slow response"
2026-03-18 09:50:49 ERROR module=db msg="connection timeout"
2026-03-18 09:51:48 WARN module=disk msg="disk usage above 80%"
2026-03-18 10:03:49 DEBUG module=sched msg="entering handler"
2026-03-18 10:06:34 WARN module=disk msg="deprecated option used"
2026-03-18 10:07:57 INFO module=api msg="config reloaded"
2026-03-18 10:15:28 ERROR module=db msg="segment read failed"
2026-03-18 10:23:36 ERROR module=net msg="connection refused"
2026-03-18 10:25:50 DEBUG module=cache msg="retry counter reset"
2026-03-18 10:28:18 WARN module=cache msg="deprecated option used"
2026-03-18 10:33:24 DEBUG module=fs msg="buffer flushed"
2026-03-18 10:36:52 INFO module=disk msg="cache warmed up"
2026-03-18 10:44:18 DEBUG module=fs msg="retry counter reset"
2026-03-18 10:47:38 INFO module=db msg="user logged in"
2026-03-18 10:51:13 INFO module=sched msg="request completed"
2026-03-18 10:51:39 DEBUG module=cache msg="heartbeat sent"
2026-03-18 11:02:56 ERROR module=net msg="permission denied"
2026-03-18 11:03:55 DEBUG module=net msg="queue length checked"
2026-03-18 11:04:55 INFO module=disk msg="request completed"
2026-03-18 11:05:37 DEBUG module=auth msg="entering handler"
2026-03-18 11:08:10 INFO module=disk msg="job scheduled"
2026-03-18 11:10:56 ERROR module=fs msg="segment read failed"
2026-03-18 11:13:04 INFO module=auth msg="cache warmed up"
2026-03-18 11:17:49 INFO module=cache msg="request completed"
2026-03-18 11:26:08 INFO module=disk msg="request completed"
2026-03-18 11:26:31 INFO module=net msg="user logged in"
2026-03-18 11:27:13 DEBUG module=cache msg="heartbeat sent"
2026-03-18 11:31:10 DEBUG module=auth msg="buffer flushed"
2026-03-18 11:32:58 INFO module=disk msg="config reloaded"
2026-03-18 11:34:27 INFO module=cache msg="config reloaded"
2026-03-18 11:35:03 DEBUG module=api msg="buffer flushed"
2026-03-18 11:52:22 DEBUG module=auth msg="buffer flushed"
2026-03-18 11:54:20 WARN module=disk msg="token expires soon"
2026-03-18 11:56:10 WARN module=cache msg="disk usage above 80%"
2026-03-18 11:58:05 WARN module=cache msg="token expires soon"
2026-03-18 11:58:53 INFO module=sched msg="job scheduled"
2026-03-18 11:59:53 INFO module=fs msg="cache warmed up"
2026-03-18 12:02:38 INFO module=db msg="request completed"
2026-03-18 12:05:36 DEBUG module=net msg="queue length checked"
2026-03-18 12:07:55 DEBUG module=sched msg="queue length checked"
2026-03-18 12:08:41 INFO module=auth msg="user logged in"
2026-03-18 12:15:11 INFO module=fs msg="request completed"
2026-03-18 12:17:16 INFO module=api msg="request completed"
2026-03-18 12:22:38 INFO module=sched msg="job scheduled"
2026-03-18 12:26:18 INFO module=net msg="job scheduled"
2026-03-18 12:43:08 DEBUG module=sched msg="entering handler"
2026-03-18 12:43:30 INFO module=disk msg="request completed"
2026-03-18 12:43:34 INFO module=auth msg="request completed"
2026-03-18 13:01:37 INFO module=db msg="job scheduled"
2026-03-18 13:02:49 INFO module=db msg="job scheduled"
2026-03-18 13:04:12 DEBUG module=sched msg="heartbeat sent"
2026-03-18 13:05:45 INFO module=api msg="request completed"
2026-03-18 13:12:54 INFO module=net msg="config reloaded"
2026-03-18 13:21:33 INFO module=db msg="service started"
2026-03-18 13:22:04 INFO module=net msg="user logged in"
2026-03-18 13:22:50 INFO module=db msg="service started"
2026-03-18 13:24:26 WARN module=db msg="token expires soon"
2026-03-18 13:25:24 DEBUG module=auth msg="retry counter reset"
2026-03-18 13:46:35 INFO module=api msg="config reloaded"
2026-03-18 13:47:15 INFO module=cache msg="config reloaded"
2026-03-18 13:51:27 DEBUG module=disk msg="buffer flushed"
2026-03-18 13:53:09 INFO module=db msg="user logged in"
2026-03-18 13:56:50 INFO module=api msg="service started"
2026-03-18 13:56:53 ERROR module=db msg="segment read failed"
2026-03-18 14:12:00 DEBUG module=disk msg="buffer flushed"
2026-03-18 14:15:17 WARN module=fs msg="slow response"
2026-03-18 14:20:56 DEBUG module=net msg="entering handler"
2026-03-18 14:29:47 INFO module=net msg="service started"
2026-03-18 14:32:57 INFO module=api msg="job scheduled"
2026-03-18 15:03:31 INFO module=api msg="cache warmed up"
2026-03-18 15:09:06 WARN module=db msg="token expires soon"
2026-03-18 15:09:33 DEBUG module=sched msg="entering handler"
2026-03-18 15:14:47 INFO module=cache msg="request completed"
2026-03-18 15:24:04 INFO module=auth msg="config reloaded"
2026-03-18 15:24:06 INFO module=net msg="service started"
2026-03-18 15:28:50 ERROR module=auth msg="query failed"
2026-03-18 15:38:35 INFO module=disk msg="job scheduled"
2026-03-18 15:39:51 WARN module=net msg="slow response"
2026-03-18 15:43:51 WARN module=cache msg="deprecated option used"
2026-03-18 16:09:26 ERROR module=fs msg="no space left on device"
2026-03-18 16:10:47 INFO module=net msg="cache warmed up"
2026-03-18 16:16:03 DEBUG module=db msg="buffer flushed"
2026-03-18 16:26:04 INFO module=db msg="job scheduled"
2026-03-18 16:30:19 ERROR module=api msg="segment read failed"
2026-03-18 16:31:58 WARN module=cache msg="deprecated option used"
2026-03-18 16:34:05 INFO module=net msg="service started"
2026-03-18 16:37:03 INFO module=db msg="config reloaded"
2026-03-18 16:41:26 INFO module=auth msg="user logged in"
2026-03-18 16:41:44 DEBUG module=disk msg="heartbeat sent"
2026-03-18 16:44:06 WARN module=net msg="slow response"
2026-03-18 16:50:22 DEBUG module=disk msg="heartbeat sent"
2026-03-18 16:58:12 ERROR module=db msg="segment read failed"
2026-03-18 17:02:50 WARN module=net msg="deprecated option used"
2026-03-18 17:05:19 DEBUG module=db msg="queue length checked"
2026-03-18 17:05:38 INFO module=db msg="job scheduled"
2026-03-18 17:05:54 ERROR module=auth msg="query failed"
2026-03-18 17:12:12 INFO module=auth msg="job scheduled"
2026-03-18 17:18:34 INFO module=db msg="cache warmed up"
2026-03-18 17:19:49 INFO module=sched msg="request completed"
2026-03-18 17:21:42 INFO module=sched msg="user logged in"
2026-03-18 17:32:15 WARN module=auth msg="deprecated option used"
2026-03-18 17:33:17 DEBUG module=auth msg="queue length checked"
2026-03-18 17:42:01 INFO module=disk msg="config reloaded"
2026-03-18 17:42:27 INFO module=auth msg="cache warmed up"
2026-03-18 17:48:43 INFO module=auth msg="user logged in"
2026-03-18 17:54:29 INFO module=net msg="service started"
2026-03-18 17:58:33 INFO module=api msg="cache warmed up"
2026-03-18 18:00:22 INFO module=api msg="cache warmed up"
2026-03-18 18:06:29 ERROR module=disk msg="connection refused"
2026-03-18 18:13:31 INFO module=api msg="request completed"
2026-03-18 18:14:29 DEBUG module=api msg="heartbeat sent"
2026-03-18 18:14:50 INFO module=net msg="job scheduled"
2026-03-18 18:20:08 ERROR module=auth msg="connection timeout"
2026-03-18 18:29:34 DEBUG module=sched msg="entering handler"
2026-03-18 18:49:03 INFO module=db msg="service started"
2026-03-18 18:57:11 INFO module=fs msg="config reloaded"
2026-03-18 18:57:33 WARN module=disk msg="token expires soon"
2026-03-18 19:01:40 WARN module=db msg="deprecated option used"
2026-03-18 19:02:17 ERROR module=net msg="segment read failed"
2026-03-18 19:12:31 INFO module=db msg="service started"
2026-03-18 19:16:00 WARN module=cache msg="retrying request"
2026-03-18 19:18:08 INFO module=cache msg="service started"
2026-03-18 19:26:40 INFO module=fs msg="user logged in"
2026-03-18 19:27:09 INFO module=sched msg="config reloaded"
2026-03-18 19:29:07 INFO module=auth msg="request completed"
2026-03-18 19:30:14 WARN module=db msg="retrying request"
2026-03-18 19:32:20 INFO module=db msg="service started"
2026-03-18 19:45:45 INFO module=disk msg="request completed"
2026-03-18 19:48:26 INFO module=net msg="request completed"
2026-03-18 19:53:24 INFO module=sched msg="service started"
2026-03-18 20:03:49 INFO module=disk msg="config reloaded"
2026-03-18 20:11:34 INFO module=db msg="user logged in"
2026-03-18 20:12:48 WARN module=fs msg="retrying request"
2026-03-18 20:16:53 INFO module=sched msg="request completed"
2026-03-18 20:23:21 INFO module=sched msg="user logged in"
2026-03-18 20:26:33 DEBUG module=db msg="entering handler"
2026-03-18 20:32:11 INFO module=net msg="user logged in"
2026-03-18 20:35:57 ERROR module=cache msg="no space left on device"
2026-03-18 20:38:50 INFO module=fs msg="service started"
2026-03-18 20:40:30 INFO module=cache msg="job scheduled"
2026-03-18 20:42:18 INFO module=disk msg="config reloaded"
2026-03-18 20:42:56 INFO module=sched msg="config reloaded"
2026-03-18 20:51:04 INFO module=db msg="request completed"
2026-03-18 20:53:24 INFO module=db msg="config reloaded"
2026-03-18 20:58:24 INFO module=db msg="cache warmed up"
2026-03-18 21:00:21 WARN module=net msg="deprecated option used"
2026-03-18 21:02:47 DEBUG module=db msg="queue length checked"
2026-03-18 21:07:32 DEBUG module=fs msg="retry counter reset"
2026-03-18 21:15:48 INFO module=cache msg="service started"
2026-03-18 21:15:54 DEBUG module=sched msg="entering handler"
2026-03-18 21:25:37 INFO module=auth msg="service started"
2026-03-18 21:31:52 INFO module=api msg="request completed"
2026-03-18 21:33:40 WARN module=api msg="deprecated option used"
2026-03-18 21:36:06 WARN module=db msg="deprecated option used"
2026-03-18 21:37:44 WARN module=db msg="slow response"
2026-03-18 21:41:21 INFO module=net msg="user logged in"
2026-03-18 21:43:58 INFO module=net msg="service started"
2026-03-18 21:45:34 INFO module=net msg="cache warmed up"
2026-03-18 21:47:21 WARN module=net msg="slow response"
2026-03-18 21:48:59 INFO module=sched msg="user logged in"
2026-03-18 22:10:19 INFO module=cache msg="request completed"
2026-03-18 22:13:38 ERROR module=db msg="query failed"
2026-03-18 22:18:31 WARN module=api msg="disk usage above 80%"
2026-03-18 22:18:37 ERROR module=net msg="permission denied"
2026-03-18 22:23:39 INFO module=disk msg="config reloaded"
2026-03-18 22:27:02 DEBUG module=fs msg="entering handler"
2026-03-18 22:29:41 WARN module=sched msg="slow response"
2026-03-18 22:30:05 INFO module=disk msg="config reloaded"
2026-03-18 22:33:19 INFO module=fs msg="service started"
2026-03-18 22:33:30 DEBUG module=db msg="queue length checked"
2026-03-18 22:38:43 INFO module=api msg="job scheduled"
2026-03-18 22:40:36 DEBUG module=cache msg="heartbeat sent"
2026-03-18 22:44:31 ERROR module=disk msg="connection refused"
2026-03-18 22:49:37 INFO module=disk msg="job scheduled"
2026-03-18 22:51:42 INFO module=sched msg="request completed"
2026-03-18 22:54:24 WARN module=cache msg="deprecated option used"
2026-03-18 22:56:02 INFO module=auth msg="user logged in"
2026-03-18 23:10:14 WARN module=api msg="retrying request"
2026-03-18 23:12:30 INFO module=auth msg="user logged in"
2026-03-18 23:13:17 INFO module=auth msg="job scheduled"
2026-03-18 23:18:27 INFO module=db msg="cache warmed up"
2026-03-18 23:21:05 INFO module=net msg="user logged in"
2026-03-18 23:21:50 INFO module=sched msg="request completed"
2026-03-18 23:25:55 ERROR module=disk msg="no space left on device"
2026-03-18 23:26:01 INFO module=fs msg="job scheduled"
2026-03-18 23:28:10 WARN module=api msg="retrying request"
2026-03-18 23:31:53 INFO module=auth msg="config reloaded"
2026-03-18 23:36:46 INFO module=api msg="user logged in"
2026-03-18 23:37:34 INFO module=net msg="job scheduled"
2026-03-18 23:39:27 INFO module=db msg="config reloaded"
2026-03-18 23:43:27 ERROR module=fs msg="invalid token"
2026-03-18 23:45:07 INFO module=sched msg="request completed"
2026-03-18 23:51:49 WARN module=db msg="disk usage above 80%"
2026-03-18 23:52:27 INFO module=fs msg="cache warmed up"
2026-03-18 23:56:55 INFO module=db msg="user logged in"
