2026-02-02 00:00:59 DEBUG module=api msg="retry counter reset"
2026-02-02 00:01:49 WARN module=db msg="deprecated option used"
2026-02-02 00:03:49 WARN module=db msg="deprecated option used"
2026-02-02 00:04:03 INFO module=db msg="request completed"
2026-02-02 00:07:31 INFO module=cache msg="cache warmed up"
2026-02-02 00:09:00 INFO module=db msg="user logged in"
2026-02-02 00:10:57 INFO module=auth msg="request completed"
2026-02-02 00:12:15 WARN module=cache msg="disk usage above 80%"
2026-02-02 00:14:38 INFO module=sched msg="config reloaded"
2026-02-02 00:15:13 ERROR module=db msg="connection refused"
2026-02-02 00:16:38 DEBUG module=api msg="entering handler"
2026-02-02 00:17:15 INFO module=sched msg="service started"
2026-02-02 00:19:33 WARN module=db msg="slow response"
2026-02-02 00:21:55 INFO module=auth msg="cache warmed up"
2026-02-02 00:22:11 INFO module=fs msg="request completed"
2026-02-02 00:23:28 ERROR module=net msg="segment read failed"
2026-02-02 00:23:59 INFO module=disk msg="service started"
2026-02-02 00:24:45 INFO module=sched msg="job scheduled"
2026-02-02 00:26:04 ERROR module=net msg="invalid token"
2026-02-02 00:27:13 INFO module=fs msg="request completed"
2026-02-02 00:29:32 DEBUG module=cache msg="retry counter reset"
2026-02-02 00:32:24 INFO module=db msg="cache warmed up"
2026-02-02 00:34:45 INFO module=auth msg="user logged in"
2026-02-02 00:34:48 INFO module=disk msg="cache warmed up"
2026-02-02 00:36:53 INFO module=cache msg="request completed"
2026-02-02 00:38:27 INFO module=db msg="service started"
2026-02-02 00:38:38 DEBUG module=api msg="retry counter reset"
2026-02-02 00:40:44 INFO module=fs msg="service started"
2026-02-02 00:43:26 INFO module=auth msg="user logged in"
2026-02-02 00:44:29 INFO module=api msg="config reloaded"
2026-02-02 00:45:25 INFO module=auth msg="job scheduled"
2026-02-02 00:45:57 INFO module=auth msg="service started"
2026-02-02 00:46:14 INFO module=sched msg="job scheduled"
2026-02-02 00:48:55 INFO module=net msg="user logged in"
2026-02-02 00:50:34 INFO module=fs msg="service started"
2026-02-02 00:52:22 INFO module=db msg="user logged in"
2026-02-02 00:54:17 INFO module=db msg="job scheduled"
2026-02-02 00:54:41 INFO module=cache msg="request completed"
2026-02-02 00:55:08 WARN module=disk msg="slow response"
2026-02-02 00:56:41 DEBUG module=api msg="heartbeat sent"
2026-02-02 00:58:08 INFO module=fs msg="service started"
2026-02-02 00:59:00 INFO module=net msg="job scheduled"
2026-02-02 01:00:34 ERROR module=sched msg="invalid token"
2026-02-02 01:02:07 WARN module=db msg="disk usage above 80%"
2026-02-02 01:04:20 INFO module=net msg="service started"
2026-02-02 01:05:38 ERROR module=api msg="query failed"
2026-02-02 01:07:48 DEBUG module=auth msg="queue length checked"
2026-02-02 01:11:45 WARN module=net msg="retrying request"
2026-02-02 01:11:49 INFO module=sched msg="job scheduled"
2026-02-02 01:14:02 INFO module=sched msg="request completed"
2026-02-02 01:14:17 ERROR module=sched msg="no space left on device"
2026-02-02 01:14:20 DEBUG module=cache msg="entering handler"
2026-02-02 01:17:13 INFO module=sched msg="request completed"
2026-02-02 01:19:03 WARN module=cache msg="retrying request"
2026-02-02 01:20:22 INFO module=sched msg="request completed"
2026-02-02 01:23:52 DEBUG module=cache msg="buffer flushed"
2026-02-02 01:24:44 INFO module=api msg="service started"
2026-02-02 01:25:03 INFO module=auth msg="user logged in"
2026-02-02 01:26:17 INFO module=disk msg="user logged in"
2026-02-02 01:26:19 WARN module=disk msg="disk usage above 80%"
2026-02-02 01:31:17 INFO module=fs msg="config reloaded"
2026-02-02 01:31:26 INFO module=auth msg="user logged in"
2026-02-02 01:32:17 INFO module=auth msg="cache warmed up"
2026-02-02 01:33:21 DEBUG module=cache msg="retry counter reset"
2026-02-02 01:33:45 INFO module=db msg="cache warmed up"
2026-02-02 01:33:47 INFO module=disk msg="cache warmed up"
2026-02-02 01:36:30 DEBUG module=auth msg="retry counter reset"
2026-02-02 01:37:10 INFO module=db msg="cache warmed up"
2026-02-02 01:37:55 WARN module=net msg="token expires soon"
2026-02-02 01:38:03 DEBUG module=db msg="buffer flushed"
2026-02-02 01:40:41 DEBUG module=sched msg="entering handler"
2026-02-02 01:41:03 DEBUG module=cache msg="queue length checked"
2026-02-02 01:43:27 INFO module=sched msg="service started"
2026-02-02 01:45:02 ERROR module=net msg="connection timeout"
2026-02-02 01:46:39 INFO module=disk msg="cache warmed up"
2026-02-02 01:47:30 INFO module=cache msg="config reloaded"
2026-02-02 01:48:45 INFO module=auth msg="config reloaded"
2026-02-02 01:51:08 INFO module=net msg="job scheduled"
2026-02-02 01:51:33 WARN module=sched msg="slow response"
2026-02-02 01:51:49 INFO module=api msg="request completed"
2026-02-02 01:52:11 DEBUG module=cache msg="entering handler"
2026-02-02 01:52:21 ERROR module=sched msg="no space left on device"
2026-02-02 01:54:09 DEBUG module=sched msg="queue length checked"
2026-02-02 01:54:16 INFO module=db msg="config reloaded"
2026-02-02 01:55:20 DEBUG module=api msg="retry counter reset"
2026-02-02 01:59:10 DEBUG module=fs msg="entering handler"
2026-02-02 01:59:32 INFO module=cache msg="user logged in"
2026-02-02 02:00:29 INFO module=disk msg="cache warmed up"
2026-02-02 02:03:29 INFO module=cache msg="job scheduled"
2026-02-02 02:06:58 INFO module=db msg="request completed"
2026-02-02 02:11:32 WARN module=fs msg="slow response"
2026-02-02 02:12:59 INFO module=api msg="config reloaded"
2026-02-02 02:14:09 INFO module=cache msg="user logged in"
2026-02-02 02:16:04 WARN module=net msg="retrying request"
2026-02-02 02:21:05 DEBUG module=api msg="buffer flushed"
2026-02-02 02:23:35 WARN module=cache msg="deprecated option used"
2026-02-02 02:23:45 INFO module=api msg="cache warmed up"
2026-02-02 02:27:02 INFO module=disk msg="user logged in"
2026-02-02 02:27:32 INFO module=sched msg="cache warmed up"
2026-02-02 02:28:25 WARN module=net msg="token expires soon"
2026-02-02 02:29:39 INFO module=api msg="job scheduled"
2026-02-02 02:31:51 INFO module=disk msg="cache warmed up"
2026-02-02 02:33:52 INFO module=cache msg="user logged in"
2026-02-02 02:35:11 ERROR module=net msg="no space left on device"
2026-02-02 02:36:56 INFO module=api msg="job scheduled"
2026-02-02 02:38:35 DEBUG module=fs msg="buffer flushed"
2026-02-02 02:38:49 INFO module=disk msg="job scheduled"
2026-02-02 02:39:48 INFO module=auth msg="service started"
2026-02-02 02:42:27 INFO module=db msg="user logged in"
2026-02-02 02:43:10 WARN module=disk msg="deprecated option used"
2026-02-02 02:46:33 INFO module=disk msg="request completed"
2026-02-02 02:48:20 INFO module=db msg="request completed"
2026-02-02 02:49:33 INFO module=net msg="service started"
2026-02-02 02:53:03 INFO module=api msg="config reloaded"
2026-02-02 02:54:17 INFO module=api msg="cache warmed up"
2026-02-02 02:55:10 INFO module=auth msg="service started"
2026-02-02 02:56:42 INFO module=disk msg="config reloaded"
2026-02-02 02:58:30 ERROR module=disk msg="invalid token"
2026-02-02 03:02:40 INFO module=disk msg="service started"
2026-02-02 03:03:48 INFO module=fs msg="cache warmed up"
2026-02-02 03:08:50 INFO module=sched msg="config reloaded"
2026-02-02 03:11:05 INFO module=cache msg="config reloaded"
2026-02-02 03:12:40 INFO module=auth msg="cache warmed up"
2026-02-02 03:13:11 WARN module=db msg="slow response"
2026-02-02 03:14:08 ERROR module=net msg="query failed"
2026-02-02 03:15:20 WARN module=net msg="token expires soon"
2026-02-02 03:16:46 INFO module=sched msg="cache warmed up"
2026-02-02 03:19:00 INFO module=auth msg="job scheduled"
2026-02-02 03:19:54 ERROR module=db msg="query failed"
2026-02-02 03:20:29 ERROR module=net msg="connection refused"
2026-02-02 03:22:32 INFO module=fs msg="user logged in"
2026-02-02 03:22:47 INFO module=fs msg="config reloaded"
2026-02-02 03:22:48 WARN module=disk msg="slow response"
2026-02-02 03:24:24 INFO module=cache msg="user logged in"
2026-02-02 03:24:51 INFO module=api msg="service started"
2026-02-02 03:24:56 INFO module=api msg="config reloaded"
2026-02-02 03:26:29 WARN module=db msg="token expires soon"
2026-02-02 03:28:38 INFO module=fs msg="request completed"
2026-02-02 03:30:32 WARN module=fs msg="retrying request"
2026-02-02 03:30:35 INFO module=sched msg="config reloaded"
2026-02-02 03:35:21 WARN module=db msg="token expires soon"
2026-02-02 03:40:06 INFO module=db msg="config reloaded"
2026-02-02 03:45:07 ERROR module=disk msg="query failed"
2026-02-02 03:45:46 WARN module=api msg="slow response"
2026-02-02 03:49:38 WARN module=db msg="token expires soon"
2026-02-02 03:49:54 INFO module=db msg="job scheduled"
2026-02-02 03:50:08 INFO module=fs msg="user logged in"
2026-02-02 03:51:59 DEBUG module=db msg="retry counter reset"
2026-02-02 03:56:25 DEBUG module=disk msg="entering handler"
2026-02-02 03:56:36 INFO module=cache msg="job scheduled"
2026-02-02 03:57:35 INFO module=auth msg="config reloaded"
2026-02-02 03:58:32 ERROR module=db msg="connection refused"
2026-02-02 03:58:42 INFO module=fs msg="config reloaded"
2026-02-02 04:02:58 ERROR module=net msg="segment read failed"
2026-02-02 04:05:32 INFO module=fs msg="user logged in"
2026-02-02 04:08:40 INFO module=api msg="cache warmed up"
2026-02-02 04:13:23 INFO module=sched msg="cache warmed up"
2026-02-02 04:15:10 INFO module=auth msg="job scheduled"
2026-02-02 04:17:23 INFO module=net msg="job scheduled"
2026-02-02 04:17:25 INFO module=net msg="cache warmed up"
2026-02-02 04:19:12 INFO module=auth msg="user logged in"
2026-02-02 04:20:20 INFO module=db msg="request completed"
2026-02-02 04:21:24 INFO module=db msg="config reloaded"
2026-02-02 04:21:27 INFO module=db msg="request completed"
2026-02-02 04:22:01 INFO module=cache msg="user logged in"
2026-02-02 04:22:19 DEBUG module=net msg="heartbeat sent"
2026-02-02 04:22:46 INFO module=db msg="config reloaded"
2026-02-02 04:23:11 WARN module=db msg="disk usage above 80%"
2026-02-02 04:24:53 WARN module=disk msg="slow response"
2026-02-02 04:25:48 DEBUG module=db msg="heartbeat sent"
2026-02-02 04:26:49 INFO module=api msg="user logged in"
2026-02-02 04:28:42 INFO module=api msg="user logged in"
2026-02-02 04:29:53 INFO module=db msg="user logged in"
2026-02-02 04:30:43 INFO module=db msg="job scheduled"
2026-02-02 04:36:16 INFO module=sched msg="config reloaded"
2026-02-02 04:38:28 INFO module=fs msg="job scheduled"
2026-02-02 04:39:07 WARN module=disk msg="retrying request"
2026-02-02 04:39:51 DEBUG module=api msg="heartbeat sent"
2026-02-02 04:41:19 WARN module=api msg="slow response"
2026-02-02 04:41:29 INFO module=api msg="request completed"
2026-02-02 04:41:35 DEBUG module=net msg="queue length checked"
2026-02-02 04:42:54 DEBUG module=sched msg="entering handler"
2026-02-02 04:45:37 DEBUG module=sched msg="queue length checked"
2026-02-02 04:46:03 WARN module=auth msg="slow response"
2026-02-02 04:46:19 INFO module=disk msg="cache warmed up"
2026-02-02 04:48:31 INFO module=cache msg="service started"
2026-02-02 04:48:56 ERROR module=disk msg="no space left on device"
2026-02-02 04:51:06 INFO module=cache msg="job scheduled"
2026-02-02 04:51:42 INFO module=net msg="user logged in"
2026-02-02 04:53:00 INFO module=api msg="job scheduled"
2026-02-02 04:55:33 INFO module=auth msg="user logged in"
2026-02-02 04:55:39 DEBUG module=sched msg="buffer flushed"
2026-02-02 04:57:10 INFO module=disk msg="config reloaded"
2026-02-02 04:59:07 INFO module=auth msg="request completed"
2026-02-02 04:59:42 INFO module=db msg="cache warmed up"
2026-02-02 05:00:46 INFO module=db msg="request completed"
2026-02-02 05:01:45 INFO module=fs msg="cache warmed up"
2026-02-02 05:02:07 DEBUG module=cache msg="retry counter reset"
2026-02-02 05:06:18 INFO module=net msg="job scheduled"
2026-02-02 05:06:34 DEBUG module=sched msg="buffer flushed"
2026-02-02 05:12:50 INFO module=cache msg="request completed"
2026-02-02 05:13:20 INFO module=fs msg="service started"
2026-02-02 05:16:03 ERROR module=net msg="connection timeout"
2026-02-02 05:16:16 INFO module=sched msg="cache warmed up"
2026-02-02 05:18:18 INFO module=cache msg="user logged in"
2026-02-02 05:20:11 DEBUG module=api msg="buffer flushed"
2026-02-02 05:20:58 INFO module=sched msg="job scheduled"
2026-02-02 05:26:44 INFO module=fs msg="job scheduled"
2026-02-02 05:26:57 INFO module=api msg="request completed"
2026-02-02 05:27:08 INFO module=api msg="config reloaded"
2026-02-02 05:29:18 INFO module=net msg="cache warmed up"
2026-02-02 05:30:51 INFO module=sched msg="request completed"
2026-02-02 05:31:43 ERROR module=db msg="permission denied"
2026-02-02 05:32:47 INFO module=fs msg="cache warmed up"
2026-02-02 05:37:09 INFO module=auth msg="cache warmed up"
2026-02-02 05:38:04 WARN module=fs msg="disk usage above 80%"
2026-02-02 05:40:28 WARN module=api msg="token expires soon"
2026-02-02 05:41:51 INFO module=disk msg="cache warmed up"
2026-02-02 05:42:08 INFO module=sched msg="service started"
2026-02-02 05:45:55 INFO module=disk msg="cache warmed up"
2026-02-02 05:47:50 DEBUG module=db msg="retry counter reset"
2026-02-02 05:51:47 WARN module=net msg="disk usage above 80%"
2026-02-02 05:56:22 ERROR module=auth msg="invalid token"
2026-02-02 06:00:25 INFO module=db msg="job scheduled"
2026-02-02 06:03:37 INFO module=fs msg="user logged in"
2026-02-02 06:04:04 INFO module=disk msg="service started"
2026-02-02 06:04:08 INFO module=db msg="cache warmed up"
2026-02-02 06:05:05 DEBUG module=auth msg="queue length checked"
2026-02-02 06:09:17 INFO module=api msg="request completed"
2026-02-02 06:10:23 INFO module=cache msg="job scheduled"
2026-02-02 06:11:15 WARN module=net msg="disk usage above 80%"
2026-02-02 06:11:50 INFO module=net msg="service started"
2026-02-02 06:13:07 INFO module=disk msg="request completed"
2026-02-02 06:13:23 INFO module=disk msg="request completed"
2026-02-02 06:14:23 WARN module=db msg="slow response"
2026-02-02 06:17:12 DEBUG module=fs msg="retry counter reset"
2026-02-02 06:18:31 INFO module=auth msg="request completed"
2026-02-02 06:19:44 INFO module=cache msg="cache warmed up"
2026-02-02 06:21:58 INFO module=disk msg="user logged in"
2026-02-02 06:22:10 INFO module=fs msg="request completed"
2026-02-02 06:22:14 ERROR module=auth msg="connection timeout"
2026-02-02 06:24:03 INFO module=auth msg="cache warmed up"
2026-02-02 06:24:37 INFO module=api msg="cache warmed up"
2026-02-02 06:26:33 DEBUG module=disk msg="retry counter reset"
2026-02-02 06:28:48 DEBUG module=cache msg="retry counter reset"
2026-02-02 06:28:54 INFO module=auth msg="cache warmed up"
2026-02-02 06:29:28 INFO module=auth msg="service started"
2026-02-02 06:30:02 INFO module=net msg="service started"
2026-02-02 06:31:49 DEBUG module=db msg="buffer flushed"
2026-02-02 06:34:43 ERROR module=db msg="permission denied"
2026-02-02 06:43:39 INFO module=auth msg="cache warmed up"
2026-02-02 06:45:48 INFO module=auth msg="cache warmed up"
2026-02-02 06:46:58 INFO module=auth msg="job scheduled"
2026-02-02 06:47:41 INFO module=db msg="cache warmed up"
2026-02-02 06:49:57 INFO module=sched msg="service started"
2026-02-02 06:55:25 INFO module=cache msg="service started"
2026-02-02 06:55:39 DEBUG module=sched msg="buffer flushed"
2026-02-02 06:55:54 INFO module=fs msg="cache warmed up"
2026-02-02 06:57:22 INFO module=auth msg="request completed"
2026-02-02 06:58:45 INFO module=auth msg="job scheduled"
2026-02-02 07:02:19 DEBUG module=net msg="buffer flushed"
2026-02-02 07:03:06 INFO module=api msg="user logged in"
2026-02-02 07:04:12 DEBUG module=cache msg="heartbeat sent"
2026-02-02 07:04:43 INFO module=api msg="request completed"
2026-02-02 07:04:46 INFO module=fs msg="user logged in"
2026-02-02 07:04:58 ERROR module=api msg="query failed"
2026-02-02 07:05:05 INFO module=api msg="cache warmed up"
2026-02-02 07:08:03 ERROR module=cache msg="query failed"
2026-02-02 07:09:34 INFO module=net msg="request completed"
2026-02-02 07:10:00 INFO module=auth msg="cache warmed up"
2026-02-02 07:14:10 INFO module=db msg="cache warmed up"
2026-02-02 07:14:33 INFO module=auth msg="job scheduled"
2026-02-02 07:15:39 INFO module=net msg="cache warmed up"
2026-02-02 07:18:41 INFO module=api msg="cache warmed up"
2026-02-02 07:18:56 ERROR module=sched msg="invalid token"
2026-02-02 07:19:53 INFO module=auth msg="user logged in"
2026-02-02 07:20:08 ERROR module=auth msg="no space left on device"
2026-02-02 07:20:57 INFO module=api msg="service started"
2026-02-02 07:21:24 INFO module=fs msg="request completed"
2026-02-02 07:22:31 ERROR module=disk msg="query failed"
2026-02-02 07:24:10 INFO module=net msg="cache warmed up"
2026-02-02 07:25:09 WARN module=net msg="token expires soon"
2026-02-02 07:26:57 WARN module=cache msg="disk usage above 80%"
2026-02-02 07:27:17 INFO module=db msg="job scheduled"
2026-02-02 07:29:02 WARN module=disk msg="disk usage above 80%"
2026-02-02 07:30:22 DEBUG module=db msg="queue length checked"
2026-02-02 07:33:31 ERROR module=db msg="connection timeout"
2026-02-02 07:34:00 DEBUG module=fs msg="retry counter reset"
2026-02-02 07:41:29 INFO module=api msg="cache warmed up"
2026-02-02 07:45:53 INFO module=net msg="request completed"
2026-02-02 07:46:08 INFO module=sched msg="cache warmed up"
2026-02-02 07:47:48 INFO module=net msg="config reloaded"
2026-02-02 07:49:57 INFO module=sched msg="user logged in"
2026-02-02 07:52:04 INFO module=fs msg="service started"
2026-02-02 07:55:37 WARN module=fs msg="retrying request"
2026-02-02 07:58:05 INFO module=net msg="config reloaded"
2026-02-02 07:58:09 INFO module=db msg="user logged in"
2026-02-02 08:00:40 WARN module=db msg="token expires soon"
2026-02-02 08:01:56 INFO module=db msg="service started"
2026-02-02 08:03:46 INFO module=db msg="job scheduled"
2026-02-02 08:08:37 DEBUG module=api msg="buffer flushed"
2026-02-02 08:09:08 ERROR module=db msg="query failed"
2026-02-02 08:09:44 INFO module=disk msg="service started"
2026-02-02 08:11:51 INFO module=net msg="config reloaded"
2026-02-02 08:12:36 INFO module=net msg="request completed"
2026-02-02 08:12:44 INFO module=sched msg="job scheduled"
2026-02-02 08:13:25 INFO module=auth msg="user logged in"
2026-02-02 08:14:25 ERROR module=db msg="permission denied"
2026-02-02 08:14:38 INFO module=api msg="cache warmed up"
2026-02-02 08:16:06 WARN module=net msg="token expires soon"
2026-02-02 08:17:06 DEBUG module=api msg="queue length checked"
2026-02-02 08:18:40 INFO module=db msg="request completed"
2026-02-02 08:22:01 INFO module=fs msg="cache warmed up"
2026-02-02 08:24:41 INFO module=sched msg="user logged in"
2026-02-02 08:29:42 WARN module=db msg="retrying request"
2026-02-02 08:34:21 INFO module=auth msg="service started"
2026-02-02 08:40:33 INFO module=net msg="request completed"
2026-02-02 08:41:36 INFO module=fs msg="service started"
2026-02-02 08:44:54 DEBUG module=disk msg="buffer flushed"
2026-02-02 08:50:44 INFO module=api msg="job scheduled"
2026-02-02 08:53:09 INFO module=auth msg="config reloaded"
2026-02-02 08:53:22 DEBUG module=api msg="queue length checked"
2026-02-02 08:54:48 INFO module=auth msg="service started"
2026-02-02 08:55:55 INFO module=cache msg="service started"
2026-02-02 08:59:53 INFO module=auth msg="cache warmed up"
2026-02-02 09:02:22 INFO module=net msg="cache warmed up"
2026-02-02 09:03:43 INFO module=net msg="config reloaded"
2026-02-02 09:07:30 INFO module=cache msg="config reloaded"
2026-02-02 09:09:08 INFO module=db msg="job scheduled"
2026-02-02 09:10:35 INFO module=api msg="request completed"
2026-02-02 09:12:43 INFO module=db msg="user logged in"
2026-02-02 09:14:14 WARN module=fs msg="token expires soon"
2026-02-02 09:14:53 INFO module=net msg="service started"
2026-02-02 09:16:13 INFO module=api msg="request completed"
2026-02-02 09:16:37 INFO module=sched msg="config reloaded"
2026-02-02 09:17:18 INFO module=net msg="service started"
2026-02-02 09:19:09 INFO module=db msg="config reloaded"
2026-02-02 09:19:31 INFO module=db msg="request completed"
2026-02-02 09:24:32 ERROR module=cache msg="connection refused"
2026-02-02 09:27:30 INFO module=db msg="cache warmed up"
2026-02-02 09:28:18 DEBUG module=db msg="entering handler"
2026-02-02 09:30:28 ERROR module=db msg="segment read failed"
2026-02-02 09:31:53 INFO module=cache msg="user logged in"
2026-02-02 09:37:11 INFO module=api msg="config reloaded"
2026-02-02 09:38:47 INFO module=api msg="service started"
2026-02-02 09:39:28 ERROR module=sched msg="query failed"
2026-02-02 09:40:09 INFO module=sched msg="user logged in"
2026-02-02 09:40:51 INFO module=fs msg="job scheduled"
2026-02-02 09:41:35 INFO module=net msg="service started"
2026-02-02 09:41:56 INFO module=disk msg="request completed"
2026-02-02 09:44:19 INFO module=auth msg="service started"
2026-02-02 09:45:25 INFO module=auth msg="cache warmed up"
2026-02-02 09:45:59 INFO module=net msg="cache warmed up"
2026-02-02 09:47:31 WARN module=net msg="retrying request"
2026-02-02 09:49:15 DEBUG module=fs msg="entering handler"
2026-02-02 09:49:59 WARN module=api msg="token expires soon"
2026-02-02 09:50:15 INFO module=auth msg="config reloaded"
2026-02-02 09:55:07 DEBUG module=cache msg="retry counter reset"
2026-02-02 09:58:06 DEBUG module=cache msg="buffer flushed"
2026-02-02 09:58:51 INFO module=api msg="user logged in"
2026-02-02 10:02:40 WARN module=disk msg="retrying request"
2026-02-02 10:02:44 DEBUG module=sched msg="retry counter reset"
2026-02-02 10:03:02 INFO module=fs msg="user logged in"
2026-02-02 10:03:54 ERROR module=net msg="invalid token"
2026-02-02 10:07:52 WARN module=disk msg="deprecated option used"
2026-02-02 10:08:15 INFO module=api msg="cache warmed up"
2026-02-02 10:11:59 INFO module=sched msg="config reloaded"
2026-02-02 10:14:34 DEBUG module=net msg="retry counter reset"
2026-02-02 10:18:53 WARN module=cache msg="disk usage above 80%"
2026-02-02 10:20:17 DEBUG module=sched msg="heartbeat sent"
2026-02-02 10:21:49 INFO module=cache msg="request completed"
2026-02-02 10:25:06 INFO module=cache msg="service started"
2026-02-02 10:25:11 INFO module=api msg="cache warmed up"
2026-02-02 10:25:29 INFO module=net msg="request completed"
2026-02-02 10:26:41 DEBUG module=disk msg="retry counter reset"
2026-02-02 10:26:55 INFO module=fs msg="user logged in"
2026-02-02 10:27:07 INFO module=disk msg="user logged in"
2026-02-02 10:27:53 INFO module=net msg="config reloaded"
2026-02-02 10:31:05 INFO module=disk msg="user logged in"
2026-02-02 10:31:34 INFO module=auth msg="cache warmed up"
2026-02-02 10:33:53 INFO module=cache msg="job scheduled"
2026-02-02 10:35:53 INFO module=net msg="service started"
2026-02-02 10:37:52 INFO module=api msg="user logged in"
2026-02-02 10:42:26 ERROR module=net msg="connection timeout"
2026-02-02 10:44:40 WARN module=cache msg="slow response"
2026-02-02 10:45:47 INFO module=db msg="config reloaded"
2026-02-02 10:52:22 WARN module=api msg="slow response"
2026-02-02 10:52:23 INFO module=net msg="cache warmed up"
2026-02-02 10:58:45 INFO module=disk msg="request completed"
2026-02-02 10:59:49 INFO module=auth msg="config reloaded"
2026-02-02 11:03:18 WARN module=db msg="slow response"
2026-02-02 11:06:07 INFO module=net msg="job scheduled"
2026-02-02 11:06:37 INFO module=net msg="request completed"
2026-02-02 11:07:09 INFO module=sched msg="service started"
2026-02-02 11:07:10 INFO module=sched msg="request completed"
2026-02-02 11:07:39 INFO module=cache msg="service started"
2026-02-02 11:10:30 DEBUG module=db msg="buffer flushed"
2026-02-02 11:12:17 DEBUG module=cache msg="buffer flushed"
2026-02-02 11:14:31 INFO module=auth msg="cache warmed up"
2026-02-02 11:15:47 WARN module=net msg="retrying request"
2026-02-02 11:17:28 WARN module=disk msg="deprecated option used"
2026-02-02 11:18:08 DEBUG module=api msg="buffer flushed"
2026-02-02 11:20:46 DEBUG module=cache msg="heartbeat sent"
2026-02-02 11:21:05 INFO module=sched msg="cache warmed up"
2026-02-02 11:22:38 INFO module=auth msg="request completed"
2026-02-02 11:23:20 ERROR module=net msg="connection timeout"
2026-02-02 11:24:35 INFO module=disk msg="request completed"
2026-02-02 11:24:49 DEBUG module=disk msg="buffer flushed"
2026-02-02 11:26:00 INFO module=auth msg="job scheduled"
2026-02-02 11:26:06 INFO module=net msg="config reloaded"
2026-02-02 11:26:52 INFO module=fs msg="user logged in"
2026-02-02 11:28:29 INFO module=sched msg="user logged in"
2026-02-02 11:30:46 INFO module=api msg="cache warmed up"
2026-02-02 11:31:32 ERROR module=net msg="permission denied"
2026-02-02 11:33:12 INFO module=fs msg="user logged in"
2026-02-02 11:33:46 INFO module=net msg="service started"
2026-02-02 11:35:32 INFO module=db msg="service started"
2026-02-02 11:35:47 INFO module=auth msg="job scheduled"
2026-02-02 11:40:17 DEBUG module=net msg="retry counter reset"
2026-02-02 11:42:02 ERROR module=net msg="query failed"
2026-02-02 11:49:29 INFO module=db msg="config reloaded"
2026-02-02 11:50:01 DEBUG module=sched msg="retry counter reset"
2026-02-02 11:51:22 ERROR module=db msg="invalid token"
2026-02-02 12:00:24 DEBUG module=net msg="buffer flushed"
2026-02-02 12:02:24 WARN module=db msg="disk usage above 80%"
2026-02-02 12:05:46 INFO module=api msg="job scheduled"
2026-02-02 12:10:23 INFO module=fs msg="user logged in"
2026-02-02 12:10:29 DEBUG module=cache msg="buffer flushed"
2026-02-02 12:14:18 INFO module=db msg="user logged in"
2026-02-02 12:16:38 INFO module=api msg="job scheduled"
2026-02-02 12:17:51 WARN module=auth msg="deprecated option used"
2026-02-02 12:20:03 WARN module=net msg="retrying request"
2026-02-02 12:20:37 INFO module=fs msg="job scheduled"
2026-02-02 12:20:57 INFO module=db msg="job scheduled"
2026-02-02 12:23:08 DEBUG module=sched msg="heartbeat sent"
2026-02-02 12:23:54 DEBUG module=disk msg="heartbeat sent"
2026-02-02 12:24:30 INFO module=sched msg="request completed"
2026-02-02 12:27:39 INFO module=auth msg="user logged in"
2026-02-02 12:29:07 WARN module=cache msg="retrying request"
2026-02-02 12:32:21 INFO module=net msg="cache warmed up"
2026-02-02 12:33:59 INFO module=api msg="cache warmed up"
2026-02-02 12:34:41 INFO module=cache msg="user logged in"
2026-02-02 12:39:36 INFO module=api msg="job scheduled"
2026-02-02 12:46:21 INFO module=fs msg="request completed"
2026-02-02 12:47:01 INFO module=db msg="job scheduled"
2026-02-02 12:47:48 DEBUG module=api msg="entering handler"
2026-02-02 12:53:09 INFO module=disk msg="user logged in"
2026-02-02 12:54:23 DEBUG module=net msg="entering handler"
2026-02-02 12:56:32 WARN module=net msg="token expires soon"
2026-02-02 12:57:32 INFO module=disk msg="cache warmed up"
2026-02-02 13:01:51 INFO module=auth msg="request completed"
2026-02-02 13:05:08 WARN module=api msg="retrying request"
2026-02-02 13:05:31 WARN module=db msg="retrying request"
2026-02-02 13:05:37 DEBUG module=sched msg="heartbeat sent"
2026-02-02 13:09:44 ERROR module=net msg="invalid token"
2026-02-02 13:10:37 INFO module=api msg="config reloaded"
2026-02-02 13:13:09 WARN module=net msg="token expires soon"
2026-02-02 13:13:18 INFO module=cache msg="cache warmed up"
2026-02-02 13:16:12 INFO module=fs msg="job scheduled"
2026-02-02 13:16:16 INFO module=disk msg="user logged in"
2026-02-02 13:16:57 WARN module=net msg="deprecated option used"
2026-02-02 13:19:20 ERROR module=net msg="query failed"
2026-02-02 13:21:49 DEBUG module=net msg="retry counter reset"
2026-02-02 13:22:04 WARN module=db msg="token expires soon"
2026-02-02 13:23:29 DEBUG module=sched msg="heartbeat sent"
2026-02-02 13:23:38 INFO module=sched msg="user logged in"
2026-02-02 13:23:56 ERROR module=disk msg="permission denied"
2026-02-02 13:28:49 INFO module=fs msg="user logged in"
2026-02-02 13:30:28 INFO module=db msg="config reloaded"
2026-02-02 13:35:38 INFO module=api msg="cache warmed up"
2026-02-02 13:39:05 INFO module=net msg="request completed"
2026-02-02 13:41:10 DEBUG module=sched msg="entering handler"
2026-02-02 13:41:30 INFO module=api msg="user logged in"
2026-02-02 13:44:41 INFO module=auth msg="cache warmed up"
2026-02-02 13:48:41 WARN module=cache msg="disk usage above 80%"
2026-02-02 13:54:06 WARN module=api msg="slow response"
2026-02-02 13:54:43 INFO module=db msg="user logged in"
2026-02-02 13:59:04 INFO module=db msg="config reloaded"
2026-02-02 14:03:31 INFO module=auth msg="job scheduled"
2026-02-02 14:05:13 INFO module=fs msg="service started"
2026-02-02 14:06:24 INFO module=auth msg="cache warmed up"
2026-02-02 14:06:41 INFO module=fs msg="config reloaded"
2026-02-02 14:07:55 INFO module=disk msg="request completed"
2026-02-02 14:09:07 INFO module=cache msg="service started"
2026-02-02 14:09:45 DEBUG module=sched msg="entering handler"
2026-02-02 14:12:04 INFO module=fs msg="job scheduled"
2026-02-02 14:12:43 INFO module=sched msg="service started"
2026-02-02 14:13:46 WARN module=net msg="slow response"
2026-02-02 14:13:57 INFO module=net msg="user logged in"
2026-02-02 14:14:44 INFO module=net msg="user logged in"
2026-02-02 14:17:38 WARN module=db msg="retrying request"
2026-02-02 14:17:39 DEBUG module=net msg="heartbeat sent"
2026-02-02 14:20:10 INFO module=db msg="service started"
2026-02-02 14:20:53 INFO module=auth msg="user logged in"
2026-02-02 14:22:09 INFO module=db msg="user logged in"
2026-02-02 14:23:28 ERROR module=fs msg="permission denied"
2026-02-02 14:23:49 INFO module=fs msg="service started"
2026-02-02 14:24:07 ERROR module=db msg="permission denied"
2026-02-02 14:24:19 INFO module=api msg="request completed"
2026-02-02 14:24:53 INFO module=api msg="user logged in"
2026-02-02 14:26:15 INFO module=cache msg="job scheduled"
2026-02-02 14:27:41 INFO module=auth msg="service started"
2026-02-02 14:28:39 INFO module=auth msg="service started"
2026-02-02 14:32:45 DEBUG module=net msg="entering handler"
2026-02-02 14:33:22 INFO module=api msg="service started"
2026-02-02 14:35:21 INFO module=db msg="config reloaded"
2026-02-02 14:36:11 INFO module=api msg="user logged in"
2026-02-02 14:36:36 INFO module=net msg="cache warmed up"
2026-02-02 14:37:10 INFO module=fs msg="job scheduled"
2026-02-02 14:39:20 INFO module=cache msg="request completed"
2026-02-02 14:39:30 INFO module=cache msg="user logged in"
2026-02-02 14:39:42 INFO module=api msg="config reloaded"
2026-02-02 14:39:57 INFO module=cache msg="config reloaded"
2026-02-02 14:41:19 DEBUG module=sched msg="retry counter reset"
2026-02-02 14:41:24 INFO module=api msg="cache warmed up"
2026-02-02 14:42:16 INFO module=api msg="cache warmed up"
2026-02-02 14:42:22 ERROR module=net msg="connection timeout"
2026-02-02 14:43:51 DEBUG module=api msg="retry counter reset"
2026-02-02 14:47:28 DEBUG module=sched msg="entering handler"
2026-02-02 14:47:49 INFO module=fs msg="user logged in"
2026-02-02 14:48:27 INFO module=sched msg="config reloaded"
2026-02-02 14:50:25 INFO module=auth msg="service started"
2026-02-02 14:53:22 INFO module=auth msg="cache warmed up"
2026-02-02 14:53:34 INFO module=api msg="cache warmed up"
2026-02-02 14:55:16 ERROR module=fs msg="query failed"
2026-02-02 14:59:51 ERROR module=disk msg="connection timeout"
2026-02-02 15:01:18 INFO module=disk msg="user logged in"
2026-02-02 15:02:23 INFO module=db msg="cache warmed up"
2026-02-02 15:05:13 INFO module=auth msg="config reloaded"
2026-02-02 15:05:49 INFO module=db msg="cache warmed up"
2026-02-02 15:06:22 WARN module=db msg="deprecated option used"
2026-02-02 15:11:13 DEBUG module=sched msg="entering handler"
2026-02-02 15:12:33 INFO module=cache msg="service started"
2026-02-02 15:14:36 WARN module=cache msg="token expires soon"
2026-02-02 15:15:09 INFO module=net msg="job scheduled"
2026-02-02 15:16:24 INFO module=api msg="service started"
2026-02-02 15:18:36 INFO module=fs msg="user logged in"
2026-02-02 15:19:25 INFO module=disk msg="job scheduled"
2026-02-02 15:23:13 DEBUG module=net msg="queue length checked"
2026-02-02 15:23:20 WARN module=disk msg="deprecated option used"
2026-02-02 15:24:12 DEBUG module=auth msg="entering handler"
2026-02-02 15:26:59 DEBUG module=auth msg="queue length checked"
2026-02-02 15:33:06 INFO module=net msg="request completed"
2026-02-02 15:37:03 INFO module=fs msg="user logged in"
2026-02-02 15:38:48 WARN module=cache msg="retrying request"
2026-02-02 15:40:20 ERROR module=fs msg="segment read failed"
2026-02-02 15:40:59 INFO module=sched msg="job scheduled"
2026-02-02 15:41:05 DEBUG module=sched msg="entering handler"
2026-02-02 15:41:14 INFO module=api msg="user logged in"
2026-02-02 15:42:36 INFO module=disk msg="user logged in"
2026-02-02 15:44:51 INFO module=auth msg="user logged in"
2026-02-02 15:46:44 INFO module=net msg="config reloaded"
2026-02-02 15:50:17 DEBUG module=disk msg="entering handler"
2026-02-02 15:52:09 INFO module=sched msg="request completed"
2026-02-02 15:52:42 INFO module=fs msg="request completed"
2026-02-02 15:54:49 INFO module=net msg="service started"
2026-02-02 16:02:03 INFO module=net msg="config reloaded"
2026-02-02 16:02:57 INFO module=cache msg="cache warmed up"
2026-02-02 16:03:34 WARN module=db msg="deprecated option used"
2026-02-02 16:03:47 WARN module=disk msg="deprecated option used"
2026-02-02 16:04:30 INFO module=net msg="config reloaded"
2026-02-02 16:07:59 DEBUG module=sched msg="entering handler"
2026-02-02 16:09:14 DEBUG module=api msg="retry counter reset"
2026-02-02 16:11:12 DEBUG module=api msg="entering handler"
2026-02-02 16:17:02 INFO module=api msg="user logged in"
2026-02-02 16:20:35 INFO module=disk msg="job scheduled"
2026-02-02 16:21:24 INFO module=sched msg="config reloaded"
2026-02-02 16:22:27 ERROR module=net msg="connection refused"
2026-02-02 16:29:32 INFO module=net msg="request completed"
2026-02-02 16:30:24 INFO module=api msg="config reloaded"
2026-02-02 16:30:26 INFO module=db msg="service started"
2026-02-02 16:32:23 INFO module=disk msg="job scheduled"
2026-02-02 16:33:13 DEBUG module=fs msg="retry counter reset"
2026-02-02 16:34:22 INFO module=api msg="service started"
2026-02-02 16:36:12 INFO module=db msg="request completed"
2026-02-02 16:43:57 INFO module=disk msg="service started"
2026-02-02 16:44:27 INFO module=disk msg="cache warmed up"
2026-02-02 16:44:50 INFO module=disk msg="service started"
2026-02-02 16:45:14 WARN module=fs msg="disk usage above 80%"
2026-02-02 16:49:14 WARN module=db msg="token expires soon"
2026-02-02 16:50:28 DEBUG module=sched msg="heartbeat sent"
2026-02-02 16:53:16 INFO module=fs msg="job scheduled"
2026-02-02 16:53:35 WARN module=cache msg="retrying request"
2026-02-02 16:53:42 INFO module=fs msg="user logged in"
2026-02-02 16:54:28 INFO module=auth msg="service started"
2026-02-02 16:54:59 INFO module=db msg="user logged in"
2026-02-02 16:57:08 INFO module=auth msg="service started"
2026-02-02 16:57:22 WARN module=net msg="slow response"
2026-02-02 16:58:40 ERROR module=disk msg="invalid token"
2026-02-02 16:59:06 ERROR module=net msg="query failed"
2026-02-02 17:00:14 INFO module=cache msg="user logged in"
2026-02-02 17:00:20 INFO module=api msg="user logged in"
2026-02-02 17:01:52 INFO module=cache msg="job scheduled"
2026-02-02 17:08:03 INFO module=net msg="job scheduled"
2026-02-02 17:08:28 DEBUG module=db msg="queue length checked"
2026-02-02 17:08:41 INFO module=auth msg="config reloaded"
2026-02-02 17:12:00 INFO module=api msg="request completed"
2026-02-02 17:13:27 INFO module=net msg="request completed"
2026-02-02 17:14:49 WARN module=db msg="token expires soon"
2026-02-02 17:14:54 INFO module=api msg="request completed"
2026-02-02 17:16:36 INFO module=api msg="job scheduled"
2026-02-02 17:16:38 INFO module=db msg="service started"
2026-02-02 17:16:49 WARN module=db msg="slow response"
2026-02-02 17:22:55 WARN module=db msg="disk usage above 80%"
2026-02-02 17:23:00 INFO module=net msg="config reloaded"
2026-02-02 17:24:11 INFO module=db msg="request completed"
2026-02-02 17:25:53 INFO module=db msg="config reloaded"
2026-02-02 17:30:54 WARN module=disk msg="disk usage above 80%"
2026-02-02 17:37:38 INFO module=auth msg="user logged in"
2026-02-02 17:38:26 INFO module=db msg="request completed"
2026-02-02 17:40:38 INFO module=auth msg="job scheduled"
2026-02-02 17:43:09 INFO module=db msg="service started"
2026-02-02 17:47:21 INFO module=disk msg="job scheduled"
2026-02-02 17:48:03 INFO module=api msg="cache warmed up"
2026-02-02 17:48:08 WARN module=db msg="disk usage above 80%"
2026-02-02 17:49:25 WARN module=disk msg="disk usage above 80%"
2026-02-02 17:49:45 INFO module=fs msg="user logged in"
2026-02-02 17:50:54 INFO module=auth msg="service started"
2026-02-02 17:51:59 DEBUG module=db msg="queue length checked"
2026-02-02 17:53:13 INFO module=auth msg="service started"
2026-02-02 17:55:27 WARN module=api msg="token expires soon"
2026-02-02 17:55:58 INFO module=fs msg="user logged in"
2026-02-02 17:56:25 INFO module=api msg="service started"
2026-02-02 17:57:29 INFO module=api msg="request completed"
2026-02-02 18:07:26 INFO module=net msg="user logged in"
2026-02-02 18:08:28 INFO module=sched msg="user logged in"
2026-02-02 18:08:38 WARN module=cache msg="token expires soon"
2026-02-02 18:09:49 DEBUG module=net msg="entering handler"
2026-02-02 18:09:53 INFO module=auth msg="request completed"
2026-02-02 18:11:18 INFO module=api msg="cache warmed up"
2026-02-02 18:11:47 DEBUG module=auth msg="queue length checked"
2026-02-02 18:20:00 INFO module=disk msg="user logged in"
2026-02-02 18:20:36 INFO module=auth msg="request completed"
2026-02-02 18:30:29 INFO module=auth msg="service started"
2026-02-02 18:31:35 WARN module=auth msg="slow response"
2026-02-02 18:32:09 ERROR module=net msg="invalid token"
2026-02-02 18:32:52 WARN module=db msg="retrying request"
2026-02-02 18:34:34 WARN module=net msg="disk usage above 80%"
2026-02-02 18:36:29 WARN module=net msg="deprecated option used"
2026-02-02 18:36:42 ERROR module=net msg="connection refused"
2026-02-02 18:37:04 WARN module=auth msg="retrying request"
2026-02-02 18:37:50 ERROR module=fs msg="segment read failed"
2026-02-02 18:38:55 DEBUG module=sched msg="buffer flushed"
2026-02-02 18:48:15 ERROR module=db msg="query failed"
2026-02-02 18:49:14 WARN module=cache msg="slow response"
2026-02-02 18:50:46 INFO module=auth msg="job scheduled"
2026-02-02 18:51:07 INFO module=api msg="request completed"
2026-02-02 18:52:02 INFO module=api msg="job scheduled"
2026-02-02 18:55:06 ERROR module=fs msg="query failed"
2026-02-02 18:57:47 INFO module=auth msg="user logged in"
2026-02-02 18:57:57 INFO module=disk msg="user logged in"
2026-02-02 18:58:54 INFO module=api msg="cache warmed up"
2026-02-02 18:59:22 DEBUG module=sched msg="queue length checked"
2026-02-02 18:59:24 INFO module=fs msg="config reloaded"
2026-02-02 19:00:36 INFO module=net msg="job scheduled"
2026-02-02 19:04:23 INFO module=api msg="user logged in"
2026-02-02 19:04:41 WARN module=cache msg="token expires soon"
2026-02-02 19:06:25 DEBUG module=sched msg="retry counter reset"
2026-02-02 19:07:26 WARN module=db msg="disk usage above 80%"
2026-02-02 19:07:34 INFO module=fs msg="request completed"
2026-02-02 19:09:00 ERROR module=auth msg="invalid token"
2026-02-02 19:12:17 INFO module=net msg="service started"
2026-02-02 19:12:23 INFO module=fs msg="user logged in"
2026-02-02 19:14:45 WARN module=cache msg="deprecated option used"
2026-02-02 19:14:57 INFO module=api msg="cache warmed up"
2026-02-02 19:15:45 WARN module=sched msg="slow response"
2026-02-02 19:21:41 ERROR module=net msg="connection timeout"
2026-02-02 19:22:52 DEBUG module=auth msg="queue length checked"
2026-02-02 19:23:46 INFO module=api msg="service started"
2026-02-02 19:27:17 DEBUG module=disk msg="entering handler"
2026-02-02 19:30:50 DEBUG module=cache msg="heartbeat sent"
2026-02-02 19:31:18 INFO module=sched msg="service started"
2026-02-02 19:33:44 INFO module=api msg="request completed"
2026-02-02 19:37:35 DEBUG module=cache msg="queue length checked"
2026-02-02 19:38:19 INFO module=sched msg="cache warmed up"
2026-02-02 19:40:08 INFO module=disk msg="cache warmed up"
2026-02-02 19:40:59 INFO module=net msg="user logged in"
2026-02-02 19:43:12 WARN module=disk msg="deprecated option used"
2026-02-02 19:44:57 DEBUG module=api msg="queue length checked"
2026-02-02 19:47:19 DEBUG module=cache msg="retry counter reset"
2026-02-02 19:47:31 INFO module=api msg="request completed"
2026-02-02 19:47:43 ERROR module=net msg="connection refused"
2026-02-02 19:47:55 WARN module=cache msg="disk usage above 80%"
2026-02-02 19:50:20 ERROR module=disk msg="no space left on device"
2026-02-02 19:51:22 INFO module=api msg="service started"
2026-02-02 19:53:16 INFO module=disk msg="config reloaded"
2026-02-02 19:58:55 INFO module=fs msg="config reloaded"
2026-02-02 20:00:26 ERROR module=cache msg="invalid token"
2026-02-02 20:01:18 INFO module=db msg="user logged in"
2026-02-02 20:06:30 INFO module=net msg="cache warmed up"
2026-02-02 20:06:51 DEBUG module=db msg="heartbeat sent"
2026-02-02 20:09:59 INFO module=db msg="request completed"
2026-02-02 20:12:03 WARN module=db msg="token expires soon"
2026-02-02 20:12:04 DEBUG module=disk msg="buffer flushed"
2026-02-02 20:13:17 WARN module=sched msg="token expires soon"
2026-02-02 20:14:59 INFO module=db msg="service started"
2026-02-02 20:15:02 INFO module=disk msg="config reloaded"
2026-02-02 20:16:13 DEBUG module=cache msg="entering handler"
2026-02-02 20:19:04 ERROR module=fs msg="invalid token"
2026-02-02 20:19:28 INFO module=cache msg="job scheduled"
2026-02-02 20:20:16 INFO module=net msg="request completed"
2026-02-02 20:21:27 DEBUG module=cache msg="retry counter reset"
2026-02-02 20:27:22 INFO module=auth msg="user logged in"
2026-02-02 20:28:13 WARN module=db msg="disk usage above 80%"
2026-02-02 20:28:16 ERROR module=db msg="invalid token"
2026-02-02 20:35:53 WARN module=net msg="deprecated option used"
2026-02-02 20:39:30 ERROR module=sched msg="connection refused"
2026-02-02 20:42:24 INFO module=auth msg="config reloaded"
2026-02-02 20:47:00 INFO module=auth msg="request completed"
2026-02-02 20:50:46 DEBUG module=auth msg="queue length checked"
2026-02-02 20:50:57 ERROR module=auth msg="no space left on device"
2026-02-02 20:51:24 WARN module=net msg="disk usage above 80%"
2026-02-02 20:53:09 INFO module=api msg="job scheduled"
2026-02-02 20:54:13 INFO module=auth msg="job scheduled"
2026-02-02 20:55:02 INFO module=api msg="request completed"
2026-02-02 20:57:52 WARN module=disk msg="disk usage above 80%"
2026-02-02 21:00:29 INFO module=fs msg="config reloaded"
2026-02-02 21:00:44 WARN module=sched msg="deprecated option used"
2026-02-02 21:06:58 INFO module=db msg="request completed"
2026-02-02 21:08:36 INFO module=db msg="job scheduled"
2026-02-02 21:10:54 ERROR module=net msg="connection refused"
2026-02-02 21:15:38 INFO module=db msg="job scheduled"
2026-02-02 21:17:01 INFO module=cache msg="config reloaded"
2026-02-02 21:24:24 DEBUG module=sched msg="entering handler"
2026-02-02 21:24:28 INFO module=disk msg="user logged in"
2026-02-02 21:24:48 INFO module=db msg="service started"
2026-02-02 21:32:09 WARN module=cache msg="retrying request"
2026-02-02 21:32:19 INFO module=disk msg="config reloaded"
2026-02-02 21:34:44 WARN module=db msg="retrying request"
2026-02-02 21:36:12 DEBUG module=sched msg="entering handler"
2026-02-02 21:37:25 WARN module=fs msg="slow response"
2026-02-02 21:38:24 DEBUG module=cache msg="entering handler"
2026-02-02 21:38:26 WARN module=api msg="disk usage above 80%"
2026-02-02 21:38:44 DEBUG module=api msg="buffer flushed"
2026-02-02 21:39:01 INFO module=db msg="user logged in"
2026-02-02 21:40:19 DEBUG module=api msg="retry counter reset"
2026-02-02 21:43:40 INFO module=auth msg="config reloaded"
2026-02-02 21:46:01 INFO module=auth msg="user logged in"
2026-02-02 21:47:13 INFO module=cache msg="cache warmed up"
2026-02-02 21:47:29 INFO module=net msg="cache warmed up"
2026-02-02 21:48:39 INFO module=disk msg="user logged in"
2026-02-02 21:51:21 INFO module=net msg="user logged in"
2026-02-02 21:53:16 INFO module=api msg="request completed"
2026-02-02 21:53:48 INFO module=disk msg="request completed"
2026-02-02 21:54:13 WARN module=db msg="retrying request"
2026-02-02 21:55:25 INFO module=api msg="request completed"
2026-02-02 21:55:42 INFO module=sched msg="service started"
2026-02-02 21:58:28 INFO module=sched msg="job scheduled"
2026-02-02 22:05:06 DEBUG module=disk msg="buffer flushed"
2026-02-02 22:08:02 WARN module=cache msg="retrying request"
2026-02-02 22:16:22 INFO module=disk msg="user logged in"
2026-02-02 22:19:30 WARN module=disk msg="token expires soon"
2026-02-02 22:21:38 INFO module=net msg="user logged in"
2026-02-02 22:24:41 DEBUG module=db msg="entering handler"
2026-02-02 22:26:49 INFO module=api msg="user logged in"
2026-02-02 22:27:03 INFO module=api msg="user logged in"
2026-02-02 22:29:31 ERROR module=auth msg="no space left on device"
2026-02-02 22:30:19 WARN module=db msg="retrying request"
2026-02-02 22:32:13 INFO module=auth msg="user logged in"
2026-02-02 22:37:31 INFO module=api msg="cache warmed up"
2026-02-02 22:39:19 INFO module=db msg="user logged in"
2026-02-02 22:41:25 INFO module=auth msg="cache warmed up"
2026-02-02 22:42:49 INFO module=api msg="user logged in"
2026-02-02 22:45:47 INFO module=net msg="user logged in"
2026-02-02 22:46:06 INFO module=sched msg="user logged in"
2026-02-02 22:47:33 DEBUG module=api msg="buffer flushed"
2026-02-02 22:47:44 INFO module=net msg="config reloaded"
2026-02-02 22:48:09 INFO module=db msg="user logged in"
2026-02-02 22:50:42 WARN module=fs msg="disk usage above 80%"
2026-02-02 22:52:01 WARN module=net msg="slow response"
2026-02-02 22:52:53 INFO module=cache msg="cache warmed up"
2026-02-02 22:53:23 INFO module=cache msg="config reloaded"
2026-02-02 22:55:58 WARN module=net msg="slow response"
2026-02-02 22:56:00 INFO module=sched msg="request completed"
2026-02-02 22:58:00 INFO module=net msg="job scheduled"
2026-02-02 22:59:10 WARN module=disk msg="disk usage above 80%"
2026-02-02 23:02:04 INFO module=disk msg="request completed"
2026-02-02 23:04:22 DEBUG module=net msg="heartbeat sent"
2026-02-02 23:04:57 INFO module=api msg="cache warmed up"
2026-02-02 23:06:33 INFO module=sched msg="job scheduled"
2026-02-02 23:07:21 INFO module=api msg="request completed"
2026-02-02 23:07:29 INFO module=api msg="job scheduled"
2026-02-02 23:08:26 WARN module=fs msg="token expires soon"
2026-02-02 23:09:16 INFO module=fs msg="user logged in"
2026-02-02 23:10:23 WARN module=cache msg="slow response"
2026-02-02 23:10:36 WARN module=api msg="deprecated option used"
2026-02-02 23:17:10 INFO module=db msg="request completed"
2026-02-02 23:17:28 INFO module=sched msg="user logged in"
2026-02-02 23:23:53 INFO module=fs msg="service started"
2026-02-02 23:24:28 INFO module=cache msg="cache warmed up"
2026-02-02 23:24:34 INFO module=fs msg="job scheduled"
2026-02-02 23:28:19 ERROR module=fs msg="segment read failed"
2026-02-02 23:29:37 ERROR module=db msg="query failed"
2026-02-02 23:29:46 INFO module=sched msg="cache warmed up"
2026-02-02 23:30:00 DEBUG module=sched msg="queue length checked"
2026-02-02 23:32:46 INFO module=disk msg="job scheduled"
2026-02-02 23:33:58 WARN module=disk msg="retrying request"
2026-02-02 23:34:52 INFO module=api msg="cache warmed up"
2026-02-02 23:42:26 INFO module=auth msg="job scheduled"
2026-02-02 23:43:42 DEBUG module=cache msg="retry counter reset"
2026-02-02 23:49:02 INFO module=auth msg="request completed"
2026-02-02 23:51:44 WARN module=disk msg="retrying request"
2026-02-02 23:59:59 DEBUG module=api msg="retry counter reset"
