2026-02-04 00:00:53 INFO module=db msg="job scheduled"
2026-02-04 00:00:59 DEBUG module=cache msg="queue length checked"
2026-02-04 00:01:41 DEBUG module=api msg="queue length checked"
2026-02-04 00:03:00 INFO module=cache msg="request completed"
2026-02-04 00:09:00 ERROR module=cache msg="query failed"
2026-02-04 00:10:00 INFO module=auth msg="cache warmed up"
2026-02-04 00:10:37 WARN module=auth msg="token expires soon"
2026-02-04 00:10:55 WARN module=net msg="disk usage above 80%"
2026-02-04 00:18:09 INFO module=db msg="service started"
2026-02-04 00:39:16 INFO module=net msg="user logged in"
2026-02-04 00:41:00 DEBUG module=net msg="retry counter reset"
2026-02-04 00:56:48 INFO module=fs msg="request completed"
2026-02-04 00:59:36 INFO module=auth msg="user logged in"
2026-02-04 01:01:51 INFO module=cache msg="service started"
2026-02-04 01:02:33 INFO module=fs msg="config reloaded"
2026-02-04 01:05:07 DEBUG module=cache msg="retry counter reset"
2026-02-04 01:06:04 INFO module=fs msg="user logged in"
2026-02-04 01:08:43 WARN module=auth msg="token expires soon"
2026-02-04 01:08:45 WARN module=db msg="slow response"
2026-02-04 01:10:16 INFO module=auth msg="request completed"
2026-02-04 01:15:04 INFO module=sched msg="cache warmed up"
2026-02-04 01:17:18 INFO module=api msg="service started"
2026-02-04 01:19:07 INFO module=cache msg="config reloaded"
2026-02-04 01:20:10 INFO module=db msg="cache warmed up"
2026-02-04 01:23:11 INFO module=auth msg="job scheduled"
2026-02-04 01:31:08 INFO module=sched msg="user logged in"
2026-02-04 01:33:00 DEBUG module=api msg="heartbeat sent"
2026-02-04 01:42:44 INFO module=net msg="service started"
2026-02-04 01:44:59 INFO module=sched msg="request completed"
2026-02-04 01:56:15 WARN module=db msg="retrying request"
2026-02-04 01:57:36 DEBUG module=fs msg="queue length checked"
2026-02-04 01:59:34 INFO module=fs msg="config reloaded"
2026-02-04 02:05:41 DEBUG module=auth msg="retry counter reset"
2026-02-04 02:07:35 INFO module=auth msg="service started"
2026-02-04 02:14:19 INFO module=net msg="job scheduled"
2026-02-04 02:20:11 DEBUG module=auth msg="buffer flushed"
2026-02-04 02:20:45 WARN module=db msg="slow response"
2026-02-04 02:24:55 INFO module=fs msg="user logged in"
2026-02-04 02:29:18 DEBUG module=disk msg="entering handler"
2026-02-04 02:35:25 INFO module=db msg="config reloaded"
2026-02-04 02:42:49 INFO module=sched msg="job scheduled"
2026-02-04 02:50:38 WARN module=db msg="disk usage above 80%"
2026-02-04 02:53:04 DEBUG module=sched msg="queue length checked"
2026-02-04 02:53:10 DEBUG module=db msg="queue length checked"
2026-02-04 02:58:17 DEBUG module=sched msg="retry counter reset"
2026-02-04 03:07:05 INFO module=auth msg="service started"
2026-02-04 03:11:27 INFO module=api msg="config reloaded"
2026-02-04 03:19:29 INFO module=api msg="request completed"
2026-02-04 03:22:31 INFO module=net msg="job scheduled"
2026-02-04 03:23:49 INFO module=fs msg="request completed"
2026-02-04 03:24:11 WARN module=api msg="disk usage above 80%"
2026-02-04 03:37:14 WARN module=api msg="slow response"
2026-02-04 03:39:24 INFO module=auth msg="request completed"
2026-02-04 03:48:28 INFO module=api msg="cache warmed up"
2026-02-04 03:48:30 INFO module=fs msg="request completed"
2026-02-04 03:53:06 INFO module=auth msg="config reloaded"
2026-02-04 03:54:07 INFO module=sched msg="user logged in"
2026-02-04 03:56:37 INFO module=api msg="config reloaded"
2026-02-04 04:18:08 WARN module=net msg="retrying request"
2026-02-04 04:20:27 INFO module=db msg="request completed"
2026-02-04 04:22:27 WARN module=net msg="slow response"
2026-02-04 04:38:24 DEBUG module=cache msg="retry counter reset"
2026-02-04 04:39:54 INFO module=db msg="request completed"
2026-02-04 04:44:30 INFO module=auth msg="cache warmed up"
2026-02-04 04:47:35 WARN module=cache msg="retrying request"
2026-02-04 04:51:37 WARN module=net msg="disk usage above 80%"
2026-02-04 04:52:12 INFO module=auth msg="user logged in"
2026-02-04 04:53:39 ERROR module=db msg="connection timeout"
2026-02-04 05:02:10 ERROR module=auth msg="segment read failed"
2026-02-04 05:03:08 INFO module=api msg="config reloaded"
2026-02-04 05:03:24 WARN module=sched msg="token expires soon"
2026-02-04 05:10:44 INFO module=db msg="cache warmed up"
2026-02-04 05:12:17 INFO module=api msg="user logged in"
2026-02-04 05:13:41 INFO module=api msg="cache warmed up"
2026-02-04 05:15:09 INFO module=net msg="request completed"
2026-02-04 05:17:20 INFO module=sched msg="service started"
2026-02-04 05:21:04 INFO module=net msg="service started"
2026-02-04 05:22:19 DEBUG module=auth msg="heartbeat sent"
2026-02-04 05:25:25 DEBUG module=net msg="heartbeat sent"
2026-02-04 05:28:50 ERROR module=disk msg="connection timeout"
2026-02-04 05:33:35 WARN module=db msg="deprecated option used"
2026-02-04 05:44:45 INFO module=api msg="config reloaded"
2026-02-04 05:47:25 INFO module=auth msg="job scheduled"
2026-02-04 05:51:28 INFO module=cache msg="cache warmed up"
2026-02-04 05:56:21 INFO module=db msg="cache warmed up"
2026-02-04 05:57:34 INFO module=cache msg="user logged in"
2026-02-04 05:57:49 INFO module=net msg="user logged in"
2026-02-04 05:58:58 INFO module=db msg="service started"
2026-02-04 05:59:59 INFO module=db msg="job scheduled"
2026-02-04 06:01:47 INFO module=cache msg="request completed"
2026-02-04 06:05:47 WARN module=net msg="disk usage above 80%"
2026-02-04 06:08:18 DEBUG module=cache msg="retry counter reset"
2026-02-04 06:11:25 INFO module=net msg="job scheduled"
2026-02-04 06:18:38 INFO module=fs msg="cache warmed up"
2026-02-04 06:20:57 INFO module=auth msg="service started"
2026-02-04 06:26:45 WARN module=db msg="slow response"
2026-02-04 06:29:11 INFO module=db msg="request completed"
2026-02-04 06:36:43 WARN module=auth msg="retrying request"
2026-02-04 06:39:09 INFO module=fs msg="user logged in"
2026-02-04 06:40:22 INFO module=cache msg="request completed"
2026-02-04 06:50:35 WARN module=net msg="deprecated option used"
2026-02-04 06:52:34 INFO module=auth msg="request completed"
2026-02-04 06:53:36 INFO module=net msg="job scheduled"
2026-02-04 07:08:30 INFO module=db msg="request completed"
2026-02-04 07:11:43 INFO module=auth msg="cache warmed up"
2026-02-04 07:16:08 INFO module=auth msg="job scheduled"
2026-02-04 07:27:19 INFO module=net msg="request completed"
2026-02-04 07:32:24 INFO module=db msg="cache warmed up"
2026-02-04 07:33:34 INFO module=db msg="config reloaded"
2026-02-04 07:34:21 INFO module=fs msg="job scheduled"
2026-02-04 07:41:00 INFO module=cache msg="config reloaded"
2026-02-04 07:48:19 INFO module=disk msg="job scheduled"
2026-02-04 07:49:50 INFO module=fs msg="service started"
2026-02-04 07:55:04 INFO module=auth msg="config reloaded"
2026-02-04 07:57:59 DEBUG module=net msg="buffer flushed"
2026-02-04 08:02:15 INFO module=auth msg="cache warmed up"
2026-02-04 08:02:20 INFO module=db msg="request completed"
2026-02-04 08:09:18 DEBUG module=cache msg="heartbeat sent"
2026-02-04 08:17:28 DEBUG module=sched msg="retry counter reset"
2026-02-04 08:30:48 DEBUG module=sched msg="heartbeat sent"
2026-02-04 08:34:56 INFO module=db msg="user logged in"
2026-02-04 08:53:14 INFO module=net msg="user logged in"
2026-02-04 08:53:51 INFO module=api msg="cache warmed up"
2026-02-04 08:55:05 WARN module=net msg="slow response"
2026-02-04 08:55:32 INFO module=disk msg="user logged in"
2026-02-04 09:01:00 WARN module=auth msg="token expires soon"
2026-02-04 09:05:44 INFO module=api msg="job scheduled"
2026-02-04 09:07:40 INFO module=db msg="cache warmed up"
2026-02-04 09:08:27 WARN module=net msg="disk usage above 80%"
2026-02-04 09:12:29 ERROR module=net msg="connection timeout"
2026-02-04 09:21:15 INFO module=sched msg="job scheduled"
2026-02-04 09:22:12 ERROR module=net msg="permission denied"
2026-02-04 09:24:54 DEBUG module=net msg="heartbeat sent"
2026-02-04 09:26:28 INFO module=cache msg="cache warmed up"
2026-02-04 09:35:57 DEBUG module=cache msg="queue length checked"
2026-02-04 09:37:48 INFO module=cache msg="user logged in"
2026-02-04 09:51:01 INFO module=auth msg="service started"
2026-02-04 09:56:42 INFO module=net msg="config reloaded"
2026-02-04 10:06:45 INFO module=api msg="request completed"
2026-02-04 10:16:23 INFO module=db msg="job scheduled"
2026-02-04 10:31:47 INFO module=db msg="job scheduled"
2026-02-04 10:33:13 INFO module=api msg="config reloaded"
2026-02-04 10:34:23 INFO module=api msg="user logged in"
2026-02-04 10:38:08 WARN module=db msg="deprecated option used"
2026-02-04 10:46:34 DEBUG module=cache msg="heartbeat sent"
2026-02-04 10:48:16 INFO module=fs msg="cache warmed up"
2026-02-04 10:50:47 INFO module=cache msg="request completed"
2026-02-04 10:55:27 INFO module=auth msg="job scheduled"
2026-02-04 10:58:44 INFO module=cache msg="cache warmed up"
2026-02-04 11:01:02 INFO module=disk msg="user logged in"
2026-02-04 11:07:21 INFO module=sched msg="request completed"
2026-02-04 11:10:29 INFO module=sched msg="cache warmed up"
2026-02-04 11:15:30 WARN module=disk msg="token expires soon"
2026-02-04 11:17:18 WARN module=disk msg="slow response"
2026-02-04 11:23:47 DEBUG module=sched msg="entering handler"
2026-02-04 11:24:26 INFO module=fs msg="cache warmed up"
2026-02-04 11:28:30 INFO module=disk msg="request completed"
2026-02-04 11:32:09 INFO module=db msg="job scheduled"
2026-02-04 11:34:16 INFO module=net msg="user logged in"
2026-02-04 11:36:05 DEBUG module=fs msg="entering handler"
2026-02-04 11:42:06 INFO module=cache msg="service started"
2026-02-04 11:56:05 WARN module=auth msg="deprecated option used"
2026-02-04 12:04:48 DEBUG module=cache msg="buffer flushed"
2026-02-04 12:10:40 INFO module=api msg="config reloaded"
2026-02-04 12:12:10 DEBUG module=cache msg="entering handler"
2026-02-04 12:16:14 INFO module=net msg="service started"
2026-02-04 12:22:52 INFO module=net msg="cache warmed up"
2026-02-04 12:24:59 INFO module=auth msg="cache warmed up"
2026-02-04 12:30:53 WARN module=db msg="retrying request"
2026-02-04 12:33:45 INFO module=auth msg="job scheduled"
2026-02-04 12:45:33 WARN module=api msg="disk usage above 80%"
2026-02-04 12:47:16 INFO module=fs msg="cache warmed up"
2026-02-04 12:49:46 INFO module=net msg="user logged in"
2026-02-04 12:50:13 INFO module=fs msg="config reloaded"
2026-02-04 12:52:43 WARN module=cache msg="deprecated option used"
2026-02-04 12:56:46 INFO module=db msg="user logged in"
2026-02-04 12:58:32 INFO module=net msg="request completed"
2026-02-04 12:59:08 INFO module=api msg="job scheduled"
2026-02-04 12:59:13 INFO module=api msg="job scheduled"
2026-02-04 13:05:55 INFO module=net msg="request completed"
2026-02-04 13:06:48 INFO module=net msg="service started"
2026-02-04 13:08:42 DEBUG module=cache msg="buffer flushed"
2026-02-04 13:12:10 INFO module=net msg="job scheduled"
2026-02-04 13:12:26 ERROR module=auth msg="permission denied"
2026-02-04 13:14:40 INFO module=net msg="user logged in"
2026-02-04 13:18:57 INFO module=net msg="service started"
2026-02-04 13:19:17 WARN module=db msg="deprecated option used"
2026-02-04 13:20:52 WARN module=db msg="retrying request"
2026-02-04 13:21:43 WARN module=api msg="slow response"
2026-02-04 13:23:41 INFO module=auth msg="config reloaded"
2026-02-04 13:32:46 INFO module=auth msg="job scheduled"
2026-02-04 13:35:37 INFO module=auth msg="service started"
2026-02-04 13:47:12 INFO module=disk msg="service started"
2026-02-04 13:47:17 INFO module=api msg="service started"
2026-02-04 13:50:49 INFO module=sched msg="config reloaded"
2026-02-04 13:56:52 DEBUG module=cache msg="buffer flushed"
2026-02-04 14:01:23 WARN module=auth msg="retrying request"
2026-02-04 14:04:41 INFO module=auth msg="config reloaded"
2026-02-04 14:09:45 DEBUG module=cache msg="queue length checked"
2026-02-04 14:12:13 INFO module=cache msg="user logged in"
2026-02-04 14:12:14 DEBUG module=api msg="heartbeat sent"
2026-02-04 14:13:08 INFO module=cache msg="user logged in"
2026-02-04 14:13:12 ERROR module=net msg="permission denied"
2026-02-04 14:22:55 INFO module=fs msg="cache warmed up"
2026-02-04 14:23:07 DEBUG module=fs msg="entering handler"
2026-02-04 14:28:30 INFO module=auth msg="service started"
2026-02-04 14:29:19 ERROR module=fs msg="connection refused"
2026-02-04 14:44:14 INFO module=db msg="cache warmed up"
2026-02-04 14:46:25 WARN module=auth msg="deprecated option used"
2026-02-04 14:59:50 DEBUG module=net msg="entering handler"
2026-02-04 15:02:11 WARN module=fs msg="token expires soon"
2026-02-04 15:04:42 INFO module=net msg="job scheduled"
2026-02-04 15:06:22 ERROR module=db msg="connection timeout"
2026-02-04 15:07:59 WARN module=disk msg="slow response"
2026-02-04 15:09:25 ERROR module=cache msg="query failed"
2026-02-04 15:10:11 WARN module=disk msg="slow response"
2026-02-04 15:18:36 INFO module=disk msg="request completed"
2026-02-04 15:26:20 INFO module=auth msg="service started"
2026-02-04 15:30:07 INFO module=net msg="request completed"
2026-02-04 15:32:17 INFO module=auth msg="user logged in"
2026-02-04 15:38:08 WARN module=auth msg="slow response"
2026-02-04 15:46:18 WARN module=cache msg="token expires soon"
2026-02-04 15:50:55 WARN module=api msg="disk usage above 80%"
2026-02-04 16:07:02 INFO module=api msg="request completed"
2026-02-04 16:08:17 DEBUG module=auth msg="queue length checked"
2026-02-04 16:14:20 INFO module=cache msg="user logged in"
2026-02-04 16:23:41 INFO module=sched msg="config reloaded"
2026-02-04 16:28:23 INFO module=net msg="config reloaded"
2026-02-04 16:31:57 INFO module=sched msg="request completed"
2026-02-04 16:35:41 INFO module=auth msg="service started"
2026-02-04 16:42:13 INFO module=net msg="request completed"
2026-02-04 16:43:44 WARN module=disk msg="disk usage above 80%"
2026-02-04 16:50:38 INFO module=disk msg="cache warmed up"
2026-02-04 16:54:04 WARN module=cache msg="retrying request"
2026-02-04 17:01:25 WARN module=cache msg="slow response"
2026-02-04 17:01:48 WARN module=api msg="disk usage above 80%"
2026-02-04 17:12:59 INFO module=api msg="config reloaded"
2026-02-04 17:19:01 WARN module=api msg="retrying request"
2026-02-04 17:25:31 DEBUG module=sched msg="buffer flushed"
2026-02-04 17:28:51 DEBUG module=fs msg="retry counter reset"
2026-02-04 17:38:53 WARN module=db msg="slow response"
2026-02-04 17:39:33 ERROR module=db msg="invalid token"
2026-02-04 17:49:49 INFO module=cache msg="user logged in"
2026-02-04 17:52:17 WARN module=net msg="deprecated option used"
2026-02-04 17:53:10 DEBUG module=db msg="buffer flushed"
2026-02-04 17:54:56 INFO module=cache msg="cache warmed up"
2026-02-04 17:59:32 DEBUG module=net msg="retry counter reset"
2026-02-04 18:01:11 DEBUG module=api msg="entering handler"
2026-02-04 18:09:30 WARN module=api msg="retrying request"
2026-02-04 18:15:08 INFO module=fs msg="service started"
2026-02-04 18:36:02 INFO module=api msg="user logged in"
2026-02-04 18:47:08 INFO module=sched msg="request completed"
2026-02-04 19:12:00 INFO module=net msg="user logged in"
2026-02-04 19:22:19 INFO module=sched msg="service started"
2026-02-04 19:22:26 WARN module=auth msg="token expires soon"
2026-02-04 19:26:13 INFO module=auth msg="user logged in"
2026-02-04 19:28:38 INFO module=cache msg="config reloaded"
2026-02-04 19:30:16 ERROR module=disk msg="connection refused"
2026-02-04 19:33:38 INFO module=api msg="job scheduled"
2026-02-04 19:34:32 WARN module=disk msg="disk usage above 80%"
2026-02-04 19:35:58 DEBUG module=db msg="buffer flushed"
2026-02-04 19:39:36 INFO module=cache msg="cache warmed up"
2026-02-04 19:41:19 ERROR module=cache msg="connection refused"
2026-02-04 19:44:18 INFO module=fs msg="user logged in"
2026-02-04 19:52:18 DEBUG module=db msg="entering handler"
2026-02-04 19:56:39 WARN module=net msg="token expires soon"
2026-02-04 19:59:40 DEBUG module=fs msg="queue length checked"
2026-02-04 20:01:31 WARN module=net msg="retrying request"
2026-02-04 20:02:09 DEBUG module=db msg="buffer flushed"
2026-02-04 20:06:39 DEBUG module=auth msg="queue length checked"
2026-02-04 20:08:09 INFO module=net msg="cache warmed up"
2026-02-04 20:23:06 INFO module=api msg="job scheduled"
2026-02-04 20:35:23 ERROR module=fs msg="invalid token"
2026-02-04 20:38:17 WARN module=db msg="token expires soon"
2026-02-04 20:38:44 INFO module=net msg="config reloaded"
2026-02-04 20:40:11 DEBUG module=fs msg="entering handler"
2026-02-04 20:45:35 INFO module=api msg="service started"
2026-02-04 20:46:35 INFO module=fs msg="request completed"
2026-02-04 21:01:59 INFO module=db msg="user logged in"
2026-02-04 21:02:00 INFO module=db msg="cache warmed up"
2026-02-04 21:13:40 INFO module=net msg="user logged in"
2026-02-04 21:14:12 DEBUG module=disk msg="heartbeat sent"
2026-02-04 21:15:42 INFO module=api msg="service started"
2026-02-04 21:17:30 DEBUG module=sched msg="retry counter reset"
2026-02-04 21:29:29 INFO module=db msg="config reloaded"
2026-02-04 21:40:54 INFO module=api msg="config reloaded"
2026-02-04 21:41:33 DEBUG module=cache msg="heartbeat sent"
2026-02-04 21:42:44 ERROR module=db msg="no space left on device"
2026-02-04 21:42:45 ERROR module=api msg="permission denied"
2026-02-04 21:46:47 INFO module=auth msg="request completed"
2026-02-04 21:52:18 ERROR module=db msg="invalid token"
2026-02-04 21:58:05 INFO module=net msg="config reloaded"
2026-02-04 22:02:20 WARN module=cache msg="disk usage above 80%"
2026-02-04 22:03:22 INFO module=cache msg="job scheduled"
2026-02-04 22:11:20 INFO module=cache msg="job scheduled"
2026-02-04 22:22:19 INFO module=db msg="service started"
2026-02-04 22:29:43 INFO module=disk msg="cache warmed up"
2026-02-04 22:43:55 INFO module=db msg="request completed"
2026-02-04 22:45:12 INFO module=disk msg="user logged in"
2026-02-04 22:47:40 INFO module=api msg="user logged in"
2026-02-04 22:50:51 INFO module=net msg="user logged in"
2026-02-04 22:56:13 WARN module=db msg="token expires soon"
2026-02-04 23:00:35 INFO module=auth msg="cache warmed up"
2026-02-04 23:01:37 ERROR module=db msg="connection refused"
2026-02-04 23:07:10 DEBUG module=fs msg="heartbeat sent"
2026-02-04 23:08:15 INFO module=cache msg="user logged in"
2026-02-04 23:10:36 ERROR module=auth msg="no space left on device"
2026-02-04 23:14:22 INFO module=net msg="job scheduled"
2026-02-04 23:15:35 INFO module=auth msg="cache warmed up"
2026-02-04 23:16:24 DEBUG module=sched msg="heartbeat sent"
2026-02-04 23:17:27 WARN module=api msg="token expires soon"
2026-02-04 23:27:25 ERROR module=cache msg="permission denied"
2026-02-04 23:32:22 INFO module=api msg="cache warmed up"
2026-02-04 23:32:49 INFO module=auth msg="user logged in"
2026-02-04 23:35:03 INFO module=auth msg="config reloaded"
2026-02-04 23:40:33 DEBUG module=db msg="heartbeat sent"
2026-02-04 23:46:29 WARN module=net msg="token expires soon"
2026-02-04 23:47:06 INFO module=db msg="cache warmed up"
2026-02-04 23:53:48 INFO module=net msg="user logged in"
2026-02-04 23:55:35 DEBUG module=cache msg="entering handler"
2026-02-04 23:58:47 INFO module=net msg="job scheduled"
