2026-02-07 00:05:06 WARN module=disk msg="retrying request"
2026-02-07 00:08:15 INFO module=cache msg="user logged in"
2026-02-07 00:09:56 WARN module=cache msg="token expires soon"
2026-02-07 00:10:41 DEBUG module=cache msg="heartbeat sent"
2026-02-07 00:19:57 INFO module=auth msg="cache warmed up"
2026-02-07 00:20:28 INFO module=auth msg="request completed"
2026-02-07 00:20:39 INFO module=auth msg="job scheduled"
2026-02-07 00:30:25 DEBUG module=cache msg="heartbeat sent"
2026-02-07 00:36:19 DEBUG module=api msg="heartbeat sent"
2026-02-07 00:41:04 INFO module=disk msg="request completed"
2026-02-07 00:49:38 INFO module=api msg="request completed"
2026-02-07 00:51:16 DEBUG module=sched msg="buffer flushed"
2026-02-07 00:54:18 ERROR module=auth msg="connection refused"
2026-02-07 00:58:11 INFO module=sched msg="service started"
2026-02-07 00:58:47 DEBUG module=cache msg="entering handler"
2026-02-07 00:59:49 INFO module=disk msg="request completed"
2026-02-07 01:01:37 WARN module=auth msg="deprecated option used"
2026-02-07 01:03:08 INFO module=sched msg="job scheduled"
2026-02-07 01:06:14 WARN module=api msg="token expires soon"
2026-02-07 01:07:08 ERROR module=db msg="no space left on device"
2026-02-07 01:10:26 INFO module=auth msg="job scheduled"
2026-02-07 01:12:39 INFO module=net msg="request completed"
2026-02-07 01:14:20 INFO module=fs msg="config reloaded"
2026-02-07 01:16:33 INFO module=disk msg="service started"
2026-02-07 01:18:07 INFO module=net msg="request completed"
2026-02-07 01:21:16 INFO module=auth msg="cache warmed up"
2026-02-07 01:23:30 INFO module=net msg="user logged in"
2026-02-07 01:24:16 INFO module=cache msg="config reloaded"
2026-02-07 01:25:06 INFO module=fs msg="service started"
2026-02-07 01:25:43 ERROR module=db msg="invalid token"
2026-02-07 01:28:33 INFO module=api msg="request completed"
2026-02-07 01:29:42 INFO module=cache msg="job scheduled"
2026-02-07 01:40:49 DEBUG module=cache msg="retry counter reset"
2026-02-07 01:42:09 INFO module=fs msg="request completed"
2026-02-07 01:42:21 INFO module=db msg="service started"
2026-02-07 01:44:02 WARN module=net msg="retrying request"
2026-02-07 01:49:25 INFO module=cache msg="job scheduled"
2026-02-07 01:52:07 DEBUG module=cache msg="heartbeat sent"
2026-02-07 01:57:05 WARN module=db msg="disk usage above 80%"
2026-02-07 02:02:18 INFO module=auth msg="config reloaded"
2026-02-07 02:14:38 INFO module=api msg="user logged in"
2026-02-07 02:14:59 INFO module=sched msg="request completed"
2026-02-07 02:18:41 INFO module=net msg="service started"
2026-02-07 02:20:43 WARN module=db msg="deprecated option used"
2026-02-07 02:21:41 INFO module=sched msg="cache warmed up"
2026-02-07 02:25:04 INFO module=auth msg="service started"
2026-02-07 02:27:10 INFO module=db msg="service started"
2026-02-07 02:32:58 ERROR module=disk msg="connection timeout"
2026-02-07 02:34:41 INFO module=cache msg="request completed"
2026-02-07 02:44:05 WARN module=net msg="token expires soon"
2026-02-07 02:44:17 DEBUG module=cache msg="heartbeat sent"
2026-02-07 02:51:41 INFO module=net msg="config reloaded"
2026-02-07 02:52:32 DEBUG module=sched msg="entering handler"
2026-02-07 02:52:45 INFO module=cache msg="service started"
2026-02-07 02:54:00 INFO module=cache msg="service started"
2026-02-07 02:58:36 INFO module=db msg="service started"
2026-02-07 03:00:32 INFO module=api msg="cache warmed up"
2026-02-07 03:02:03 INFO module=sched msg="request completed"
2026-02-07 03:03:27 INFO module=fs msg="config reloaded"
2026-02-07 03:04:38 ERROR module=cache msg="connection timeout"
2026-02-07 03:08:09 INFO module=sched msg="user logged in"
2026-02-07 03:12:38 WARN module=net msg="disk usage above 80%"
2026-02-07 03:13:17 INFO module=net msg="job scheduled"
2026-02-07 03:13:53 WARN module=disk msg="token expires soon"
2026-02-07 03:23:15 INFO module=disk msg="config reloaded"
2026-02-07 03:27:05 WARN module=disk msg="retrying request"
2026-02-07 03:28:06 INFO module=db msg="job scheduled"
2026-02-07 03:28:56 INFO module=auth msg="config reloaded"
2026-02-07 03:31:02 INFO module=fs msg="service started"
2026-02-07 03:36:42 DEBUG module=cache msg="retry counter reset"
2026-02-07 03:40:32 INFO module=fs msg="request completed"
2026-02-07 03:41:09 INFO module=api msg="service started"
2026-02-07 03:41:32 INFO module=api msg="cache warmed up"
2026-02-07 03:46:47 DEBUG module=auth msg="heartbeat sent"
2026-02-07 03:49:49 INFO module=net msg="cache warmed up"
2026-02-07 03:50:06 INFO module=cache msg="service started"
2026-02-07 03:56:36 INFO module=fs msg="request completed"
2026-02-07 03:56:54 INFO module=api msg="request completed"
2026-02-07 03:58:32 DEBUG module=sched msg="heartbeat sent"
2026-02-07 04:05:04 WARN module=sched msg="slow response"
2026-02-07 04:10:01 INFO module=api msg="cache warmed up"
2026-02-07 04:10:33 INFO module=fs msg="user logged in"
2026-02-07 04:12:17 DEBUG module=db msg="retry counter reset"
2026-02-07 04:15:31 INFO module=auth msg="request completed"
2026-02-07 04:18:17 INFO module=fs msg="service started"
2026-02-07 04:22:12 INFO module=api msg="config reloaded"
2026-02-07 04:22:27 DEBUG module=cache msg="queue length checked"
2026-02-07 04:22:47 INFO module=net msg="request completed"
2026-02-07 04:23:00 INFO module=auth msg="user logged in"
2026-02-07 04:27:07 INFO module=net msg="cache warmed up"
2026-02-07 04:28:57 INFO module=net msg="user logged in"
2026-02-07 04:30:17 INFO module=db msg="job scheduled"
2026-02-07 04:32:55 DEBUG module=net msg="heartbeat sent"
2026-02-07 04:33:03 WARN module=fs msg="deprecated option used"
2026-02-07 04:36:00 DEBUG module=net msg="queue length checked"
2026-02-07 04:36:53 INFO module=api msg="cache warmed up"
2026-02-07 04:39:55 INFO module=cache msg="job scheduled"
2026-02-07 04:46:42 INFO module=api msg="cache warmed up"
2026-02-07 04:46:47 INFO module=cache msg="job scheduled"
2026-02-07 04:54:23 INFO module=cache msg="request completed"
2026-02-07 04:54:38 INFO module=auth msg="service started"
2026-02-07 05:09:03 INFO module=sched msg="request completed"
2026-02-07 05:11:04 INFO module=fs msg="user logged in"
2026-02-07 05:13:18 ERROR module=auth msg="connection refused"
2026-02-07 05:14:01 WARN module=disk msg="slow response"
2026-02-07 05:20:28 INFO module=cache msg="cache warmed up"
2026-02-07 05:21:51 ERROR module=auth msg="no space left on device"
2026-02-07 05:24:03 INFO module=fs msg="job scheduled"
2026-02-07 05:26:04 INFO module=db msg="job scheduled"
2026-02-07 05:32:26 INFO module=sched msg="service started"
2026-02-07 05:33:15 INFO module=auth msg="config reloaded"
2026-02-07 05:35:27 INFO module=auth msg="config reloaded"
2026-02-07 05:36:23 DEBUG module=fs msg="entering handler"
2026-02-07 05:37:11 DEBUG module=disk msg="retry counter reset"
2026-02-07 05:38:22 INFO module=fs msg="request completed"
2026-02-07 05:38:48 INFO module=disk msg="job scheduled"
2026-02-07 05:44:53 INFO module=fs msg="request completed"
2026-02-07 05:49:27 ERROR module=net msg="permission denied"
2026-02-07 05:50:05 WARN module=disk msg="deprecated option used"
2026-02-07 05:51:59 INFO module=db msg="config reloaded"
2026-02-07 05:52:36 INFO module=disk msg="service started"
2026-02-07 05:56:15 INFO module=db msg="job scheduled"
2026-02-07 05:59:56 INFO module=db msg="service started"
2026-02-07 06:01:35 ERROR module=net msg="permission denied"
2026-02-07 06:04:12 WARN module=auth msg="slow response"
2026-02-07 06:05:21 INFO module=fs msg="request completed"
2026-02-07 06:06:32 INFO module=api msg="config reloaded"
2026-02-07 06:07:11 INFO module=sched msg="request completed"
2026-02-07 06:08:17 INFO module=auth msg="config reloaded"
2026-02-07 06:09:03 DEBUG module=cache msg="queue length checked"
2026-02-07 06:11:06 DEBUG module=net msg="heartbeat sent"
2026-02-07 06:16:43 INFO module=fs msg="service started"
2026-02-07 06:18:17 INFO module=cache msg="config reloaded"
2026-02-07 06:20:27 INFO module=db msg="config reloaded"
2026-02-07 06:26:17 WARN module=api msg="token expires soon"
2026-02-07 06:28:27 WARN module=db msg="disk usage above 80%"
2026-02-07 06:33:55 INFO module=db msg="service started"
2026-02-07 06:39:38 ERROR module=auth msg="segment read failed"
2026-02-07 06:40:09 INFO module=cache msg="service started"
2026-02-07 06:40:25 WARN module=sched msg="disk usage above 80%"
2026-02-07 06:45:49 INFO module=api msg="job scheduled"
2026-02-07 06:46:00 INFO module=api msg="config reloaded"
2026-02-07 06:47:42 WARN module=api msg="deprecated option used"
2026-02-07 06:49:42 ERROR module=net msg="segment read failed"
2026-02-07 06:59:48 INFO module=fs msg="request completed"
2026-02-07 07:11:33 ERROR module=db msg="permission denied"
2026-02-07 07:14:47 INFO module=net msg="request completed"
2026-02-07 07:18:38 INFO module=auth msg="request completed"
2026-02-07 07:19:30 DEBUG module=db msg="retry counter reset"
2026-02-07 07:21:42 ERROR module=fs msg="connection refused"
2026-02-07 07:26:29 DEBUG module=cache msg="buffer flushed"
2026-02-07 07:27:25 INFO module=cache msg="service started"
2026-02-07 07:29:08 INFO module=sched msg="cache warmed up"
2026-02-07 07:36:07 WARN module=db msg="token expires soon"
2026-02-07 07:39:48 INFO module=db msg="request completed"
2026-02-07 07:41:03 INFO module=disk msg="job scheduled"
2026-02-07 07:45:09 INFO module=cache msg="job scheduled"
2026-02-07 07:45:20 DEBUG module=db msg="retry counter reset"
2026-02-07 07:53:49 INFO module=cache msg="request completed"
2026-02-07 08:00:26 INFO module=auth msg="user logged in"
2026-02-07 08:04:50 INFO module=auth msg="user logged in"
2026-02-07 08:15:14 DEBUG module=sched msg="buffer flushed"
2026-02-07 08:15:21 INFO module=disk msg="config reloaded"
2026-02-07 08:26:51 INFO module=net msg="request completed"
2026-02-07 08:28:51 DEBUG module=db msg="entering handler"
2026-02-07 08:30:19 INFO module=cache msg="config reloaded"
2026-02-07 08:36:00 WARN module=sched msg="deprecated option used"
2026-02-07 08:36:40 INFO module=disk msg="config reloaded"
2026-02-07 08:39:09 DEBUG module=sched msg="entering handler"
2026-02-07 08:40:53 INFO module=disk msg="job scheduled"
2026-02-07 08:43:35 WARN module=db msg="deprecated option used"
2026-02-07 08:44:47 INFO module=cache msg="service started"
2026-02-07 08:50:33 INFO module=db msg="user logged in"
2026-02-07 08:50:43 WARN module=cache msg="disk usage above 80%"
2026-02-07 08:54:21 WARN module=disk msg="deprecated option used"
2026-02-07 08:55:23 WARN module=disk msg="retrying request"
2026-02-07 08:56:23 WARN module=db msg="disk usage above 80%"
2026-02-07 08:57:09 DEBUG module=fs msg="queue length checked"
2026-02-07 08:57:58 DEBUG module=db msg="retry counter reset"
2026-02-07 08:58:49 INFO module=api msg="cache warmed up"
2026-02-07 09:03:48 WARN module=cache msg="retrying request"
2026-02-07 09:03:53 DEBUG module=cache msg="queue length checked"
2026-02-07 09:05:40 INFO module=db msg="cache warmed up"
2026-02-07 09:07:36 DEBUG module=fs msg="retry counter reset"
2026-02-07 09:08:04 INFO module=cache msg="config reloaded"
2026-02-07 09:09:31 INFO module=api msg="cache warmed up"
2026-02-07 09:14:02 INFO module=disk msg="cache warmed up"
2026-02-07 09:15:50 WARN module=fs msg="token expires soon"
2026-02-07 09:16:59 INFO module=disk msg="cache warmed up"
2026-02-07 09:24:03 INFO module=db msg="user logged in"
2026-02-07 09:25:11 WARN module=cache msg="deprecated option used"
2026-02-07 09:26:19 ERROR module=auth msg="no space left on device"
2026-02-07 09:38:27 INFO module=fs msg="cache warmed up"
2026-02-07 09:39:20 INFO module=auth msg="user logged in"
2026-02-07 09:39:34 DEBUG module=disk msg="buffer flushed"
2026-02-07 09:40:52 WARN module=net msg="deprecated option used"
2026-02-07 09:43:33 INFO module=cache msg="cache warmed up"
2026-02-07 09:44:48 INFO module=fs msg="user logged in"
2026-02-07 09:47:13 INFO module=api msg="cache warmed up"
2026-02-07 09:50:18 INFO module=cache msg="user logged in"
2026-02-07 09:53:33 INFO module=net msg="user logged in"
2026-02-07 09:54:52 ERROR module=db msg="query failed"
2026-02-07 09:57:13 WARN module=auth msg="token expires soon"
2026-02-07 09:57:28 ERROR module=api msg="query failed"
2026-02-07 10:05:02 WARN module=disk msg="retrying request"
2026-02-07 10:06:34 INFO module=net msg="user logged in"
2026-02-07 10:08:16 INFO module=api msg="service started"
2026-02-07 10:11:29 INFO module=auth msg="cache warmed up"
2026-02-07 10:16:07 INFO module=fs msg="user logged in"
2026-02-07 10:21:21 INFO module=cache msg="service started"
2026-02-07 10:24:42 DEBUG module=sched msg="entering handler"
2026-02-07 10:32:31 WARN module=cache msg="disk usage above 80%"
2026-02-07 10:34:20 INFO module=auth msg="cache warmed up"
2026-02-07 10:35:41 INFO module=cache msg="job scheduled"
2026-02-07 10:40:42 DEBUG module=api msg="buffer flushed"
2026-02-07 10:44:00 INFO module=db msg="service started"
2026-02-07 10:52:27 ERROR module=cache msg="permission denied"
2026-02-07 10:55:52 DEBUG module=api msg="buffer flushed"
2026-02-07 10:56:10 DEBUG module=fs msg="heartbeat sent"
2026-02-07 10:59:27 INFO module=auth msg="job scheduled"
2026-02-07 10:59:34 INFO module=sched msg="cache warmed up"
2026-02-07 11:04:55 INFO module=auth msg="config reloaded"
2026-02-07 11:07:33 INFO module=disk msg="job scheduled"
2026-02-07 11:09:59 INFO module=api msg="user logged in"
2026-02-07 11:19:39 ERROR module=auth msg="no space left on device"
2026-02-07 11:27:26 INFO module=disk msg="job scheduled"
2026-02-07 11:29:54 INFO module=sched msg="request completed"
2026-02-07 11:31:37 ERROR module=db msg="connection refused"
2026-02-07 11:32:38 INFO module=auth msg="user logged in"
2026-02-07 11:33:51 INFO module=db msg="cache warmed up"
2026-02-07 11:34:02 INFO module=net msg="service started"
2026-02-07 11:37:34 ERROR module=net msg="invalid token"
2026-02-07 11:39:44 ERROR module=net msg="invalid token"
2026-02-07 11:40:32 WARN module=db msg="slow response"
2026-02-07 11:44:38 WARN module=disk msg="disk usage above 80%"
2026-02-07 11:46:53 INFO module=net msg="user logged in"
2026-02-07 11:49:58 INFO module=disk msg="request completed"
2026-02-07 11:50:11 INFO module=cache msg="cache warmed up"
2026-02-07 11:52:52 INFO module=cache msg="user logged in"
2026-02-07 11:53:37 WARN module=db msg="retrying request"
2026-02-07 11:53:53 INFO module=api msg="request completed"
2026-02-07 12:04:50 INFO module=cache msg="config reloaded"
2026-02-07 12:07:17 DEBUG module=net msg="retry counter reset"
2026-02-07 12:11:43 INFO module=fs msg="job scheduled"
2026-02-07 12:20:21 INFO module=db msg="config reloaded"
2026-02-07 12:27:18 INFO module=net msg="user logged in"
2026-02-07 12:33:18 INFO module=cache msg="user logged in"
2026-02-07 12:40:11 WARN module=disk msg="token expires soon"
2026-02-07 12:41:05 INFO module=disk msg="cache warmed up"
2026-02-07 12:46:31 INFO module=api msg="user logged in"
2026-02-07 12:48:43 INFO module=api msg="request completed"
2026-02-07 12:50:01 INFO module=auth msg="service started"
2026-02-07 12:50:42 ERROR module=net msg="connection timeout"
2026-02-07 12:52:25 DEBUG module=disk msg="heartbeat sent"
2026-02-07 12:57:55 INFO module=net msg="request completed"
2026-02-07 13:00:36 INFO module=api msg="service started"
2026-02-07 13:01:03 WARN module=api msg="retrying request"
2026-02-07 13:03:21 INFO module=cache msg="service started"
2026-02-07 13:04:09 INFO module=cache msg="config reloaded"
2026-02-07 13:06:13 DEBUG module=sched msg="heartbeat sent"
2026-02-07 13:16:13 INFO module=net msg="user logged in"
2026-02-07 13:16:42 INFO module=api msg="request completed"
2026-02-07 13:21:10 DEBUG module=disk msg="heartbeat sent"
2026-02-07 13:21:26 WARN module=db msg="slow response"
2026-02-07 13:25:15 INFO module=sched msg="service started"
2026-02-07 13:26:18 WARN module=net msg="deprecated option used"
2026-02-07 13:32:59 DEBUG module=cache msg="queue length checked"
2026-02-07 13:35:08 DEBUG module=db msg="entering handler"
2026-02-07 13:40:23 INFO module=net msg="user logged in"
2026-02-07 13:42:06 WARN module=cache msg="retrying request"
2026-02-07 13:42:55 INFO module=api msg="request completed"
2026-02-07 13:45:39 INFO module=net msg="cache warmed up"
2026-02-07 13:45:54 INFO module=api msg="user logged in"
2026-02-07 13:57:19 WARN module=api msg="deprecated option used"
2026-02-07 13:57:52 INFO module=fs msg="config reloaded"
2026-02-07 14:03:38 INFO module=api msg="request completed"
2026-02-07 14:07:59 ERROR module=api msg="connection refused"
2026-02-07 14:10:20 INFO module=auth msg="cache warmed up"
2026-02-07 14:11:30 INFO module=cache msg="request completed"
2026-02-07 14:12:30 DEBUG module=sched msg="retry counter reset"
2026-02-07 14:15:02 WARN module=db msg="deprecated option used"
2026-02-07 14:18:25 INFO module=net msg="request completed"
2026-02-07 14:20:27 DEBUG module=sched msg="heartbeat sent"
2026-02-07 14:20:29 INFO module=cache msg="user logged in"
2026-02-07 14:20:36 INFO module=auth msg="service started"
2026-02-07 14:22:36 INFO module=disk msg="user logged in"
2026-02-07 14:22:51 INFO module=cache msg="request completed"
2026-02-07 14:25:50 INFO module=cache msg="request completed"
2026-02-07 14:28:49 DEBUG module=disk msg="entering handler"
2026-02-07 14:29:09 WARN module=net msg="token expires soon"
2026-02-07 14:32:25 INFO module=net msg="cache warmed up"
2026-02-07 14:32:32 INFO module=net msg="user logged in"
2026-02-07 14:33:15 INFO module=cache msg="cache warmed up"
2026-02-07 14:33:29 DEBUG module=net msg="retry counter reset"
2026-02-07 14:41:45 INFO module=auth msg="cache warmed up"
2026-02-07 14:41:50 INFO module=db msg="job scheduled"
2026-02-07 14:42:33 DEBUG module=net msg="retry counter reset"
2026-02-07 14:45:50 INFO module=auth msg="cache warmed up"
2026-02-07 14:46:16 WARN module=net msg="disk usage above 80%"
2026-02-07 14:48:39 ERROR module=db msg="connection refused"
2026-02-07 14:48:41 INFO module=fs msg="user logged in"
2026-02-07 14:48:43 INFO module=sched msg="request completed"
2026-02-07 14:50:14 WARN module=net msg="deprecated option used"
2026-02-07 14:50:19 DEBUG module=api msg="retry counter reset"
2026-02-07 14:50:50 INFO module=cache msg="job scheduled"
2026-02-07 14:59:51 DEBUG module=sched msg="queue length checked"
2026-02-07 15:06:59 WARN module=cache msg="retrying request"
2026-02-07 15:09:37 INFO module=api msg="request completed"
2026-02-07 15:10:19 INFO module=fs msg="job scheduled"
2026-02-07 15:12:38 INFO module=auth msg="config reloaded"
2026-02-07 15:12:40 INFO module=disk msg="cache warmed up"
2026-02-07 15:13:35 DEBUG module=disk msg="buffer flushed"
2026-02-07 15:20:10 DEBUG module=db msg="heartbeat sent"
2026-02-07 15:21:25 WARN module=cache msg="retrying request"
2026-02-07 15:21:38 INFO module=api msg="service started"
2026-02-07 15:23:56 INFO module=auth msg="request completed"
2026-02-07 15:24:25 DEBUG module=auth msg="retry counter reset"
2026-02-07 15:26:29 ERROR module=db msg="segment read failed"
2026-02-07 15:27:12 WARN module=db msg="deprecated option used"
2026-02-07 15:30:20 WARN module=net msg="deprecated option used"
2026-02-07 15:32:20 DEBUG module=cache msg="buffer flushed"
2026-02-07 15:37:02 INFO module=sched msg="request completed"
2026-02-07 15:39:05 INFO module=fs msg="service started"
2026-02-07 15:39:32 WARN module=net msg="disk usage above 80%"
2026-02-07 15:41:54 WARN module=api msg="slow response"
2026-02-07 15:46:09 INFO module=db msg="cache warmed up"
2026-02-07 15:48:01 INFO module=disk msg="config reloaded"
2026-02-07 15:48:22 INFO module=net msg="cache warmed up"
2026-02-07 15:49:06 INFO module=net msg="request completed"
2026-02-07 15:54:25 ERROR module=sched msg="no space left on device"
2026-02-07 15:58:46 INFO module=cache msg="user logged in"
2026-02-07 16:00:50 INFO module=api msg="request completed"
2026-02-07 16:03:31 DEBUG module=auth msg="queue length checked"
2026-02-07 16:08:25 INFO module=sched msg="user logged in"
2026-02-07 16:08:56 INFO module=auth msg="cache warmed up"
2026-02-07 16:10:08 WARN module=net msg="slow response"
2026-02-07 16:18:21 WARN module=disk msg="retrying request"
2026-02-07 16:19:50 INFO module=db msg="job scheduled"
2026-02-07 16:20:20 ERROR module=auth msg="permission denied"
2026-02-07 16:34:45 INFO module=disk msg="service started"
2026-02-07 16:36:00 INFO module=api msg="cache warmed up"
2026-02-07 16:40:44 ERROR module=auth msg="segment read failed"
2026-02-07 16:50:21 WARN module=auth msg="slow response"
2026-02-07 16:50:33 INFO module=db msg="user logged in"
2026-02-07 16:52:50 INFO module=net msg="config reloaded"
2026-02-07 16:59:49 DEBUG module=sched msg="buffer flushed"
2026-02-07 17:04:04 WARN module=auth msg="retrying request"
2026-02-07 17:08:19 INFO module=net msg="job scheduled"
2026-02-07 17:11:00 DEBUG module=cache msg="entering handler"
2026-02-07 17:16:23 WARN module=net msg="deprecated option used"
2026-02-07 17:19:22 INFO module=sched msg="cache warmed up"
2026-02-07 17:25:07 ERROR module=api msg="connection refused"
2026-02-07 17:26:36 INFO module=fs msg="user logged in"
2026-02-07 17:28:07 INFO module=api msg="request completed"
2026-02-07 17:34:44 INFO module=fs msg="config reloaded"
2026-02-07 17:34:53 ERROR module=db msg="permission denied"
2026-02-07 17:36:58 INFO module=disk msg="request completed"
2026-02-07 17:42:41 DEBUG module=api msg="buffer flushed"
2026-02-07 17:45:59 INFO module=net msg="service started"
2026-02-07 17:46:38 ERROR module=db msg="connection timeout"
2026-02-07 17:47:02 ERROR module=api msg="connection refused"
2026-02-07 17:47:49 ERROR module=net msg="connection timeout"
2026-02-07 17:49:51 INFO module=fs msg="config reloaded"
2026-02-07 17:50:14 INFO module=cache msg="cache warmed up"
2026-02-07 17:53:07 INFO module=fs msg="config reloaded"
2026-02-07 17:53:12 INFO module=sched msg="service started"
2026-02-07 18:00:02 DEBUG module=sched msg="retry counter reset"
2026-02-07 18:00:13 ERROR module=net msg="connection refused"
2026-02-07 18:02:22 DEBUG module=cache msg="heartbeat sent"
2026-02-07 18:07:51 INFO module=auth msg="job scheduled"
2026-02-07 18:10:08 WARN module=net msg="deprecated option used"
2026-02-07 18:23:11 INFO module=net msg="service started"
2026-02-07 18:25:36 WARN module=fs msg="deprecated option used"
2026-02-07 18:26:11 INFO module=net msg="cache warmed up"
2026-02-07 18:27:52 INFO module=net msg="request completed"
2026-02-07 18:29:08 INFO module=auth msg="request completed"
2026-02-07 18:29:23 INFO module=net msg="request completed"
2026-02-07 18:30:58 INFO module=net msg="config reloaded"
2026-02-07 18:36:12 DEBUG module=cache msg="queue length checked"
2026-02-07 18:37:25 ERROR module=db msg="invalid token"
2026-02-07 18:42:30 INFO module=net msg="service started"
2026-02-07 18:44:32 INFO module=net msg="job scheduled"
2026-02-07 18:45:35 INFO module=net msg="user logged in"
2026-02-07 18:48:20 INFO module=auth msg="cache warmed up"
2026-02-07 18:50:21 WARN module=net msg="retrying request"
2026-02-07 18:51:28 INFO module=fs msg="service started"
2026-02-07 18:51:53 INFO module=disk msg="cache warmed up"
2026-02-07 18:54:33 DEBUG module=db msg="retry counter reset"
2026-02-07 18:54:37 DEBUG module=db msg="retry counter reset"
2026-02-07 18:54:55 DEBUG module=disk msg="queue length checked"
2026-02-07 18:56:28 INFO module=db msg="job scheduled"
2026-02-07 18:59:03 WARN module=api msg="token expires soon"
2026-02-07 19:06:08 INFO module=disk msg="config reloaded"
2026-02-07 19:08:46 INFO module=net msg="user logged in"
2026-02-07 19:09:31 INFO module=cache msg="service started"
2026-02-07 19:09:34 INFO module=disk msg="job scheduled"
2026-02-07 19:12:05 INFO module=db msg="request completed"
2026-02-07 19:12:51 INFO module=db msg="config reloaded"
2026-02-07 19:16:59 INFO module=auth msg="config reloaded"
2026-02-07 19:19:06 INFO module=db msg="job scheduled"
2026-02-07 19:22:30 DEBUG module=disk msg="heartbeat sent"
2026-02-07 19:26:28 INFO module=db msg="config reloaded"
2026-02-07 19:29:21 INFO module=disk msg="cache warmed up"
2026-02-07 19:31:19 INFO module=net msg="job scheduled"
2026-02-07 19:31:28 INFO module=api msg="user logged in"
2026-02-07 19:36:02 INFO module=auth msg="cache warmed up"
2026-02-07 19:36:56 INFO module=db msg="cache warmed up"
2026-02-07 19:38:08 INFO module=auth msg="request completed"
2026-02-07 19:38:30 INFO module=db msg="config reloaded"
2026-02-07 19:41:07 WARN module=net msg="slow response"
2026-02-07 19:43:45 INFO module=db msg="cache warmed up"
2026-02-07 19:45:19 INFO module=cache msg="service started"
2026-02-07 19:49:02 INFO module=auth msg="job scheduled"
2026-02-07 19:50:45 INFO module=disk msg="config reloaded"
2026-02-07 19:57:20 INFO module=fs msg="request completed"
2026-02-07 19:59:15 WARN module=api msg="retrying request"
2026-02-07 20:02:48 INFO module=net msg="config reloaded"
2026-02-07 20:02:58 WARN module=api msg="retrying request"
2026-02-07 20:05:26 INFO module=fs msg="cache warmed up"
2026-02-07 20:08:09 DEBUG module=disk msg="entering handler"
2026-02-07 20:09:59 INFO module=net msg="job scheduled"
2026-02-07 20:20:03 WARN module=net msg="deprecated option used"
2026-02-07 20:21:42 INFO module=db msg="job scheduled"
2026-02-07 20:28:29 INFO module=cache msg="user logged in"
2026-02-07 20:32:14 INFO module=net msg="config reloaded"
2026-02-07 20:32:33 INFO module=db msg="cache warmed up"
2026-02-07 20:34:41 INFO module=api msg="service started"
2026-02-07 20:35:19 INFO module=auth msg="user logged in"
2026-02-07 20:41:09 DEBUG module=net msg="entering handler"
2026-02-07 20:42:08 DEBUG module=api msg="buffer flushed"
2026-02-07 20:44:07 WARN module=auth msg="slow response"
2026-02-07 20:49:31 WARN module=net msg="disk usage above 80%"
2026-02-07 20:53:29 INFO module=auth msg="config reloaded"
2026-02-07 20:55:18 WARN module=disk msg="slow response"
2026-02-07 20:56:10 INFO module=sched msg="cache warmed up"
2026-02-07 21:03:24 INFO module=net msg="user logged in"
2026-02-07 21:04:36 DEBUG module=cache msg="queue length checked"
2026-02-07 21:10:22 INFO module=cache msg="config reloaded"
2026-02-07 21:10:27 INFO module=disk msg="user logged in"
2026-02-07 21:13:40 INFO module=disk msg="config reloaded"
2026-02-07 21:14:14 INFO module=net msg="job scheduled"
2026-02-07 21:17:39 INFO module=disk msg="config reloaded"
2026-02-07 21:21:34 INFO module=auth msg="user logged in"
2026-02-07 21:24:38 ERROR module=disk msg="no space left on device"
2026-02-07 21:24:47 ERROR module=net msg="segment read failed"
2026-02-07 21:26:24 ERROR module=net msg="connection refused"
2026-02-07 21:28:19 INFO module=cache msg="config reloaded"
2026-02-07 21:28:44 ERROR module=net msg="no space left on device"
2026-02-07 21:30:34 INFO module=disk msg="cache warmed up"
2026-02-07 21:37:23 INFO module=sched msg="config reloaded"
2026-02-07 21:43:20 INFO module=disk msg="service started"
2026-02-07 21:45:02 WARN module=disk msg="token expires soon"
2026-02-07 21:49:00 WARN module=api msg="token expires soon"
2026-02-07 21:50:29 INFO module=net msg="cache warmed up"
2026-02-07 21:52:17 INFO module=auth msg="user logged in"
2026-02-07 21:54:56 WARN module=net msg="disk usage above 80%"
2026-02-07 22:04:33 WARN module=disk msg="disk usage above 80%"
2026-02-07 22:09:20 WARN module=db msg="slow response"
2026-02-07 22:10:09 INFO module=auth msg="cache warmed up"
2026-02-07 22:10:10 DEBUG module=cache msg="heartbeat sent"
2026-02-07 22:11:18 DEBUG module=db msg="queue length checked"
2026-02-07 22:12:15 DEBUG module=auth msg="entering handler"
2026-02-07 22:15:47 WARN module=disk msg="deprecated option used"
2026-02-07 22:22:01 DEBUG module=disk msg="heartbeat sent"
2026-02-07 22:22:50 INFO module=net msg="request completed"
2026-02-07 22:29:37 INFO module=db msg="job scheduled"
2026-02-07 22:31:28 INFO module=api msg="config reloaded"
2026-02-07 22:37:54 INFO module=api msg="service started"
2026-02-07 22:44:40 ERROR module=sched msg="permission denied"
2026-02-07 22:49:01 INFO module=fs msg="config reloaded"
2026-02-07 22:52:19 WARN module=api msg="retrying request"
2026-02-07 22:54:43 INFO module=db msg="cache warmed up"
2026-02-07 23:01:03 INFO module=cache msg="service started"
2026-02-07 23:03:12 DEBUG module=sched msg="heartbeat sent"
2026-02-07 23:03:27 INFO module=api msg="cache warmed up"
2026-02-07 23:06:50 INFO module=auth msg="request completed"
2026-02-07 23:10:33 INFO module=auth msg="service started"
2026-02-07 23:19:02 INFO module=cache msg="request completed"
2026-02-07 23:19:04 WARN module=db msg="disk usage above 80%"
2026-02-07 23:22:37 INFO module=db msg="user logged in"
2026-02-07 23:25:12 INFO module=net msg="cache warmed up"
2026-02-07 23:25:46 INFO module=sched msg="job scheduled"
2026-02-07 23:30:25 INFO module=auth msg="request completed"
2026-02-07 23:31:27 INFO module=db msg="cache warmed up"
2026-02-07 23:31:30 WARN module=sched msg="slow response"
2026-02-07 23:41:18 DEBUG module=sched msg="heartbeat sent"
2026-02-07 23:44:59 DEBUG module=sched msg="retry counter reset"
2026-02-07 23:45:15 INFO module=net msg="service started"
2026-02-07 23:50:43 DEBUG module=db msg="entering handler"
2026-02-07 23:56:19 WARN module=net msg="deprecated option used"
2026-02-07 23:58:54 INFO module=disk msg="service started"
2026-02-07 23:59:00 INFO module=disk msg="request completed"
