2026-02-09 00:02:03 INFO module=net msg="cache warmed up"
2026-02-09 00:03:22 INFO module=api msg="service started"
2026-02-09 00:03:23 WARN module=db msg="retrying request"
2026-02-09 00:06:18 INFO module=auth msg="request completed"
2026-02-09 00:06:46 WARN module=db msg="slow response"
2026-02-09 00:08:38 INFO module=auth msg="cache warmed up"
2026-02-09 00:09:25 INFO module=cache msg="request completed"
2026-02-09 00:12:44 ERROR module=net msg="no space left on device"
2026-02-09 00:14:23 INFO module=net msg="cache warmed up"
2026-02-09 00:17:56 DEBUG module=disk msg="heartbeat sent"
2026-02-09 00:21:08 INFO module=net msg="service started"
2026-02-09 00:21:14 WARN module=net msg="retrying request"
2026-02-09 00:26:08 ERROR module=disk msg="permission denied"
2026-02-09 00:26:17 ERROR module=net msg="segment read failed"
2026-02-09 00:27:19 INFO module=db msg="cache warmed up"
2026-02-09 00:29:27 INFO module=api msg="cache warmed up"
2026-02-09 00:33:58 INFO module=db msg="job scheduled"
2026-02-09 00:35:14 INFO module=sched msg="user logged in"
2026-02-09 00:35:31 INFO module=auth msg="config reloaded"
2026-02-09 00:36:34 INFO module=sched msg="user logged in"
2026-02-09 00:36:49 ERROR module=sched msg="no space left on device"
2026-02-09 00:36:59 INFO module=disk msg="service started"
2026-02-09 00:37:38 WARN module=disk msg="slow response"
2026-02-09 00:38:42 WARN module=cache msg="deprecated option used"
2026-02-09 00:47:35 INFO module=api msg="cache warmed up"
2026-02-09 00:47:39 WARN module=fs msg="deprecated option used"
2026-02-09 00:48:57 ERROR module=db msg="connection timeout"
2026-02-09 01:01:09 WARN module=db msg="retrying request"
2026-02-09 01:05:42 WARN module=net msg="token expires soon"
2026-02-09 01:06:13 INFO module=auth msg="job scheduled"
2026-02-09 01:07:48 WARN module=disk msg="slow response"
2026-02-09 01:10:02 ERROR module=disk msg="connection timeout"
2026-02-09 01:11:19 DEBUG module=sched msg="retry counter reset"
2026-02-09 01:11:24 WARN module=db msg="slow response"
2026-02-09 01:12:39 WARN module=auth msg="disk usage above 80%"
2026-02-09 01:14:47 INFO module=api msg="service started"
2026-02-09 01:15:39 INFO module=api msg="service started"
2026-02-09 01:17:30 WARN module=api msg="disk usage above 80%"
2026-02-09 01:18:49 INFO module=disk msg="request completed"
2026-02-09 01:22:29 WARN module=cache msg="disk usage above 80%"
2026-02-09 01:23:26 DEBUG module=api msg="retry counter reset"
2026-02-09 01:25:36 INFO module=api msg="cache warmed up"
2026-02-09 01:27:15 ERROR module=net msg="invalid token"
2026-02-09 01:28:00 INFO module=auth msg="job scheduled"
2026-02-09 01:30:04 WARN module=disk msg="slow response"
2026-02-09 01:30:57 INFO module=net msg="service started"
2026-02-09 01:31:21 INFO module=sched msg="cache warmed up"
2026-02-09 01:32:33 INFO module=auth msg="job scheduled"
2026-02-09 01:32:37 WARN module=db msg="token expires soon"
2026-02-09 01:34:25 INFO module=disk msg="job scheduled"
2026-02-09 01:36:21 INFO module=api msg="job scheduled"
2026-02-09 01:40:17 ERROR module=db msg="segment read failed"
2026-02-09 01:42:20 INFO module=db msg="cache warmed up"
2026-02-09 01:44:46 INFO module=net msg="config reloaded"
2026-02-09 01:46:26 DEBUG module=disk msg="heartbeat sent"
2026-02-09 01:48:35 INFO module=db msg="user logged in"
2026-02-09 01:50:54 INFO module=api msg="job scheduled"
2026-02-09 01:51:44 WARN module=net msg="retrying request"
2026-02-09 01:56:56 DEBUG module=auth msg="heartbeat sent"
2026-02-09 02:02:20 ERROR module=net msg="connection timeout"
2026-02-09 02:03:24 DEBUG module=auth msg="queue length checked"
2026-02-09 02:03:28 WARN module=auth msg="deprecated option used"
2026-02-09 02:06:18 INFO module=db msg="request completed"
2026-02-09 02:08:12 INFO module=disk msg="job scheduled"
2026-02-09 02:08:34 INFO module=net msg="service started"
2026-02-09 02:09:05 INFO module=db msg="request completed"
2026-02-09 02:13:43 INFO module=cache msg="request completed"
2026-02-09 02:16:38 INFO module=auth msg="config reloaded"
2026-02-09 02:18:34 INFO module=fs msg="request completed"
2026-02-09 02:21:57 INFO module=disk msg="cache warmed up"
2026-02-09 02:23:15 INFO module=auth msg="config reloaded"
2026-02-09 02:23:55 INFO module=net msg="config reloaded"
2026-02-09 02:24:00 INFO module=api msg="request completed"
2026-02-09 02:25:30 INFO module=disk msg="job scheduled"
2026-02-09 02:33:38 INFO module=db msg="user logged in"
2026-02-09 02:40:10 INFO module=auth msg="service started"
2026-02-09 02:42:58 INFO module=net msg="user logged in"
2026-02-09 02:44:22 WARN module=fs msg="slow response"
2026-02-09 02:45:13 DEBUG module=db msg="queue length checked"
2026-02-09 02:45:21 INFO module=sched msg="config reloaded"
2026-02-09 02:57:24 INFO module=auth msg="service started"
2026-02-09 02:58:35 INFO module=disk msg="config reloaded"
2026-02-09 02:58:36 INFO module=net msg="config reloaded"
2026-02-09 02:59:40 DEBUG module=disk msg="queue length checked"
2026-02-09 02:59:46 WARN module=auth msg="disk usage above 80%"
2026-02-09 03:00:00 INFO module=disk msg="service started"
2026-02-09 03:04:18 INFO module=auth msg="user logged in"
2026-02-09 03:05:06 INFO module=auth msg="cache warmed up"
2026-02-09 03:06:04 INFO module=sched msg="request completed"
2026-02-09 03:07:05 WARN module=auth msg="slow response"
2026-02-09 03:08:06 WARN module=cache msg="disk usage above 80%"
2026-02-09 03:08:52 ERROR module=fs msg="connection timeout"
2026-02-09 03:10:58 INFO module=disk msg="user logged in"
2026-02-09 03:11:35 WARN module=auth msg="slow response"
2026-02-09 03:12:47 INFO module=api msg="user logged in"
2026-02-09 03:13:09 INFO module=api msg="config reloaded"
2026-02-09 03:15:10 DEBUG module=fs msg="retry counter reset"
2026-02-09 03:17:58 DEBUG module=disk msg="entering handler"
2026-02-09 03:22:10 INFO module=db msg="user logged in"
2026-02-09 03:26:14 DEBUG module=db msg="retry counter reset"
2026-02-09 03:39:25 DEBUG module=sched msg="buffer flushed"
2026-02-09 03:43:24 INFO module=api msg="service started"
2026-02-09 03:44:23 DEBUG module=db msg="buffer flushed"
2026-02-09 03:44:31 INFO module=auth msg="job scheduled"
2026-02-09 03:44:38 INFO module=sched msg="config reloaded"
2026-02-09 03:45:12 INFO module=cache msg="config reloaded"
2026-02-09 03:46:54 INFO module=cache msg="service started"
2026-02-09 03:47:14 INFO module=db msg="request completed"
2026-02-09 03:48:17 INFO module=db msg="job scheduled"
2026-02-09 03:49:14 WARN module=disk msg="token expires soon"
2026-02-09 03:50:54 INFO module=net msg="config reloaded"
2026-02-09 03:54:35 INFO module=cache msg="service started"
2026-02-09 03:55:19 INFO module=fs msg="job scheduled"
2026-02-09 04:00:24 INFO module=auth msg="request completed"
2026-02-09 04:03:46 ERROR module=disk msg="invalid token"
2026-02-09 04:05:12 INFO module=cache msg="service started"
2026-02-09 04:07:31 ERROR module=net msg="invalid token"
2026-02-09 04:08:50 INFO module=api msg="job scheduled"
2026-02-09 04:14:50 WARN module=cache msg="deprecated option used"
2026-02-09 04:17:01 DEBUG module=auth msg="heartbeat sent"
2026-02-09 04:17:38 INFO module=net msg="job scheduled"
2026-02-09 04:19:23 INFO module=net msg="request completed"
2026-02-09 04:21:14 INFO module=auth msg="job scheduled"
2026-02-09 04:21:40 INFO module=auth msg="job scheduled"
2026-02-09 04:22:49 WARN module=db msg="slow response"
2026-02-09 04:24:23 INFO module=auth msg="service started"
2026-02-09 04:25:21 INFO module=fs msg="config reloaded"
2026-02-09 04:31:30 INFO module=fs msg="job scheduled"
2026-02-09 04:32:05 WARN module=cache msg="deprecated option used"
2026-02-09 04:33:10 INFO module=net msg="config reloaded"
2026-02-09 04:33:13 INFO module=net msg="cache warmed up"
2026-02-09 04:36:38 INFO module=db msg="cache warmed up"
2026-02-09 04:37:48 INFO module=cache msg="cache warmed up"
2026-02-09 04:40:12 INFO module=cache msg="job scheduled"
2026-02-09 04:43:00 INFO module=cache msg="cache warmed up"
2026-02-09 04:43:13 INFO module=disk msg="request completed"
2026-02-09 04:45:36 INFO module=auth msg="service started"
2026-02-09 04:46:50 ERROR module=net msg="query failed"
2026-02-09 04:46:57 DEBUG module=api msg="buffer flushed"
2026-02-09 04:47:13 INFO module=api msg="request completed"
2026-02-09 04:48:38 INFO module=disk msg="service started"
2026-02-09 04:50:35 WARN module=disk msg="deprecated option used"
2026-02-09 04:57:26 DEBUG module=cache msg="buffer flushed"
2026-02-09 05:03:12 INFO module=disk msg="user logged in"
2026-02-09 05:04:47 INFO module=sched msg="user logged in"
2026-02-09 05:05:45 INFO module=fs msg="cache warmed up"
2026-02-09 05:06:54 INFO module=disk msg="config reloaded"
2026-02-09 05:19:18 ERROR module=auth msg="query failed"
2026-02-09 05:19:50 INFO module=auth msg="config reloaded"
2026-02-09 05:22:08 ERROR module=db msg="permission denied"
2026-02-09 05:25:34 INFO module=db msg="config reloaded"
2026-02-09 05:33:29 INFO module=db msg="request completed"
2026-02-09 05:34:42 DEBUG module=cache msg="buffer flushed"
2026-02-09 05:35:45 DEBUG module=sched msg="queue length checked"
2026-02-09 05:36:44 INFO module=net msg="config reloaded"
2026-02-09 05:43:35 INFO module=cache msg="job scheduled"
2026-02-09 05:50:46 ERROR module=fs msg="no space left on device"
2026-02-09 05:51:40 INFO module=db msg="request completed"
2026-02-09 05:51:54 INFO module=net msg="job scheduled"
2026-02-09 05:53:09 INFO module=auth msg="cache warmed up"
2026-02-09 05:55:40 INFO module=fs msg="service started"
2026-02-09 05:58:26 INFO module=fs msg="request completed"
2026-02-09 06:01:23 WARN module=db msg="token expires soon"
2026-02-09 06:07:19 WARN module=net msg="deprecated option used"
2026-02-09 06:12:17 INFO module=sched msg="service started"
2026-02-09 06:12:32 WARN module=disk msg="disk usage above 80%"
2026-02-09 06:14:05 WARN module=api msg="slow response"
2026-02-09 06:15:33 DEBUG module=db msg="heartbeat sent"
2026-02-09 06:17:34 ERROR module=api msg="query failed"
2026-02-09 06:18:17 WARN module=cache msg="disk usage above 80%"
2026-02-09 06:21:13 INFO module=auth msg="service started"
2026-02-09 06:22:49 DEBUG module=api msg="entering handler"
2026-02-09 06:27:26 WARN module=api msg="slow response"
2026-02-09 06:29:29 INFO module=fs msg="config reloaded"
2026-02-09 06:30:38 INFO module=disk msg="job scheduled"
2026-02-09 06:30:58 WARN module=auth msg="disk usage above 80%"
2026-02-09 06:33:24 WARN module=cache msg="disk usage above 80%"
2026-02-09 06:34:42 ERROR module=api msg="segment read failed"
2026-02-09 06:36:51 INFO module=disk msg="job scheduled"
2026-02-09 06:38:49 INFO module=disk msg="user logged in"
2026-02-09 06:41:43 DEBUG module=db msg="retry counter reset"
2026-02-09 06:41:48 INFO module=sched msg="config reloaded"
2026-02-09 06:42:20 INFO module=fs msg="user logged in"
2026-02-09 06:45:47 ERROR module=db msg="query failed"
2026-02-09 06:47:22 ERROR module=db msg="no space left on device"
2026-02-09 06:48:26 DEBUG module=cache msg="buffer flushed"
2026-02-09 06:49:05 WARN module=sched msg="token expires soon"
2026-02-09 06:51:43 WARN module=api msg="deprecated option used"
2026-02-09 06:52:47 INFO module=db msg="request completed"
2026-02-09 06:55:28 INFO module=disk msg="config reloaded"
2026-02-09 06:57:56 WARN module=auth msg="retrying request"
2026-02-09 06:58:44 DEBUG module=sched msg="retry counter reset"
2026-02-09 06:59:30 INFO module=sched msg="job scheduled"
2026-02-09 07:01:17 DEBUG module=api msg="retry counter reset"
2026-02-09 07:06:18 WARN module=disk msg="disk usage above 80%"
2026-02-09 07:07:21 INFO module=api msg="cache warmed up"
2026-02-09 07:07:22 INFO module=net msg="service started"
2026-02-09 07:08:15 DEBUG module=sched msg="heartbeat sent"
2026-02-09 07:11:24 INFO module=fs msg="job scheduled"
2026-02-09 07:15:08 INFO module=db msg="cache warmed up"
2026-02-09 07:15:31 INFO module=db msg="config reloaded"
2026-02-09 07:20:05 INFO module=sched msg="user logged in"
2026-02-09 07:22:35 INFO module=auth msg="job scheduled"
2026-02-09 07:27:39 INFO module=sched msg="config reloaded"
2026-02-09 07:28:48 ERROR module=net msg="segment read failed"
2026-02-09 07:29:50 INFO module=api msg="job scheduled"
2026-02-09 07:35:54 INFO module=api msg="user logged in"
2026-02-09 07:37:16 DEBUG module=disk msg="retry counter reset"
2026-02-09 07:37:17 INFO module=db msg="request completed"
2026-02-09 07:42:59 INFO module=auth msg="service started"
2026-02-09 07:44:07 INFO module=auth msg="job scheduled"
2026-02-09 07:49:03 INFO module=fs msg="service started"
2026-02-09 07:49:11 INFO module=api msg="cache warmed up"
2026-02-09 07:49:26 DEBUG module=sched msg="heartbeat sent"
2026-02-09 07:54:30 DEBUG module=net msg="buffer flushed"
2026-02-09 07:55:04 DEBUG module=db msg="entering handler"
2026-02-09 07:55:15 ERROR module=api msg="query failed"
2026-02-09 07:57:47 INFO module=db msg="service started"
2026-02-09 07:58:40 INFO module=net msg="service started"
2026-02-09 08:04:41 DEBUG module=auth msg="queue length checked"
2026-02-09 08:04:55 DEBUG module=disk msg="entering handler"
2026-02-09 08:06:58 INFO module=db msg="user logged in"
2026-02-09 08:09:09 ERROR module=net msg="connection timeout"
2026-02-09 08:09:48 ERROR module=disk msg="query failed"
2026-02-09 08:10:36 INFO module=fs msg="cache warmed up"
2026-02-09 08:12:10 INFO module=net msg="user logged in"
2026-02-09 08:14:38 WARN module=api msg="retrying request"
2026-02-09 08:14:43 INFO module=auth msg="cache warmed up"
2026-02-09 08:20:27 INFO module=net msg="service started"
2026-02-09 08:22:46 WARN module=db msg="token expires soon"
2026-02-09 08:23:33 DEBUG module=sched msg="retry counter reset"
2026-02-09 08:23:40 INFO module=fs msg="request completed"
2026-02-09 08:26:12 INFO module=disk msg="config reloaded"
2026-02-09 08:26:37 INFO module=db msg="cache warmed up"
2026-02-09 08:27:43 INFO module=net msg="request completed"
2026-02-09 08:28:02 ERROR module=net msg="segment read failed"
2026-02-09 08:31:16 ERROR module=db msg="no space left on device"
2026-02-09 08:31:21 INFO module=auth msg="config reloaded"
2026-02-09 08:33:48 INFO module=db msg="request completed"
2026-02-09 08:36:43 DEBUG module=sched msg="heartbeat sent"
2026-02-09 08:36:48 INFO module=db msg="config reloaded"
2026-02-09 08:38:57 ERROR module=net msg="invalid token"
2026-02-09 08:40:19 DEBUG module=db msg="retry counter reset"
2026-02-09 08:41:39 INFO module=fs msg="config reloaded"
2026-02-09 08:42:01 INFO module=api msg="user logged in"
2026-02-09 08:42:15 INFO module=api msg="user logged in"
2026-02-09 08:42:25 ERROR module=disk msg="query failed"
2026-02-09 08:45:28 INFO module=fs msg="service started"
2026-02-09 08:46:23 WARN module=net msg="slow response"
2026-02-09 08:48:54 DEBUG module=net msg="retry counter reset"
2026-02-09 09:00:07 INFO module=cache msg="config reloaded"
2026-02-09 09:03:06 ERROR module=db msg="invalid token"
2026-02-09 09:05:12 INFO module=api msg="request completed"
2026-02-09 09:06:46 DEBUG module=cache msg="buffer flushed"
2026-02-09 09:09:02 WARN module=fs msg="slow response"
2026-02-09 09:10:17 WARN module=cache msg="disk usage above 80%"
2026-02-09 09:13:22 INFO module=auth msg="request completed"
2026-02-09 09:13:48 INFO module=sched msg="user logged in"
2026-02-09 09:16:17 WARN module=disk msg="token expires soon"
2026-02-09 09:20:43 INFO module=fs msg="user logged in"
2026-02-09 09:21:45 INFO module=api msg="request completed"
2026-02-09 09:24:12 INFO module=net msg="cache warmed up"
2026-02-09 09:26:51 INFO module=db msg="config reloaded"
2026-02-09 09:29:03 WARN module=db msg="deprecated option used"
2026-02-09 09:30:20 WARN module=net msg="slow response"
2026-02-09 09:31:24 INFO module=auth msg="request completed"
2026-02-09 09:33:00 WARN module=api msg="slow response"
2026-02-09 09:35:06 INFO module=db msg="service started"
2026-02-09 09:42:40 INFO module=auth msg="cache warmed up"
2026-02-09 09:44:06 INFO module=auth msg="request completed"
2026-02-09 09:44:12 WARN module=db msg="deprecated option used"
2026-02-09 09:44:41 INFO module=disk msg="cache warmed up"
2026-02-09 09:47:40 DEBUG module=db msg="retry counter reset"
2026-02-09 09:49:24 INFO module=auth msg="request completed"
2026-02-09 09:50:23 DEBUG module=cache msg="queue length checked"
2026-02-09 09:51:36 INFO module=cache msg="service started"
2026-02-09 09:53:07 ERROR module=db msg="connection refused"
2026-02-09 09:53:24 INFO module=net msg="request completed"
2026-02-09 09:54:04 INFO module=net msg="cache warmed up"
2026-02-09 09:55:59 INFO module=db msg="job scheduled"
2026-02-09 09:57:45 INFO module=auth msg="request completed"
2026-02-09 09:58:24 WARN module=net msg="disk usage above 80%"
2026-02-09 10:03:57 INFO module=disk msg="user logged in"
2026-02-09 10:04:33 INFO module=sched msg="cache warmed up"
2026-02-09 10:04:50 INFO module=fs msg="cache warmed up"
2026-02-09 10:09:36 WARN module=fs msg="slow response"
2026-02-09 10:09:37 INFO module=db msg="user logged in"
2026-02-09 10:12:19 INFO module=fs msg="user logged in"
2026-02-09 10:13:49 INFO module=disk msg="request completed"
2026-02-09 10:14:11 INFO module=auth msg="cache warmed up"
2026-02-09 10:20:57 INFO module=sched msg="cache warmed up"
2026-02-09 10:22:15 DEBUG module=cache msg="entering handler"
2026-02-09 10:22:24 INFO module=db msg="service started"
2026-02-09 10:23:41 INFO module=cache msg="service started"
2026-02-09 10:28:45 DEBUG module=sched msg="heartbeat sent"
2026-02-09 10:29:26 INFO module=sched msg="user logged in"
2026-02-09 10:31:42 WARN module=net msg="slow response"
2026-02-09 10:32:26 ERROR module=net msg="query failed"
2026-02-09 10:34:34 WARN module=cache msg="token expires soon"
2026-02-09 10:36:59 ERROR module=net msg="connection refused"
2026-02-09 10:40:36 INFO module=auth msg="job scheduled"
2026-02-09 10:44:50 ERROR module=db msg="no space left on device"
2026-02-09 10:48:28 INFO module=db msg="job scheduled"
2026-02-09 10:49:36 ERROR module=auth msg="segment read failed"
2026-02-09 10:49:49 DEBUG module=disk msg="buffer flushed"
2026-02-09 10:49:52 INFO module=cache msg="service started"
2026-02-09 10:52:24 INFO module=db msg="cache warmed up"
2026-02-09 10:55:52 WARN module=net msg="retrying request"
2026-02-09 10:57:04 INFO module=sched msg="cache warmed up"
2026-02-09 11:03:41 INFO module=auth msg="cache warmed up"
2026-02-09 11:08:32 WARN module=net msg="disk usage above 80%"
2026-02-09 11:08:55 WARN module=disk msg="disk usage above 80%"
2026-02-09 11:12:59 INFO module=fs msg="request completed"
2026-02-09 11:13:59 WARN module=auth msg="retrying request"
2026-02-09 11:16:36 DEBUG module=api msg="entering handler"
2026-02-09 11:22:45 WARN module=auth msg="slow response"
2026-02-09 11:24:09 INFO module=auth msg="service started"
2026-02-09 11:28:30 INFO module=db msg="user logged in"
2026-02-09 11:28:34 DEBUG module=sched msg="entering handler"
2026-02-09 11:28:38 DEBUG module=cache msg="entering handler"
2026-02-09 11:33:04 INFO module=sched msg="user logged in"
2026-02-09 11:33:06 INFO module=fs msg="service started"
2026-02-09 11:43:16 INFO module=db msg="user logged in"
2026-02-09 11:43:49 WARN module=db msg="retrying request"
2026-02-09 11:45:44 INFO module=cache msg="job scheduled"
2026-02-09 11:46:32 INFO module=api msg="service started"
2026-02-09 11:47:45 INFO module=auth msg="user logged in"
2026-02-09 11:48:52 INFO module=sched msg="job scheduled"
2026-02-09 11:55:29 INFO module=disk msg="config reloaded"
2026-02-09 11:56:46 WARN module=api msg="deprecated option used"
2026-02-09 11:58:23 INFO module=net msg="service started"
2026-02-09 11:58:33 DEBUG module=api msg="entering handler"
2026-02-09 11:59:04 WARN module=cache msg="deprecated option used"
2026-02-09 12:00:36 INFO module=fs msg="cache warmed up"
2026-02-09 12:00:46 DEBUG module=disk msg="entering handler"
2026-02-09 12:02:10 INFO module=api msg="job scheduled"
2026-02-09 12:05:38 WARN module=sched msg="deprecated option used"
2026-02-09 12:06:02 WARN module=net msg="slow response"
2026-02-09 12:08:20 WARN module=sched msg="deprecated option used"
2026-02-09 12:10:53 INFO module=db msg="request completed"
2026-02-09 12:19:53 INFO module=auth msg="cache warmed up"
2026-02-09 12:23:02 INFO module=db msg="request completed"
2026-02-09 12:24:29 INFO module=db msg="request completed"
2026-02-09 12:28:53 INFO module=cache msg="user logged in"
2026-02-09 12:29:32 INFO module=auth msg="user logged in"
2026-02-09 12:30:43 INFO module=net msg="request completed"
2026-02-09 12:31:08 DEBUG module=net msg="heartbeat sent"
2026-02-09 12:31:49 DEBUG module=net msg="retry counter reset"
2026-02-09 12:35:58 INFO module=db msg="job scheduled"
2026-02-09 12:37:49 WARN module=auth msg="disk usage above 80%"
2026-02-09 12:38:40 WARN module=disk msg="token expires soon"
2026-02-09 12:42:18 INFO module=fs msg="cache warmed up"
2026-02-09 12:45:49 INFO module=net msg="cache warmed up"
2026-02-09 12:46:12 DEBUG module=db msg="queue length checked"
2026-02-09 12:52:16 DEBUG module=db msg="retry counter reset"
2026-02-09 12:55:36 DEBUG module=cache msg="queue length checked"
2026-02-09 12:56:38 DEBUG module=sched msg="queue length checked"
2026-02-09 12:58:26 WARN module=disk msg="disk usage above 80%"
2026-02-09 13:02:03 INFO module=db msg="service started"
2026-02-09 13:02:47 INFO module=fs msg="service started"
2026-02-09 13:03:16 INFO module=fs msg="config reloaded"
2026-02-09 13:06:35 INFO module=api msg="config reloaded"
2026-02-09 13:07:57 WARN module=disk msg="token expires soon"
2026-02-09 13:08:16 INFO module=disk msg="job scheduled"
2026-02-09 13:09:32 DEBUG module=cache msg="heartbeat sent"
2026-02-09 13:12:33 INFO module=disk msg="config reloaded"
2026-02-09 13:13:13 INFO module=db msg="service started"
2026-02-09 13:16:08 WARN module=api msg="token expires soon"
2026-02-09 13:16:41 DEBUG module=cache msg="heartbeat sent"
2026-02-09 13:16:46 INFO module=api msg="cache warmed up"
2026-02-09 13:16:53 ERROR module=net msg="connection timeout"
2026-02-09 13:18:52 WARN module=sched msg="deprecated option used"
2026-02-09 13:22:27 INFO module=cache msg="job scheduled"
2026-02-09 13:23:40 WARN module=api msg="deprecated option used"
2026-02-09 13:28:37 WARN module=db msg="slow response"
2026-02-09 13:32:55 INFO module=db msg="job scheduled"
2026-02-09 13:36:37 INFO module=sched msg="job scheduled"
2026-02-09 13:40:04 INFO module=api msg="job scheduled"
2026-02-09 13:40:33 INFO module=db msg="service started"
2026-02-09 13:42:51 INFO module=net msg="user logged in"
2026-02-09 13:43:55 INFO module=db msg="job scheduled"
2026-02-09 13:44:59 WARN module=api msg="token expires soon"
2026-02-09 13:45:52 INFO module=cache msg="user logged in"
2026-02-09 13:48:29 DEBUG module=cache msg="retry counter reset"
2026-02-09 13:49:40 DEBUG module=cache msg="queue length checked"
2026-02-09 13:50:23 WARN module=net msg="slow response"
2026-02-09 13:50:55 INFO module=disk msg="service started"
2026-02-09 13:51:04 ERROR module=auth msg="no space left on device"
2026-02-09 13:52:27 INFO module=auth msg="request completed"
2026-02-09 13:53:27 INFO module=cache msg="service started"
2026-02-09 13:55:35 WARN module=api msg="token expires soon"
2026-02-09 13:59:33 INFO module=net msg="config reloaded"
2026-02-09 13:59:40 INFO module=sched msg="cache warmed up"
2026-02-09 14:00:55 DEBUG module=auth msg="retry counter reset"
2026-02-09 14:03:30 INFO module=api msg="cache warmed up"
2026-02-09 14:04:42 INFO module=fs msg="request completed"
2026-02-09 14:07:52 INFO module=net msg="user logged in"
2026-02-09 14:08:26 WARN module=cache msg="token expires soon"
2026-02-09 14:10:14 INFO module=db msg="job scheduled"
2026-02-09 14:13:04 DEBUG module=fs msg="buffer flushed"
2026-02-09 14:16:42 WARN module=api msg="slow response"
2026-02-09 14:25:16 INFO module=api msg="job scheduled"
2026-02-09 14:31:11 WARN module=db msg="token expires soon"
2026-02-09 14:33:09 INFO module=net msg="request completed"
2026-02-09 14:35:40 INFO module=fs msg="service started"
2026-02-09 14:38:40 DEBUG module=fs msg="queue length checked"
2026-02-09 14:39:20 WARN module=net msg="token expires soon"
2026-02-09 14:39:22 INFO module=db msg="service started"
2026-02-09 14:40:17 INFO module=cache msg="cache warmed up"
2026-02-09 14:40:20 DEBUG module=disk msg="buffer flushed"
2026-02-09 14:45:54 INFO module=fs msg="config reloaded"
2026-02-09 14:47:46 INFO module=db msg="user logged in"
2026-02-09 14:47:58 INFO module=net msg="job scheduled"
2026-02-09 14:52:42 INFO module=fs msg="job scheduled"
2026-02-09 14:53:02 WARN module=net msg="retrying request"
2026-02-09 14:53:41 INFO module=api msg="cache warmed up"
2026-02-09 14:57:36 DEBUG module=disk msg="entering handler"
2026-02-09 14:57:42 INFO module=sched msg="user logged in"
2026-02-09 14:58:56 INFO module=cache msg="user logged in"
2026-02-09 15:04:21 INFO module=auth msg="config reloaded"
2026-02-09 15:05:42 INFO module=api msg="user logged in"
2026-02-09 15:06:42 INFO module=disk msg="request completed"
2026-02-09 15:14:13 INFO module=api msg="service started"
2026-02-09 15:14:31 WARN module=sched msg="deprecated option used"
2026-02-09 15:15:21 WARN module=net msg="slow response"
2026-02-09 15:16:07 INFO module=db msg="config reloaded"
2026-02-09 15:17:47 ERROR module=auth msg="segment read failed"
2026-02-09 15:19:03 WARN module=net msg="token expires soon"
2026-02-09 15:20:21 INFO module=api msg="config reloaded"
2026-02-09 15:28:55 INFO module=cache msg="cache warmed up"
2026-02-09 15:32:04 WARN module=db msg="disk usage above 80%"
2026-02-09 15:33:14 DEBUG module=api msg="buffer flushed"
2026-02-09 15:36:48 WARN module=net msg="token expires soon"
2026-02-09 15:38:11 INFO module=api msg="service started"
2026-02-09 15:38:12 WARN module=disk msg="retrying request"
2026-02-09 15:41:55 INFO module=fs msg="job scheduled"
2026-02-09 15:42:17 INFO module=auth msg="config reloaded"
2026-02-09 15:45:23 ERROR module=db msg="invalid token"
2026-02-09 15:45:30 WARN module=disk msg="slow response"
2026-02-09 15:46:42 WARN module=sched msg="retrying request"
2026-02-09 15:51:57 INFO module=net msg="config reloaded"
2026-02-09 15:53:45 INFO module=auth msg="service started"
2026-02-09 16:01:31 INFO module=api msg="job scheduled"
2026-02-09 16:01:34 INFO module=api msg="user logged in"
2026-02-09 16:01:56 INFO module=api msg="cache warmed up"
2026-02-09 16:02:52 INFO module=fs msg="config reloaded"
2026-02-09 16:06:59 INFO module=api msg="user logged in"
2026-02-09 16:13:55 INFO module=api msg="service started"
2026-02-09 16:21:57 WARN module=net msg="deprecated option used"
2026-02-09 16:30:02 INFO module=auth msg="service started"
2026-02-09 16:33:34 WARN module=db msg="deprecated option used"
2026-02-09 16:34:21 INFO module=cache msg="user logged in"
2026-02-09 16:35:42 INFO module=net msg="config reloaded"
2026-02-09 16:39:02 INFO module=db msg="config reloaded"
2026-02-09 16:41:06 INFO module=sched msg="job scheduled"
2026-02-09 16:42:45 INFO module=cache msg="user logged in"
2026-02-09 16:46:53 INFO module=net msg="cache warmed up"
2026-02-09 16:48:25 INFO module=api msg="request completed"
2026-02-09 16:48:54 INFO module=cache msg="request completed"
2026-02-09 16:49:35 DEBUG module=sched msg="buffer flushed"
2026-02-09 16:54:15 INFO module=disk msg="config reloaded"
2026-02-09 16:56:53 DEBUG module=api msg="queue length checked"
2026-02-09 16:58:08 INFO module=db msg="job scheduled"
2026-02-09 17:05:35 INFO module=db msg="config reloaded"
2026-02-09 17:08:48 INFO module=auth msg="cache warmed up"
2026-02-09 17:09:25 DEBUG module=cache msg="entering handler"
2026-02-09 17:10:28 INFO module=db msg="service started"
2026-02-09 17:11:45 ERROR module=disk msg="segment read failed"
2026-02-09 17:12:46 WARN module=net msg="deprecated option used"
2026-02-09 17:17:23 INFO module=api msg="job scheduled"
2026-02-09 17:24:07 WARN module=disk msg="retrying request"
2026-02-09 17:26:11 INFO module=disk msg="cache warmed up"
2026-02-09 17:30:48 INFO module=net msg="service started"
2026-02-09 17:35:51 INFO module=fs msg="request completed"
2026-02-09 17:45:17 DEBUG module=sched msg="entering handler"
2026-02-09 17:48:58 ERROR module=net msg="no space left on device"
2026-02-09 17:52:38 DEBUG module=cache msg="heartbeat sent"
2026-02-09 17:52:42 INFO module=fs msg="user logged in"
2026-02-09 17:55:23 INFO module=api msg="user logged in"
2026-02-09 17:55:38 INFO module=auth msg="config reloaded"
2026-02-09 17:57:43 INFO module=db msg="config reloaded"
2026-02-09 18:03:55 INFO module=disk msg="config reloaded"
2026-02-09 18:05:23 DEBUG module=fs msg="retry counter reset"
2026-02-09 18:07:09 INFO module=fs msg="user logged in"
2026-02-09 18:07:56 INFO module=api msg="service started"
2026-02-09 18:09:26 INFO module=net msg="cache warmed up"
2026-02-09 18:13:16 DEBUG module=disk msg="retry counter reset"
2026-02-09 18:13:37 WARN module=disk msg="disk usage above 80%"
2026-02-09 18:14:07 INFO module=cache msg="job scheduled"
2026-02-09 18:16:43 INFO module=cache msg="config reloaded"
2026-02-09 18:18:41 INFO module=auth msg="job scheduled"
2026-02-09 18:23:07 INFO module=net msg="cache warmed up"
2026-02-09 18:23:27 DEBUG module=cache msg="buffer flushed"
2026-02-09 18:25:17 INFO module=db msg="user logged in"
2026-02-09 18:28:56 INFO module=auth msg="request completed"
2026-02-09 18:29:10 INFO module=auth msg="user logged in"
2026-02-09 18:29:36 WARN module=auth msg="token expires soon"
2026-02-09 18:31:13 DEBUG module=auth msg="heartbeat sent"
2026-02-09 18:31:31 DEBUG module=fs msg="buffer flushed"
2026-02-09 18:32:29 ERROR module=auth msg="permission denied"
2026-02-09 18:34:32 INFO module=auth msg="config reloaded"
2026-02-09 18:37:33 ERROR module=net msg="invalid token"
2026-02-09 18:37:52 WARN module=api msg="token expires soon"
2026-02-09 18:42:49 WARN module=net msg="disk usage above 80%"
2026-02-09 18:45:51 INFO module=api msg="config reloaded"
2026-02-09 18:46:56 INFO module=fs msg="user logged in"
2026-02-09 18:49:32 INFO module=api msg="service started"
2026-02-09 18:49:33 INFO module=api msg="cache warmed up"
2026-02-09 18:50:38 INFO module=db msg="job scheduled"
2026-02-09 18:51:35 INFO module=db msg="service started"
2026-02-09 18:52:59 DEBUG module=disk msg="queue length checked"
2026-02-09 18:54:36 INFO module=fs msg="cache warmed up"
2026-02-09 18:57:02 INFO module=disk msg="user logged in"
2026-02-09 19:00:22 INFO module=net msg="service started"
2026-02-09 19:00:31 INFO module=db msg="service started"
2026-02-09 19:01:47 WARN module=sched msg="token expires soon"
2026-02-09 19:02:42 INFO module=db msg="cache warmed up"
2026-02-09 19:02:48 INFO module=sched msg="config reloaded"
2026-02-09 19:07:05 DEBUG module=net msg="heartbeat sent"
2026-02-09 19:08:03 INFO module=net msg="user logged in"
2026-02-09 19:08:44 INFO module=db msg="service started"
2026-02-09 19:09:16 INFO module=sched msg="cache warmed up"
2026-02-09 19:09:44 INFO module=api msg="cache warmed up"
2026-02-09 19:09:53 DEBUG module=db msg="retry counter reset"
2026-02-09 19:12:26 INFO module=cache msg="user logged in"
2026-02-09 19:17:23 INFO module=api msg="cache warmed up"
2026-02-09 19:18:39 WARN module=cache msg="token expires soon"
2026-02-09 19:18:41 INFO module=auth msg="service started"
2026-02-09 19:19:02 INFO module=disk msg="user logged in"
2026-02-09 19:22:25 INFO module=sched msg="request completed"
2026-02-09 19:25:42 WARN module=db msg="disk usage above 80%"
2026-02-09 19:26:56 WARN module=db msg="deprecated option used"
2026-02-09 19:29:22 ERROR module=auth msg="permission denied"
2026-02-09 19:30:37 DEBUG module=api msg="retry counter reset"
2026-02-09 19:31:16 INFO module=net msg="job scheduled"
2026-02-09 19:32:41 INFO module=db msg="cache warmed up"
2026-02-09 19:33:43 INFO module=db msg="job scheduled"
2026-02-09 19:35:25 DEBUG module=sched msg="retry counter reset"
2026-02-09 19:38:11 INFO module=fs msg="request completed"
2026-02-09 19:39:06 WARN module=disk msg="disk usage above 80%"
2026-02-09 19:42:37 INFO module=net msg="config reloaded"
2026-02-09 19:44:14 INFO module=sched msg="cache warmed up"
2026-02-09 19:45:49 DEBUG module=disk msg="queue length checked"
2026-02-09 19:49:53 INFO module=auth msg="job scheduled"
2026-02-09 19:50:00 WARN module=api msg="retrying request"
2026-02-09 19:50:18 ERROR module=db msg="permission denied"
2026-02-09 19:50:48 INFO module=disk msg="cache warmed up"
2026-02-09 19:53:34 INFO module=auth msg="job scheduled"
2026-02-09 19:54:55 INFO module=auth msg="service started"
2026-02-09 19:55:32 INFO module=api msg="job scheduled"
2026-02-09 19:58:31 INFO module=db msg="user logged in"
2026-02-09 20:00:00 WARN module=net msg="slow response"
2026-02-09 20:02:28 INFO module=db msg="job scheduled"
2026-02-09 20:05:53 INFO module=fs msg="job scheduled"
2026-02-09 20:09:24 WARN module=net msg="disk usage above 80%"
2026-02-09 20:14:41 WARN module=cache msg="retrying request"
2026-02-09 20:14:43 INFO module=auth msg="job scheduled"
2026-02-09 20:17:38 INFO module=auth msg="request completed"
2026-02-09 20:18:05 INFO module=api msg="user logged in"
2026-02-09 20:21:31 WARN module=disk msg="slow response"
2026-02-09 20:22:40 WARN module=net msg="token expires soon"
2026-02-09 20:25:49 INFO module=cache msg="service started"
2026-02-09 20:26:15 INFO module=db msg="cache warmed up"
2026-02-09 20:28:06 INFO module=net msg="config reloaded"
2026-02-09 20:28:12 INFO module=db msg="request completed"
2026-02-09 20:30:19 INFO module=api msg="config reloaded"
2026-02-09 20:30:59 INFO module=cache msg="job scheduled"
2026-02-09 20:39:14 DEBUG module=sched msg="buffer flushed"
2026-02-09 20:40:33 INFO module=net msg="cache warmed up"
2026-02-09 20:41:00 DEBUG module=disk msg="entering handler"
2026-02-09 20:42:23 INFO module=disk msg="config reloaded"
2026-02-09 20:43:20 DEBUG module=auth msg="queue length checked"
2026-02-09 20:48:29 INFO module=disk msg="request completed"
2026-02-09 20:49:51 INFO module=net msg="job scheduled"
2026-02-09 20:54:15 INFO module=db msg="service started"
2026-02-09 20:57:40 INFO module=cache msg="service started"
2026-02-09 20:58:01 DEBUG module=sched msg="buffer flushed"
2026-02-09 20:59:43 WARN module=db msg="slow response"
2026-02-09 21:01:15 WARN module=net msg="deprecated option used"
2026-02-09 21:01:48 INFO module=cache msg="user logged in"
2026-02-09 21:04:01 INFO module=net msg="service started"
2026-02-09 21:05:02 INFO module=net msg="request completed"
2026-02-09 21:07:39 INFO module=db msg="request completed"
2026-02-09 21:10:28 INFO module=fs msg="user logged in"
2026-02-09 21:10:59 INFO module=api msg="request completed"
2026-02-09 21:11:12 INFO module=auth msg="request completed"
2026-02-09 21:16:38 INFO module=net msg="user logged in"
2026-02-09 21:17:03 WARN module=disk msg="token expires soon"
2026-02-09 21:18:12 DEBUG module=sched msg="retry counter reset"
2026-02-09 21:19:08 WARN module=net msg="slow response"
2026-02-09 21:19:23 DEBUG module=api msg="heartbeat sent"
2026-02-09 21:21:34 INFO module=fs msg="request completed"
2026-02-09 21:21:43 WARN module=db msg="deprecated option used"
2026-02-09 21:21:54 WARN module=net msg="disk usage above 80%"
2026-02-09 21:29:18 WARN module=cache msg="slow response"
2026-02-09 21:29:33 INFO module=auth msg="config reloaded"
2026-02-09 21:31:55 INFO module=db msg="user logged in"
2026-02-09 21:34:09 INFO module=cache msg="service started"
2026-02-09 21:34:30 WARN module=disk msg="disk usage above 80%"
2026-02-09 21:39:38 DEBUG module=disk msg="queue length checked"
2026-02-09 21:39:58 INFO module=fs msg="request completed"
2026-02-09 21:42:09 INFO module=db msg="job scheduled"
2026-02-09 21:45:26 WARN module=net msg="deprecated option used"
2026-02-09 21:48:03 WARN module=api msg="token expires soon"
2026-02-09 21:51:18 INFO module=api msg="job scheduled"
2026-02-09 21:52:39 INFO module=api msg="job scheduled"
2026-02-09 21:58:37 INFO module=disk msg="user logged in"
2026-02-09 21:59:42 INFO module=api msg="service started"
2026-02-09 22:01:25 DEBUG module=db msg="queue length checked"
2026-02-09 22:01:28 INFO module=api msg="cache warmed up"
2026-02-09 22:01:44 INFO module=net msg="config reloaded"
2026-02-09 22:02:47 INFO module=fs msg="config reloaded"
2026-02-09 22:05:09 INFO module=api msg="request completed"
2026-02-09 22:05:33 WARN module=auth msg="slow response"
2026-02-09 22:08:29 DEBUG module=fs msg="heartbeat sent"
2026-02-09 22:14:06 DEBUG module=net msg="buffer flushed"
2026-02-09 22:14:24 INFO module=db msg="service started"
2026-02-09 22:20:38 INFO module=sched msg="config reloaded"
2026-02-09 22:20:54 INFO module=auth msg="config reloaded"
2026-02-09 22:21:26 INFO module=disk msg="service started"
2026-02-09 22:22:53 INFO module=auth msg="cache warmed up"
2026-02-09 22:23:27 INFO module=db msg="request completed"
2026-02-09 22:26:36 ERROR module=db msg="invalid token"
2026-02-09 22:26:42 INFO module=fs msg="user logged in"
2026-02-09 22:27:50 DEBUG module=fs msg="retry counter reset"
2026-02-09 22:28:37 INFO module=net msg="request completed"
2026-02-09 22:32:17 INFO module=fs msg="cache warmed up"
2026-02-09 22:34:31 INFO module=cache msg="user logged in"
2026-02-09 22:34:50 INFO module=auth msg="cache warmed up"
2026-02-09 22:36:43 INFO module=db msg="config reloaded"
2026-02-09 22:37:34 INFO module=db msg="job scheduled"
2026-02-09 22:44:25 INFO module=api msg="service started"
2026-02-09 22:44:56 WARN module=api msg="slow response"
2026-02-09 22:46:15 INFO module=auth msg="config reloaded"
2026-02-09 22:46:19 INFO module=sched msg="cache warmed up"
2026-02-09 22:50:30 WARN module=api msg="retrying request"
2026-02-09 22:53:20 INFO module=cache msg="service started"
2026-02-09 22:53:24 INFO module=auth msg="config reloaded"
2026-02-09 22:53:38 INFO module=disk msg="request completed"
2026-02-09 22:55:59 ERROR module=api msg="connection refused"
2026-02-09 22:56:41 ERROR module=net msg="no space left on device"
2026-02-09 22:58:04 INFO module=api msg="service started"
2026-02-09 22:59:05 INFO module=db msg="config reloaded"
2026-02-09 22:59:09 INFO module=fs msg="cache warmed up"
2026-02-09 23:00:17 INFO module=net msg="config reloaded"
2026-02-09 23:00:29 INFO module=auth msg="user logged in"
2026-02-09 23:05:24 DEBUG module=db msg="entering handler"
2026-02-09 23:07:36 INFO module=net msg="cache warmed up"
2026-02-09 23:08:02 INFO module=fs msg="user logged in"
2026-02-09 23:10:58 DEBUG module=fs msg="buffer flushed"
2026-02-09 23:13:34 DEBUG module=cache msg="retry counter reset"
2026-02-09 23:15:37 INFO module=net msg="request completed"
2026-02-09 23:16:30 INFO module=fs msg="request completed"
2026-02-09 23:16:41 WARN module=cache msg="deprecated option used"
2026-02-09 23:18:10 INFO module=cache msg="job scheduled"
2026-02-09 23:19:36 INFO module=fs msg="user logged in"
2026-02-09 23:22:00 INFO module=fs msg="request completed"
2026-02-09 23:23:11 ERROR module=disk msg="invalid token"
2026-02-09 23:29:24 INFO module=net msg="service started"
2026-02-09 23:32:57 WARN module=api msg="retrying request"
2026-02-09 23:33:58 INFO module=api msg="config reloaded"
2026-02-09 23:35:39 ERROR module=db msg="permission denied"
2026-02-09 23:45:44 ERROR module=net msg="permission denied"
2026-02-09 23:45:48 INFO module=net msg="request completed"
2026-02-09 23:45:50 INFO module=cache msg="job scheduled"
2026-02-09 23:45:58 INFO module=api msg="job scheduled"
2026-02-09 23:47:19 INFO module=fs msg="request completed"
2026-02-09 23:47:24 INFO module=net msg="service started"
2026-02-09 23:48:24 INFO module=net msg="service started"
2026-02-09 23:49:20 INFO module=auth msg="config reloaded"
2026-02-09 23:49:54 WARN module=disk msg="retrying request"
2026-02-09 23:50:59 WARN module=fs msg="deprecated option used"
2026-02-09 23:52:31 INFO module=auth msg="config reloaded"
