2026-02-11 00:00:59 INFO module=fs msg="job scheduled"
2026-02-11 00:01:09 DEBUG module=sched msg="heartbeat sent"
2026-02-11 00:08:10 INFO module=fs msg="request completed"
2026-02-11 00:08:25 WARN module=disk msg="retrying request"
2026-02-11 00:14:10 INFO module=fs msg="cache warmed up"
2026-02-11 00:14:50 INFO module=auth msg="job scheduled"
2026-02-11 00:14:56 INFO module=db msg="request completed"
2026-02-11 00:14:59 INFO module=cache msg="request completed"
2026-02-11 00:22:25 DEBUG module=net msg="retry counter reset"
2026-02-11 00:25:41 INFO module=auth msg="job scheduled"
2026-02-11 00:29:11 INFO module=cache msg="config reloaded"
2026-02-11 00:32:31 DEBUG module=fs msg="buffer flushed"
2026-02-11 00:32:34 ERROR module=api msg="segment read failed"
2026-02-11 00:32:56 INFO module=cache msg="config reloaded"
2026-02-11 00:39:00 DEBUG module=cache msg="buffer flushed"
2026-02-11 00:39:09 INFO module=db msg="request completed"
2026-02-11 00:45:01 INFO module=db msg="service started"
2026-02-11 00:46:53 INFO module=fs msg="config reloaded"
2026-02-11 00:48:39 DEBUG module=cache msg="entering handler"
2026-02-11 00:50:10 INFO module=disk msg="cache warmed up"
2026-02-11 00:53:15 INFO module=cache msg="config reloaded"
2026-02-11 00:55:17 INFO module=auth msg="service started"
2026-02-11 00:56:18 WARN module=disk msg="deprecated option used"
2026-02-11 01:03:53 DEBUG module=disk msg="retry counter reset"
2026-02-11 01:13:38 ERROR module=sched msg="query failed"
2026-02-11 01:13:46 WARN module=api msg="deprecated option used"
2026-02-11 01:19:34 INFO module=cache msg="service started"
2026-02-11 01:24:16 WARN module=db msg="slow response"
2026-02-11 01:34:18 WARN module=disk msg="disk usage above 80%"
2026-02-11 01:34:58 WARN module=api msg="token expires soon"
2026-02-11 01:35:49 INFO module=auth msg="service started"
2026-02-11 01:36:21 INFO module=sched msg="service started"
2026-02-11 01:42:33 INFO module=api msg="service started"
2026-02-11 01:44:08 ERROR module=db msg="segment read failed"
2026-02-11 01:46:13 INFO module=fs msg="cache warmed up"
2026-02-11 01:46:25 INFO module=api msg="job scheduled"
2026-02-11 01:48:34 INFO module=db msg="job scheduled"
2026-02-11 01:49:27 INFO module=sched msg="config reloaded"
2026-02-11 01:50:35 DEBUG module=cache msg="queue length checked"
2026-02-11 01:51:06 WARN module=db msg="disk usage above 80%"
2026-02-11 01:51:36 INFO module=auth msg="cache warmed up"
2026-02-11 01:55:00 INFO module=auth msg="request completed"
2026-02-11 02:01:53 INFO module=cache msg="cache warmed up"
2026-02-11 02:03:28 INFO module=auth msg="user logged in"
2026-02-11 02:06:16 INFO module=db msg="config reloaded"
2026-02-11 02:12:21 INFO module=auth msg="request completed"
2026-02-11 02:14:51 INFO module=net msg="user logged in"
2026-02-11 02:17:29 INFO module=net msg="cache warmed up"
2026-02-11 02:23:10 DEBUG module=auth msg="queue length checked"
2026-02-11 02:30:41 INFO module=api msg="job scheduled"
2026-02-11 02:32:23 INFO module=db msg="user logged in"
2026-02-11 02:32:25 INFO module=auth msg="cache warmed up"
2026-02-11 02:34:46 INFO module=db msg="config reloaded"
2026-02-11 02:38:37 INFO module=api msg="cache warmed up"
2026-02-11 02:42:17 INFO module=net msg="cache warmed up"
2026-02-11 02:44:38 WARN module=db msg="slow response"
2026-02-11 02:46:09 INFO module=api msg="config reloaded"
2026-02-11 02:48:40 INFO module=auth msg="config reloaded"
2026-02-11 02:53:28 INFO module=api msg="config reloaded"
2026-02-11 02:54:50 WARN module=cache msg="slow response"
2026-02-11 02:56:26 INFO module=net msg="config reloaded"
2026-02-11 02:58:01 INFO module=api msg="job scheduled"
2026-02-11 03:00:30 INFO module=net msg="user logged in"
2026-02-11 03:01:11 INFO module=auth msg="job scheduled"
2026-02-11 03:04:32 WARN module=db msg="deprecated option used"
2026-02-11 03:06:59 WARN module=api msg="retrying request"
2026-02-11 03:09:21 ERROR module=auth msg="permission denied"
2026-02-11 03:09:23 WARN module=db msg="slow response"
2026-02-11 03:17:53 WARN module=api msg="token expires soon"
2026-02-11 03:21:39 INFO module=fs msg="user logged in"
2026-02-11 03:23:43 INFO module=fs msg="cache warmed up"
2026-02-11 03:27:16 WARN module=cache msg="retrying request"
2026-02-11 03:28:22 INFO module=db msg="user logged in"
2026-02-11 03:28:31 INFO module=sched msg="cache warmed up"
2026-02-11 03:37:33 INFO module=disk msg="config reloaded"
2026-02-11 03:38:21 INFO module=cache msg="user logged in"
2026-02-11 03:42:07 WARN module=db msg="deprecated option used"
2026-02-11 03:43:21 INFO module=net msg="user logged in"
2026-02-11 03:46:49 DEBUG module=disk msg="entering handler"
2026-02-11 03:47:46 INFO module=auth msg="config reloaded"
2026-02-11 03:49:03 INFO module=auth msg="config reloaded"
2026-02-11 03:49:42 INFO module=db msg="job scheduled"
2026-02-11 03:49:47 WARN module=net msg="slow response"
2026-02-11 03:51:00 INFO module=disk msg="request completed"
2026-02-11 03:52:34 DEBUG module=disk msg="heartbeat sent"
2026-02-11 04:00:49 DEBUG module=net msg="heartbeat sent"
2026-02-11 04:01:35 INFO module=fs msg="cache warmed up"
2026-02-11 04:03:51 WARN module=fs msg="slow response"
2026-02-11 04:07:35 WARN module=net msg="retrying request"
2026-02-11 04:10:46 INFO module=net msg="config reloaded"
2026-02-11 04:16:33 INFO module=db msg="config reloaded"
2026-02-11 04:20:27 INFO module=fs msg="job scheduled"
2026-02-11 04:23:22 INFO module=fs msg="config reloaded"
2026-02-11 04:31:36 INFO module=api msg="cache warmed up"
2026-02-11 04:31:54 WARN module=net msg="token expires soon"
2026-02-11 04:32:52 WARN module=disk msg="slow response"
2026-02-11 04:35:45 DEBUG module=cache msg="queue length checked"
2026-02-11 04:40:59 INFO module=api msg="job scheduled"
2026-02-11 04:43:43 WARN module=auth msg="slow response"
2026-02-11 04:45:38 WARN module=net msg="token expires soon"
2026-02-11 04:52:04 ERROR module=net msg="query failed"
2026-02-11 04:52:21 INFO module=auth msg="request completed"
2026-02-11 05:11:21 DEBUG module=net msg="heartbeat sent"
2026-02-11 05:12:56 INFO module=disk msg="user logged in"
2026-02-11 05:14:12 DEBUG module=db msg="queue length checked"
2026-02-11 05:18:12 INFO module=cache msg="user logged in"
2026-02-11 05:21:27 INFO module=sched msg="cache warmed up"
2026-02-11 05:21:55 WARN module=disk msg="slow response"
2026-02-11 05:22:43 INFO module=db msg="user logged in"
2026-02-11 05:23:59 ERROR module=db msg="connection timeout"
2026-02-11 05:25:55 WARN module=net msg="deprecated option used"
2026-02-11 05:26:41 DEBUG module=sched msg="entering handler"
2026-02-11 05:29:54 WARN module=db msg="token expires soon"
2026-02-11 05:32:21 INFO module=sched msg="config reloaded"
2026-02-11 05:36:11 DEBUG module=cache msg="heartbeat sent"
2026-02-11 05:38:05 INFO module=sched msg="service started"
2026-02-11 05:39:19 INFO module=cache msg="request completed"
2026-02-11 05:46:52 DEBUG module=cache msg="queue length checked"
2026-02-11 05:50:02 WARN module=disk msg="token expires soon"
2026-02-11 05:53:49 ERROR module=auth msg="no space left on device"
2026-02-11 05:54:31 INFO module=cache msg="user logged in"
2026-02-11 05:57:03 DEBUG module=cache msg="queue length checked"
2026-02-11 05:58:13 DEBUG module=auth msg="queue length checked"
2026-02-11 06:08:17 DEBUG module=api msg="buffer flushed"
2026-02-11 06:09:16 WARN module=net msg="slow response"
2026-02-11 06:10:19 INFO module=fs msg="service started"
2026-02-11 06:10:46 WARN module=disk msg="deprecated option used"
2026-02-11 06:14:22 INFO module=cache msg="cache warmed up"
2026-02-11 06:14:47 WARN module=auth msg="retrying request"
2026-02-11 06:17:29 INFO module=api msg="user logged in"
2026-02-11 06:17:50 WARN module=net msg="retrying request"
2026-02-11 06:19:00 INFO module=fs msg="request completed"
2026-02-11 06:20:48 INFO module=auth msg="job scheduled"
2026-02-11 06:20:49 INFO module=net msg="request completed"
2026-02-11 06:23:15 WARN module=net msg="retrying request"
2026-02-11 06:26:42 WARN module=db msg="token expires soon"
2026-02-11 06:30:15 INFO module=auth msg="job scheduled"
2026-02-11 06:30:32 WARN module=auth msg="retrying request"
2026-02-11 06:39:15 DEBUG module=api msg="entering handler"
2026-02-11 06:45:02 WARN module=cache msg="token expires soon"
2026-02-11 06:46:00 INFO module=auth msg="cache warmed up"
2026-02-11 06:50:05 DEBUG module=cache msg="retry counter reset"
2026-02-11 06:58:45 INFO module=auth msg="request completed"
2026-02-11 07:00:10 INFO module=sched msg="request completed"
2026-02-11 07:02:20 INFO module=disk msg="job scheduled"
2026-02-11 07:04:02 INFO module=fs msg="service started"
2026-02-11 07:04:54 INFO module=api msg="service started"
2026-02-11 07:05:24 INFO module=net msg="config reloaded"
2026-02-11 07:13:44 DEBUG module=db msg="queue length checked"
2026-02-11 07:21:29 INFO module=sched msg="job scheduled"
2026-02-11 07:22:15 INFO module=api msg="config reloaded"
2026-02-11 07:24:21 INFO module=api msg="config reloaded"
2026-02-11 07:29:15 INFO module=api msg="config reloaded"
2026-02-11 07:35:02 INFO module=db msg="service started"
2026-02-11 07:37:38 INFO module=api msg="service started"
2026-02-11 07:38:05 INFO module=disk msg="request completed"
2026-02-11 07:38:07 INFO module=sched msg="user logged in"
2026-02-11 07:38:41 INFO module=net msg="config reloaded"
2026-02-11 07:40:32 INFO module=sched msg="request completed"
2026-02-11 07:44:25 INFO module=db msg="job scheduled"
2026-02-11 07:50:49 INFO module=cache msg="user logged in"
2026-02-11 07:53:14 WARN module=db msg="deprecated option used"
2026-02-11 07:53:32 INFO module=api msg="cache warmed up"
2026-02-11 08:00:15 ERROR module=disk msg="query failed"
2026-02-11 08:01:12 INFO module=cache msg="config reloaded"
2026-02-11 08:01:31 INFO module=db msg="request completed"
2026-02-11 08:03:07 DEBUG module=disk msg="retry counter reset"
2026-02-11 08:09:46 INFO module=auth msg="user logged in"
2026-02-11 08:14:38 WARN module=api msg="slow response"
2026-02-11 08:17:31 ERROR module=db msg="query failed"
2026-02-11 08:19:49 DEBUG module=cache msg="retry counter reset"
2026-02-11 08:21:39 INFO module=db msg="request completed"
2026-02-11 08:21:45 INFO module=net msg="config reloaded"
2026-02-11 08:24:57 INFO module=fs msg="job scheduled"
2026-02-11 08:27:37 WARN module=api msg="token expires soon"
2026-02-11 08:29:35 ERROR module=auth msg="segment read failed"
2026-02-11 08:36:43 INFO module=db msg="cache warmed up"
2026-02-11 08:39:01 INFO module=disk msg="user logged in"
2026-02-11 08:39:52 INFO module=net msg="config reloaded"
2026-02-11 08:43:28 INFO module=auth msg="cache warmed up"
2026-02-11 08:47:44 WARN module=cache msg="retrying request"
2026-02-11 08:50:45 ERROR module=auth msg="query failed"
2026-02-11 08:56:07 INFO module=cache msg="request completed"
2026-02-11 08:57:14 DEBUG module=cache msg="buffer flushed"
2026-02-11 09:03:18 ERROR module=auth msg="connection refused"
2026-02-11 09:07:52 INFO module=auth msg="request completed"
2026-02-11 09:15:05 INFO module=db msg="user logged in"
2026-02-11 09:16:19 DEBUG module=net msg="entering handler"
2026-02-11 09:20:46 INFO module=db msg="request completed"
2026-02-11 09:22:06 INFO module=api msg="user logged in"
2026-02-11 09:23:56 WARN module=net msg="disk usage above 80%"
2026-02-11 09:25:09 INFO module=disk msg="cache warmed up"
2026-02-11 09:27:41 INFO module=disk msg="service started"
2026-02-11 09:28:01 INFO module=disk msg="config reloaded"
2026-02-11 09:36:04 INFO module=fs msg="user logged in"
2026-02-11 09:52:02 INFO module=api msg="user logged in"
2026-02-11 09:53:03 INFO module=net msg="job scheduled"
2026-02-11 09:59:46 INFO module=fs msg="cache warmed up"
2026-02-11 10:01:06 INFO module=net msg="request completed"
2026-02-11 10:02:28 WARN module=cache msg="disk usage above 80%"
2026-02-11 10:09:20 INFO module=disk msg="cache warmed up"
2026-02-11 10:12:44 WARN module=cache msg="retrying request"
2026-02-11 10:13:05 INFO module=fs msg="cache warmed up"
2026-02-11 10:15:45 ERROR module=net msg="permission denied"
2026-02-11 10:17:17 INFO module=sched msg="config reloaded"
2026-02-11 10:18:08 INFO module=auth msg="user logged in"
2026-02-11 10:39:53 INFO module=net msg="job scheduled"
2026-02-11 10:43:40 WARN module=sched msg="retrying request"
2026-02-11 10:54:29 INFO module=net msg="config reloaded"
2026-02-11 10:55:09 DEBUG module=auth msg="entering handler"
2026-02-11 10:55:11 DEBUG module=auth msg="heartbeat sent"
2026-02-11 11:06:11 DEBUG module=disk msg="retry counter reset"
2026-02-11 11:07:38 INFO module=db msg="config reloaded"
2026-02-11 11:09:03 INFO module=cache msg="user logged in"
2026-02-11 11:11:14 DEBUG module=disk msg="heartbeat sent"
2026-02-11 11:13:01 INFO module=fs msg="config reloaded"
2026-02-11 11:14:15 INFO module=net msg="request completed"
2026-02-11 11:16:00 INFO module=auth msg="service started"
2026-02-11 11:17:28 INFO module=db msg="request completed"
2026-02-11 11:18:31 INFO module=net msg="cache warmed up"
2026-02-11 11:23:10 ERROR module=db msg="connection timeout"
2026-02-11 11:25:59 WARN module=db msg="token expires soon"
2026-02-11 11:29:31 INFO module=fs msg="request completed"
2026-02-11 11:30:25 INFO module=db msg="service started"
2026-02-11 11:31:01 DEBUG module=api msg="retry counter reset"
2026-02-11 11:32:29 INFO module=api msg="cache warmed up"
2026-02-11 11:40:19 INFO module=net msg="config reloaded"
2026-02-11 11:41:37 WARN module=db msg="token expires soon"
2026-02-11 11:54:10 INFO module=cache msg="cache warmed up"
2026-02-11 11:56:24 INFO module=db msg="user logged in"
2026-02-11 11:56:53 WARN module=disk msg="retrying request"
2026-02-11 11:58:20 WARN module=cache msg="deprecated option used"
2026-02-11 12:09:03 INFO module=api msg="user logged in"
2026-02-11 12:14:19 INFO module=fs msg="job scheduled"
2026-02-11 12:15:28 DEBUG module=api msg="queue length checked"
2026-02-11 12:16:00 DEBUG module=cache msg="queue length checked"
2026-02-11 12:24:00 ERROR module=disk msg="no space left on device"
2026-02-11 12:24:06 INFO module=sched msg="request completed"
2026-02-11 12:26:14 WARN module=fs msg="disk usage above 80%"
2026-02-11 12:27:06 ERROR module=net msg="query failed"
2026-02-11 12:29:26 INFO module=db msg="cache warmed up"
2026-02-11 12:30:07 INFO module=auth msg="user logged in"
2026-02-11 12:40:07 ERROR module=db msg="connection timeout"
2026-02-11 12:43:00 DEBUG module=sched msg="buffer flushed"
2026-02-11 12:45:01 INFO module=disk msg="user logged in"
2026-02-11 12:46:05 INFO module=cache msg="service started"
2026-02-11 12:46:11 DEBUG module=auth msg="buffer flushed"
2026-02-11 12:46:41 ERROR module=auth msg="query failed"
2026-02-11 12:48:12 INFO module=fs msg="config reloaded"
2026-02-11 12:52:42 INFO module=db msg="config reloaded"
2026-02-11 12:57:59 DEBUG module=fs msg="retry counter reset"
2026-02-11 12:59:04 INFO module=disk msg="request completed"
2026-02-11 13:00:15 WARN module=disk msg="slow response"
2026-02-11 13:02:05 DEBUG module=fs msg="queue length checked"
2026-02-11 13:10:14 INFO module=net msg="job scheduled"
2026-02-11 13:15:12 INFO module=net msg="config reloaded"
2026-02-11 13:25:18 INFO module=net msg="cache warmed up"
2026-02-11 13:29:04 DEBUG module=sched msg="buffer flushed"
2026-02-11 13:30:02 INFO module=auth msg="cache warmed up"
2026-02-11 13:34:43 ERROR module=auth msg="query failed"
2026-02-11 13:36:05 INFO module=auth msg="user logged in"
2026-02-11 13:37:19 WARN module=net msg="slow response"
2026-02-11 13:40:44 INFO module=disk msg="config reloaded"
2026-02-11 13:41:45 INFO module=auth msg="service started"
2026-02-11 13:45:47 DEBUG module=sched msg="heartbeat sent"
2026-02-11 13:47:21 INFO module=sched msg="user logged in"
2026-02-11 13:49:49 WARN module=disk msg="token expires soon"
2026-02-11 13:50:08 INFO module=api msg="request completed"
2026-02-11 13:52:37 INFO module=auth msg="config reloaded"
2026-02-11 13:55:09 INFO module=net msg="request completed"
2026-02-11 13:58:03 ERROR module=auth msg="segment read failed"
2026-02-11 14:05:27 ERROR module=api msg="connection refused"
2026-02-11 14:05:36 INFO module=auth msg="user logged in"
2026-02-11 14:06:48 INFO module=api msg="user logged in"
2026-02-11 14:07:13 ERROR module=net msg="connection timeout"
2026-02-11 14:13:01 INFO module=net msg="job scheduled"
2026-02-11 14:16:57 INFO module=db msg="request completed"
2026-02-11 14:21:12 ERROR module=disk msg="query failed"
2026-02-11 14:26:48 INFO module=db msg="cache warmed up"
2026-02-11 14:27:25 INFO module=db msg="request completed"
2026-02-11 14:31:35 ERROR module=api msg="invalid token"
2026-02-11 14:42:11 WARN module=net msg="disk usage above 80%"
2026-02-11 14:45:49 INFO module=disk msg="user logged in"
2026-02-11 14:47:06 INFO module=db msg="service started"
2026-02-11 14:47:08 WARN module=net msg="disk usage above 80%"
2026-02-11 14:51:35 WARN module=sched msg="disk usage above 80%"
2026-02-11 14:55:34 ERROR module=disk msg="permission denied"
2026-02-11 14:56:20 INFO module=net msg="config reloaded"
2026-02-11 14:56:46 ERROR module=disk msg="connection timeout"
2026-02-11 15:00:45 INFO module=api msg="request completed"
2026-02-11 15:01:19 INFO module=sched msg="service started"
2026-02-11 15:03:08 DEBUG module=db msg="queue length checked"
2026-02-11 15:07:35 INFO module=cache msg="request completed"
2026-02-11 15:08:39 INFO module=db msg="user logged in"
2026-02-11 15:11:19 WARN module=disk msg="disk usage above 80%"
2026-02-11 15:13:12 INFO module=sched msg="job scheduled"
2026-02-11 15:13:36 INFO module=auth msg="cache warmed up"
2026-02-11 15:16:34 ERROR module=api msg="segment read failed"
2026-02-11 15:23:59 INFO module=fs msg="user logged in"
2026-02-11 15:28:55 INFO module=net msg="job scheduled"
2026-02-11 15:32:27 WARN module=net msg="disk usage above 80%"
2026-02-11 15:32:41 INFO module=db msg="user logged in"
2026-02-11 15:36:14 WARN module=disk msg="disk usage above 80%"
2026-02-11 15:37:11 INFO module=api msg="job scheduled"
2026-02-11 15:38:27 INFO module=api msg="config reloaded"
2026-02-11 15:40:18 INFO module=cache msg="request completed"
2026-02-11 15:45:50 WARN module=auth msg="slow response"
2026-02-11 15:51:11 DEBUG module=auth msg="heartbeat sent"
2026-02-11 15:54:09 WARN module=api msg="disk usage above 80%"
2026-02-11 15:57:53 INFO module=disk msg="user logged in"
2026-02-11 15:57:57 INFO module=disk msg="request completed"
2026-02-11 16:01:03 INFO module=sched msg="job scheduled"
2026-02-11 16:03:06 INFO module=db msg="service started"
2026-02-11 16:03:28 INFO module=api msg="cache warmed up"
2026-02-11 16:03:47 WARN module=db msg="slow response"
2026-02-11 16:03:55 DEBUG module=cache msg="heartbeat sent"
2026-02-11 16:05:58 INFO module=sched msg="job scheduled"
2026-02-11 16:09:34 WARN module=cache msg="retrying request"
2026-02-11 16:09:51 WARN module=net msg="disk usage above 80%"
2026-02-11 16:10:01 INFO module=fs msg="cache warmed up"
2026-02-11 16:12:11 INFO module=api msg="request completed"
2026-02-11 16:19:32 DEBUG module=cache msg="buffer flushed"
2026-02-11 16:22:36 DEBUG module=sched msg="retry counter reset"
2026-02-11 16:30:19 INFO module=fs msg="job scheduled"
2026-02-11 16:31:46 INFO module=fs msg="service started"
2026-02-11 16:33:27 INFO module=api msg="request completed"
2026-02-11 16:33:42 INFO module=net msg="service started"
2026-02-11 16:34:37 INFO module=auth msg="job scheduled"
2026-02-11 16:38:15 INFO module=api msg="job scheduled"
2026-02-11 16:40:08 INFO module=auth msg="service started"
2026-02-11 16:40:17 ERROR module=cache msg="permission denied"
2026-02-11 16:40:58 DEBUG module=cache msg="retry counter reset"
2026-02-11 16:42:49 ERROR module=db msg="connection timeout"
2026-02-11 16:47:41 INFO module=disk msg="user logged in"
2026-02-11 16:53:21 DEBUG module=cache msg="entering handler"
2026-02-11 16:53:42 INFO module=disk msg="cache warmed up"
2026-02-11 17:03:18 DEBUG module=auth msg="entering handler"
2026-02-11 17:09:00 INFO module=sched msg="user logged in"
2026-02-11 17:15:05 DEBUG module=disk msg="heartbeat sent"
2026-02-11 17:15:25 ERROR module=cache msg="permission denied"
2026-02-11 17:15:47 WARN module=net msg="retrying request"
2026-02-11 17:19:55 INFO module=net msg="service started"
2026-02-11 17:20:19 INFO module=net msg="user logged in"
2026-02-11 17:21:07 WARN module=db msg="deprecated option used"
2026-02-11 17:24:44 DEBUG module=auth msg="retry counter reset"
2026-02-11 17:30:30 INFO module=auth msg="service started"
2026-02-11 17:30:43 INFO module=api msg="service started"
2026-02-11 17:30:51 WARN module=db msg="slow response"
2026-02-11 17:31:17 INFO module=auth msg="user logged in"
2026-02-11 17:32:10 INFO module=disk msg="service started"
2026-02-11 17:33:33 INFO module=api msg="cache warmed up"
2026-02-11 17:42:20 INFO module=db msg="config reloaded"
2026-02-11 17:43:06 DEBUG module=cache msg="buffer flushed"
2026-02-11 17:50:22 DEBUG module=fs msg="buffer flushed"
2026-02-11 17:50:25 INFO module=auth msg="cache warmed up"
2026-02-11 18:01:23 INFO module=net msg="config reloaded"
2026-02-11 18:05:53 INFO module=cache msg="job scheduled"
2026-02-11 18:09:47 INFO module=auth msg="request completed"
2026-02-11 18:13:01 INFO module=db msg="user logged in"
2026-02-11 18:15:52 WARN module=sched msg="deprecated option used"
2026-02-11 18:16:06 INFO module=auth msg="user logged in"
2026-02-11 18:16:19 INFO module=auth msg="config reloaded"
2026-02-11 18:16:20 ERROR module=net msg="permission denied"
2026-02-11 18:17:55 INFO module=db msg="job scheduled"
2026-02-11 18:21:22 INFO module=api msg="request completed"
2026-02-11 18:23:25 WARN module=net msg="token expires soon"
2026-02-11 18:30:30 DEBUG module=fs msg="buffer flushed"
2026-02-11 18:31:23 INFO module=api msg="user logged in"
2026-02-11 18:36:08 INFO module=net msg="cache warmed up"
2026-02-11 18:36:11 DEBUG module=auth msg="queue length checked"
2026-02-11 18:38:26 INFO module=auth msg="cache warmed up"
2026-02-11 18:47:38 ERROR module=db msg="connection refused"
2026-02-11 18:48:59 ERROR module=db msg="invalid token"
2026-02-11 18:50:54 DEBUG module=cache msg="queue length checked"
2026-02-11 18:53:55 WARN module=net msg="retrying request"
2026-02-11 18:54:28 WARN module=sched msg="deprecated option used"
2026-02-11 19:00:03 INFO module=auth msg="service started"
2026-02-11 19:01:12 INFO module=cache msg="config reloaded"
2026-02-11 19:03:59 DEBUG module=db msg="queue length checked"
2026-02-11 19:04:16 INFO module=cache msg="request completed"
2026-02-11 19:09:56 INFO module=auth msg="service started"
2026-02-11 19:10:35 INFO module=db msg="service started"
2026-02-11 19:12:57 INFO module=cache msg="cache warmed up"
2026-02-11 19:16:52 WARN module=db msg="slow response"
2026-02-11 19:20:26 INFO module=sched msg="job scheduled"
2026-02-11 19:26:20 INFO module=auth msg="cache warmed up"
2026-02-11 19:33:01 INFO module=auth msg="job scheduled"
2026-02-11 19:36:51 WARN module=db msg="slow response"
2026-02-11 19:40:55 INFO module=auth msg="user logged in"
2026-02-11 19:42:13 DEBUG module=api msg="entering handler"
2026-02-11 19:44:42 INFO module=db msg="user logged in"
2026-02-11 19:54:02 INFO module=auth msg="cache warmed up"
2026-02-11 20:06:58 INFO module=disk msg="service started"
2026-02-11 20:07:30 INFO module=disk msg="service started"
2026-02-11 20:07:38 INFO module=net msg="job scheduled"
2026-02-11 20:07:46 WARN module=api msg="disk usage above 80%"
2026-02-11 20:07:50 INFO module=fs msg="request completed"
2026-02-11 20:13:19 INFO module=db msg="service started"
2026-02-11 20:13:37 DEBUG module=disk msg="heartbeat sent"
2026-02-11 20:17:02 ERROR module=auth msg="no space left on device"
2026-02-11 20:18:38 INFO module=db msg="service started"
2026-02-11 20:18:56 INFO module=fs msg="user logged in"
2026-02-11 20:23:56 ERROR module=disk msg="no space left on device"
2026-02-11 20:25:11 INFO module=net msg="service started"
2026-02-11 20:26:06 WARN module=db msg="slow response"
2026-02-11 20:27:20 INFO module=disk msg="job scheduled"
2026-02-11 20:29:46 ERROR module=db msg="connection timeout"
2026-02-11 20:33:07 WARN module=api msg="slow response"
2026-02-11 20:45:02 WARN module=disk msg="slow response"
2026-02-11 20:46:34 INFO module=fs msg="service started"
2026-02-11 20:54:32 WARN module=db msg="deprecated option used"
2026-02-11 20:54:37 INFO module=cache msg="config reloaded"
2026-02-11 20:56:07 WARN module=auth msg="slow response"
2026-02-11 21:01:56 INFO module=auth msg="job scheduled"
2026-02-11 21:02:36 WARN module=net msg="retrying request"
2026-02-11 21:04:21 INFO module=net msg="cache warmed up"
2026-02-11 21:06:22 WARN module=db msg="retrying request"
2026-02-11 21:07:47 INFO module=cache msg="job scheduled"
2026-02-11 21:10:15 WARN module=net msg="deprecated option used"
2026-02-11 21:17:39 INFO module=fs msg="cache warmed up"
2026-02-11 21:18:12 INFO module=fs msg="service started"
2026-02-11 21:21:07 INFO module=sched msg="job scheduled"
2026-02-11 21:23:27 INFO module=disk msg="config reloaded"
2026-02-11 21:24:49 INFO module=disk msg="job scheduled"
2026-02-11 21:25:00 INFO module=db msg="user logged in"
2026-02-11 21:25:46 INFO module=auth msg="service started"
2026-02-11 21:29:06 WARN module=disk msg="retrying request"
2026-02-11 21:30:37 WARN module=net msg="retrying request"
2026-02-11 21:33:03 INFO module=cache msg="cache warmed up"
2026-02-11 21:38:14 DEBUG module=auth msg="heartbeat sent"
2026-02-11 21:41:29 DEBUG module=db msg="queue length checked"
2026-02-11 21:43:00 INFO module=disk msg="service started"
2026-02-11 21:43:17 WARN module=api msg="slow response"
2026-02-11 21:54:36 INFO module=sched msg="job scheduled"
2026-02-11 22:00:03 WARN module=auth msg="slow response"
2026-02-11 22:03:42 INFO module=net msg="request completed"
2026-02-11 22:06:26 WARN module=disk msg="deprecated option used"
2026-02-11 22:06:47 DEBUG module=cache msg="entering handler"
2026-02-11 22:10:04 INFO module=disk msg="user logged in"
2026-02-11 22:11:57 INFO module=auth msg="request completed"
2026-02-11 22:12:49 WARN module=disk msg="retrying request"
2026-02-11 22:13:32 WARN module=net msg="token expires soon"
2026-02-11 22:19:26 INFO module=disk msg="user logged in"
2026-02-11 22:23:17 INFO module=net msg="service started"
2026-02-11 22:26:04 WARN module=net msg="slow response"
2026-02-11 22:28:12 INFO module=auth msg="job scheduled"
2026-02-11 22:30:49 DEBUG module=sched msg="heartbeat sent"
2026-02-11 22:31:17 INFO module=auth msg="config reloaded"
2026-02-11 22:31:23 INFO module=db msg="user logged in"
2026-02-11 22:31:51 INFO module=fs msg="request completed"
2026-02-11 22:34:26 INFO module=cache msg="job scheduled"
2026-02-11 22:41:58 DEBUG module=net msg="retry counter reset"
2026-02-11 22:44:05 WARN module=db msg="deprecated option used"
2026-02-11 22:46:31 INFO module=net msg="job scheduled"
2026-02-11 22:55:27 DEBUG module=api msg="retry counter reset"
2026-02-11 22:56:35 INFO module=net msg="request completed"
2026-02-11 22:59:34 ERROR module=net msg="segment read failed"
2026-02-11 22:59:41 WARN module=net msg="token expires soon"
2026-02-11 23:05:54 INFO module=auth msg="cache warmed up"
2026-02-11 23:06:53 INFO module=db msg="request completed"
2026-02-11 23:08:58 INFO module=auth msg="cache warmed up"
2026-02-11 23:09:01 DEBUG module=sched msg="buffer flushed"
2026-02-11 23:11:17 DEBUG module=api msg="retry counter reset"
2026-02-11 23:14:43 WARN module=disk msg="retrying request"
2026-02-11 23:22:20 INFO module=sched msg="job scheduled"
2026-02-11 23:24:27 ERROR module=db msg="permission denied"
2026-02-11 23:30:19 DEBUG module=disk msg="buffer flushed"
2026-02-11 23:31:03 INFO module=db msg="request completed"
2026-02-11 23:34:50 WARN module=disk msg="deprecated option used"
2026-02-11 23:38:21 INFO module=api msg="cache warmed up"
2026-02-11 23:42:10 INFO module=auth msg="service started"
2026-02-11 23:48:39 WARN module=auth msg="retrying request"
2026-02-11 23:49:39 WARN module=net msg="slow response"
2026-02-11 23:56:17 DEBUG module=db msg="buffer flushed"
2026-02-11 23:58:07 WARN module=net msg="disk usage above 80%"
