2026-02-17 00:00:37 INFO module=db msg="config reloaded"
2026-02-17 00:01:07 DEBUG module=auth msg="heartbeat sent"
2026-02-17 00:02:59 INFO module=net msg="cache warmed up"
2026-02-17 00:05:14 WARN module=cache msg="disk usage above 80%"
2026-02-17 00:07:22 INFO module=fs msg="service started"
2026-02-17 00:07:55 INFO module=net msg="cache warmed up"
2026-02-17 00:08:35 INFO module=net msg="service started"
2026-02-17 00:10:01 INFO module=api msg="request completed"
2026-02-17 00:13:25 INFO module=disk msg="service started"
2026-02-17 00:15:51 DEBUG module=api msg="queue length checked"
2026-02-17 00:16:53 DEBUG module=disk msg="queue length checked"
2026-02-17 00:18:35 ERROR module=db msg="permission denied"
2026-02-17 00:19:26 INFO module=sched msg="service started"
2026-02-17 00:20:27 DEBUG module=net msg="retry counter reset"
2026-02-17 00:21:12 ERROR module=db msg="permission denied"
2026-02-17 00:23:35 INFO module=db msg="user logged in"
2026-02-17 00:23:48 INFO module=sched msg="user logged in"
2026-02-17 00:24:51 INFO module=api msg="request completed"
2026-02-17 00:27:06 DEBUG module=sched msg="buffer flushed"
2026-02-17 00:27:08 INFO module=api msg="job scheduled"
2026-02-17 00:28:21 INFO module=api msg="job scheduled"
2026-02-17 00:29:12 INFO module=sched msg="cache warmed up"
2026-02-17 00:33:39 INFO module=db msg="service started"
2026-02-17 00:33:54 INFO module=db msg="job scheduled"
2026-02-17 00:36:23 INFO module=net msg="user logged in"
2026-02-17 00:36:25 INFO module=db msg="request completed"
2026-02-17 00:36:40 INFO module=sched msg="request completed"
2026-02-17 00:37:56 DEBUG module=db msg="entering handler"
2026-02-17 00:38:07 DEBUG module=fs msg="buffer flushed"
2026-02-17 00:38:35 WARN module=sched msg="disk usage above 80%"
2026-02-17 00:38:38 DEBUG module=net msg="entering handler"
2026-02-17 00:41:14 INFO module=sched msg="cache warmed up"
2026-02-17 00:44:10 INFO module=api msg="service started"
2026-02-17 00:45:34 INFO module=fs msg="job scheduled"
2026-02-17 00:45:45 DEBUG module=sched msg="buffer flushed"
2026-02-17 00:49:54 INFO module=fs msg="request completed"
2026-02-17 00:51:41 INFO module=net msg="service started"
2026-02-17 00:52:27 INFO module=api msg="service started"
2026-02-17 00:53:02 INFO module=db msg="request completed"
2026-02-17 00:54:02 INFO module=net msg="user logged in"
2026-02-17 00:54:11 INFO module=sched msg="job scheduled"
2026-02-17 00:57:54 INFO module=api msg="request completed"
2026-02-17 00:58:37 ERROR module=sched msg="connection refused"
2026-02-17 00:59:56 INFO module=auth msg="cache warmed up"
2026-02-17 01:00:15 INFO module=auth msg="cache warmed up"
2026-02-17 01:02:41 INFO module=api msg="request completed"
2026-02-17 01:03:04 INFO module=cache msg="cache warmed up"
2026-02-17 01:03:43 INFO module=db msg="service started"
2026-02-17 01:08:22 INFO module=db msg="service started"
2026-02-17 01:10:26 DEBUG module=cache msg="retry counter reset"
2026-02-17 01:11:37 WARN module=disk msg="slow response"
2026-02-17 01:16:12 INFO module=db msg="cache warmed up"
2026-02-17 01:16:30 ERROR module=disk msg="connection timeout"
2026-02-17 01:21:38 INFO module=db msg="job scheduled"
2026-02-17 01:21:40 DEBUG module=cache msg="retry counter reset"
2026-02-17 01:25:59 INFO module=fs msg="config reloaded"
2026-02-17 01:31:41 DEBUG module=auth msg="buffer flushed"
2026-02-17 01:38:53 DEBUG module=sched msg="retry counter reset"
2026-02-17 01:38:54 WARN module=db msg="deprecated option used"
2026-02-17 01:39:49 ERROR module=db msg="no space left on device"
2026-02-17 01:43:12 INFO module=fs msg="cache warmed up"
2026-02-17 01:43:14 INFO module=sched msg="job scheduled"
2026-02-17 01:44:38 INFO module=cache msg="user logged in"
2026-02-17 01:48:20 DEBUG module=auth msg="entering handler"
2026-02-17 01:52:01 INFO module=api msg="cache warmed up"
2026-02-17 01:52:45 INFO module=cache msg="job scheduled"
2026-02-17 01:57:10 WARN module=db msg="deprecated option used"
2026-02-17 01:57:54 INFO module=cache msg="config reloaded"
2026-02-17 01:58:45 WARN module=net msg="retrying request"
2026-02-17 01:58:54 INFO module=net msg="user logged in"
2026-02-17 02:01:46 INFO module=auth msg="cache warmed up"
2026-02-17 02:04:20 DEBUG module=cache msg="entering handler"
2026-02-17 02:05:31 WARN module=db msg="retrying request"
2026-02-17 02:05:47 DEBUG module=sched msg="buffer flushed"
2026-02-17 02:07:53 INFO module=disk msg="job scheduled"
2026-02-17 02:14:28 WARN module=cache msg="disk usage above 80%"
2026-02-17 02:17:56 INFO module=fs msg="cache warmed up"
2026-02-17 02:18:36 DEBUG module=cache msg="heartbeat sent"
2026-02-17 02:21:58 INFO module=cache msg="user logged in"
2026-02-17 02:22:28 WARN module=cache msg="token expires soon"
2026-02-17 02:23:12 INFO module=auth msg="cache warmed up"
2026-02-17 02:23:15 INFO module=disk msg="config reloaded"
2026-02-17 02:25:24 DEBUG module=sched msg="retry counter reset"
2026-02-17 02:27:37 INFO module=sched msg="config reloaded"
2026-02-17 02:30:31 INFO module=sched msg="service started"
2026-02-17 02:31:31 DEBUG module=cache msg="buffer flushed"
2026-02-17 02:33:27 INFO module=auth msg="job scheduled"
2026-02-17 02:37:40 INFO module=sched msg="service started"
2026-02-17 02:38:35 INFO module=cache msg="cache warmed up"
2026-02-17 02:41:02 INFO module=cache msg="service started"
2026-02-17 02:43:03 ERROR module=auth msg="segment read failed"
2026-02-17 02:55:45 INFO module=fs msg="user logged in"
2026-02-17 03:00:35 DEBUG module=cache msg="buffer flushed"
2026-02-17 03:04:42 INFO module=sched msg="user logged in"
2026-02-17 03:07:44 DEBUG module=auth msg="queue length checked"
2026-02-17 03:12:51 INFO module=api msg="cache warmed up"
2026-02-17 03:21:56 INFO module=sched msg="config reloaded"
2026-02-17 03:28:48 DEBUG module=api msg="queue length checked"
2026-02-17 03:32:46 INFO module=api msg="cache warmed up"
2026-02-17 03:33:49 INFO module=db msg="job scheduled"
2026-02-17 03:34:14 INFO module=api msg="request completed"
2026-02-17 03:36:57 INFO module=auth msg="request completed"
2026-02-17 03:38:16 INFO module=api msg="job scheduled"
2026-02-17 03:38:49 INFO module=db msg="user logged in"
2026-02-17 03:41:12 WARN module=sched msg="slow response"
2026-02-17 03:43:21 WARN module=sched msg="token expires soon"
2026-02-17 03:49:38 DEBUG module=auth msg="queue length checked"
2026-02-17 03:52:35 WARN module=db msg="disk usage above 80%"
2026-02-17 03:52:53 INFO module=net msg="config reloaded"
2026-02-17 03:53:14 INFO module=api msg="request completed"
2026-02-17 03:54:02 INFO module=auth msg="user logged in"
2026-02-17 03:56:07 INFO module=cache msg="config reloaded"
2026-02-17 04:01:32 INFO module=cache msg="job scheduled"
2026-02-17 04:03:00 ERROR module=fs msg="connection refused"
2026-02-17 04:04:48 INFO module=net msg="cache warmed up"
2026-02-17 04:05:59 ERROR module=api msg="query failed"
2026-02-17 04:06:20 DEBUG module=disk msg="queue length checked"
2026-02-17 04:06:24 INFO module=net msg="job scheduled"
2026-02-17 04:07:01 DEBUG module=api msg="heartbeat sent"
2026-02-17 04:07:30 INFO module=cache msg="cache warmed up"
2026-02-17 04:07:42 DEBUG module=sched msg="heartbeat sent"
2026-02-17 04:11:10 INFO module=cache msg="cache warmed up"
2026-02-17 04:12:54 INFO module=net msg="service started"
2026-02-17 04:15:26 WARN module=net msg="deprecated option used"
2026-02-17 04:16:56 INFO module=cache msg="user logged in"
2026-02-17 04:20:50 INFO module=cache msg="config reloaded"
2026-02-17 04:23:22 INFO module=api msg="cache warmed up"
2026-02-17 04:23:45 WARN module=fs msg="retrying request"
2026-02-17 04:25:09 INFO module=api msg="request completed"
2026-02-17 04:25:54 WARN module=cache msg="token expires soon"
2026-02-17 04:26:40 INFO module=cache msg="job scheduled"
2026-02-17 04:27:00 INFO module=db msg="cache warmed up"
2026-02-17 04:27:13 INFO module=fs msg="request completed"
2026-02-17 04:28:44 INFO module=api msg="service started"
2026-02-17 04:29:37 INFO module=auth msg="job scheduled"
2026-02-17 04:29:53 INFO module=cache msg="user logged in"
2026-02-17 04:31:51 DEBUG module=cache msg="buffer flushed"
2026-02-17 04:32:29 INFO module=db msg="service started"
2026-02-17 04:33:22 INFO module=api msg="job scheduled"
2026-02-17 04:33:59 INFO module=cache msg="service started"
2026-02-17 04:37:42 INFO module=cache msg="job scheduled"
2026-02-17 04:38:04 INFO module=net msg="job scheduled"
2026-02-17 04:39:00 INFO module=cache msg="cache warmed up"
2026-02-17 04:41:49 INFO module=api msg="service started"
2026-02-17 04:45:23 INFO module=auth msg="user logged in"
2026-02-17 04:51:38 WARN module=net msg="token expires soon"
2026-02-17 04:52:07 WARN module=fs msg="token expires soon"
2026-02-17 04:52:46 INFO module=disk msg="config reloaded"
2026-02-17 04:55:18 INFO module=net msg="service started"
2026-02-17 04:56:33 INFO module=auth msg="service started"
2026-02-17 04:58:07 INFO module=api msg="cache warmed up"
2026-02-17 04:58:15 DEBUG module=net msg="retry counter reset"
2026-02-17 04:59:00 INFO module=disk msg="config reloaded"
2026-02-17 05:00:43 ERROR module=api msg="connection refused"
2026-02-17 05:01:19 INFO module=auth msg="cache warmed up"
2026-02-17 05:06:41 WARN module=sched msg="disk usage above 80%"
2026-02-17 05:07:05 WARN module=cache msg="slow response"
2026-02-17 05:09:30 INFO module=api msg="service started"
2026-02-17 05:10:14 DEBUG module=api msg="heartbeat sent"
2026-02-17 05:10:36 WARN module=disk msg="disk usage above 80%"
2026-02-17 05:13:06 DEBUG module=cache msg="buffer flushed"
2026-02-17 05:25:15 ERROR module=api msg="query failed"
2026-02-17 05:26:21 INFO module=fs msg="request completed"
2026-02-17 05:26:29 DEBUG module=fs msg="buffer flushed"
2026-02-17 05:29:53 INFO module=auth msg="config reloaded"
2026-02-17 05:30:36 INFO module=net msg="user logged in"
2026-02-17 05:34:24 INFO module=db msg="config reloaded"
2026-02-17 05:36:30 INFO module=fs msg="request completed"
2026-02-17 05:39:32 INFO module=net msg="config reloaded"
2026-02-17 05:41:43 WARN module=cache msg="slow response"
2026-02-17 05:42:25 INFO module=api msg="job scheduled"
2026-02-17 05:42:57 ERROR module=auth msg="connection timeout"
2026-02-17 05:43:51 INFO module=fs msg="service started"
2026-02-17 05:48:47 INFO module=sched msg="cache warmed up"
2026-02-17 05:49:44 INFO module=db msg="user logged in"
2026-02-17 05:54:17 WARN module=auth msg="token expires soon"
2026-02-17 05:54:50 INFO module=net msg="service started"
2026-02-17 05:54:53 ERROR module=db msg="segment read failed"
2026-02-17 05:56:46 INFO module=disk msg="config reloaded"
2026-02-17 05:56:52 WARN module=auth msg="retrying request"
2026-02-17 05:58:17 DEBUG module=auth msg="queue length checked"
2026-02-17 05:59:03 DEBUG module=api msg="heartbeat sent"
2026-02-17 06:01:32 INFO module=sched msg="config reloaded"
2026-02-17 06:03:49 DEBUG module=cache msg="queue length checked"
2026-02-17 06:04:54 WARN module=cache msg="deprecated option used"
2026-02-17 06:05:37 INFO module=auth msg="service started"
2026-02-17 06:06:59 INFO module=api msg="user logged in"
2026-02-17 06:10:11 INFO module=api msg="user logged in"
2026-02-17 06:11:06 DEBUG module=auth msg="heartbeat sent"
2026-02-17 06:20:39 INFO module=sched msg="job scheduled"
2026-02-17 06:20:54 INFO module=net msg="config reloaded"
2026-02-17 06:24:22 WARN module=net msg="deprecated option used"
2026-02-17 06:25:51 DEBUG module=auth msg="buffer flushed"
2026-02-17 06:27:46 INFO module=auth msg="user logged in"
2026-02-17 06:34:55 WARN module=auth msg="slow response"
2026-02-17 06:35:54 INFO module=disk msg="request completed"
2026-02-17 06:37:21 INFO module=fs msg="user logged in"
2026-02-17 06:43:44 WARN module=cache msg="deprecated option used"
2026-02-17 06:44:50 WARN module=disk msg="disk usage above 80%"
2026-02-17 07:03:17 WARN module=api msg="retrying request"
2026-02-17 07:03:59 INFO module=net msg="service started"
2026-02-17 07:05:28 INFO module=fs msg="request completed"
2026-02-17 07:08:01 ERROR module=cache msg="connection timeout"
2026-02-17 07:08:43 WARN module=net msg="retrying request"
2026-02-17 07:10:03 DEBUG module=net msg="queue length checked"
2026-02-17 07:14:00 INFO module=auth msg="cache warmed up"
2026-02-17 07:16:21 INFO module=sched msg="request completed"
2026-02-17 07:18:56 DEBUG module=cache msg="entering handler"
2026-02-17 07:19:33 INFO module=api msg="request completed"
2026-02-17 07:19:44 INFO module=net msg="job scheduled"
2026-02-17 07:20:13 INFO module=cache msg="config reloaded"
2026-02-17 07:20:44 ERROR module=cache msg="connection refused"
2026-02-17 07:23:42 WARN module=cache msg="deprecated option used"
2026-02-17 07:24:48 WARN module=api msg="disk usage above 80%"
2026-02-17 07:25:59 DEBUG module=disk msg="retry counter reset"
2026-02-17 07:26:43 INFO module=disk msg="user logged in"
2026-02-17 07:27:39 INFO module=db msg="user logged in"
2026-02-17 07:27:58 ERROR module=db msg="connection timeout"
2026-02-17 07:30:56 WARN module=api msg="deprecated option used"
2026-02-17 07:33:44 INFO module=fs msg="service started"
2026-02-17 07:37:25 INFO module=db msg="user logged in"
2026-02-17 07:42:41 INFO module=sched msg="cache warmed up"
2026-02-17 07:46:53 DEBUG module=net msg="buffer flushed"
2026-02-17 07:46:54 WARN module=auth msg="slow response"
2026-02-17 07:48:40 WARN module=disk msg="retrying request"
2026-02-17 07:49:47 INFO module=net msg="config reloaded"
2026-02-17 07:49:51 INFO module=disk msg="cache warmed up"
2026-02-17 07:50:53 INFO module=db msg="config reloaded"
2026-02-17 07:59:55 INFO module=auth msg="request completed"
2026-02-17 08:02:06 DEBUG module=sched msg="buffer flushed"
2026-02-17 08:04:46 INFO module=cache msg="cache warmed up"
2026-02-17 08:04:58 INFO module=fs msg="cache warmed up"
2026-02-17 08:08:28 INFO module=cache msg="user logged in"
2026-02-17 08:13:51 DEBUG module=sched msg="heartbeat sent"
2026-02-17 08:16:45 INFO module=disk msg="service started"
2026-02-17 08:17:02 INFO module=net msg="user logged in"
2026-02-17 08:19:21 ERROR module=net msg="segment read failed"
2026-02-17 08:29:59 INFO module=auth msg="user logged in"
2026-02-17 08:31:26 WARN module=net msg="retrying request"
2026-02-17 08:32:20 INFO module=disk msg="service started"
2026-02-17 08:32:22 INFO module=db msg="cache warmed up"
2026-02-17 08:34:42 INFO module=cache msg="config reloaded"
2026-02-17 08:34:46 INFO module=db msg="request completed"
2026-02-17 08:37:29 INFO module=db msg="user logged in"
2026-02-17 08:38:49 WARN module=net msg="deprecated option used"
2026-02-17 08:43:49 DEBUG module=sched msg="heartbeat sent"
2026-02-17 08:44:25 WARN module=cache msg="token expires soon"
2026-02-17 08:44:57 INFO module=cache msg="job scheduled"
2026-02-17 08:46:02 WARN module=disk msg="token expires soon"
2026-02-17 08:46:56 INFO module=sched msg="request completed"
2026-02-17 08:47:46 INFO module=db msg="user logged in"
2026-02-17 08:47:54 WARN module=cache msg="deprecated option used"
2026-02-17 08:51:46 ERROR module=net msg="no space left on device"
2026-02-17 08:52:10 INFO module=db msg="cache warmed up"
2026-02-17 08:52:16 ERROR module=net msg="query failed"
2026-02-17 08:53:10 INFO module=disk msg="user logged in"
2026-02-17 08:53:52 ERROR module=net msg="query failed"
2026-02-17 08:55:13 INFO module=net msg="cache warmed up"
2026-02-17 08:56:39 INFO module=auth msg="service started"
2026-02-17 08:58:03 DEBUG module=cache msg="buffer flushed"
2026-02-17 08:58:37 ERROR module=db msg="permission denied"
2026-02-17 09:03:24 INFO module=api msg="cache warmed up"
2026-02-17 09:04:45 INFO module=disk msg="user logged in"
2026-02-17 09:08:24 INFO module=net msg="service started"
2026-02-17 09:09:02 INFO module=auth msg="service started"
2026-02-17 09:12:54 ERROR module=sched msg="query failed"
2026-02-17 09:14:17 INFO module=db msg="service started"
2026-02-17 09:14:31 INFO module=sched msg="service started"
2026-02-17 09:17:07 INFO module=sched msg="service started"
2026-02-17 09:18:17 INFO module=sched msg="job scheduled"
2026-02-17 09:19:18 INFO module=api msg="config reloaded"
2026-02-17 09:19:30 DEBUG module=disk msg="queue length checked"
2026-02-17 09:22:04 WARN module=net msg="slow response"
2026-02-17 09:22:31 INFO module=db msg="job scheduled"
2026-02-17 09:23:01 ERROR module=db msg="invalid token"
2026-02-17 09:25:30 INFO module=api msg="cache warmed up"
2026-02-17 09:30:14 INFO module=fs msg="config reloaded"
2026-02-17 09:31:40 INFO module=auth msg="request completed"
2026-02-17 09:31:41 INFO module=auth msg="service started"
2026-02-17 09:33:47 INFO module=sched msg="service started"
2026-02-17 09:39:58 INFO module=api msg="config reloaded"
2026-02-17 09:40:16 DEBUG module=net msg="buffer flushed"
2026-02-17 09:40:44 INFO module=db msg="config reloaded"
2026-02-17 09:42:13 INFO module=cache msg="cache warmed up"
2026-02-17 09:44:02 INFO module=db msg="user logged in"
2026-02-17 09:46:19 WARN module=auth msg="disk usage above 80%"
2026-02-17 09:49:25 INFO module=db msg="service started"
2026-02-17 09:50:33 INFO module=auth msg="cache warmed up"
2026-02-17 09:51:50 INFO module=db msg="user logged in"
2026-02-17 09:54:46 WARN module=sched msg="token expires soon"
2026-02-17 09:57:07 DEBUG module=sched msg="heartbeat sent"
2026-02-17 09:59:23 ERROR module=auth msg="permission denied"
2026-02-17 10:00:04 INFO module=net msg="config reloaded"
2026-02-17 10:00:16 INFO module=api msg="user logged in"
2026-02-17 10:00:56 INFO module=auth msg="job scheduled"
2026-02-17 10:03:00 INFO module=sched msg="user logged in"
2026-02-17 10:04:21 INFO module=cache msg="service started"
2026-02-17 10:05:44 ERROR module=disk msg="connection refused"
2026-02-17 10:06:29 INFO module=sched msg="config reloaded"
2026-02-17 10:08:18 INFO module=db msg="config reloaded"
2026-02-17 10:10:48 DEBUG module=api msg="heartbeat sent"
2026-02-17 10:15:18 INFO module=api msg="request completed"
2026-02-17 10:15:40 INFO module=db msg="cache warmed up"
2026-02-17 10:17:37 INFO module=fs msg="config reloaded"
2026-02-17 10:26:22 INFO module=auth msg="user logged in"
2026-02-17 10:34:04 WARN module=db msg="disk usage above 80%"
2026-02-17 10:39:21 INFO module=api msg="config reloaded"
2026-02-17 10:46:49 INFO module=disk msg="job scheduled"
2026-02-17 10:51:33 INFO module=disk msg="request completed"
2026-02-17 10:52:34 INFO module=disk msg="cache warmed up"
2026-02-17 10:52:54 INFO module=auth msg="job scheduled"
2026-02-17 10:54:37 DEBUG module=auth msg="buffer flushed"
2026-02-17 10:57:30 INFO module=cache msg="cache warmed up"
2026-02-17 10:57:39 INFO module=disk msg="config reloaded"
2026-02-17 11:03:53 INFO module=fs msg="cache warmed up"
2026-02-17 11:04:36 WARN module=cache msg="slow response"
2026-02-17 11:05:34 INFO module=auth msg="job scheduled"
2026-02-17 11:10:13 INFO module=api msg="request completed"
2026-02-17 11:11:09 INFO module=disk msg="job scheduled"
2026-02-17 11:11:56 INFO module=db msg="user logged in"
2026-02-17 11:13:23 DEBUG module=net msg="entering handler"
2026-02-17 11:13:48 INFO module=auth msg="service started"
2026-02-17 11:16:44 INFO module=fs msg="cache warmed up"
2026-02-17 11:19:42 ERROR module=net msg="connection refused"
2026-02-17 11:21:13 WARN module=api msg="slow response"
2026-02-17 11:21:34 ERROR module=disk msg="connection refused"
2026-02-17 11:21:47 INFO module=cache msg="user logged in"
2026-02-17 11:29:00 WARN module=api msg="retrying request"
2026-02-17 11:34:09 INFO module=net msg="user logged in"
2026-02-17 11:36:07 WARN module=api msg="disk usage above 80%"
2026-02-17 11:38:20 ERROR module=net msg="segment read failed"
2026-02-17 11:39:42 INFO module=disk msg="user logged in"
2026-02-17 11:40:27 INFO module=disk msg="request completed"
2026-02-17 11:44:15 WARN module=db msg="retrying request"
2026-02-17 11:45:04 DEBUG module=sched msg="queue length checked"
2026-02-17 11:47:16 WARN module=disk msg="deprecated option used"
2026-02-17 11:48:57 DEBUG module=net msg="retry counter reset"
2026-02-17 11:49:12 INFO module=auth msg="job scheduled"
2026-02-17 11:54:11 DEBUG module=disk msg="heartbeat sent"
2026-02-17 11:57:30 INFO module=fs msg="service started"
2026-02-17 11:57:50 INFO module=sched msg="config reloaded"
2026-02-17 12:02:32 INFO module=api msg="config reloaded"
2026-02-17 12:02:47 INFO module=db msg="job scheduled"
2026-02-17 12:03:34 INFO module=sched msg="service started"
2026-02-17 12:04:22 WARN module=cache msg="deprecated option used"
2026-02-17 12:04:30 INFO module=net msg="config reloaded"
2026-02-17 12:07:05 WARN module=api msg="token expires soon"
2026-02-17 12:10:43 INFO module=sched msg="request completed"
2026-02-17 12:12:02 INFO module=cache msg="request completed"
2026-02-17 12:12:21 WARN module=disk msg="token expires soon"
2026-02-17 12:12:46 INFO module=api msg="request completed"
2026-02-17 12:15:01 INFO module=net msg="job scheduled"
2026-02-17 12:15:43 INFO module=cache msg="service started"
2026-02-17 12:16:05 INFO module=db msg="user logged in"
2026-02-17 12:19:15 WARN module=db msg="deprecated option used"
2026-02-17 12:21:33 INFO module=net msg="cache warmed up"
2026-02-17 12:23:18 INFO module=disk msg="job scheduled"
2026-02-17 12:24:15 ERROR module=fs msg="connection timeout"
2026-02-17 12:26:41 WARN module=db msg="disk usage above 80%"
2026-02-17 12:27:36 INFO module=db msg="config reloaded"
2026-02-17 12:29:38 DEBUG module=db msg="buffer flushed"
2026-02-17 12:30:06 INFO module=net msg="config reloaded"
2026-02-17 12:31:59 ERROR module=cache msg="invalid token"
2026-02-17 12:36:38 INFO module=disk msg="request completed"
2026-02-17 12:39:14 INFO module=disk msg="user logged in"
2026-02-17 12:41:11 INFO module=auth msg="request completed"
2026-02-17 12:45:30 INFO module=api msg="cache warmed up"
2026-02-17 12:50:07 INFO module=disk msg="service started"
2026-02-17 12:55:55 DEBUG module=cache msg="heartbeat sent"
2026-02-17 12:56:15 INFO module=fs msg="request completed"
2026-02-17 12:57:13 DEBUG module=net msg="retry counter reset"
2026-02-17 12:58:44 INFO module=net msg="cache warmed up"
2026-02-17 12:59:57 WARN module=api msg="deprecated option used"
2026-02-17 13:06:20 WARN module=api msg="slow response"
2026-02-17 13:09:08 WARN module=disk msg="retrying request"
2026-02-17 13:16:18 DEBUG module=api msg="heartbeat sent"
2026-02-17 13:17:03 WARN module=cache msg="token expires soon"
2026-02-17 13:18:59 INFO module=api msg="cache warmed up"
2026-02-17 13:20:39 INFO module=db msg="job scheduled"
2026-02-17 13:21:53 ERROR module=disk msg="no space left on device"
2026-02-17 13:23:48 WARN module=fs msg="deprecated option used"
2026-02-17 13:29:15 INFO module=sched msg="job scheduled"
2026-02-17 13:30:07 INFO module=net msg="service started"
2026-02-17 13:33:54 INFO module=net msg="service started"
2026-02-17 13:41:38 INFO module=db msg="service started"
2026-02-17 13:45:45 INFO module=disk msg="job scheduled"
2026-02-17 13:46:28 ERROR module=cache msg="connection refused"
2026-02-17 13:49:18 INFO module=cache msg="service started"
2026-02-17 13:54:25 INFO module=api msg="config reloaded"
2026-02-17 13:56:21 INFO module=disk msg="request completed"
2026-02-17 13:56:23 INFO module=cache msg="job scheduled"
2026-02-17 13:58:58 INFO module=auth msg="job scheduled"
2026-02-17 14:00:11 ERROR module=db msg="query failed"
2026-02-17 14:00:34 ERROR module=db msg="no space left on device"
2026-02-17 14:00:49 INFO module=api msg="request completed"
2026-02-17 14:00:52 ERROR module=db msg="connection timeout"
2026-02-17 14:00:57 ERROR module=db msg="permission denied"
2026-02-17 14:01:07 ERROR module=db msg="invalid token"
2026-02-17 14:01:14 ERROR module=db msg="connection refused"
2026-02-17 14:01:20 ERROR module=db msg="connection timeout"
2026-02-17 14:01:21 ERROR module=db msg="invalid token"
2026-02-17 14:01:27 INFO module=cache msg="user logged in"
2026-02-17 14:01:48 ERROR module=db msg="connection refused"
2026-02-17 14:02:37 ERROR module=db msg="query failed"
2026-02-17 14:03:05 ERROR module=db msg="no space left on device"
2026-02-17 14:03:28 ERROR module=db msg="permission denied"
2026-02-17 14:03:30 ERROR module=db msg="no space left on device"
2026-02-17 14:04:20 ERROR module=db msg="no space left on device"
2026-02-17 14:04:37 ERROR module=db msg="no space left on device"
2026-02-17 14:05:58 ERROR module=db msg="segment read failed"
2026-02-17 14:06:19 INFO module=api msg="service started"
2026-02-17 14:06:24 ERROR module=db msg="segment read failed"
2026-02-17 14:06:44 ERROR module=db msg="query failed"
2026-02-17 14:06:57 WARN module=auth msg="token expires soon"
2026-02-17 14:07:27 ERROR module=db msg="query failed"
2026-02-17 14:07:34 ERROR module=db msg="query failed"
2026-02-17 14:07:46 INFO module=api msg="cache warmed up"
2026-02-17 14:07:56 DEBUG module=sched msg="entering handler"
2026-02-17 14:08:29 ERROR module=db msg="connection timeout"
2026-02-17 14:08:44 INFO module=disk msg="config reloaded"
2026-02-17 14:09:09 INFO module=net msg="request completed"
2026-02-17 14:09:12 ERROR module=db msg="connection timeout"
2026-02-17 14:10:31 INFO module=disk msg="config reloaded"
2026-02-17 14:10:45 DEBUG module=api msg="heartbeat sent"
2026-02-17 14:10:47 ERROR module=db msg="no space left on device"
2026-02-17 14:11:21 ERROR module=db msg="no space left on device"
2026-02-17 14:11:25 ERROR module=db msg="invalid token"
2026-02-17 14:12:01 ERROR module=db msg="no space left on device"
2026-02-17 14:12:22 ERROR module=db msg="query failed"
2026-02-17 14:12:47 ERROR module=db msg="connection refused"
2026-02-17 14:13:06 ERROR module=db msg="connection refused"
2026-02-17 14:13:08 ERROR module=db msg="permission denied"
2026-02-17 14:13:19 WARN module=disk msg="slow response"
2026-02-17 14:13:21 ERROR module=db msg="no space left on device"
2026-02-17 14:13:46 ERROR module=db msg="connection timeout"
2026-02-17 14:14:30 ERROR module=db msg="permission denied"
2026-02-17 14:15:19 ERROR module=db msg="no space left on device"
2026-02-17 14:16:05 ERROR module=db msg="connection timeout"
2026-02-17 14:16:19 ERROR module=db msg="permission denied"
2026-02-17 14:16:43 ERROR module=db msg="invalid token"
2026-02-17 14:17:18 ERROR module=db msg="connection timeout"
2026-02-17 14:17:59 ERROR module=db msg="connection refused"
2026-02-17 14:18:11 ERROR module=db msg="query failed"
2026-02-17 14:18:39 INFO module=sched msg="service started"
2026-02-17 14:19:24 ERROR module=db msg="segment read failed"
2026-02-17 14:20:18 ERROR module=db msg="connection timeout"
2026-02-17 14:21:01 ERROR module=db msg="query failed"
2026-02-17 14:22:33 ERROR module=db msg="connection refused"
2026-02-17 14:24:31 ERROR module=db msg="query failed"
2026-02-17 14:25:24 ERROR module=db msg="invalid token"
2026-02-17 14:25:51 ERROR module=db msg="permission denied"
2026-02-17 14:25:58 ERROR module=db msg="connection timeout"
2026-02-17 14:26:21 ERROR module=db msg="query failed"
2026-02-17 14:27:30 ERROR module=db msg="no space left on device"
2026-02-17 14:27:44 ERROR module=db msg="invalid token"
2026-02-17 14:27:47 ERROR module=db msg="no space left on device"
2026-02-17 14:27:49 ERROR module=db msg="no space left on device"
2026-02-17 14:27:52 ERROR module=db msg="query failed"
2026-02-17 14:28:06 INFO module=api msg="user logged in"
2026-02-17 14:28:16 DEBUG module=net msg="entering handler"
2026-02-17 14:28:27 ERROR module=db msg="query failed"
2026-02-17 14:28:50 ERROR module=db msg="invalid token"
2026-02-17 14:28:56 ERROR module=db msg="permission denied"
2026-02-17 14:29:06 ERROR module=db msg="no space left on device"
2026-02-17 14:29:29 ERROR module=db msg="no space left on device"
2026-02-17 14:30:20 ERROR module=db msg="connection refused"
2026-02-17 14:30:27 WARN module=net msg="disk usage above 80%"
2026-02-17 14:30:35 ERROR module=db msg="segment read failed"
2026-02-17 14:31:13 ERROR module=db msg="connection refused"
2026-02-17 14:31:16 ERROR module=db msg="connection timeout"
2026-02-17 14:31:19 ERROR module=db msg="segment read failed"
2026-02-17 14:31:26 ERROR module=db msg="connection timeout"
2026-02-17 14:31:35 ERROR module=db msg="invalid token"
2026-02-17 14:31:40 ERROR module=db msg="query failed"
2026-02-17 14:32:23 ERROR module=db msg="connection refused"
2026-02-17 14:32:25 ERROR module=db msg="invalid token"
2026-02-17 14:32:51 WARN module=api msg="retrying request"
2026-02-17 14:33:04 ERROR module=api msg="connection refused"
2026-02-17 14:33:06 ERROR module=db msg="invalid token"
2026-02-17 14:33:29 ERROR module=db msg="query failed"
2026-02-17 14:33:36 ERROR module=db msg="connection timeout"
2026-02-17 14:34:40 ERROR module=db msg="no space left on device"
2026-02-17 14:35:27 ERROR module=db msg="no space left on device"
2026-02-17 14:35:38 ERROR module=db msg="invalid token"
2026-02-17 14:36:02 INFO module=cache msg="cache warmed up"
2026-02-17 14:36:05 INFO module=cache msg="config reloaded"
2026-02-17 14:36:27 ERROR module=db msg="permission denied"
2026-02-17 14:37:05 ERROR module=db msg="invalid token"
2026-02-17 14:37:57 INFO module=net msg="job scheduled"
2026-02-17 14:39:19 ERROR module=db msg="segment read failed"
2026-02-17 14:39:55 ERROR module=db msg="no space left on device"
2026-02-17 14:40:35 ERROR module=db msg="no space left on device"
2026-02-17 14:41:29 ERROR module=db msg="connection refused"
2026-02-17 14:41:35 INFO module=net msg="cache warmed up"
2026-02-17 14:41:58 DEBUG module=fs msg="heartbeat sent"
2026-02-17 14:43:01 ERROR module=db msg="connection timeout"
2026-02-17 14:43:23 ERROR module=db msg="segment read failed"
2026-02-17 14:43:25 ERROR module=db msg="connection timeout"
2026-02-17 14:43:29 INFO module=fs msg="config reloaded"
2026-02-17 14:43:34 ERROR module=db msg="connection refused"
2026-02-17 14:43:57 ERROR module=db msg="query failed"
2026-02-17 14:44:14 ERROR module=db msg="permission denied"
2026-02-17 14:44:19 ERROR module=db msg="connection refused"
2026-02-17 14:45:05 ERROR module=db msg="invalid token"
2026-02-17 14:45:46 ERROR module=db msg="segment read failed"
2026-02-17 14:45:54 ERROR module=db msg="invalid token"
2026-02-17 14:46:11 INFO module=api msg="job scheduled"
2026-02-17 14:46:17 ERROR module=db msg="no space left on device"
2026-02-17 14:46:49 ERROR module=db msg="connection timeout"
2026-02-17 14:46:56 ERROR module=db msg="invalid token"
2026-02-17 14:47:01 ERROR module=db msg="connection refused"
2026-02-17 14:47:39 ERROR module=db msg="invalid token"
2026-02-17 14:48:14 ERROR module=db msg="connection timeout"
2026-02-17 14:48:28 ERROR module=db msg="invalid token"
2026-02-17 14:48:40 DEBUG module=fs msg="heartbeat sent"
2026-02-17 14:49:06 ERROR module=db msg="invalid token"
2026-02-17 14:50:04 ERROR module=db msg="connection refused"
2026-02-17 14:50:17 ERROR module=db msg="invalid token"
2026-02-17 14:51:21 ERROR module=db msg="connection timeout"
2026-02-17 14:51:26 ERROR module=db msg="invalid token"
2026-02-17 14:52:28 ERROR module=db msg="connection timeout"
2026-02-17 14:52:29 ERROR module=db msg="permission denied"
2026-02-17 14:52:44 ERROR module=db msg="connection refused"
2026-02-17 14:53:51 ERROR module=db msg="segment read failed"
2026-02-17 14:54:30 ERROR module=db msg="query failed"
2026-02-17 14:55:15 ERROR module=db msg="no space left on device"
2026-02-17 14:55:17 ERROR module=db msg="connection timeout"
2026-02-17 14:55:38 ERROR module=db msg="query failed"
2026-02-17 14:56:11 ERROR module=db msg="permission denied"
2026-02-17 14:56:15 ERROR module=db msg="connection timeout"
2026-02-17 14:56:22 ERROR module=auth msg="permission denied"
2026-02-17 14:56:33 ERROR module=db msg="no space left on device"
2026-02-17 14:57:09 ERROR module=db msg="permission denied"
2026-02-17 14:57:32 WARN module=db msg="disk usage above 80%"
2026-02-17 14:57:38 ERROR module=db msg="segment read failed"
2026-02-17 14:58:31 ERROR module=db msg="permission denied"
2026-02-17 14:58:35 ERROR module=db msg="invalid token"
2026-02-17 14:58:42 ERROR module=db msg="invalid token"
2026-02-17 14:58:47 ERROR module=db msg="connection timeout"
2026-02-17 14:59:09 ERROR module=db msg="no space left on device"
2026-02-17 14:59:55 INFO module=auth msg="cache warmed up"
2026-02-17 15:00:58 INFO module=net msg="job scheduled"
2026-02-17 15:03:15 INFO module=api msg="user logged in"
2026-02-17 15:05:03 DEBUG module=cache msg="buffer flushed"
2026-02-17 15:06:54 DEBUG module=fs msg="heartbeat sent"
2026-02-17 15:07:26 INFO module=db msg="service started"
2026-02-17 15:08:54 INFO module=net msg="request completed"
2026-02-17 15:12:29 DEBUG module=net msg="entering handler"
2026-02-17 15:13:21 INFO module=api msg="config reloaded"
2026-02-17 15:14:38 ERROR module=net msg="no space left on device"
2026-02-17 15:15:58 INFO module=sched msg="service started"
2026-02-17 15:20:16 INFO module=cache msg="service started"
2026-02-17 15:21:05 INFO module=net msg="cache warmed up"
2026-02-17 15:21:17 INFO module=sched msg="user logged in"
2026-02-17 15:25:07 WARN module=net msg="token expires soon"
2026-02-17 15:29:53 INFO module=net msg="config reloaded"
2026-02-17 15:29:56 INFO module=sched msg="job scheduled"
2026-02-17 15:30:52 INFO module=net msg="job scheduled"
2026-02-17 15:38:10 INFO module=net msg="config reloaded"
2026-02-17 15:48:49 INFO module=net msg="job scheduled"
2026-02-17 15:51:04 INFO module=auth msg="cache warmed up"
2026-02-17 15:52:23 INFO module=auth msg="config reloaded"
2026-02-17 15:54:45 INFO module=auth msg="cache warmed up"
2026-02-17 15:57:22 INFO module=sched msg="service started"
2026-02-17 16:02:25 DEBUG module=api msg="retry counter reset"
2026-02-17 16:07:57 INFO module=sched msg="job scheduled"
2026-02-17 16:12:00 WARN module=cache msg="deprecated option used"
2026-02-17 16:12:52 DEBUG module=fs msg="heartbeat sent"
2026-02-17 16:17:56 INFO module=net msg="user logged in"
2026-02-17 16:23:21 INFO module=auth msg="service started"
2026-02-17 16:23:52 INFO module=net msg="config reloaded"
2026-02-17 16:27:04 INFO module=cache msg="request completed"
2026-02-17 16:28:53 ERROR module=fs msg="connection timeout"
2026-02-17 16:31:28 INFO module=cache msg="job scheduled"
2026-02-17 16:33:59 WARN module=disk msg="deprecated option used"
2026-02-17 16:34:23 INFO module=cache msg="job scheduled"
2026-02-17 16:35:09 WARN module=cache msg="token expires soon"
2026-02-17 16:35:15 WARN module=fs msg="disk usage above 80%"
2026-02-17 16:35:37 DEBUG module=db msg="entering handler"
2026-02-17 16:38:45 ERROR module=net msg="connection refused"
2026-02-17 16:40:29 INFO module=cache msg="user logged in"
2026-02-17 16:41:11 WARN module=api msg="deprecated option used"
2026-02-17 16:42:08 ERROR module=fs msg="connection refused"
2026-02-17 16:43:33 INFO module=sched msg="cache warmed up"
2026-02-17 16:46:08 DEBUG module=net msg="queue length checked"
2026-02-17 16:50:05 WARN module=db msg="token expires soon"
2026-02-17 16:51:29 WARN module=disk msg="slow response"
2026-02-17 16:54:04 INFO module=db msg="config reloaded"
2026-02-17 16:55:05 INFO module=db msg="service started"
2026-02-17 16:55:07 INFO module=api msg="cache warmed up"
2026-02-17 16:55:48 INFO module=api msg="request completed"
2026-02-17 16:55:50 DEBUG module=sched msg="queue length checked"
2026-02-17 16:56:44 WARN module=api msg="disk usage above 80%"
2026-02-17 16:59:31 INFO module=cache msg="job scheduled"
2026-02-17 17:00:21 DEBUG module=db msg="retry counter reset"
2026-02-17 17:08:42 INFO module=cache msg="config reloaded"
2026-02-17 17:09:45 INFO module=fs msg="request completed"
2026-02-17 17:14:01 INFO module=fs msg="request completed"
2026-02-17 17:14:35 INFO module=fs msg="cache warmed up"
2026-02-17 17:14:43 INFO module=sched msg="request completed"
2026-02-17 17:16:58 INFO module=net msg="cache warmed up"
2026-02-17 17:29:16 INFO module=fs msg="user logged in"
2026-02-17 17:29:30 INFO module=api msg="cache warmed up"
2026-02-17 17:30:11 ERROR module=net msg="invalid token"
2026-02-17 17:31:19 INFO module=net msg="request completed"
2026-02-17 17:33:17 WARN module=db msg="token expires soon"
2026-02-17 17:35:05 DEBUG module=db msg="retry counter reset"
2026-02-17 17:36:29 INFO module=net msg="service started"
2026-02-17 17:38:48 INFO module=db msg="user logged in"
2026-02-17 17:48:42 INFO module=db msg="job scheduled"
2026-02-17 17:53:51 INFO module=fs msg="request completed"
2026-02-17 17:54:08 INFO module=cache msg="cache warmed up"
2026-02-17 17:54:12 INFO module=api msg="service started"
2026-02-17 17:56:39 INFO module=api msg="request completed"
2026-02-17 17:58:24 INFO module=disk msg="cache warmed up"
2026-02-17 17:58:32 INFO module=db msg="job scheduled"
2026-02-17 17:59:24 INFO module=auth msg="service started"
2026-02-17 18:02:41 INFO module=fs msg="service started"
2026-02-17 18:03:44 INFO module=disk msg="config reloaded"
2026-02-17 18:08:46 WARN module=fs msg="deprecated option used"
2026-02-17 18:09:09 DEBUG module=auth msg="buffer flushed"
2026-02-17 18:11:17 INFO module=sched msg="request completed"
2026-02-17 18:17:34 DEBUG module=sched msg="queue length checked"
2026-02-17 18:20:54 INFO module=db msg="service started"
2026-02-17 18:21:03 INFO module=auth msg="request completed"
2026-02-17 18:23:11 INFO module=auth msg="config reloaded"
2026-02-17 18:23:41 WARN module=net msg="deprecated option used"
2026-02-17 18:26:59 DEBUG module=net msg="buffer flushed"
2026-02-17 18:27:53 INFO module=api msg="cache warmed up"
2026-02-17 18:28:42 DEBUG module=sched msg="buffer flushed"
2026-02-17 18:28:43 INFO module=net msg="config reloaded"
2026-02-17 18:29:08 DEBUG module=sched msg="entering handler"
2026-02-17 18:29:46 INFO module=auth msg="user logged in"
2026-02-17 18:31:22 INFO module=net msg="request completed"
2026-02-17 18:34:25 WARN module=fs msg="deprecated option used"
2026-02-17 18:35:38 INFO module=db msg="cache warmed up"
2026-02-17 18:36:28 INFO module=cache msg="service started"
2026-02-17 18:37:39 INFO module=net msg="service started"
2026-02-17 18:38:11 ERROR module=net msg="connection refused"
2026-02-17 18:39:53 WARN module=net msg="token expires soon"
2026-02-17 18:40:12 INFO module=cache msg="request completed"
2026-02-17 18:44:29 INFO module=sched msg="job scheduled"
2026-02-17 18:46:46 INFO module=fs msg="service started"
2026-02-17 18:46:54 WARN module=disk msg="retrying request"
2026-02-17 18:47:04 INFO module=sched msg="request completed"
2026-02-17 18:47:53 INFO module=auth msg="user logged in"
2026-02-17 18:52:10 INFO module=sched msg="config reloaded"
2026-02-17 18:55:22 INFO module=cache msg="user logged in"
2026-02-17 18:55:47 WARN module=db msg="disk usage above 80%"
2026-02-17 18:58:35 WARN module=disk msg="token expires soon"
2026-02-17 18:58:36 INFO module=api msg="config reloaded"
2026-02-17 19:06:25 INFO module=api msg="service started"
2026-02-17 19:09:09 INFO module=db msg="user logged in"
2026-02-17 19:12:23 INFO module=fs msg="service started"
2026-02-17 19:12:35 DEBUG module=auth msg="entering handler"
2026-02-17 19:12:58 INFO module=db msg="request completed"
2026-02-17 19:14:02 INFO module=api msg="service started"
2026-02-17 19:14:08 INFO module=db msg="cache warmed up"
2026-02-17 19:18:07 INFO module=cache msg="cache warmed up"
2026-02-17 19:21:06 INFO module=api msg="config reloaded"
2026-02-17 19:26:16 DEBUG module=api msg="queue length checked"
2026-02-17 19:36:57 DEBUG module=db msg="entering handler"
2026-02-17 19:42:09 INFO module=api msg="request completed"
2026-02-17 19:42:17 WARN module=cache msg="token expires soon"
2026-02-17 19:43:53 INFO module=disk msg="job scheduled"
2026-02-17 19:46:58 INFO module=auth msg="cache warmed up"
2026-02-17 19:47:38 INFO module=api msg="job scheduled"
2026-02-17 19:48:26 INFO module=net msg="config reloaded"
2026-02-17 19:49:37 DEBUG module=net msg="retry counter reset"
2026-02-17 19:52:28 WARN module=db msg="disk usage above 80%"
2026-02-17 19:53:15 INFO module=disk msg="cache warmed up"
2026-02-17 19:59:33 WARN module=cache msg="retrying request"
2026-02-17 19:59:49 WARN module=disk msg="deprecated option used"
2026-02-17 20:00:01 INFO module=api msg="cache warmed up"
2026-02-17 20:04:25 INFO module=sched msg="user logged in"
2026-02-17 20:04:35 DEBUG module=cache msg="retry counter reset"
2026-02-17 20:08:06 ERROR module=disk msg="no space left on device"
2026-02-17 20:09:54 INFO module=auth msg="service started"
2026-02-17 20:10:24 WARN module=api msg="token expires soon"
2026-02-17 20:12:50 INFO module=fs msg="job scheduled"
2026-02-17 20:14:42 DEBUG module=auth msg="heartbeat sent"
2026-02-17 20:17:02 INFO module=fs msg="service started"
2026-02-17 20:17:10 INFO module=disk msg="user logged in"
2026-02-17 20:20:04 INFO module=fs msg="user logged in"
2026-02-17 20:25:51 INFO module=net msg="user logged in"
2026-02-17 20:29:35 INFO module=cache msg="request completed"
2026-02-17 20:30:00 DEBUG module=api msg="buffer flushed"
2026-02-17 20:30:16 ERROR module=net msg="query failed"
2026-02-17 20:30:23 INFO module=db msg="config reloaded"
2026-02-17 20:33:16 INFO module=fs msg="user logged in"
2026-02-17 20:33:24 DEBUG module=disk msg="entering handler"
2026-02-17 20:39:39 INFO module=cache msg="request completed"
2026-02-17 20:41:00 INFO module=disk msg="service started"
2026-02-17 20:45:55 INFO module=fs msg="request completed"
2026-02-17 20:46:20 WARN module=auth msg="slow response"
2026-02-17 20:46:58 INFO module=net msg="request completed"
2026-02-17 20:50:49 WARN module=auth msg="retrying request"
2026-02-17 20:51:16 WARN module=disk msg="disk usage above 80%"
2026-02-17 20:54:29 DEBUG module=auth msg="buffer flushed"
2026-02-17 20:56:53 ERROR module=auth msg="connection refused"
2026-02-17 21:01:12 INFO module=fs msg="service started"
2026-02-17 21:01:21 INFO module=fs msg="config reloaded"
2026-02-17 21:07:08 WARN module=cache msg="token expires soon"
2026-02-17 21:07:50 WARN module=sched msg="retrying request"
2026-02-17 21:08:19 INFO module=net msg="service started"
2026-02-17 21:14:28 INFO module=net msg="config reloaded"
2026-02-17 21:15:48 INFO module=sched msg="config reloaded"
2026-02-17 21:17:02 WARN module=cache msg="token expires soon"
2026-02-17 21:17:04 INFO module=db msg="user logged in"
2026-02-17 21:26:03 INFO module=db msg="cache warmed up"
2026-02-17 21:26:44 WARN module=net msg="retrying request"
2026-02-17 21:29:28 ERROR module=disk msg="connection refused"
2026-02-17 21:32:37 WARN module=api msg="deprecated option used"
2026-02-17 21:33:57 INFO module=api msg="request completed"
2026-02-17 21:38:58 INFO module=db msg="user logged in"
2026-02-17 21:42:25 WARN module=disk msg="slow response"
2026-02-17 21:44:40 DEBUG module=sched msg="queue length checked"
2026-02-17 21:45:38 INFO module=disk msg="job scheduled"
2026-02-17 21:45:56 WARN module=cache msg="slow response"
2026-02-17 21:46:13 WARN module=db msg="deprecated option used"
2026-02-17 21:50:37 INFO module=db msg="user logged in"
2026-02-17 21:51:47 INFO module=sched msg="service started"
2026-02-17 21:52:18 INFO module=disk msg="request completed"
2026-02-17 21:55:32 INFO module=db msg="config reloaded"
2026-02-17 22:01:09 ERROR module=net msg="invalid token"
2026-02-17 22:02:35 ERROR module=auth msg="permission denied"
2026-02-17 22:03:34 ERROR module=net msg="connection timeout"
2026-02-17 22:13:23 WARN module=db msg="slow response"
2026-02-17 22:14:05 INFO module=fs msg="user logged in"
2026-02-17 22:20:45 INFO module=api msg="cache warmed up"
2026-02-17 22:24:34 INFO module=api msg="request completed"
2026-02-17 22:30:12 INFO module=db msg="config reloaded"
2026-02-17 22:31:36 INFO module=db msg="user logged in"
2026-02-17 22:32:22 DEBUG module=fs msg="queue length checked"
2026-02-17 22:41:42 INFO module=auth msg="request completed"
2026-02-17 22:43:20 DEBUG module=cache msg="entering handler"
2026-02-17 22:44:48 INFO module=disk msg="cache warmed up"
2026-02-17 22:50:44 WARN module=cache msg="retrying request"
2026-02-17 23:00:14 WARN module=fs msg="token expires soon"
2026-02-17 23:02:43 INFO module=api msg="request completed"
2026-02-17 23:03:58 INFO module=cache msg="user logged in"
2026-02-17 23:05:50 INFO module=sched msg="request completed"
2026-02-17 23:07:36 INFO module=auth msg="request completed"
2026-02-17 23:09:04 INFO module=net msg="user logged in"
2026-02-17 23:10:56 ERROR module=sched msg="no space left on device"
2026-02-17 23:13:22 INFO module=auth msg="request completed"
2026-02-17 23:14:34 DEBUG module=net msg="entering handler"
2026-02-17 23:15:03 INFO module=sched msg="config reloaded"
2026-02-17 23:15:10 INFO module=sched msg="cache warmed up"
2026-02-17 23:21:37 WARN module=net msg="retrying request"
2026-02-17 23:22:04 INFO module=auth msg="service started"
2026-02-17 23:25:07 INFO module=api msg="service started"
2026-02-17 23:25:58 WARN module=db msg="deprecated option used"
2026-02-17 23:27:45 INFO module=cache msg="service started"
2026-02-17 23:29:16 INFO module=auth msg="config reloaded"
2026-02-17 23:30:30 INFO module=fs msg="user logged in"
2026-02-17 23:31:08 WARN module=net msg="slow response"
2026-02-17 23:32:21 INFO module=db msg="user logged in"
2026-02-17 23:39:01 WARN module=db msg="disk usage above 80%"
2026-02-17 23:42:38 INFO module=disk msg="cache warmed up"
2026-02-17 23:45:18 INFO module=api msg="user logged in"
2026-02-17 23:46:05 INFO module=auth msg="request completed"
2026-02-17 23:46:08 INFO module=fs msg="request completed"
2026-02-17 23:48:15 WARN module=cache msg="retrying request"
2026-02-17 23:48:45 INFO module=disk msg="job scheduled"
2026-02-17 23:49:07 INFO module=net msg="service started"
2026-02-17 23:52:21 INFO module=net msg="cache warmed up"
2026-02-17 23:55:06 INFO module=fs msg="service started"
2026-02-17 23:55:47 INFO module=api msg="service started"
2026-02-17 23:56:31 INFO module=api msg="user logged in"
2026-02-17 23:57:03 INFO module=cache msg="config reloaded"
2026-02-17 23:57:34 INFO module=api msg="job scheduled"
