2026-02-19 00:09:31 DEBUG module=sched msg="retry counter reset"
2026-02-19 00:13:22 ERROR module=db msg="connection refused"
2026-02-19 00:16:10 WARN module=net msg="disk usage above 80%"
2026-02-19 00:35:33 INFO module=auth msg="user logged in"
2026-02-19 00:39:28 INFO module=net msg="user logged in"
2026-02-19 00:39:31 INFO module=db msg="service started"
2026-02-19 00:40:32 INFO module=api msg="service started"
2026-02-19 00:42:18 INFO module=api msg="user logged in"
2026-02-19 00:43:05 INFO module=db msg="config reloaded"
2026-02-19 00:55:13 INFO module=sched msg="cache warmed up"
2026-02-19 00:59:51 INFO module=auth msg="cache warmed up"
2026-02-19 01:02:51 INFO module=api msg="service started"
2026-02-19 01:09:04 INFO module=db msg="config reloaded"
2026-02-19 01:10:13 INFO module=cache msg="service started"
2026-02-19 01:11:50 INFO module=fs msg="config reloaded"
2026-02-19 01:12:09 ERROR module=api msg="query failed"
2026-02-19 01:19:16 ERROR module=sched msg="no space left on device"
2026-02-19 01:20:56 INFO module=sched msg="user logged in"
2026-02-19 01:22:56 INFO module=api msg="user logged in"
2026-02-19 01:27:37 INFO module=cache msg="job scheduled"
2026-02-19 01:40:29 WARN module=disk msg="slow response"
2026-02-19 01:41:28 INFO module=api msg="service started"
2026-02-19 01:47:01 DEBUG module=net msg="heartbeat sent"
2026-02-19 01:51:11 INFO module=auth msg="cache warmed up"
2026-02-19 01:58:31 DEBUG module=sched msg="queue length checked"
2026-02-19 01:58:32 WARN module=db msg="disk usage above 80%"
2026-02-19 02:01:25 INFO module=cache msg="service started"
2026-02-19 02:11:03 DEBUG module=api msg="retry counter reset"
2026-02-19 02:11:33 INFO module=net msg="job scheduled"
2026-02-19 02:17:32 INFO module=disk msg="config reloaded"
2026-02-19 02:22:03 INFO module=fs msg="user logged in"
2026-02-19 02:27:28 WARN module=disk msg="disk usage above 80%"
2026-02-19 02:29:52 WARN module=sched msg="token expires soon"
2026-02-19 02:35:47 INFO module=auth msg="request completed"
2026-02-19 02:39:25 WARN module=fs msg="disk usage above 80%"
2026-02-19 02:40:07 WARN module=db msg="slow response"
2026-02-19 02:42:59 INFO module=fs msg="cache warmed up"
2026-02-19 02:43:31 INFO module=db msg="job scheduled"
2026-02-19 02:44:32 WARN module=disk msg="retrying request"
2026-02-19 02:48:12 INFO module=disk msg="config reloaded"
2026-02-19 02:49:16 WARN module=disk msg="disk usage above 80%"
2026-02-19 02:50:08 WARN module=disk msg="slow response"
2026-02-19 02:52:25 DEBUG module=cache msg="retry counter reset"
2026-02-19 03:02:12 INFO module=api msg="config reloaded"
2026-02-19 03:09:02 INFO module=net msg="cache warmed up"
2026-02-19 03:12:40 WARN module=cache msg="deprecated option used"
2026-02-19 03:14:00 WARN module=api msg="slow response"
2026-02-19 03:15:35 INFO module=auth msg="request completed"
2026-02-19 03:21:24 INFO module=disk msg="user logged in"
2026-02-19 03:26:22 WARN module=net msg="retrying request"
2026-02-19 03:27:50 DEBUG module=disk msg="queue length checked"
2026-02-19 03:34:56 INFO module=net msg="cache warmed up"
2026-02-19 03:43:49 DEBUG module=cache msg="queue length checked"
2026-02-19 03:52:49 ERROR module=net msg="connection timeout"
2026-02-19 03:58:04 INFO module=disk msg="cache warmed up"
2026-02-19 04:09:39 WARN module=cache msg="slow response"
2026-02-19 04:14:16 INFO module=sched msg="request completed"
2026-02-19 04:23:57 INFO module=auth msg="service started"
2026-02-19 04:30:56 INFO module=disk msg="config reloaded"
2026-02-19 04:32:26 WARN module=disk msg="disk usage above 80%"
2026-02-19 04:45:14 INFO module=cache msg="job scheduled"
2026-02-19 04:52:24 INFO module=disk msg="job scheduled"
2026-02-19 04:52:40 INFO module=api msg="request completed"
2026-02-19 04:55:22 INFO module=cache msg="config reloaded"
2026-02-19 05:03:50 WARN module=disk msg="disk usage above 80%"
2026-02-19 05:07:41 WARN module=cache msg="token expires soon"
2026-02-19 05:11:00 ERROR module=disk msg="segment read failed"
2026-02-19 05:17:14 INFO module=auth msg="job scheduled"
2026-02-19 05:23:26 INFO module=net msg="config reloaded"
2026-02-19 05:24:52 INFO module=cache msg="user logged in"
2026-02-19 05:26:12 DEBUG module=sched msg="heartbeat sent"
2026-02-19 05:29:09 INFO module=cache msg="request completed"
2026-02-19 05:31:42 INFO module=auth msg="cache warmed up"
2026-02-19 05:31:54 INFO module=db msg="config reloaded"
2026-02-19 05:32:20 INFO module=api msg="cache warmed up"
2026-02-19 05:32:28 INFO module=sched msg="cache warmed up"
2026-02-19 05:35:58 DEBUG module=cache msg="retry counter reset"
2026-02-19 05:40:04 INFO module=fs msg="config reloaded"
2026-02-19 05:47:31 WARN module=api msg="disk usage above 80%"
2026-02-19 05:47:46 INFO module=db msg="cache warmed up"
2026-02-19 05:50:53 INFO module=disk msg="user logged in"
2026-02-19 05:51:50 WARN module=sched msg="deprecated option used"
2026-02-19 05:57:24 INFO module=api msg="service started"
2026-02-19 05:58:31 INFO module=api msg="job scheduled"
2026-02-19 06:03:25 INFO module=auth msg="job scheduled"
2026-02-19 06:11:13 DEBUG module=db msg="entering handler"
2026-02-19 06:14:12 WARN module=disk msg="disk usage above 80%"
2026-02-19 06:21:13 INFO module=auth msg="service started"
2026-02-19 06:35:19 INFO module=disk msg="job scheduled"
2026-02-19 06:40:58 DEBUG module=fs msg="heartbeat sent"
2026-02-19 06:48:43 DEBUG module=cache msg="retry counter reset"
2026-02-19 07:05:07 INFO module=net msg="request completed"
2026-02-19 07:07:35 INFO module=disk msg="request completed"
2026-02-19 07:13:47 INFO module=sched msg="service started"
2026-02-19 07:19:43 DEBUG module=net msg="heartbeat sent"
2026-02-19 07:29:27 DEBUG module=fs msg="entering handler"
2026-02-19 07:29:54 DEBUG module=api msg="buffer flushed"
2026-02-19 07:31:35 INFO module=db msg="config reloaded"
2026-02-19 07:39:17 WARN module=net msg="token expires soon"
2026-02-19 07:48:51 INFO module=sched msg="job scheduled"
2026-02-19 07:55:55 INFO module=db msg="job scheduled"
2026-02-19 08:01:42 INFO module=api msg="user logged in"
2026-02-19 08:02:44 WARN module=sched msg="disk usage above 80%"
2026-02-19 08:05:19 WARN module=api msg="deprecated option used"
2026-02-19 08:07:35 WARN module=auth msg="disk usage above 80%"
2026-02-19 08:08:09 INFO module=api msg="user logged in"
2026-02-19 08:19:07 DEBUG module=fs msg="retry counter reset"
2026-02-19 08:32:58 INFO module=api msg="service started"
2026-02-19 08:48:21 INFO module=net msg="job scheduled"
2026-02-19 08:55:10 WARN module=disk msg="token expires soon"
2026-02-19 08:58:00 ERROR module=cache msg="invalid token"
2026-02-19 09:07:39 INFO module=net msg="user logged in"
2026-02-19 09:25:40 INFO module=auth msg="request completed"
2026-02-19 09:29:02 WARN module=fs msg="disk usage above 80%"
2026-02-19 09:34:53 INFO module=auth msg="config reloaded"
2026-02-19 09:37:23 WARN module=fs msg="deprecated option used"
2026-02-19 09:38:59 DEBUG module=api msg="queue length checked"
2026-02-19 09:47:14 INFO module=auth msg="job scheduled"
2026-02-19 09:51:13 DEBUG module=cache msg="retry counter reset"
2026-02-19 09:54:37 WARN module=api msg="token expires soon"
2026-02-19 09:59:41 INFO module=fs msg="job scheduled"
2026-02-19 10:10:21 INFO module=db msg="cache warmed up"
2026-02-19 10:12:48 DEBUG module=fs msg="retry counter reset"
2026-02-19 10:33:41 INFO module=db msg="user logged in"
2026-02-19 10:35:29 INFO module=api msg="cache warmed up"
2026-02-19 10:45:00 DEBUG module=net msg="heartbeat sent"
2026-02-19 10:45:51 INFO module=disk msg="user logged in"
2026-02-19 10:49:04 DEBUG module=net msg="queue length checked"
2026-02-19 10:49:57 INFO module=db msg="job scheduled"
2026-02-19 10:52:44 INFO module=net msg="job scheduled"
2026-02-19 10:56:35 INFO module=api msg="cache warmed up"
2026-02-19 10:57:27 DEBUG module=cache msg="entering handler"
2026-02-19 10:59:40 INFO module=net msg="job scheduled"
2026-02-19 11:03:48 INFO module=api msg="user logged in"
2026-02-19 11:06:14 INFO module=auth msg="request completed"
2026-02-19 11:09:56 INFO module=db msg="cache warmed up"
2026-02-19 11:13:10 ERROR module=disk msg="connection timeout"
2026-02-19 11:27:08 INFO module=cache msg="job scheduled"
2026-02-19 11:32:35 DEBUG module=fs msg="buffer flushed"
2026-02-19 11:34:57 INFO module=auth msg="cache warmed up"
2026-02-19 11:35:10 INFO module=auth msg="config reloaded"
2026-02-19 11:40:37 DEBUG module=cache msg="entering handler"
2026-02-19 11:42:15 DEBUG module=sched msg="buffer flushed"
2026-02-19 11:43:53 WARN module=cache msg="retrying request"
2026-02-19 11:46:37 WARN module=disk msg="disk usage above 80%"
2026-02-19 11:47:01 INFO module=net msg="user logged in"
2026-02-19 11:50:28 WARN module=disk msg="token expires soon"
2026-02-19 11:52:48 INFO module=cache msg="request completed"
2026-02-19 11:53:46 DEBUG module=sched msg="buffer flushed"
2026-02-19 11:53:47 DEBUG module=cache msg="queue length checked"
2026-02-19 11:55:30 INFO module=db msg="request completed"
2026-02-19 11:59:32 INFO module=fs msg="job scheduled"
2026-02-19 12:05:52 ERROR module=disk msg="connection refused"
2026-02-19 12:09:02 INFO module=sched msg="request completed"
2026-02-19 12:15:18 INFO module=db msg="config reloaded"
2026-02-19 12:18:03 INFO module=net msg="job scheduled"
2026-02-19 12:20:43 INFO module=fs msg="user logged in"
2026-02-19 12:22:17 INFO module=fs msg="request completed"
2026-02-19 12:26:38 INFO module=disk msg="job scheduled"
2026-02-19 12:31:58 INFO module=db msg="request completed"
2026-02-19 12:38:38 INFO module=api msg="config reloaded"
2026-02-19 12:45:18 WARN module=auth msg="disk usage above 80%"
2026-02-19 12:46:08 DEBUG module=api msg="retry counter reset"
2026-02-19 12:46:14 INFO module=api msg="user logged in"
2026-02-19 12:50:38 INFO module=auth msg="user logged in"
2026-02-19 12:50:49 WARN module=api msg="slow response"
2026-02-19 12:55:09 INFO module=auth msg="job scheduled"
2026-02-19 13:05:03 INFO module=cache msg="request completed"
2026-02-19 13:09:23 INFO module=cache msg="config reloaded"
2026-02-19 13:15:45 DEBUG module=auth msg="retry counter reset"
2026-02-19 13:20:45 DEBUG module=auth msg="queue length checked"
2026-02-19 13:28:07 INFO module=api msg="service started"
2026-02-19 13:28:53 INFO module=fs msg="service started"
2026-02-19 13:29:20 DEBUG module=db msg="heartbeat sent"
2026-02-19 13:32:53 WARN module=fs msg="token expires soon"
2026-02-19 13:43:37 INFO module=db msg="config reloaded"
2026-02-19 13:48:33 WARN module=api msg="slow response"
2026-02-19 13:51:24 INFO module=api msg="job scheduled"
2026-02-19 13:51:55 INFO module=auth msg="job scheduled"
2026-02-19 13:52:57 INFO module=fs msg="service started"
2026-02-19 14:03:08 INFO module=db msg="user logged in"
2026-02-19 14:09:18 INFO module=fs msg="job scheduled"
2026-02-19 14:10:15 INFO module=fs msg="job scheduled"
2026-02-19 14:12:16 INFO module=api msg="job scheduled"
2026-02-19 14:16:00 WARN module=api msg="retrying request"
2026-02-19 14:17:11 DEBUG module=net msg="buffer flushed"
2026-02-19 14:17:52 INFO module=cache msg="job scheduled"
2026-02-19 14:20:23 WARN module=api msg="token expires soon"
2026-02-19 14:23:30 INFO module=db msg="config reloaded"
2026-02-19 14:26:13 WARN module=db msg="retrying request"
2026-02-19 14:29:06 INFO module=disk msg="user logged in"
2026-02-19 14:33:07 WARN module=api msg="token expires soon"
2026-02-19 14:51:56 INFO module=db msg="request completed"
2026-02-19 15:04:17 INFO module=disk msg="request completed"
2026-02-19 15:04:31 ERROR module=cache msg="permission denied"
2026-02-19 15:11:14 WARN module=auth msg="token expires soon"
2026-02-19 15:32:46 INFO module=sched msg="job scheduled"
2026-02-19 15:33:44 INFO module=net msg="config reloaded"
2026-02-19 15:35:35 INFO module=fs msg="job scheduled"
2026-02-19 15:52:42 DEBUG module=db msg="queue length checked"
2026-02-19 15:56:49 WARN module=net msg="retrying request"
2026-02-19 15:58:54 INFO module=db msg="service started"
2026-02-19 16:21:28 INFO module=sched msg="cache warmed up"
2026-02-19 16:32:11 ERROR module=auth msg="permission denied"
2026-02-19 16:34:07 INFO module=sched msg="service started"
2026-02-19 16:40:11 ERROR module=auth msg="segment read failed"
2026-02-19 16:42:35 INFO module=db msg="job scheduled"
2026-02-19 16:47:15 WARN module=net msg="retrying request"
2026-02-19 17:06:41 INFO module=net msg="request completed"
2026-02-19 17:09:36 INFO module=auth msg="cache warmed up"
2026-02-19 17:11:45 INFO module=fs msg="job scheduled"
2026-02-19 17:12:59 WARN module=disk msg="disk usage above 80%"
2026-02-19 17:13:35 INFO module=fs msg="config reloaded"
2026-02-19 17:22:43 INFO module=disk msg="cache warmed up"
2026-02-19 17:26:18 INFO module=disk msg="cache warmed up"
2026-02-19 17:31:11 INFO module=sched msg="request completed"
2026-02-19 17:35:39 INFO module=net msg="user logged in"
2026-02-19 17:45:41 INFO module=api msg="request completed"
2026-02-19 17:50:17 DEBUG module=sched msg="queue length checked"
2026-02-19 18:02:02 WARN module=net msg="retrying request"
2026-02-19 18:04:54 WARN module=disk msg="disk usage above 80%"
2026-02-19 18:24:38 ERROR module=net msg="no space left on device"
2026-02-19 18:24:52 INFO module=cache msg="service started"
2026-02-19 18:28:48 INFO module=sched msg="request completed"
2026-02-19 18:32:00 INFO module=auth msg="job scheduled"
2026-02-19 18:34:32 INFO module=auth msg="cache warmed up"
2026-02-19 18:35:10 WARN module=net msg="token expires soon"
2026-02-19 18:43:48 INFO module=disk msg="user logged in"
2026-02-19 18:48:09 INFO module=net msg="job scheduled"
2026-02-19 19:00:15 ERROR module=disk msg="connection timeout"
2026-02-19 19:04:45 INFO module=disk msg="job scheduled"
2026-02-19 19:06:16 INFO module=net msg="job scheduled"
2026-02-19 19:07:06 INFO module=cache msg="request completed"
2026-02-19 19:22:30 INFO module=auth msg="job scheduled"
2026-02-19 19:23:07 DEBUG module=fs msg="retry counter reset"
2026-02-19 19:29:58 DEBUG module=cache msg="queue length checked"
2026-02-19 19:34:50 DEBUG module=cache msg="retry counter reset"
2026-02-19 19:34:53 WARN module=db msg="token expires soon"
2026-02-19 19:40:57 INFO module=api msg="cache warmed up"
2026-02-19 19:49:37 INFO module=sched msg="cache warmed up"
2026-02-19 19:52:17 INFO module=disk msg="request completed"
2026-02-19 19:55:29 INFO module=cache msg="job scheduled"
2026-02-19 19:56:09 ERROR module=auth msg="connection refused"
2026-02-19 20:01:02 INFO module=fs msg="user logged in"
2026-02-19 20:01:51 ERROR module=net msg="connection timeout"
2026-02-19 20:03:02 WARN module=auth msg="retrying request"
2026-02-19 20:04:53 INFO module=sched msg="config reloaded"
2026-02-19 20:09:00 DEBUG module=db msg="entering handler"
2026-02-19 20:32:42 INFO module=cache msg="request completed"
2026-02-19 20:33:08 INFO module=net msg="job scheduled"
2026-02-19 20:36:26 INFO module=sched msg="user logged in"
2026-02-19 20:40:48 INFO module=net msg="config reloaded"
2026-02-19 20:56:22 INFO module=sched msg="user logged in"
2026-02-19 20:59:25 INFO module=sched msg="config reloaded"
2026-02-19 21:14:18 INFO module=disk msg="service started"
2026-02-19 21:15:03 INFO module=fs msg="user logged in"
2026-02-19 21:17:05 WARN module=disk msg="retrying request"
2026-02-19 21:21:44 WARN module=api msg="disk usage above 80%"
2026-02-19 21:27:17 INFO module=fs msg="config reloaded"
2026-02-19 21:29:50 INFO module=cache msg="request completed"
2026-02-19 21:40:43 INFO module=api msg="user logged in"
2026-02-19 21:43:35 INFO module=net msg="config reloaded"
2026-02-19 21:45:07 INFO module=auth msg="job scheduled"
2026-02-19 21:48:10 INFO module=net msg="service started"
2026-02-19 21:52:51 INFO module=net msg="user logged in"
2026-02-19 21:53:04 INFO module=cache msg="job scheduled"
2026-02-19 21:59:01 INFO module=auth msg="request completed"
2026-02-19 22:03:11 INFO module=net msg="request completed"
2026-02-19 22:03:20 INFO module=disk msg="job scheduled"
2026-02-19 22:04:17 DEBUG module=net msg="entering handler"
2026-02-19 22:05:46 INFO module=fs msg="job scheduled"
2026-02-19 22:09:39 WARN module=auth msg="deprecated option used"
2026-02-19 22:13:49 INFO module=fs msg="config reloaded"
2026-02-19 22:19:17 INFO module=api msg="cache warmed up"
2026-02-19 22:22:47 ERROR module=net msg="query failed"
2026-02-19 22:27:32 INFO module=fs msg="request completed"
2026-02-19 22:29:57 ERROR module=auth msg="segment read failed"
2026-02-19 22:36:25 DEBUG module=disk msg="heartbeat sent"
2026-02-19 22:41:05 INFO module=sched msg="cache warmed up"
2026-02-19 22:45:39 WARN module=db msg="token expires soon"
2026-02-19 22:46:25 INFO module=fs msg="user logged in"
2026-02-19 22:48:14 INFO module=db msg="cache warmed up"
2026-02-19 22:53:06 WARN module=net msg="slow response"
2026-02-19 22:53:38 ERROR module=sched msg="query failed"
2026-02-19 23:12:08 DEBUG module=fs msg="retry counter reset"
2026-02-19 23:12:58 INFO module=disk msg="service started"
2026-02-19 23:13:46 INFO module=disk msg="service started"
2026-02-19 23:14:17 INFO module=db msg="job scheduled"
2026-02-19 23:15:20 INFO module=net msg="config reloaded"
2026-02-19 23:15:59 DEBUG module=cache msg="retry counter reset"
2026-02-19 23:18:38 INFO module=disk msg="cache warmed up"
2026-02-19 23:26:58 INFO module=db msg="service started"
2026-02-19 23:33:32 INFO module=net msg="request completed"
2026-02-19 23:43:01 DEBUG module=disk msg="buffer flushed"
2026-02-19 23:58:58 INFO module=db msg="user logged in"
2026-02-19 23:59:13 DEBUG module=auth msg="retry counter reset"
