2026-03-03 00:01:51 DEBUG module=db msg="retry counter reset"
2026-03-03 00:08:33 WARN module=disk msg="disk usage above 80%"
2026-03-03 00:12:06 INFO module=cache msg="cache warmed up"
2026-03-03 00:13:35 INFO module=fs msg="config reloaded"
2026-03-03 00:13:49 DEBUG module=disk msg="queue length checked"
2026-03-03 00:15:30 INFO module=fs msg="service started"
2026-03-03 00:16:30 INFO module=api msg="cache warmed up"
2026-03-03 00:21:16 DEBUG module=disk msg="buffer flushed"
2026-03-03 00:22:05 INFO module=api msg="user logged in"
2026-03-03 00:25:45 ERROR module=net msg="segment read failed"
2026-03-03 00:27:46 INFO module=sched msg="user logged in"
2026-03-03 00:34:10 INFO module=net msg="request completed"
2026-03-03 00:35:01 INFO module=net msg="service started"
2026-03-03 00:36:26 INFO module=auth msg="request completed"
2026-03-03 00:36:53 INFO module=auth msg="cache warmed up"
2026-03-03 00:37:01 INFO module=auth msg="config reloaded"
2026-03-03 00:37:17 DEBUG module=fs msg="entering handler"
2026-03-03 00:38:45 INFO module=db msg="job scheduled"
2026-03-03 00:39:22 INFO module=net msg="user logged in"
2026-03-03 00:56:50 INFO module=auth msg="job scheduled"
2026-03-03 01:00:50 INFO module=fs msg="user logged in"
2026-03-03 01:03:14 INFO module=net msg="job scheduled"
2026-03-03 01:06:20 INFO module=sched msg="job scheduled"
2026-03-03 01:06:35 INFO module=auth msg="user logged in"
2026-03-03 01:09:03 INFO module=sched msg="service started"
2026-03-03 01:12:52 INFO module=net msg="config reloaded"
2026-03-03 01:12:59 ERROR module=net msg="permission denied"
2026-03-03 01:13:50 INFO module=net msg="user logged in"
2026-03-03 01:17:23 INFO module=db msg="job scheduled"
2026-03-03 01:18:38 INFO module=api msg="job scheduled"
2026-03-03 01:25:56 INFO module=sched msg="service started"
2026-03-03 01:27:50 INFO module=fs msg="config reloaded"
2026-03-03 01:33:40 INFO module=auth msg="job scheduled"
2026-03-03 01:35:12 INFO module=net msg="job scheduled"
2026-03-03 01:35:27 WARN module=sched msg="disk usage above 80%"
2026-03-03 01:36:30 INFO module=net msg="job scheduled"
2026-03-03 01:37:42 INFO module=net msg="request completed"
2026-03-03 01:40:17 DEBUG module=sched msg="retry counter reset"
2026-03-03 01:40:20 INFO module=net msg="service started"
2026-03-03 01:41:52 INFO module=auth msg="user logged in"
2026-03-03 01:41:57 DEBUG module=db msg="buffer flushed"
2026-03-03 01:45:16 INFO module=fs msg="job scheduled"
2026-03-03 01:50:46 INFO module=auth msg="job scheduled"
2026-03-03 01:54:16 DEBUG module=disk msg="queue length checked"
2026-03-03 01:58:03 DEBUG module=auth msg="heartbeat sent"
2026-03-03 02:02:39 ERROR module=auth msg="connection refused"
2026-03-03 02:07:00 ERROR module=db msg="connection timeout"
2026-03-03 02:09:59 INFO module=api msg="service started"
2026-03-03 02:21:51 WARN module=sched msg="slow response"
2026-03-03 02:24:21 WARN module=cache msg="disk usage above 80%"
2026-03-03 02:27:43 DEBUG module=cache msg="buffer flushed"
2026-03-03 02:28:16 DEBUG module=fs msg="queue length checked"
2026-03-03 02:35:13 DEBUG module=disk msg="entering handler"
2026-03-03 02:35:44 INFO module=disk msg="service started"
2026-03-03 02:35:49 INFO module=net msg="cache warmed up"
2026-03-03 02:39:33 INFO module=disk msg="cache warmed up"
2026-03-03 02:47:03 ERROR module=cache msg="connection refused"
2026-03-03 02:49:56 DEBUG module=cache msg="entering handler"
2026-03-03 02:50:49 INFO module=db msg="config reloaded"
2026-03-03 02:50:54 ERROR module=net msg="connection timeout"
2026-03-03 02:54:05 WARN module=net msg="deprecated option used"
2026-03-03 03:01:22 ERROR module=db msg="segment read failed"
2026-03-03 03:05:17 DEBUG module=sched msg="retry counter reset"
2026-03-03 03:06:07 WARN module=db msg="slow response"
2026-03-03 03:09:09 INFO module=auth msg="request completed"
2026-03-03 03:10:42 INFO module=auth msg="service started"
2026-03-03 03:13:51 WARN module=net msg="slow response"
2026-03-03 03:22:42 ERROR module=auth msg="segment read failed"
2026-03-03 03:26:51 WARN module=auth msg="token expires soon"
2026-03-03 03:29:58 DEBUG module=fs msg="entering handler"
2026-03-03 03:31:17 INFO module=fs msg="user logged in"
2026-03-03 03:31:38 INFO module=api msg="user logged in"
2026-03-03 03:33:47 INFO module=auth msg="job scheduled"
2026-03-03 03:35:47 INFO module=cache msg="job scheduled"
2026-03-03 03:39:34 INFO module=disk msg="user logged in"
2026-03-03 03:42:38 DEBUG module=cache msg="heartbeat sent"
2026-03-03 03:43:01 INFO module=cache msg="job scheduled"
2026-03-03 03:43:06 DEBUG module=db msg="buffer flushed"
2026-03-03 03:46:19 INFO module=auth msg="user logged in"
2026-03-03 03:47:37 INFO module=disk msg="user logged in"
2026-03-03 03:48:33 INFO module=db msg="user logged in"
2026-03-03 03:48:43 INFO module=db msg="service started"
2026-03-03 03:49:55 INFO module=net msg="user logged in"
2026-03-03 03:52:03 INFO module=cache msg="request completed"
2026-03-03 03:55:58 INFO module=api msg="config reloaded"
2026-03-03 04:00:19 ERROR module=net msg="invalid token"
2026-03-03 04:01:51 WARN module=net msg="retrying request"
2026-03-03 04:03:16 DEBUG module=disk msg="entering handler"
2026-03-03 04:03:39 DEBUG module=auth msg="buffer flushed"
2026-03-03 04:04:40 DEBUG module=api msg="queue length checked"
2026-03-03 04:04:43 INFO module=net msg="service started"
2026-03-03 04:08:14 ERROR module=auth msg="permission denied"
2026-03-03 04:15:29 INFO module=auth msg="cache warmed up"
2026-03-03 04:15:45 INFO module=net msg="user logged in"
2026-03-03 04:15:55 INFO module=fs msg="service started"
2026-03-03 04:17:59 INFO module=api msg="cache warmed up"
2026-03-03 04:20:48 INFO module=net msg="service started"
2026-03-03 04:26:35 INFO module=fs msg="config reloaded"
2026-03-03 04:27:16 INFO module=fs msg="request completed"
2026-03-03 04:27:47 INFO module=fs msg="job scheduled"
2026-03-03 04:29:05 INFO module=net msg="service started"
2026-03-03 04:30:52 WARN module=fs msg="retrying request"
2026-03-03 04:33:19 WARN module=net msg="retrying request"
2026-03-03 04:37:19 WARN module=cache msg="disk usage above 80%"
2026-03-03 04:37:43 INFO module=auth msg="request completed"
2026-03-03 04:40:15 INFO module=cache msg="user logged in"
2026-03-03 04:41:24 ERROR module=net msg="connection refused"
2026-03-03 04:41:30 INFO module=fs msg="job scheduled"
2026-03-03 04:41:32 INFO module=net msg="config reloaded"
2026-03-03 04:43:15 DEBUG module=cache msg="heartbeat sent"
2026-03-03 04:45:04 WARN module=cache msg="deprecated option used"
2026-03-03 04:47:15 INFO module=net msg="service started"
2026-03-03 04:49:24 WARN module=db msg="retrying request"
2026-03-03 04:55:22 INFO module=net msg="service started"
2026-03-03 05:02:24 INFO module=cache msg="config reloaded"
2026-03-03 05:04:24 WARN module=auth msg="deprecated option used"
2026-03-03 05:06:56 INFO module=disk msg="config reloaded"
2026-03-03 05:08:18 INFO module=auth msg="config reloaded"
2026-03-03 05:08:23 INFO module=auth msg="cache warmed up"
2026-03-03 05:17:34 INFO module=auth msg="user logged in"
2026-03-03 05:18:17 ERROR module=auth msg="invalid token"
2026-03-03 05:23:49 INFO module=sched msg="user logged in"
2026-03-03 05:25:33 WARN module=auth msg="disk usage above 80%"
2026-03-03 05:26:42 INFO module=sched msg="service started"
2026-03-03 05:30:35 DEBUG module=cache msg="retry counter reset"
2026-03-03 05:30:38 INFO module=db msg="request completed"
2026-03-03 05:32:30 INFO module=db msg="service started"
2026-03-03 05:33:22 INFO module=net msg="service started"
2026-03-03 05:34:07 DEBUG module=sched msg="queue length checked"
2026-03-03 05:36:51 ERROR module=net msg="query failed"
2026-03-03 05:38:00 DEBUG module=auth msg="buffer flushed"
2026-03-03 05:38:08 INFO module=api msg="service started"
2026-03-03 05:39:25 INFO module=disk msg="job scheduled"
2026-03-03 05:42:44 INFO module=disk msg="job scheduled"
2026-03-03 05:44:16 INFO module=fs msg="config reloaded"
2026-03-03 05:45:06 DEBUG module=net msg="buffer flushed"
2026-03-03 05:49:26 WARN module=disk msg="deprecated option used"
2026-03-03 05:49:33 ERROR module=cache msg="query failed"
2026-03-03 05:49:50 WARN module=disk msg="disk usage above 80%"
2026-03-03 05:50:26 INFO module=db msg="user logged in"
2026-03-03 05:50:31 DEBUG module=disk msg="entering handler"
2026-03-03 05:57:38 DEBUG module=sched msg="entering handler"
2026-03-03 05:58:57 INFO module=net msg="job scheduled"
2026-03-03 06:05:23 INFO module=cache msg="cache warmed up"
2026-03-03 06:11:13 INFO module=db msg="cache warmed up"
2026-03-03 06:17:30 WARN module=auth msg="slow response"
2026-03-03 06:19:35 INFO module=db msg="service started"
2026-03-03 06:21:20 WARN module=net msg="disk usage above 80%"
2026-03-03 06:22:24 INFO module=api msg="user logged in"
2026-03-03 06:23:11 INFO module=auth msg="cache warmed up"
2026-03-03 06:24:08 DEBUG module=net msg="queue length checked"
2026-03-03 06:24:24 INFO module=api msg="request completed"
2026-03-03 06:27:40 INFO module=cache msg="job scheduled"
2026-03-03 06:28:00 INFO module=cache msg="service started"
2026-03-03 06:28:26 ERROR module=net msg="no space left on device"
2026-03-03 06:31:17 INFO module=fs msg="user logged in"
2026-03-03 06:34:14 INFO module=cache msg="user logged in"
2026-03-03 06:34:45 INFO module=cache msg="request completed"
2026-03-03 06:36:17 INFO module=db msg="user logged in"
2026-03-03 06:37:21 DEBUG module=sched msg="queue length checked"
2026-03-03 06:37:24 DEBUG module=disk msg="heartbeat sent"
2026-03-03 06:38:31 WARN module=net msg="deprecated option used"
2026-03-03 06:39:38 INFO module=net msg="job scheduled"
2026-03-03 06:42:45 WARN module=net msg="disk usage above 80%"
2026-03-03 06:42:46 INFO module=cache msg="service started"
2026-03-03 06:44:03 INFO module=cache msg="config reloaded"
2026-03-03 06:45:43 INFO module=net msg="cache warmed up"
2026-03-03 06:46:04 WARN module=db msg="disk usage above 80%"
2026-03-03 06:47:47 INFO module=net msg="cache warmed up"
2026-03-03 06:50:45 DEBUG module=auth msg="retry counter reset"
2026-03-03 06:50:55 INFO module=api msg="request completed"
2026-03-03 06:53:23 DEBUG module=api msg="heartbeat sent"
2026-03-03 06:55:25 INFO module=net msg="request completed"
2026-03-03 06:55:58 INFO module=net msg="service started"
2026-03-03 06:56:42 DEBUG module=sched msg="queue length checked"
2026-03-03 07:02:07 INFO module=sched msg="cache warmed up"
2026-03-03 07:05:27 INFO module=db msg="cache warmed up"
2026-03-03 07:05:34 WARN module=net msg="disk usage above 80%"
2026-03-03 07:06:25 ERROR module=cache msg="invalid token"
2026-03-03 07:11:40 INFO module=net msg="user logged in"
2026-03-03 07:13:01 INFO module=api msg="config reloaded"
2026-03-03 07:14:37 INFO module=api msg="cache warmed up"
2026-03-03 07:22:59 WARN module=net msg="token expires soon"
2026-03-03 07:26:03 DEBUG module=db msg="queue length checked"
2026-03-03 07:27:42 INFO module=disk msg="job scheduled"
2026-03-03 07:29:25 INFO module=net msg="config reloaded"
2026-03-03 07:29:34 WARN module=db msg="disk usage above 80%"
2026-03-03 07:30:28 DEBUG module=db msg="buffer flushed"
2026-03-03 07:30:37 ERROR module=net msg="segment read failed"
2026-03-03 07:30:54 INFO module=net msg="request completed"
2026-03-03 07:32:01 ERROR module=api msg="no space left on device"
2026-03-03 07:32:14 WARN module=net msg="disk usage above 80%"
2026-03-03 07:32:18 WARN module=db msg="disk usage above 80%"
2026-03-03 07:36:04 INFO module=disk msg="config reloaded"
2026-03-03 07:39:49 DEBUG module=net msg="entering handler"
2026-03-03 07:42:11 INFO module=api msg="service started"
2026-03-03 07:44:04 INFO module=db msg="user logged in"
2026-03-03 07:45:39 WARN module=net msg="deprecated option used"
2026-03-03 07:46:58 INFO module=net msg="request completed"
2026-03-03 07:47:18 INFO module=api msg="job scheduled"
2026-03-03 07:48:17 INFO module=sched msg="service started"
2026-03-03 07:49:38 ERROR module=net msg="connection timeout"
2026-03-03 07:49:46 DEBUG module=disk msg="retry counter reset"
2026-03-03 07:52:22 WARN module=fs msg="retrying request"
2026-03-03 07:52:23 WARN module=cache msg="token expires soon"
2026-03-03 07:53:30 INFO module=db msg="cache warmed up"
2026-03-03 08:00:57 INFO module=cache msg="user logged in"
2026-03-03 08:02:31 WARN module=api msg="retrying request"
2026-03-03 08:05:08 WARN module=disk msg="disk usage above 80%"
2026-03-03 08:09:29 INFO module=net msg="request completed"
2026-03-03 08:10:37 INFO module=api msg="job scheduled"
2026-03-03 08:10:49 INFO module=sched msg="user logged in"
2026-03-03 08:10:59 INFO module=db msg="request completed"
2026-03-03 08:11:43 INFO module=auth msg="cache warmed up"
2026-03-03 08:16:32 WARN module=db msg="deprecated option used"
2026-03-03 08:21:30 INFO module=net msg="user logged in"
2026-03-03 08:26:35 INFO module=api msg="request completed"
2026-03-03 08:27:58 DEBUG module=disk msg="queue length checked"
2026-03-03 08:28:51 DEBUG module=api msg="heartbeat sent"
2026-03-03 08:29:54 WARN module=api msg="disk usage above 80%"
2026-03-03 08:30:31 INFO module=db msg="user logged in"
2026-03-03 08:32:55 INFO module=auth msg="request completed"
2026-03-03 08:40:27 INFO module=fs msg="config reloaded"
2026-03-03 08:43:16 WARN module=disk msg="deprecated option used"
2026-03-03 08:43:29 DEBUG module=api msg="queue length checked"
2026-03-03 08:47:16 INFO module=fs msg="job scheduled"
2026-03-03 08:47:17 INFO module=cache msg="service started"
2026-03-03 08:47:37 INFO module=fs msg="user logged in"
2026-03-03 08:49:22 INFO module=api msg="job scheduled"
2026-03-03 08:50:16 INFO module=disk msg="cache warmed up"
2026-03-03 08:50:40 INFO module=disk msg="service started"
2026-03-03 08:51:14 INFO module=api msg="job scheduled"
2026-03-03 08:57:11 INFO module=api msg="request completed"
2026-03-03 08:58:38 INFO module=cache msg="service started"
2026-03-03 09:02:17 INFO module=disk msg="config reloaded"
2026-03-03 09:02:32 INFO module=fs msg="service started"
2026-03-03 09:03:58 ERROR module=net msg="connection timeout"
2026-03-03 09:04:19 ERROR module=auth msg="connection refused"
2026-03-03 09:07:00 INFO module=api msg="job scheduled"
2026-03-03 09:10:50 INFO module=api msg="config reloaded"
2026-03-03 09:13:25 DEBUG module=net msg="retry counter reset"
2026-03-03 09:17:25 INFO module=auth msg="job scheduled"
2026-03-03 09:18:48 INFO module=net msg="service started"
2026-03-03 09:21:13 INFO module=cache msg="request completed"
2026-03-03 09:21:23 ERROR module=fs msg="segment read failed"
2026-03-03 09:22:13 INFO module=cache msg="config reloaded"
2026-03-03 09:24:08 INFO module=auth msg="request completed"
2026-03-03 09:24:45 WARN module=disk msg="disk usage above 80%"
2026-03-03 09:24:57 INFO module=db msg="service started"
2026-03-03 09:27:36 WARN module=api msg="token expires soon"
2026-03-03 09:29:42 DEBUG module=sched msg="buffer flushed"
2026-03-03 09:30:54 INFO module=disk msg="request completed"
2026-03-03 09:32:45 DEBUG module=sched msg="entering handler"
2026-03-03 09:33:17 WARN module=disk msg="retrying request"
2026-03-03 09:35:54 WARN module=db msg="token expires soon"
2026-03-03 09:37:36 INFO module=net msg="cache warmed up"
2026-03-03 09:48:46 INFO module=auth msg="user logged in"
2026-03-03 09:52:04 DEBUG module=db msg="buffer flushed"
2026-03-03 09:56:31 DEBUG module=cache msg="queue length checked"
2026-03-03 09:59:24 INFO module=cache msg="service started"
2026-03-03 10:00:42 INFO module=auth msg="config reloaded"
2026-03-03 10:02:54 INFO module=net msg="cache warmed up"
2026-03-03 10:04:29 INFO module=db msg="user logged in"
2026-03-03 10:12:29 INFO module=auth msg="config reloaded"
2026-03-03 10:14:38 INFO module=cache msg="config reloaded"
2026-03-03 10:14:45 INFO module=disk msg="cache warmed up"
2026-03-03 10:15:56 WARN module=net msg="retrying request"
2026-03-03 10:18:27 INFO module=sched msg="cache warmed up"
2026-03-03 10:19:59 DEBUG module=sched msg="entering handler"
2026-03-03 10:22:29 INFO module=db msg="user logged in"
2026-03-03 10:34:27 INFO module=net msg="service started"
2026-03-03 10:37:06 INFO module=auth msg="job scheduled"
2026-03-03 10:39:52 INFO module=api msg="job scheduled"
2026-03-03 10:51:31 ERROR module=api msg="permission denied"
2026-03-03 10:52:03 ERROR module=disk msg="segment read failed"
2026-03-03 10:52:29 DEBUG module=db msg="entering handler"
2026-03-03 10:55:29 ERROR module=net msg="connection timeout"
2026-03-03 10:56:20 INFO module=cache msg="config reloaded"
2026-03-03 10:57:07 INFO module=fs msg="job scheduled"
2026-03-03 10:59:00 WARN module=cache msg="disk usage above 80%"
2026-03-03 11:00:11 INFO module=net msg="request completed"
2026-03-03 11:00:16 ERROR module=db msg="permission denied"
2026-03-03 11:01:24 INFO module=sched msg="service started"
2026-03-03 11:02:20 INFO module=db msg="cache warmed up"
2026-03-03 11:04:08 DEBUG module=sched msg="retry counter reset"
2026-03-03 11:05:41 DEBUG module=fs msg="heartbeat sent"
2026-03-03 11:06:42 DEBUG module=api msg="queue length checked"
2026-03-03 11:09:01 DEBUG module=db msg="heartbeat sent"
2026-03-03 11:09:59 INFO module=db msg="job scheduled"
2026-03-03 11:10:42 WARN module=disk msg="slow response"
2026-03-03 11:11:58 INFO module=disk msg="job scheduled"
2026-03-03 11:12:20 INFO module=auth msg="cache warmed up"
2026-03-03 11:16:05 DEBUG module=disk msg="entering handler"
2026-03-03 11:20:09 WARN module=disk msg="retrying request"
2026-03-03 11:20:32 INFO module=auth msg="job scheduled"
2026-03-03 11:20:40 INFO module=sched msg="service started"
2026-03-03 11:23:45 INFO module=api msg="cache warmed up"
2026-03-03 11:23:59 INFO module=db msg="user logged in"
2026-03-03 11:24:04 INFO module=net msg="request completed"
2026-03-03 11:24:54 INFO module=sched msg="request completed"
2026-03-03 11:32:34 INFO module=net msg="request completed"
2026-03-03 11:35:35 DEBUG module=fs msg="queue length checked"
2026-03-03 11:35:48 DEBUG module=db msg="entering handler"
2026-03-03 11:36:37 INFO module=db msg="request completed"
2026-03-03 11:36:53 INFO module=net msg="cache warmed up"
2026-03-03 11:36:57 INFO module=net msg="user logged in"
2026-03-03 11:37:43 INFO module=db msg="job scheduled"
2026-03-03 11:37:49 INFO module=net msg="user logged in"
2026-03-03 11:38:52 INFO module=db msg="service started"
2026-03-03 11:41:03 DEBUG module=api msg="heartbeat sent"
2026-03-03 11:48:58 INFO module=auth msg="config reloaded"
2026-03-03 11:51:42 INFO module=net msg="user logged in"
2026-03-03 11:53:32 INFO module=net msg="user logged in"
2026-03-03 11:56:20 INFO module=auth msg="request completed"
2026-03-03 12:05:57 INFO module=net msg="cache warmed up"
2026-03-03 12:06:24 DEBUG module=api msg="heartbeat sent"
2026-03-03 12:09:28 DEBUG module=net msg="queue length checked"
2026-03-03 12:13:31 DEBUG module=net msg="queue length checked"
2026-03-03 12:17:19 DEBUG module=cache msg="buffer flushed"
2026-03-03 12:18:40 INFO module=fs msg="config reloaded"
2026-03-03 12:19:00 ERROR module=api msg="connection refused"
2026-03-03 12:19:16 INFO module=sched msg="user logged in"
2026-03-03 12:19:36 DEBUG module=net msg="retry counter reset"
2026-03-03 12:20:11 INFO module=sched msg="request completed"
2026-03-03 12:20:37 INFO module=sched msg="cache warmed up"
2026-03-03 12:21:32 DEBUG module=net msg="entering handler"
2026-03-03 12:25:52 INFO module=fs msg="job scheduled"
2026-03-03 12:26:46 INFO module=api msg="job scheduled"
2026-03-03 12:28:28 INFO module=auth msg="user logged in"
2026-03-03 12:29:12 INFO module=auth msg="service started"
2026-03-03 12:34:07 INFO module=db msg="user logged in"
2026-03-03 12:36:31 WARN module=net msg="slow response"
2026-03-03 12:37:41 INFO module=auth msg="config reloaded"
2026-03-03 12:39:07 DEBUG module=sched msg="heartbeat sent"
2026-03-03 12:45:04 INFO module=db msg="service started"
2026-03-03 12:47:04 ERROR module=api msg="segment read failed"
2026-03-03 12:48:12 DEBUG module=api msg="retry counter reset"
2026-03-03 12:50:21 INFO module=net msg="job scheduled"
2026-03-03 12:52:06 WARN module=net msg="retrying request"
2026-03-03 12:55:50 INFO module=disk msg="config reloaded"
2026-03-03 12:58:11 WARN module=db msg="slow response"
2026-03-03 13:01:49 ERROR module=disk msg="permission denied"
2026-03-03 13:01:55 WARN module=net msg="disk usage above 80%"
2026-03-03 13:02:58 WARN module=auth msg="retrying request"
2026-03-03 13:11:40 INFO module=db msg="job scheduled"
2026-03-03 13:12:04 INFO module=db msg="request completed"
2026-03-03 13:14:10 INFO module=cache msg="request completed"
2026-03-03 13:14:47 INFO module=cache msg="config reloaded"
2026-03-03 13:17:09 DEBUG module=cache msg="queue length checked"
2026-03-03 13:21:09 DEBUG module=sched msg="entering handler"
2026-03-03 13:24:44 INFO module=api msg="request completed"
2026-03-03 13:27:44 INFO module=net msg="config reloaded"
2026-03-03 13:31:42 INFO module=cache msg="job scheduled"
2026-03-03 13:34:34 INFO module=cache msg="user logged in"
2026-03-03 13:38:42 ERROR module=disk msg="no space left on device"
2026-03-03 13:41:19 WARN module=db msg="slow response"
2026-03-03 13:41:23 INFO module=cache msg="cache warmed up"
2026-03-03 13:42:10 WARN module=disk msg="disk usage above 80%"
2026-03-03 13:42:30 DEBUG module=cache msg="queue length checked"
2026-03-03 13:42:51 INFO module=api msg="job scheduled"
2026-03-03 13:44:48 INFO module=api msg="service started"
2026-03-03 13:48:52 DEBUG module=sched msg="buffer flushed"
2026-03-03 13:50:29 WARN module=auth msg="slow response"
2026-03-03 13:59:22 INFO module=sched msg="request completed"
2026-03-03 14:00:35 INFO module=fs msg="service started"
2026-03-03 14:02:10 INFO module=disk msg="user logged in"
2026-03-03 14:03:02 INFO module=api msg="service started"
2026-03-03 14:04:05 ERROR module=net msg="connection timeout"
2026-03-03 14:05:07 INFO module=api msg="cache warmed up"
2026-03-03 14:05:10 WARN module=disk msg="deprecated option used"
2026-03-03 14:06:58 INFO module=auth msg="cache warmed up"
2026-03-03 14:13:25 INFO module=api msg="cache warmed up"
2026-03-03 14:15:06 INFO module=disk msg="request completed"
2026-03-03 14:15:41 ERROR module=net msg="connection refused"
2026-03-03 14:22:43 WARN module=db msg="deprecated option used"
2026-03-03 14:27:59 INFO module=cache msg="config reloaded"
2026-03-03 14:29:52 INFO module=net msg="job scheduled"
2026-03-03 14:30:39 WARN module=sched msg="retrying request"
2026-03-03 14:34:08 INFO module=sched msg="service started"
2026-03-03 14:35:33 DEBUG module=fs msg="heartbeat sent"
2026-03-03 14:40:53 INFO module=disk msg="request completed"
2026-03-03 14:49:36 INFO module=api msg="job scheduled"
2026-03-03 14:50:25 INFO module=disk msg="service started"
2026-03-03 14:51:11 DEBUG module=net msg="entering handler"
2026-03-03 14:53:14 INFO module=sched msg="cache warmed up"
2026-03-03 14:55:56 INFO module=db msg="service started"
2026-03-03 15:02:45 WARN module=disk msg="slow response"
2026-03-03 15:03:18 INFO module=cache msg="job scheduled"
2026-03-03 15:03:31 INFO module=sched msg="cache warmed up"
2026-03-03 15:05:18 INFO module=net msg="service started"
2026-03-03 15:08:29 INFO module=disk msg="cache warmed up"
2026-03-03 15:08:48 WARN module=disk msg="deprecated option used"
2026-03-03 15:08:53 INFO module=api msg="cache warmed up"
2026-03-03 15:10:07 ERROR module=auth msg="invalid token"
2026-03-03 15:12:28 DEBUG module=disk msg="buffer flushed"
2026-03-03 15:13:13 INFO module=net msg="job scheduled"
2026-03-03 15:21:22 INFO module=net msg="request completed"
2026-03-03 15:23:01 DEBUG module=api msg="entering handler"
2026-03-03 15:24:45 INFO module=api msg="user logged in"
2026-03-03 15:27:49 WARN module=auth msg="token expires soon"
2026-03-03 15:31:48 INFO module=sched msg="user logged in"
2026-03-03 15:36:21 INFO module=sched msg="job scheduled"
2026-03-03 15:38:28 INFO module=fs msg="user logged in"
2026-03-03 15:39:30 INFO module=sched msg="config reloaded"
2026-03-03 15:46:36 INFO module=fs msg="user logged in"
2026-03-03 15:47:31 INFO module=auth msg="cache warmed up"
2026-03-03 15:48:29 INFO module=net msg="cache warmed up"
2026-03-03 15:51:25 INFO module=api msg="user logged in"
2026-03-03 15:52:30 INFO module=fs msg="request completed"
2026-03-03 15:54:06 INFO module=cache msg="job scheduled"
2026-03-03 15:57:49 ERROR module=api msg="invalid token"
2026-03-03 16:03:19 INFO module=cache msg="job scheduled"
2026-03-03 16:09:31 INFO module=net msg="config reloaded"
2026-03-03 16:10:27 DEBUG module=net msg="queue length checked"
2026-03-03 16:20:11 INFO module=auth msg="user logged in"
2026-03-03 16:25:37 INFO module=fs msg="cache warmed up"
2026-03-03 16:29:42 WARN module=auth msg="slow response"
2026-03-03 16:33:05 INFO module=cache msg="request completed"
2026-03-03 16:34:39 INFO module=api msg="cache warmed up"
2026-03-03 16:37:00 DEBUG module=cache msg="retry counter reset"
2026-03-03 16:40:55 INFO module=api msg="user logged in"
2026-03-03 16:41:46 WARN module=net msg="deprecated option used"
2026-03-03 16:42:16 INFO module=db msg="job scheduled"
2026-03-03 16:45:18 INFO module=db msg="cache warmed up"
2026-03-03 16:48:17 INFO module=cache msg="job scheduled"
2026-03-03 16:52:39 INFO module=api msg="service started"
2026-03-03 16:52:58 ERROR module=auth msg="invalid token"
2026-03-03 16:54:24 INFO module=fs msg="user logged in"
2026-03-03 16:55:51 INFO module=api msg="request completed"
2026-03-03 16:56:05 INFO module=net msg="job scheduled"
2026-03-03 16:58:28 INFO module=auth msg="cache warmed up"
2026-03-03 17:00:05 INFO module=api msg="service started"
2026-03-03 17:12:56 DEBUG module=api msg="buffer flushed"
2026-03-03 17:13:13 INFO module=net msg="job scheduled"
2026-03-03 17:13:23 INFO module=sched msg="job scheduled"
2026-03-03 17:15:01 INFO module=api msg="user logged in"
2026-03-03 17:15:20 INFO module=cache msg="job scheduled"
2026-03-03 17:20:30 INFO module=db msg="job scheduled"
2026-03-03 17:25:25 INFO module=sched msg="job scheduled"
2026-03-03 17:28:49 INFO module=disk msg="request completed"
2026-03-03 17:31:42 INFO module=cache msg="job scheduled"
2026-03-03 17:32:09 INFO module=disk msg="job scheduled"
2026-03-03 17:35:53 INFO module=fs msg="service started"
2026-03-03 17:37:40 INFO module=cache msg="config reloaded"
2026-03-03 17:42:10 INFO module=disk msg="user logged in"
2026-03-03 17:42:59 WARN module=disk msg="slow response"
2026-03-03 17:44:25 DEBUG module=auth msg="entering handler"
2026-03-03 17:50:10 ERROR module=disk msg="permission denied"
2026-03-03 17:50:11 DEBUG module=net msg="buffer flushed"
2026-03-03 17:51:00 DEBUG module=auth msg="heartbeat sent"
2026-03-03 17:51:33 WARN module=net msg="retrying request"
2026-03-03 17:52:18 INFO module=api msg="user logged in"
2026-03-03 17:53:10 WARN module=disk msg="deprecated option used"
2026-03-03 17:54:03 DEBUG module=fs msg="buffer flushed"
2026-03-03 17:54:23 WARN module=api msg="token expires soon"
2026-03-03 17:54:35 WARN module=fs msg="slow response"
2026-03-03 17:57:34 INFO module=disk msg="request completed"
2026-03-03 17:59:00 WARN module=cache msg="retrying request"
2026-03-03 17:59:54 ERROR module=db msg="connection timeout"
2026-03-03 18:02:12 WARN module=disk msg="slow response"
2026-03-03 18:04:10 INFO module=cache msg="cache warmed up"
2026-03-03 18:04:59 WARN module=api msg="retrying request"
2026-03-03 18:05:23 WARN module=cache msg="token expires soon"
2026-03-03 18:05:28 DEBUG module=net msg="entering handler"
2026-03-03 18:06:41 DEBUG module=sched msg="entering handler"
2026-03-03 18:07:49 INFO module=auth msg="request completed"
2026-03-03 18:10:56 ERROR module=net msg="invalid token"
2026-03-03 18:12:20 INFO module=cache msg="user logged in"
2026-03-03 18:14:08 WARN module=cache msg="deprecated option used"
2026-03-03 18:16:52 DEBUG module=fs msg="entering handler"
2026-03-03 18:20:51 INFO module=sched msg="request completed"
2026-03-03 18:21:31 INFO module=auth msg="service started"
2026-03-03 18:24:20 INFO module=disk msg="config reloaded"
2026-03-03 18:24:24 INFO module=cache msg="job scheduled"
2026-03-03 18:25:20 DEBUG module=db msg="queue length checked"
2026-03-03 18:27:23 INFO module=net msg="job scheduled"
2026-03-03 18:30:06 WARN module=net msg="slow response"
2026-03-03 18:31:45 DEBUG module=db msg="buffer flushed"
2026-03-03 18:34:41 ERROR module=auth msg="query failed"
2026-03-03 18:37:17 DEBUG module=cache msg="buffer flushed"
2026-03-03 18:37:45 INFO module=auth msg="cache warmed up"
2026-03-03 18:38:01 INFO module=net msg="service started"
2026-03-03 18:38:31 INFO module=net msg="cache warmed up"
2026-03-03 18:39:31 INFO module=cache msg="user logged in"
2026-03-03 18:43:37 INFO module=fs msg="config reloaded"
2026-03-03 18:44:28 ERROR module=net msg="connection refused"
2026-03-03 18:50:32 INFO module=disk msg="job scheduled"
2026-03-03 18:53:20 INFO module=auth msg="user logged in"
2026-03-03 18:53:26 WARN module=cache msg="retrying request"
2026-03-03 18:54:44 INFO module=db msg="service started"
2026-03-03 18:56:25 INFO module=db msg="job scheduled"
2026-03-03 18:57:05 INFO module=disk msg="service started"
2026-03-03 18:57:41 WARN module=net msg="retrying request"
2026-03-03 18:58:53 INFO module=auth msg="user logged in"
2026-03-03 19:00:43 INFO module=cache msg="request completed"
2026-03-03 19:01:17 INFO module=api msg="request completed"
2026-03-03 19:01:45 INFO module=db msg="service started"
2026-03-03 19:04:49 INFO module=fs msg="config reloaded"
2026-03-03 19:05:32 INFO module=cache msg="service started"
2026-03-03 19:06:08 INFO module=db msg="cache warmed up"
2026-03-03 19:06:47 INFO module=api msg="cache warmed up"
2026-03-03 19:06:54 INFO module=db msg="user logged in"
2026-03-03 19:09:43 ERROR module=net msg="permission denied"
2026-03-03 19:10:52 INFO module=auth msg="request completed"
2026-03-03 19:13:31 DEBUG module=cache msg="queue length checked"
2026-03-03 19:15:39 INFO module=sched msg="request completed"
2026-03-03 19:17:53 INFO module=db msg="service started"
2026-03-03 19:18:46 ERROR module=db msg="connection refused"
2026-03-03 19:19:58 ERROR module=net msg="segment read failed"
2026-03-03 19:20:59 DEBUG module=cache msg="retry counter reset"
2026-03-03 19:26:00 INFO module=db msg="job scheduled"
2026-03-03 19:26:22 WARN module=disk msg="retrying request"
2026-03-03 19:26:41 WARN module=fs msg="slow response"
2026-03-03 19:28:29 INFO module=net msg="job scheduled"
2026-03-03 19:31:19 INFO module=net msg="user logged in"
2026-03-03 19:32:43 WARN module=api msg="token expires soon"
2026-03-03 19:33:59 INFO module=sched msg="service started"
2026-03-03 19:43:15 INFO module=net msg="cache warmed up"
2026-03-03 19:43:25 INFO module=net msg="job scheduled"
2026-03-03 19:46:05 INFO module=sched msg="user logged in"
2026-03-03 19:48:17 WARN module=disk msg="slow response"
2026-03-03 19:48:29 DEBUG module=sched msg="entering handler"
2026-03-03 19:49:03 INFO module=disk msg="cache warmed up"
2026-03-03 19:49:20 WARN module=net msg="deprecated option used"
2026-03-03 19:50:15 DEBUG module=cache msg="entering handler"
2026-03-03 19:52:35 INFO module=disk msg="job scheduled"
2026-03-03 19:52:40 WARN module=net msg="retrying request"
2026-03-03 19:52:49 INFO module=sched msg="cache warmed up"
2026-03-03 19:53:14 INFO module=auth msg="cache warmed up"
2026-03-03 19:57:39 WARN module=disk msg="deprecated option used"
2026-03-03 19:57:47 INFO module=sched msg="cache warmed up"
2026-03-03 19:59:00 INFO module=api msg="job scheduled"
2026-03-03 20:01:35 INFO module=disk msg="user logged in"
2026-03-03 20:04:11 DEBUG module=cache msg="heartbeat sent"
2026-03-03 20:04:57 INFO module=api msg="cache warmed up"
2026-03-03 20:10:11 ERROR module=fs msg="no space left on device"
2026-03-03 20:15:06 WARN module=db msg="deprecated option used"
2026-03-03 20:17:46 INFO module=net msg="user logged in"
2026-03-03 20:20:25 WARN module=disk msg="retrying request"
2026-03-03 20:21:09 INFO module=cache msg="service started"
2026-03-03 20:21:59 INFO module=cache msg="request completed"
2026-03-03 20:24:42 WARN module=cache msg="slow response"
2026-03-03 20:27:43 INFO module=auth msg="job scheduled"
2026-03-03 20:28:09 WARN module=cache msg="deprecated option used"
2026-03-03 20:28:44 INFO module=sched msg="config reloaded"
2026-03-03 20:30:27 INFO module=db msg="cache warmed up"
2026-03-03 20:30:31 DEBUG module=disk msg="buffer flushed"
2026-03-03 20:33:18 INFO module=disk msg="job scheduled"
2026-03-03 20:33:46 INFO module=net msg="request completed"
2026-03-03 20:35:35 INFO module=cache msg="config reloaded"
2026-03-03 20:36:04 WARN module=api msg="slow response"
2026-03-03 20:37:42 DEBUG module=db msg="buffer flushed"
2026-03-03 20:39:12 ERROR module=net msg="query failed"
2026-03-03 20:39:31 INFO module=cache msg="cache warmed up"
2026-03-03 20:43:09 INFO module=net msg="request completed"
2026-03-03 20:44:46 ERROR module=db msg="segment read failed"
2026-03-03 20:46:00 WARN module=disk msg="deprecated option used"
2026-03-03 20:48:11 INFO module=disk msg="config reloaded"
2026-03-03 20:50:02 DEBUG module=disk msg="buffer flushed"
2026-03-03 20:51:19 INFO module=db msg="service started"
2026-03-03 20:52:53 INFO module=auth msg="job scheduled"
2026-03-03 20:54:18 INFO module=api msg="job scheduled"
2026-03-03 21:01:08 INFO module=disk msg="user logged in"
2026-03-03 21:02:56 WARN module=api msg="retrying request"
2026-03-03 21:04:36 INFO module=db msg="request completed"
2026-03-03 21:04:57 INFO module=auth msg="request completed"
2026-03-03 21:05:40 INFO module=sched msg="user logged in"
2026-03-03 21:06:25 INFO module=net msg="cache warmed up"
2026-03-03 21:07:15 ERROR module=db msg="permission denied"
2026-03-03 21:10:57 INFO module=disk msg="request completed"
2026-03-03 21:14:29 WARN module=api msg="deprecated option used"
2026-03-03 21:17:04 INFO module=auth msg="config reloaded"
2026-03-03 21:17:25 INFO module=db msg="user logged in"
2026-03-03 21:19:05 ERROR module=auth msg="permission denied"
2026-03-03 21:22:05 DEBUG module=cache msg="buffer flushed"
2026-03-03 21:23:55 INFO module=net msg="user logged in"
2026-03-03 21:27:59 INFO module=sched msg="request completed"
2026-03-03 21:30:08 INFO module=sched msg="config reloaded"
2026-03-03 21:30:49 DEBUG module=fs msg="buffer flushed"
2026-03-03 21:32:04 INFO module=auth msg="user logged in"
2026-03-03 21:32:40 INFO module=auth msg="config reloaded"
2026-03-03 21:35:46 INFO module=auth msg="service started"
2026-03-03 21:37:36 INFO module=disk msg="request completed"
2026-03-03 21:38:42 ERROR module=net msg="connection timeout"
2026-03-03 21:40:59 INFO module=disk msg="service started"
2026-03-03 21:41:44 INFO module=fs msg="user logged in"
2026-03-03 21:43:25 WARN module=disk msg="slow response"
2026-03-03 21:46:12 INFO module=fs msg="cache warmed up"
2026-03-03 21:48:40 INFO module=api msg="job scheduled"
2026-03-03 21:49:34 INFO module=disk msg="request completed"
2026-03-03 21:49:47 DEBUG module=fs msg="queue length checked"
2026-03-03 21:50:24 DEBUG module=sched msg="entering handler"
2026-03-03 21:52:36 WARN module=api msg="retrying request"
2026-03-03 21:54:28 INFO module=fs msg="job scheduled"
2026-03-03 21:58:50 INFO module=db msg="service started"
2026-03-03 22:01:00 DEBUG module=api msg="buffer flushed"
2026-03-03 22:03:09 INFO module=net msg="cache warmed up"
2026-03-03 22:03:37 INFO module=sched msg="job scheduled"
2026-03-03 22:08:09 INFO module=fs msg="request completed"
2026-03-03 22:16:54 WARN module=db msg="retrying request"
2026-03-03 22:17:55 INFO module=net msg="job scheduled"
2026-03-03 22:20:49 INFO module=api msg="user logged in"
2026-03-03 22:23:02 INFO module=sched msg="config reloaded"
2026-03-03 22:25:41 DEBUG module=cache msg="retry counter reset"
2026-03-03 22:30:05 WARN module=api msg="deprecated option used"
2026-03-03 22:30:07 INFO module=net msg="cache warmed up"
2026-03-03 22:30:18 INFO module=auth msg="service started"
2026-03-03 22:30:21 DEBUG module=api msg="heartbeat sent"
2026-03-03 22:32:23 INFO module=cache msg="user logged in"
2026-03-03 22:33:31 INFO module=sched msg="config reloaded"
2026-03-03 22:34:37 INFO module=disk msg="config reloaded"
2026-03-03 22:34:45 DEBUG module=api msg="entering handler"
2026-03-03 22:36:41 ERROR module=net msg="query failed"
2026-03-03 22:40:58 ERROR module=net msg="invalid token"
2026-03-03 22:43:13 DEBUG module=db msg="heartbeat sent"
2026-03-03 22:43:31 WARN module=cache msg="slow response"
2026-03-03 22:49:19 INFO module=net msg="job scheduled"
2026-03-03 22:50:02 INFO module=api msg="service started"
2026-03-03 22:52:26 INFO module=net msg="config reloaded"
2026-03-03 22:52:47 INFO module=fs msg="request completed"
2026-03-03 22:53:54 INFO module=auth msg="cache warmed up"
2026-03-03 22:55:56 INFO module=auth msg="cache warmed up"
2026-03-03 22:56:39 INFO module=disk msg="config reloaded"
2026-03-03 22:57:36 INFO module=fs msg="config reloaded"
2026-03-03 22:59:20 INFO module=cache msg="user logged in"
2026-03-03 23:04:34 INFO module=auth msg="request completed"
2026-03-03 23:05:00 DEBUG module=db msg="entering handler"
2026-03-03 23:06:55 WARN module=db msg="deprecated option used"
2026-03-03 23:10:52 WARN module=auth msg="token expires soon"
2026-03-03 23:10:56 INFO module=sched msg="user logged in"
2026-03-03 23:12:51 WARN module=net msg="deprecated option used"
2026-03-03 23:13:07 INFO module=sched msg="cache warmed up"
2026-03-03 23:19:46 INFO module=net msg="job scheduled"
2026-03-03 23:19:59 INFO module=api msg="user logged in"
2026-03-03 23:24:21 INFO module=net msg="user logged in"
2026-03-03 23:27:39 WARN module=db msg="disk usage above 80%"
2026-03-03 23:31:46 DEBUG module=net msg="entering handler"
2026-03-03 23:31:56 INFO module=auth msg="service started"
2026-03-03 23:33:12 INFO module=sched msg="config reloaded"
2026-03-03 23:37:32 INFO module=net msg="service started"
2026-03-03 23:39:11 INFO module=auth msg="config reloaded"
2026-03-03 23:42:18 INFO module=auth msg="job scheduled"
2026-03-03 23:46:49 INFO module=net msg="job scheduled"
2026-03-03 23:48:16 INFO module=fs msg="config reloaded"
2026-03-03 23:48:28 ERROR module=api msg="query failed"
2026-03-03 23:49:42 DEBUG module=cache msg="buffer flushed"
2026-03-03 23:56:04 ERROR module=db msg="query failed"
2026-03-03 23:57:33 INFO module=api msg="service started"
2026-03-03 23:59:40 INFO module=disk msg="request completed"
