2026-03-07 00:00:28 DEBUG module=sched msg="retry counter reset"
2026-03-07 00:00:38 INFO module=auth msg="cache warmed up"
2026-03-07 00:03:14 WARN module=disk msg="token expires soon"
2026-03-07 00:04:33 WARN module=disk msg="slow response"
2026-03-07 00:05:30 WARN module=api msg="slow response"
2026-03-07 00:06:27 INFO module=fs msg="service started"
2026-03-07 00:07:21 INFO module=db msg="request completed"
2026-03-07 00:08:31 INFO module=disk msg="service started"
2026-03-07 00:11:44 INFO module=auth msg="job scheduled"
2026-03-07 00:15:50 DEBUG module=api msg="retry counter reset"
2026-03-07 00:17:13 ERROR module=auth msg="no space left on device"
2026-03-07 00:18:43 INFO module=net msg="request completed"
2026-03-07 00:19:54 INFO module=db msg="user logged in"
2026-03-07 00:23:59 DEBUG module=db msg="buffer flushed"
2026-03-07 00:24:50 INFO module=cache msg="user logged in"
2026-03-07 00:27:20 INFO module=auth msg="config reloaded"
2026-03-07 00:30:22 INFO module=cache msg="request completed"
2026-03-07 00:32:24 DEBUG module=fs msg="buffer flushed"
2026-03-07 00:34:30 INFO module=auth msg="request completed"
2026-03-07 00:34:35 WARN module=disk msg="slow response"
2026-03-07 00:36:34 INFO module=api msg="cache warmed up"
2026-03-07 00:43:10 INFO module=auth msg="job scheduled"
2026-03-07 00:45:35 INFO module=sched msg="job scheduled"
2026-03-07 00:48:25 DEBUG module=db msg="queue length checked"
2026-03-07 00:51:18 WARN module=cache msg="slow response"
2026-03-07 00:52:20 INFO module=sched msg="user logged in"
2026-03-07 00:54:27 INFO module=net msg="config reloaded"
2026-03-07 00:55:13 INFO module=cache msg="service started"
2026-03-07 00:56:26 WARN module=disk msg="token expires soon"
2026-03-07 00:56:35 INFO module=sched msg="user logged in"
2026-03-07 01:07:15 WARN module=sched msg="disk usage above 80%"
2026-03-07 01:08:35 WARN module=fs msg="retrying request"
2026-03-07 01:16:00 INFO module=db msg="cache warmed up"
2026-03-07 01:16:08 INFO module=db msg="job scheduled"
2026-03-07 01:16:21 INFO module=api msg="cache warmed up"
2026-03-07 01:16:23 INFO module=api msg="config reloaded"
2026-03-07 01:19:10 INFO module=net msg="cache warmed up"
2026-03-07 01:23:21 INFO module=cache msg="job scheduled"
2026-03-07 01:29:33 INFO module=disk msg="request completed"
2026-03-07 01:31:04 INFO module=api msg="job scheduled"
2026-03-07 01:32:02 INFO module=disk msg="config reloaded"
2026-03-07 01:33:59 INFO module=api msg="config reloaded"
2026-03-07 01:34:57 INFO module=sched msg="service started"
2026-03-07 01:35:36 INFO module=db msg="cache warmed up"
2026-03-07 01:36:03 INFO module=auth msg="cache warmed up"
2026-03-07 01:41:52 INFO module=sched msg="service started"
2026-03-07 01:43:57 INFO module=auth msg="request completed"
2026-03-07 01:43:58 ERROR module=db msg="connection refused"
2026-03-07 01:44:14 INFO module=cache msg="config reloaded"
2026-03-07 01:45:28 WARN module=api msg="retrying request"
2026-03-07 01:49:23 WARN module=disk msg="disk usage above 80%"
2026-03-07 01:53:31 WARN module=api msg="retrying request"
2026-03-07 01:54:09 INFO module=auth msg="cache warmed up"
2026-03-07 01:56:49 ERROR module=sched msg="segment read failed"
2026-03-07 02:02:20 INFO module=disk msg="service started"
2026-03-07 02:03:34 WARN module=api msg="disk usage above 80%"
2026-03-07 02:11:53 INFO module=api msg="user logged in"
2026-03-07 02:12:49 INFO module=sched msg="request completed"
2026-03-07 02:13:51 DEBUG module=cache msg="retry counter reset"
2026-03-07 02:16:26 INFO module=disk msg="request completed"
2026-03-07 02:20:22 INFO module=sched msg="config reloaded"
2026-03-07 02:22:13 INFO module=db msg="job scheduled"
2026-03-07 02:23:04 DEBUG module=fs msg="queue length checked"
2026-03-07 02:32:06 INFO module=auth msg="request completed"
2026-03-07 02:33:56 INFO module=auth msg="config reloaded"
2026-03-07 02:34:22 INFO module=db msg="job scheduled"
2026-03-07 02:34:27 ERROR module=net msg="connection refused"
2026-03-07 02:38:45 ERROR module=db msg="connection timeout"
2026-03-07 02:40:40 INFO module=fs msg="cache warmed up"
2026-03-07 02:42:41 INFO module=net msg="config reloaded"
2026-03-07 02:44:21 DEBUG module=sched msg="entering handler"
2026-03-07 02:46:39 INFO module=net msg="job scheduled"
2026-03-07 02:49:29 INFO module=auth msg="job scheduled"
2026-03-07 02:50:15 INFO module=db msg="request completed"
2026-03-07 02:51:10 INFO module=net msg="user logged in"
2026-03-07 02:52:41 DEBUG module=api msg="buffer flushed"
2026-03-07 02:53:21 INFO module=fs msg="cache warmed up"
2026-03-07 02:55:01 ERROR module=net msg="segment read failed"
2026-03-07 02:55:28 INFO module=disk msg="cache warmed up"
2026-03-07 02:58:19 INFO module=auth msg="request completed"
2026-03-07 02:59:32 WARN module=net msg="token expires soon"
2026-03-07 03:02:09 WARN module=sched msg="token expires soon"
2026-03-07 03:05:20 INFO module=cache msg="user logged in"
2026-03-07 03:05:28 DEBUG module=sched msg="retry counter reset"
2026-03-07 03:13:31 INFO module=fs msg="config reloaded"
2026-03-07 03:27:52 ERROR module=net msg="connection timeout"
2026-03-07 03:35:11 DEBUG module=db msg="buffer flushed"
2026-03-07 03:37:22 DEBUG module=api msg="buffer flushed"
2026-03-07 03:43:47 ERROR module=disk msg="invalid token"
2026-03-07 03:44:45 INFO module=net msg="user logged in"
2026-03-07 03:45:08 INFO module=fs msg="user logged in"
2026-03-07 03:47:41 WARN module=auth msg="deprecated option used"
2026-03-07 03:53:25 WARN module=disk msg="retrying request"
2026-03-07 03:53:32 INFO module=fs msg="user logged in"
2026-03-07 03:54:57 INFO module=net msg="cache warmed up"
2026-03-07 03:56:02 INFO module=api msg="config reloaded"
2026-03-07 04:03:50 INFO module=net msg="request completed"
2026-03-07 04:03:52 INFO module=api msg="config reloaded"
2026-03-07 04:06:38 INFO module=sched msg="cache warmed up"
2026-03-07 04:08:37 INFO module=sched msg="job scheduled"
2026-03-07 04:10:31 INFO module=disk msg="cache warmed up"
2026-03-07 04:10:51 WARN module=disk msg="deprecated option used"
2026-03-07 04:11:22 WARN module=cache msg="retrying request"
2026-03-07 04:15:16 DEBUG module=sched msg="entering handler"
2026-03-07 04:15:56 INFO module=sched msg="cache warmed up"
2026-03-07 04:19:04 INFO module=net msg="user logged in"
2026-03-07 04:19:39 WARN module=cache msg="token expires soon"
2026-03-07 04:28:06 INFO module=cache msg="user logged in"
2026-03-07 04:32:15 INFO module=sched msg="user logged in"
2026-03-07 04:34:44 INFO module=cache msg="user logged in"
2026-03-07 04:35:05 INFO module=net msg="request completed"
2026-03-07 04:38:41 WARN module=net msg="retrying request"
2026-03-07 04:42:41 INFO module=db msg="user logged in"
2026-03-07 04:43:31 WARN module=cache msg="deprecated option used"
2026-03-07 04:43:41 WARN module=db msg="token expires soon"
2026-03-07 04:46:32 WARN module=api msg="disk usage above 80%"
2026-03-07 04:48:19 INFO module=api msg="user logged in"
2026-03-07 04:49:16 INFO module=cache msg="service started"
2026-03-07 04:49:42 INFO module=net msg="request completed"
2026-03-07 04:52:43 INFO module=sched msg="config reloaded"
2026-03-07 04:53:27 INFO module=net msg="request completed"
2026-03-07 05:04:34 INFO module=db msg="cache warmed up"
2026-03-07 05:08:49 INFO module=db msg="config reloaded"
2026-03-07 05:09:06 INFO module=api msg="cache warmed up"
2026-03-07 05:12:58 DEBUG module=net msg="buffer flushed"
2026-03-07 05:15:27 ERROR module=api msg="connection timeout"
2026-03-07 05:21:25 INFO module=api msg="cache warmed up"
2026-03-07 05:21:36 INFO module=api msg="user logged in"
2026-03-07 05:24:20 INFO module=cache msg="request completed"
2026-03-07 05:29:18 WARN module=disk msg="slow response"
2026-03-07 05:34:41 INFO module=db msg="user logged in"
2026-03-07 05:35:14 INFO module=sched msg="cache warmed up"
2026-03-07 05:35:44 INFO module=fs msg="service started"
2026-03-07 05:39:58 DEBUG module=fs msg="queue length checked"
2026-03-07 05:41:12 WARN module=sched msg="token expires soon"
2026-03-07 05:41:46 INFO module=cache msg="request completed"
2026-03-07 05:43:08 INFO module=db msg="request completed"
2026-03-07 05:43:19 WARN module=net msg="retrying request"
2026-03-07 05:46:17 INFO module=cache msg="request completed"
2026-03-07 05:48:42 INFO module=db msg="request completed"
2026-03-07 05:50:57 WARN module=disk msg="disk usage above 80%"
2026-03-07 05:55:31 WARN module=disk msg="retrying request"
2026-03-07 05:57:07 INFO module=sched msg="service started"
2026-03-07 05:57:17 DEBUG module=sched msg="queue length checked"
2026-03-07 05:57:46 INFO module=auth msg="user logged in"
2026-03-07 06:00:40 INFO module=auth msg="user logged in"
2026-03-07 06:01:51 INFO module=auth msg="cache warmed up"
2026-03-07 06:02:10 INFO module=net msg="service started"
2026-03-07 06:03:15 INFO module=auth msg="config reloaded"
2026-03-07 06:04:35 DEBUG module=disk msg="entering handler"
2026-03-07 06:05:54 WARN module=disk msg="disk usage above 80%"
2026-03-07 06:06:32 INFO module=db msg="cache warmed up"
2026-03-07 06:11:01 INFO module=net msg="service started"
2026-03-07 06:15:39 INFO module=auth msg="cache warmed up"
2026-03-07 06:16:44 DEBUG module=cache msg="entering handler"
2026-03-07 06:18:59 ERROR module=db msg="connection timeout"
2026-03-07 06:23:05 DEBUG module=sched msg="buffer flushed"
2026-03-07 06:26:51 WARN module=net msg="deprecated option used"
2026-03-07 06:34:55 WARN module=disk msg="retrying request"
2026-03-07 06:35:23 INFO module=db msg="job scheduled"
2026-03-07 06:36:08 WARN module=disk msg="disk usage above 80%"
2026-03-07 06:37:31 INFO module=sched msg="service started"
2026-03-07 06:37:56 INFO module=cache msg="user logged in"
2026-03-07 06:38:42 INFO module=auth msg="job scheduled"
2026-03-07 06:39:18 INFO module=db msg="user logged in"
2026-03-07 06:39:43 INFO module=cache msg="cache warmed up"
2026-03-07 06:42:36 WARN module=sched msg="disk usage above 80%"
2026-03-07 06:43:40 DEBUG module=cache msg="entering handler"
2026-03-07 06:45:49 INFO module=net msg="config reloaded"
2026-03-07 06:47:13 INFO module=cache msg="user logged in"
2026-03-07 06:50:35 INFO module=db msg="config reloaded"
2026-03-07 06:52:40 INFO module=cache msg="config reloaded"
2026-03-07 06:54:51 INFO module=fs msg="service started"
2026-03-07 06:59:49 INFO module=db msg="cache warmed up"
2026-03-07 07:02:24 INFO module=auth msg="request completed"
2026-03-07 07:09:14 WARN module=disk msg="deprecated option used"
2026-03-07 07:10:26 INFO module=db msg="request completed"
2026-03-07 07:11:05 WARN module=sched msg="token expires soon"
2026-03-07 07:15:40 INFO module=sched msg="request completed"
2026-03-07 07:19:16 INFO module=net msg="service started"
2026-03-07 07:22:31 ERROR module=auth msg="invalid token"
2026-03-07 07:24:21 INFO module=auth msg="user logged in"
2026-03-07 07:25:34 INFO module=net msg="cache warmed up"
2026-03-07 07:28:37 WARN module=auth msg="token expires soon"
2026-03-07 07:30:25 WARN module=api msg="disk usage above 80%"
2026-03-07 07:33:31 INFO module=sched msg="service started"
2026-03-07 07:34:10 ERROR module=net msg="invalid token"
2026-03-07 07:34:30 WARN module=db msg="token expires soon"
2026-03-07 07:35:31 INFO module=api msg="job scheduled"
2026-03-07 07:35:36 ERROR module=db msg="query failed"
2026-03-07 07:36:23 DEBUG module=fs msg="queue length checked"
2026-03-07 07:40:22 WARN module=db msg="deprecated option used"
2026-03-07 07:41:12 INFO module=net msg="request completed"
2026-03-07 07:52:08 WARN module=net msg="retrying request"
2026-03-07 07:53:36 INFO module=fs msg="cache warmed up"
2026-03-07 07:56:39 ERROR module=api msg="connection refused"
2026-03-07 07:57:28 ERROR module=net msg="no space left on device"
2026-03-07 08:00:13 INFO module=db msg="config reloaded"
2026-03-07 08:00:44 WARN module=db msg="deprecated option used"
2026-03-07 08:01:45 INFO module=disk msg="job scheduled"
2026-03-07 08:03:42 WARN module=db msg="token expires soon"
2026-03-07 08:14:08 WARN module=fs msg="slow response"
2026-03-07 08:14:11 INFO module=auth msg="config reloaded"
2026-03-07 08:14:20 WARN module=disk msg="token expires soon"
2026-03-07 08:18:12 ERROR module=auth msg="permission denied"
2026-03-07 08:19:46 INFO module=auth msg="request completed"
2026-03-07 08:20:12 DEBUG module=fs msg="entering handler"
2026-03-07 08:23:04 DEBUG module=cache msg="entering handler"
2026-03-07 08:26:29 INFO module=db msg="request completed"
2026-03-07 08:30:44 DEBUG module=sched msg="heartbeat sent"
2026-03-07 08:33:28 INFO module=disk msg="job scheduled"
2026-03-07 08:33:36 DEBUG module=auth msg="heartbeat sent"
2026-03-07 08:36:50 DEBUG module=fs msg="heartbeat sent"
2026-03-07 08:37:08 INFO module=api msg="config reloaded"
2026-03-07 08:37:56 INFO module=cache msg="user logged in"
2026-03-07 08:39:22 INFO module=db msg="service started"
2026-03-07 08:40:45 ERROR module=net msg="query failed"
2026-03-07 08:44:24 INFO module=auth msg="config reloaded"
2026-03-07 08:47:37 INFO module=api msg="request completed"
2026-03-07 08:54:32 WARN module=disk msg="retrying request"
2026-03-07 09:01:30 INFO module=db msg="config reloaded"
2026-03-07 09:01:58 INFO module=auth msg="service started"
2026-03-07 09:03:50 INFO module=disk msg="user logged in"
2026-03-07 09:06:09 ERROR module=cache msg="no space left on device"
2026-03-07 09:09:23 INFO module=disk msg="cache warmed up"
2026-03-07 09:11:07 INFO module=disk msg="config reloaded"
2026-03-07 09:12:55 WARN module=api msg="token expires soon"
2026-03-07 09:18:09 INFO module=auth msg="service started"
2026-03-07 09:19:16 INFO module=net msg="request completed"
2026-03-07 09:22:25 INFO module=auth msg="service started"
2026-03-07 09:23:02 INFO module=db msg="user logged in"
2026-03-07 09:25:21 DEBUG module=net msg="entering handler"
2026-03-07 09:25:32 INFO module=net msg="request completed"
2026-03-07 09:25:43 INFO module=disk msg="request completed"
2026-03-07 09:28:36 INFO module=net msg="user logged in"
2026-03-07 09:28:46 DEBUG module=fs msg="retry counter reset"
2026-03-07 09:29:09 INFO module=sched msg="request completed"
2026-03-07 09:29:42 ERROR module=auth msg="no space left on device"
2026-03-07 09:32:53 INFO module=api msg="job scheduled"
2026-03-07 09:35:16 WARN module=auth msg="retrying request"
2026-03-07 09:38:13 INFO module=net msg="job scheduled"
2026-03-07 09:38:26 DEBUG module=api msg="retry counter reset"
2026-03-07 09:41:27 INFO module=sched msg="request completed"
2026-03-07 09:44:15 DEBUG module=api msg="retry counter reset"
2026-03-07 09:45:05 WARN module=db msg="disk usage above 80%"
2026-03-07 09:47:45 INFO module=net msg="service started"
2026-03-07 09:48:24 INFO module=api msg="request completed"
2026-03-07 09:51:08 DEBUG module=auth msg="retry counter reset"
2026-03-07 09:55:07 INFO module=fs msg="request completed"
2026-03-07 09:58:38 DEBUG module=sched msg="retry counter reset"
2026-03-07 10:00:06 DEBUG module=net msg="entering handler"
2026-03-07 10:00:39 WARN module=cache msg="disk usage above 80%"
2026-03-07 10:03:37 INFO module=disk msg="cache warmed up"
2026-03-07 10:03:48 ERROR module=sched msg="query failed"
2026-03-07 10:04:41 WARN module=fs msg="token expires soon"
2026-03-07 10:05:20 INFO module=cache msg="job scheduled"
2026-03-07 10:05:37 INFO module=auth msg="user logged in"
2026-03-07 10:08:27 WARN module=net msg="token expires soon"
2026-03-07 10:12:56 INFO module=disk msg="request completed"
2026-03-07 10:14:42 DEBUG module=fs msg="heartbeat sent"
2026-03-07 10:17:00 WARN module=net msg="token expires soon"
2026-03-07 10:18:37 INFO module=net msg="job scheduled"
2026-03-07 10:18:49 WARN module=net msg="slow response"
2026-03-07 10:21:36 INFO module=db msg="config reloaded"
2026-03-07 10:26:07 DEBUG module=api msg="retry counter reset"
2026-03-07 10:29:44 ERROR module=db msg="invalid token"
2026-03-07 10:30:02 INFO module=disk msg="job scheduled"
2026-03-07 10:40:39 INFO module=net msg="request completed"
2026-03-07 10:44:08 WARN module=net msg="token expires soon"
2026-03-07 10:49:17 INFO module=auth msg="job scheduled"
2026-03-07 10:55:39 WARN module=auth msg="retrying request"
2026-03-07 10:57:22 INFO module=sched msg="job scheduled"
2026-03-07 10:58:05 INFO module=api msg="service started"
2026-03-07 11:02:26 INFO module=db msg="config reloaded"
2026-03-07 11:02:30 INFO module=auth msg="config reloaded"
2026-03-07 11:02:54 INFO module=api msg="job scheduled"
2026-03-07 11:05:22 INFO module=fs msg="config reloaded"
2026-03-07 11:08:04 INFO module=db msg="cache warmed up"
2026-03-07 11:09:04 INFO module=db msg="job scheduled"
2026-03-07 11:09:19 INFO module=fs msg="cache warmed up"
2026-03-07 11:09:35 INFO module=api msg="user logged in"
2026-03-07 11:11:34 INFO module=fs msg="cache warmed up"
2026-03-07 11:13:21 INFO module=sched msg="config reloaded"
2026-03-07 11:13:23 WARN module=auth msg="token expires soon"
2026-03-07 11:17:26 WARN module=disk msg="slow response"
2026-03-07 11:19:22 WARN module=cache msg="token expires soon"
2026-03-07 11:25:33 INFO module=cache msg="config reloaded"
2026-03-07 11:25:38 INFO module=api msg="user logged in"
2026-03-07 11:30:15 DEBUG module=api msg="retry counter reset"
2026-03-07 11:30:28 INFO module=api msg="user logged in"
2026-03-07 11:30:58 INFO module=cache msg="request completed"
2026-03-07 11:31:26 INFO module=fs msg="service started"
2026-03-07 11:36:24 INFO module=db msg="cache warmed up"
2026-03-07 11:39:30 DEBUG module=sched msg="buffer flushed"
2026-03-07 11:40:18 WARN module=db msg="deprecated option used"
2026-03-07 11:46:00 DEBUG module=sched msg="heartbeat sent"
2026-03-07 11:46:48 INFO module=fs msg="request completed"
2026-03-07 11:49:41 ERROR module=db msg="connection refused"
2026-03-07 11:52:01 INFO module=auth msg="job scheduled"
2026-03-07 11:53:21 WARN module=disk msg="deprecated option used"
2026-03-07 11:55:40 DEBUG module=db msg="heartbeat sent"
2026-03-07 11:56:51 WARN module=auth msg="deprecated option used"
2026-03-07 12:00:27 INFO module=sched msg="job scheduled"
2026-03-07 12:00:42 INFO module=net msg="job scheduled"
2026-03-07 12:02:02 INFO module=fs msg="config reloaded"
2026-03-07 12:02:54 ERROR module=db msg="connection refused"
2026-03-07 12:08:40 INFO module=net msg="service started"
2026-03-07 12:14:24 WARN module=cache msg="deprecated option used"
2026-03-07 12:16:06 INFO module=db msg="user logged in"
2026-03-07 12:17:26 INFO module=net msg="cache warmed up"
2026-03-07 12:20:15 INFO module=cache msg="config reloaded"
2026-03-07 12:20:35 INFO module=sched msg="user logged in"
2026-03-07 12:21:48 INFO module=fs msg="config reloaded"
2026-03-07 12:22:34 INFO module=cache msg="cache warmed up"
2026-03-07 12:24:15 INFO module=auth msg="user logged in"
2026-03-07 12:25:11 ERROR module=db msg="connection refused"
2026-03-07 12:25:34 INFO module=net msg="user logged in"
2026-03-07 12:26:34 INFO module=net msg="service started"
2026-03-07 12:28:02 DEBUG module=auth msg="heartbeat sent"
2026-03-07 12:32:32 INFO module=disk msg="request completed"
2026-03-07 12:32:51 INFO module=db msg="job scheduled"
2026-03-07 12:32:55 INFO module=auth msg="service started"
2026-03-07 12:39:03 INFO module=db msg="job scheduled"
2026-03-07 12:39:25 INFO module=sched msg="config reloaded"
2026-03-07 12:39:27 WARN module=net msg="retrying request"
2026-03-07 12:42:10 DEBUG module=api msg="retry counter reset"
2026-03-07 12:45:52 INFO module=net msg="job scheduled"
2026-03-07 12:46:40 WARN module=auth msg="retrying request"
2026-03-07 12:46:43 INFO module=sched msg="user logged in"
2026-03-07 12:48:05 INFO module=api msg="config reloaded"
2026-03-07 12:48:16 WARN module=db msg="token expires soon"
2026-03-07 12:50:07 ERROR module=api msg="query failed"
2026-03-07 12:50:13 INFO module=db msg="user logged in"
2026-03-07 12:50:14 WARN module=cache msg="retrying request"
2026-03-07 12:51:47 INFO module=sched msg="job scheduled"
2026-03-07 12:56:16 INFO module=fs msg="service started"
2026-03-07 12:57:35 INFO module=api msg="job scheduled"
2026-03-07 12:58:44 DEBUG module=net msg="entering handler"
2026-03-07 12:59:15 INFO module=disk msg="request completed"
2026-03-07 13:01:36 INFO module=disk msg="job scheduled"
2026-03-07 13:03:19 INFO module=db msg="cache warmed up"
2026-03-07 13:07:02 INFO module=api msg="user logged in"
2026-03-07 13:08:36 INFO module=cache msg="request completed"
2026-03-07 13:09:58 INFO module=auth msg="cache warmed up"
2026-03-07 13:14:45 INFO module=fs msg="user logged in"
2026-03-07 13:20:39 INFO module=disk msg="service started"
2026-03-07 13:23:04 INFO module=net msg="user logged in"
2026-03-07 13:23:59 INFO module=api msg="user logged in"
2026-03-07 13:33:55 INFO module=api msg="request completed"
2026-03-07 13:39:21 INFO module=auth msg="service started"
2026-03-07 13:42:39 INFO module=net msg="service started"
2026-03-07 13:49:55 WARN module=db msg="disk usage above 80%"
2026-03-07 13:53:05 INFO module=disk msg="config reloaded"
2026-03-07 13:53:06 INFO module=api msg="request completed"
2026-03-07 13:55:07 WARN module=cache msg="slow response"
2026-03-07 13:58:41 INFO module=net msg="job scheduled"
2026-03-07 13:59:24 INFO module=api msg="user logged in"
2026-03-07 14:03:58 INFO module=db msg="service started"
2026-03-07 14:08:50 ERROR module=auth msg="invalid token"
2026-03-07 14:15:27 INFO module=api msg="job scheduled"
2026-03-07 14:16:55 DEBUG module=net msg="buffer flushed"
2026-03-07 14:19:12 INFO module=fs msg="job scheduled"
2026-03-07 14:21:23 INFO module=fs msg="service started"
2026-03-07 14:23:29 INFO module=db msg="job scheduled"
2026-03-07 14:24:31 INFO module=api msg="job scheduled"
2026-03-07 14:24:50 WARN module=auth msg="deprecated option used"
2026-03-07 14:27:09 INFO module=db msg="cache warmed up"
2026-03-07 14:31:49 INFO module=sched msg="job scheduled"
2026-03-07 14:32:50 INFO module=cache msg="job scheduled"
2026-03-07 14:32:53 WARN module=cache msg="slow response"
2026-03-07 14:33:21 INFO module=sched msg="request completed"
2026-03-07 14:36:37 DEBUG module=db msg="heartbeat sent"
2026-03-07 14:38:59 INFO module=net msg="cache warmed up"
2026-03-07 14:41:39 INFO module=sched msg="service started"
2026-03-07 14:41:43 DEBUG module=cache msg="entering handler"
2026-03-07 14:41:55 INFO module=api msg="request completed"
2026-03-07 14:50:30 INFO module=net msg="job scheduled"
2026-03-07 14:51:21 DEBUG module=api msg="entering handler"
2026-03-07 14:53:02 INFO module=net msg="cache warmed up"
2026-03-07 14:53:11 INFO module=fs msg="job scheduled"
2026-03-07 14:53:15 WARN module=cache msg="deprecated option used"
2026-03-07 14:56:17 INFO module=api msg="config reloaded"
2026-03-07 14:57:15 INFO module=net msg="service started"
2026-03-07 15:08:06 INFO module=net msg="job scheduled"
2026-03-07 15:11:12 DEBUG module=cache msg="retry counter reset"
2026-03-07 15:11:17 DEBUG module=cache msg="entering handler"
2026-03-07 15:14:34 INFO module=auth msg="config reloaded"
2026-03-07 15:16:54 INFO module=fs msg="request completed"
2026-03-07 15:21:18 WARN module=fs msg="slow response"
2026-03-07 15:22:58 INFO module=auth msg="request completed"
2026-03-07 15:26:11 INFO module=disk msg="request completed"
2026-03-07 15:26:49 INFO module=sched msg="request completed"
2026-03-07 15:29:18 INFO module=sched msg="config reloaded"
2026-03-07 15:30:25 ERROR module=db msg="no space left on device"
2026-03-07 15:32:32 INFO module=auth msg="user logged in"
2026-03-07 15:34:43 WARN module=auth msg="slow response"
2026-03-07 15:36:00 INFO module=net msg="user logged in"
2026-03-07 15:36:22 INFO module=auth msg="user logged in"
2026-03-07 15:36:41 ERROR module=net msg="connection refused"
2026-03-07 15:37:40 INFO module=disk msg="request completed"
2026-03-07 15:40:31 INFO module=auth msg="request completed"
2026-03-07 15:42:13 INFO module=db msg="config reloaded"
2026-03-07 15:46:24 DEBUG module=db msg="entering handler"
2026-03-07 15:46:57 DEBUG module=auth msg="buffer flushed"
2026-03-07 15:47:32 WARN module=fs msg="token expires soon"
2026-03-07 15:48:56 INFO module=net msg="service started"
2026-03-07 15:52:12 INFO module=fs msg="cache warmed up"
2026-03-07 15:56:04 DEBUG module=sched msg="entering handler"
2026-03-07 16:00:50 INFO module=net msg="config reloaded"
2026-03-07 16:02:32 DEBUG module=disk msg="entering handler"
2026-03-07 16:03:39 INFO module=cache msg="request completed"
2026-03-07 16:05:58 DEBUG module=disk msg="buffer flushed"
2026-03-07 16:06:40 WARN module=db msg="slow response"
2026-03-07 16:12:27 WARN module=disk msg="retrying request"
2026-03-07 16:14:57 INFO module=fs msg="user logged in"
2026-03-07 16:14:58 INFO module=disk msg="user logged in"
2026-03-07 16:16:24 INFO module=cache msg="request completed"
2026-03-07 16:21:10 DEBUG module=db msg="heartbeat sent"
2026-03-07 16:24:54 INFO module=auth msg="service started"
2026-03-07 16:25:56 ERROR module=net msg="connection timeout"
2026-03-07 16:35:21 ERROR module=db msg="connection timeout"
2026-03-07 16:36:55 DEBUG module=cache msg="heartbeat sent"
2026-03-07 16:37:54 WARN module=db msg="disk usage above 80%"
2026-03-07 16:39:11 DEBUG module=disk msg="buffer flushed"
2026-03-07 16:42:43 ERROR module=net msg="query failed"
2026-03-07 16:43:06 INFO module=cache msg="request completed"
2026-03-07 16:44:50 INFO module=api msg="user logged in"
2026-03-07 16:46:28 INFO module=db msg="user logged in"
2026-03-07 16:47:29 DEBUG module=sched msg="retry counter reset"
2026-03-07 16:49:15 DEBUG module=api msg="buffer flushed"
2026-03-07 16:52:37 INFO module=db msg="request completed"
2026-03-07 16:53:00 INFO module=sched msg="user logged in"
2026-03-07 16:54:36 INFO module=sched msg="job scheduled"
2026-03-07 16:55:32 INFO module=api msg="service started"
2026-03-07 16:56:49 DEBUG module=sched msg="buffer flushed"
2026-03-07 17:00:46 INFO module=net msg="user logged in"
2026-03-07 17:08:33 INFO module=auth msg="user logged in"
2026-03-07 17:09:54 WARN module=disk msg="deprecated option used"
2026-03-07 17:10:11 WARN module=net msg="retrying request"
2026-03-07 17:10:45 INFO module=auth msg="user logged in"
2026-03-07 17:14:25 WARN module=net msg="retrying request"
2026-03-07 17:16:39 INFO module=api msg="config reloaded"
2026-03-07 17:19:52 INFO module=db msg="cache warmed up"
2026-03-07 17:22:41 INFO module=fs msg="service started"
2026-03-07 17:24:18 INFO module=sched msg="config reloaded"
2026-03-07 17:24:42 INFO module=cache msg="request completed"
2026-03-07 17:26:40 ERROR module=auth msg="invalid token"
2026-03-07 17:29:13 WARN module=disk msg="disk usage above 80%"
2026-03-07 17:30:37 DEBUG module=cache msg="entering handler"
2026-03-07 17:42:51 INFO module=sched msg="request completed"
2026-03-07 17:43:42 INFO module=cache msg="request completed"
2026-03-07 17:43:55 INFO module=net msg="service started"
2026-03-07 17:45:00 WARN module=db msg="slow response"
2026-03-07 17:49:22 INFO module=fs msg="job scheduled"
2026-03-07 17:50:45 INFO module=cache msg="service started"
2026-03-07 17:54:20 DEBUG module=sched msg="queue length checked"
2026-03-07 17:54:41 INFO module=db msg="service started"
2026-03-07 17:55:06 INFO module=db msg="config reloaded"
2026-03-07 17:58:05 ERROR module=api msg="permission denied"
2026-03-07 17:59:22 INFO module=disk msg="service started"
2026-03-07 18:01:22 DEBUG module=fs msg="buffer flushed"
2026-03-07 18:03:58 INFO module=net msg="request completed"
2026-03-07 18:04:46 INFO module=auth msg="cache warmed up"
2026-03-07 18:04:57 DEBUG module=cache msg="queue length checked"
2026-03-07 18:06:21 INFO module=auth msg="service started"
2026-03-07 18:11:31 INFO module=api msg="request completed"
2026-03-07 18:20:15 INFO module=net msg="request completed"
2026-03-07 18:24:11 INFO module=db msg="job scheduled"
2026-03-07 18:27:07 INFO module=sched msg="config reloaded"
2026-03-07 18:32:32 WARN module=net msg="disk usage above 80%"
2026-03-07 18:33:24 WARN module=disk msg="deprecated option used"
2026-03-07 18:34:57 INFO module=cache msg="job scheduled"
2026-03-07 18:35:12 INFO module=db msg="config reloaded"
2026-03-07 18:41:47 INFO module=disk msg="config reloaded"
2026-03-07 18:42:38 DEBUG module=sched msg="retry counter reset"
2026-03-07 18:43:01 INFO module=fs msg="service started"
2026-03-07 18:46:10 INFO module=db msg="service started"
2026-03-07 18:48:07 INFO module=auth msg="request completed"
2026-03-07 18:49:05 INFO module=fs msg="user logged in"
2026-03-07 18:49:46 INFO module=auth msg="service started"
2026-03-07 18:50:05 INFO module=sched msg="cache warmed up"
2026-03-07 18:52:30 DEBUG module=sched msg="entering handler"
2026-03-07 18:54:48 INFO module=db msg="config reloaded"
2026-03-07 18:57:44 INFO module=sched msg="config reloaded"
2026-03-07 18:58:05 WARN module=net msg="slow response"
2026-03-07 18:58:30 INFO module=db msg="job scheduled"
2026-03-07 19:02:24 DEBUG module=sched msg="heartbeat sent"
2026-03-07 19:02:43 WARN module=net msg="deprecated option used"
2026-03-07 19:02:45 INFO module=sched msg="job scheduled"
2026-03-07 19:02:54 WARN module=db msg="deprecated option used"
2026-03-07 19:03:56 DEBUG module=fs msg="queue length checked"
2026-03-07 19:08:11 INFO module=cache msg="user logged in"
2026-03-07 19:09:33 WARN module=cache msg="retrying request"
2026-03-07 19:14:56 INFO module=db msg="user logged in"
2026-03-07 19:15:29 DEBUG module=fs msg="retry counter reset"
2026-03-07 19:16:27 ERROR module=disk msg="no space left on device"
2026-03-07 19:16:53 INFO module=net msg="service started"
2026-03-07 19:20:31 INFO module=db msg="job scheduled"
2026-03-07 19:20:51 ERROR module=disk msg="query failed"
2026-03-07 19:22:30 WARN module=cache msg="disk usage above 80%"
2026-03-07 19:25:29 INFO module=api msg="service started"
2026-03-07 19:25:45 WARN module=net msg="token expires soon"
2026-03-07 19:26:07 INFO module=net msg="user logged in"
2026-03-07 19:32:01 INFO module=db msg="request completed"
2026-03-07 19:32:30 WARN module=db msg="slow response"
2026-03-07 19:37:54 DEBUG module=net msg="queue length checked"
2026-03-07 19:39:19 INFO module=api msg="service started"
2026-03-07 19:43:34 DEBUG module=net msg="heartbeat sent"
2026-03-07 19:46:03 WARN module=net msg="token expires soon"
2026-03-07 19:47:30 ERROR module=disk msg="invalid token"
2026-03-07 19:48:24 WARN module=net msg="token expires soon"
2026-03-07 19:51:08 INFO module=db msg="request completed"
2026-03-07 19:51:10 WARN module=disk msg="slow response"
2026-03-07 19:52:48 DEBUG module=db msg="entering handler"
2026-03-07 19:54:08 WARN module=disk msg="deprecated option used"
2026-03-07 19:55:36 INFO module=fs msg="cache warmed up"
2026-03-07 19:57:03 INFO module=auth msg="job scheduled"
2026-03-07 19:57:10 INFO module=net msg="user logged in"
2026-03-07 19:57:25 INFO module=db msg="request completed"
2026-03-07 19:57:48 WARN module=auth msg="disk usage above 80%"
2026-03-07 20:01:20 DEBUG module=api msg="entering handler"
2026-03-07 20:02:36 INFO module=fs msg="job scheduled"
2026-03-07 20:03:07 INFO module=sched msg="user logged in"
2026-03-07 20:06:53 INFO module=auth msg="service started"
2026-03-07 20:07:06 ERROR module=net msg="query failed"
2026-03-07 20:10:00 DEBUG module=sched msg="retry counter reset"
2026-03-07 20:13:41 WARN module=db msg="slow response"
2026-03-07 20:13:53 WARN module=auth msg="token expires soon"
2026-03-07 20:16:07 ERROR module=api msg="segment read failed"
2026-03-07 20:17:01 INFO module=api msg="cache warmed up"
2026-03-07 20:17:08 WARN module=db msg="retrying request"
2026-03-07 20:17:09 WARN module=fs msg="disk usage above 80%"
2026-03-07 20:19:09 ERROR module=disk msg="no space left on device"
2026-03-07 20:22:03 INFO module=sched msg="user logged in"
2026-03-07 20:22:20 INFO module=net msg="service started"
2026-03-07 20:22:43 INFO module=db msg="user logged in"
2026-03-07 20:23:00 INFO module=net msg="request completed"
2026-03-07 20:24:49 DEBUG module=db msg="queue length checked"
2026-03-07 20:25:30 INFO module=auth msg="config reloaded"
2026-03-07 20:25:42 INFO module=cache msg="request completed"
2026-03-07 20:30:54 WARN module=net msg="deprecated option used"
2026-03-07 20:31:46 INFO module=net msg="user logged in"
2026-03-07 20:36:20 DEBUG module=disk msg="retry counter reset"
2026-03-07 20:39:53 INFO module=disk msg="user logged in"
2026-03-07 20:39:58 INFO module=fs msg="job scheduled"
2026-03-07 20:42:24 INFO module=db msg="request completed"
2026-03-07 20:43:46 INFO module=net msg="job scheduled"
2026-03-07 20:47:42 DEBUG module=db msg="heartbeat sent"
2026-03-07 20:49:05 WARN module=net msg="retrying request"
2026-03-07 20:53:27 ERROR module=disk msg="connection refused"
2026-03-07 20:53:41 ERROR module=auth msg="permission denied"
2026-03-07 20:54:22 INFO module=auth msg="user logged in"
2026-03-07 20:56:23 INFO module=cache msg="config reloaded"
2026-03-07 20:56:28 WARN module=api msg="deprecated option used"
2026-03-07 20:59:48 INFO module=auth msg="cache warmed up"
2026-03-07 20:59:54 DEBUG module=sched msg="buffer flushed"
2026-03-07 21:00:16 DEBUG module=cache msg="buffer flushed"
2026-03-07 21:01:38 INFO module=disk msg="config reloaded"
2026-03-07 21:02:36 INFO module=fs msg="job scheduled"
2026-03-07 21:04:38 INFO module=auth msg="job scheduled"
2026-03-07 21:07:05 WARN module=disk msg="slow response"
2026-03-07 21:08:13 INFO module=fs msg="service started"
2026-03-07 21:11:15 INFO module=auth msg="job scheduled"
2026-03-07 21:11:28 ERROR module=sched msg="connection refused"
2026-03-07 21:14:58 INFO module=disk msg="cache warmed up"
2026-03-07 21:16:34 INFO module=fs msg="service started"
2026-03-07 21:16:48 INFO module=auth msg="service started"
2026-03-07 21:18:07 INFO module=fs msg="job scheduled"
2026-03-07 21:19:33 INFO module=disk msg="cache warmed up"
2026-03-07 21:26:13 DEBUG module=cache msg="queue length checked"
2026-03-07 21:26:34 INFO module=api msg="service started"
2026-03-07 21:29:51 WARN module=disk msg="disk usage above 80%"
2026-03-07 21:31:30 INFO module=api msg="service started"
2026-03-07 21:32:32 DEBUG module=sched msg="retry counter reset"
2026-03-07 21:34:55 WARN module=disk msg="slow response"
2026-03-07 21:43:13 WARN module=cache msg="retrying request"
2026-03-07 21:43:34 INFO module=net msg="config reloaded"
2026-03-07 21:50:08 WARN module=disk msg="token expires soon"
2026-03-07 21:56:20 DEBUG module=disk msg="entering handler"
2026-03-07 21:57:02 INFO module=net msg="job scheduled"
2026-03-07 21:58:47 WARN module=disk msg="retrying request"
2026-03-07 22:01:11 INFO module=fs msg="request completed"
2026-03-07 22:01:19 INFO module=api msg="request completed"
2026-03-07 22:03:38 INFO module=net msg="service started"
2026-03-07 22:04:07 INFO module=db msg="job scheduled"
2026-03-07 22:04:24 INFO module=api msg="user logged in"
2026-03-07 22:05:27 INFO module=db msg="job scheduled"
2026-03-07 22:07:23 INFO module=api msg="request completed"
2026-03-07 22:15:55 INFO module=api msg="service started"
2026-03-07 22:16:26 INFO module=db msg="service started"
2026-03-07 22:17:17 INFO module=api msg="request completed"
2026-03-07 22:17:34 WARN module=fs msg="deprecated option used"
2026-03-07 22:21:05 INFO module=net msg="request completed"
2026-03-07 22:21:20 INFO module=cache msg="request completed"
2026-03-07 22:21:41 INFO module=db msg="cache warmed up"
2026-03-07 22:22:29 WARN module=net msg="disk usage above 80%"
2026-03-07 22:23:27 DEBUG module=sched msg="entering handler"
2026-03-07 22:23:58 WARN module=net msg="disk usage above 80%"
2026-03-07 22:31:34 ERROR module=net msg="query failed"
2026-03-07 22:36:56 INFO module=api msg="job scheduled"
2026-03-07 22:37:02 INFO module=db msg="service started"
2026-03-07 22:39:15 INFO module=db msg="cache warmed up"
2026-03-07 22:39:25 INFO module=net msg="service started"
2026-03-07 22:39:26 INFO module=auth msg="job scheduled"
2026-03-07 22:41:35 INFO module=api msg="cache warmed up"
2026-03-07 22:44:40 INFO module=disk msg="request completed"
2026-03-07 22:47:29 INFO module=cache msg="service started"
2026-03-07 22:52:31 INFO module=auth msg="job scheduled"
2026-03-07 22:53:30 ERROR module=net msg="connection refused"
2026-03-07 22:57:24 DEBUG module=auth msg="entering handler"
2026-03-07 22:58:24 WARN module=net msg="disk usage above 80%"
2026-03-07 22:58:59 INFO module=api msg="service started"
2026-03-07 23:11:06 DEBUG module=fs msg="heartbeat sent"
2026-03-07 23:11:57 DEBUG module=fs msg="queue length checked"
2026-03-07 23:12:58 INFO module=net msg="user logged in"
2026-03-07 23:14:14 WARN module=net msg="disk usage above 80%"
2026-03-07 23:15:29 WARN module=db msg="disk usage above 80%"
2026-03-07 23:17:32 INFO module=net msg="config reloaded"
2026-03-07 23:18:04 INFO module=auth msg="config reloaded"
2026-03-07 23:19:39 INFO module=api msg="user logged in"
2026-03-07 23:23:53 INFO module=fs msg="service started"
2026-03-07 23:25:10 WARN module=db msg="retrying request"
2026-03-07 23:35:45 INFO module=cache msg="job scheduled"
2026-03-07 23:35:58 INFO module=fs msg="cache warmed up"
2026-03-07 23:37:59 INFO module=db msg="cache warmed up"
2026-03-07 23:51:33 INFO module=net msg="user logged in"
2026-03-07 23:53:30 WARN module=disk msg="slow response"
2026-03-07 23:56:56 INFO module=api msg="service started"
2026-03-07 23:59:44 INFO module=fs msg="job scheduled"
