2026-03-08 00:11:48 INFO module=net msg="user logged in"
2026-03-08 00:17:49 INFO module=api msg="job scheduled"
2026-03-08 00:20:30 ERROR module=net msg="no space left on device"
2026-03-08 00:23:18 DEBUG module=disk msg="retry counter reset"
2026-03-08 00:24:32 WARN module=net msg="retrying request"
2026-03-08 00:31:53 WARN module=api msg="deprecated option used"
2026-03-08 00:41:34 INFO module=auth msg="user logged in"
2026-03-08 00:49:30 INFO module=disk msg="user logged in"
2026-03-08 00:51:08 DEBUG module=sched msg="heartbeat sent"
2026-03-08 00:53:00 INFO module=sched msg="config reloaded"
2026-03-08 00:54:07 DEBUG module=fs msg="retry counter reset"
2026-03-08 00:54:57 INFO module=sched msg="cache warmed up"
2026-03-08 01:01:34 INFO module=api msg="config reloaded"
2026-03-08 01:01:48 DEBUG module=api msg="queue length checked"
2026-03-08 01:04:27 INFO module=fs msg="service started"
2026-03-08 01:09:54 INFO module=cache msg="job scheduled"
2026-03-08 01:23:55 INFO module=net msg="request completed"
2026-03-08 01:25:19 WARN module=api msg="slow response"
2026-03-08 01:33:10 INFO module=db msg="config reloaded"
2026-03-08 01:37:34 INFO module=api msg="config reloaded"
2026-03-08 01:38:03 DEBUG module=disk msg="buffer flushed"
2026-03-08 01:38:21 DEBUG module=net msg="buffer flushed"
2026-03-08 01:40:24 INFO module=db msg="config reloaded"
2026-03-08 01:45:26 DEBUG module=cache msg="retry counter reset"
2026-03-08 01:45:44 INFO module=auth msg="job scheduled"
2026-03-08 01:47:59 INFO module=api msg="user logged in"
2026-03-08 01:54:58 INFO module=db msg="cache warmed up"
2026-03-08 01:57:10 INFO module=sched msg="request completed"
2026-03-08 02:06:35 INFO module=api msg="service started"
2026-03-08 02:09:47 INFO module=cache msg="config reloaded"
2026-03-08 02:14:39 INFO module=api msg="service started"
2026-03-08 02:16:36 INFO module=fs msg="job scheduled"
2026-03-08 02:17:09 WARN module=net msg="disk usage above 80%"
2026-03-08 02:19:23 INFO module=api msg="job scheduled"
2026-03-08 02:24:35 WARN module=db msg="deprecated option used"
2026-03-08 02:37:54 INFO module=api msg="job scheduled"
2026-03-08 02:42:32 WARN module=db msg="slow response"
2026-03-08 02:46:54 ERROR module=cache msg="segment read failed"
2026-03-08 02:54:25 INFO module=db msg="request completed"
2026-03-08 02:57:18 INFO module=auth msg="service started"
2026-03-08 02:58:41 INFO module=sched msg="service started"
2026-03-08 03:17:27 WARN module=disk msg="slow response"
2026-03-08 03:17:35 INFO module=net msg="request completed"
2026-03-08 03:21:26 INFO module=api msg="user logged in"
2026-03-08 03:23:37 INFO module=auth msg="service started"
2026-03-08 03:32:34 WARN module=cache msg="disk usage above 80%"
2026-03-08 03:43:12 WARN module=disk msg="disk usage above 80%"
2026-03-08 04:00:56 INFO module=sched msg="service started"
2026-03-08 04:13:54 INFO module=api msg="cache warmed up"
2026-03-08 04:22:46 INFO module=auth msg="config reloaded"
2026-03-08 04:24:22 ERROR module=db msg="query failed"
2026-03-08 04:26:36 INFO module=disk msg="config reloaded"
2026-03-08 04:27:15 INFO module=db msg="config reloaded"
2026-03-08 04:30:32 INFO module=sched msg="config reloaded"
2026-03-08 04:32:41 INFO module=disk msg="request completed"
2026-03-08 04:38:13 WARN module=auth msg="disk usage above 80%"
2026-03-08 04:39:50 INFO module=fs msg="user logged in"
2026-03-08 04:44:22 INFO module=api msg="request completed"
2026-03-08 04:56:55 INFO module=sched msg="request completed"
2026-03-08 05:08:05 DEBUG module=sched msg="entering handler"
2026-03-08 05:08:37 WARN module=db msg="slow response"
2026-03-08 05:11:26 INFO module=cache msg="request completed"
2026-03-08 05:18:39 INFO module=fs msg="request completed"
2026-03-08 05:19:16 INFO module=fs msg="service started"
2026-03-08 05:21:26 ERROR module=db msg="connection timeout"
2026-03-08 05:28:22 INFO module=db msg="cache warmed up"
2026-03-08 05:30:19 INFO module=cache msg="request completed"
2026-03-08 05:40:05 INFO module=sched msg="cache warmed up"
2026-03-08 05:42:10 DEBUG module=db msg="heartbeat sent"
2026-03-08 05:42:14 WARN module=disk msg="token expires soon"
2026-03-08 05:54:56 INFO module=cache msg="cache warmed up"
2026-03-08 05:58:41 INFO module=net msg="service started"
2026-03-08 05:59:47 INFO module=sched msg="config reloaded"
2026-03-08 06:03:10 INFO module=fs msg="job scheduled"
2026-03-08 06:04:37 WARN module=cache msg="retrying request"
2026-03-08 06:06:43 ERROR module=fs msg="invalid token"
2026-03-08 06:20:26 DEBUG module=cache msg="entering handler"
2026-03-08 06:21:19 INFO module=api msg="config reloaded"
2026-03-08 06:22:52 INFO module=api msg="cache warmed up"
2026-03-08 06:29:17 INFO module=auth msg="service started"
2026-03-08 06:31:24 INFO module=sched msg="user logged in"
2026-03-08 06:36:34 ERROR module=auth msg="permission denied"
2026-03-08 06:47:24 INFO module=db msg="config reloaded"
2026-03-08 06:48:53 INFO module=sched msg="user logged in"
2026-03-08 06:50:53 INFO module=db msg="user logged in"
2026-03-08 06:56:11 INFO module=disk msg="service started"
2026-03-08 06:57:02 INFO module=db msg="user logged in"
2026-03-08 06:59:34 WARN module=net msg="disk usage above 80%"
2026-03-08 07:09:43 INFO module=api msg="request completed"
2026-03-08 07:11:46 WARN module=disk msg="disk usage above 80%"
2026-03-08 07:15:47 DEBUG module=auth msg="retry counter reset"
2026-03-08 07:19:17 INFO module=auth msg="cache warmed up"
2026-03-08 07:19:59 DEBUG module=disk msg="buffer flushed"
2026-03-08 07:22:51 DEBUG module=sched msg="retry counter reset"
2026-03-08 07:24:08 DEBUG module=sched msg="buffer flushed"
2026-03-08 07:34:14 WARN module=db msg="slow response"
2026-03-08 07:34:48 INFO module=api msg="request completed"
2026-03-08 07:38:03 INFO module=sched msg="config reloaded"
2026-03-08 07:42:16 DEBUG module=cache msg="heartbeat sent"
2026-03-08 07:54:33 INFO module=fs msg="job scheduled"
2026-03-08 07:59:47 WARN module=db msg="deprecated option used"
2026-03-08 08:05:22 ERROR module=disk msg="query failed"
2026-03-08 08:08:06 DEBUG module=sched msg="retry counter reset"
2026-03-08 08:11:08 ERROR module=db msg="query failed"
2026-03-08 08:12:25 DEBUG module=db msg="entering handler"
2026-03-08 08:30:37 INFO module=db msg="cache warmed up"
2026-03-08 08:36:26 INFO module=disk msg="job scheduled"
2026-03-08 08:43:36 INFO module=fs msg="config reloaded"
2026-03-08 08:53:38 INFO module=net msg="user logged in"
2026-03-08 08:59:55 INFO module=db msg="service started"
2026-03-08 09:05:08 INFO module=net msg="user logged in"
2026-03-08 09:05:11 WARN module=auth msg="slow response"
2026-03-08 09:06:06 INFO module=cache msg="config reloaded"
2026-03-08 09:06:31 WARN module=cache msg="deprecated option used"
2026-03-08 09:13:54 INFO module=auth msg="config reloaded"
2026-03-08 09:14:46 INFO module=db msg="user logged in"
2026-03-08 09:19:11 WARN module=sched msg="deprecated option used"
2026-03-08 09:26:55 INFO module=disk msg="job scheduled"
2026-03-08 09:41:27 DEBUG module=api msg="buffer flushed"
2026-03-08 09:58:48 INFO module=auth msg="request completed"
2026-03-08 10:23:59 DEBUG module=sched msg="buffer flushed"
2026-03-08 10:25:25 WARN module=net msg="token expires soon"
2026-03-08 10:32:00 WARN module=cache msg="retrying request"
2026-03-08 10:42:37 INFO module=net msg="user logged in"
2026-03-08 11:17:20 INFO module=fs msg="cache warmed up"
2026-03-08 11:17:57 WARN module=cache msg="retrying request"
2026-03-08 11:33:11 DEBUG module=sched msg="heartbeat sent"
2026-03-08 11:38:03 INFO module=api msg="config reloaded"
2026-03-08 11:41:40 WARN module=disk msg="retrying request"
2026-03-08 11:42:55 INFO module=db msg="user logged in"
2026-03-08 11:54:17 INFO module=api msg="user logged in"
2026-03-08 11:54:45 DEBUG module=cache msg="entering handler"
2026-03-08 11:56:24 DEBUG module=sched msg="heartbeat sent"
2026-03-08 12:00:05 INFO module=net msg="user logged in"
2026-03-08 12:02:01 INFO module=api msg="user logged in"
2026-03-08 12:05:18 INFO module=cache msg="request completed"
2026-03-08 12:08:40 INFO module=api msg="cache warmed up"
2026-03-08 12:16:43 INFO module=api msg="request completed"
2026-03-08 12:24:31 ERROR module=db msg="connection refused"
2026-03-08 12:26:13 WARN module=net msg="disk usage above 80%"
2026-03-08 12:29:11 INFO module=disk msg="user logged in"
2026-03-08 12:32:56 INFO module=net msg="request completed"
2026-03-08 12:54:14 INFO module=cache msg="job scheduled"
2026-03-08 13:02:37 DEBUG module=auth msg="retry counter reset"
2026-03-08 13:11:26 ERROR module=db msg="no space left on device"
2026-03-08 13:15:08 WARN module=cache msg="token expires soon"
2026-03-08 13:19:36 INFO module=cache msg="user logged in"
2026-03-08 13:21:34 DEBUG module=db msg="heartbeat sent"
2026-03-08 13:23:52 ERROR module=auth msg="permission denied"
2026-03-08 13:25:35 ERROR module=disk msg="query failed"
2026-03-08 13:29:13 DEBUG module=cache msg="queue length checked"
2026-03-08 13:43:27 INFO module=db msg="service started"
2026-03-08 13:47:14 WARN module=disk msg="slow response"
2026-03-08 13:55:34 WARN module=api msg="deprecated option used"
2026-03-08 13:55:55 INFO module=db msg="user logged in"
2026-03-08 13:57:51 INFO module=fs msg="request completed"
2026-03-08 14:02:33 DEBUG module=sched msg="entering handler"
2026-03-08 14:11:07 WARN module=net msg="retrying request"
2026-03-08 14:15:03 INFO module=api msg="job scheduled"
2026-03-08 14:16:50 WARN module=auth msg="slow response"
2026-03-08 14:31:30 DEBUG module=api msg="heartbeat sent"
2026-03-08 14:40:11 DEBUG module=auth msg="buffer flushed"
2026-03-08 14:40:50 INFO module=disk msg="request completed"
2026-03-08 14:58:09 WARN module=disk msg="slow response"
2026-03-08 14:58:56 INFO module=db msg="cache warmed up"
2026-03-08 15:01:17 INFO module=api msg="job scheduled"
2026-03-08 15:02:37 ERROR module=auth msg="permission denied"
2026-03-08 15:08:32 ERROR module=db msg="invalid token"
2026-03-08 15:10:21 INFO module=auth msg="job scheduled"
2026-03-08 15:13:35 INFO module=disk msg="cache warmed up"
2026-03-08 15:24:01 WARN module=db msg="disk usage above 80%"
2026-03-08 15:26:36 INFO module=sched msg="config reloaded"
2026-03-08 15:26:37 INFO module=disk msg="cache warmed up"
2026-03-08 15:27:29 INFO module=auth msg="cache warmed up"
2026-03-08 15:30:42 INFO module=auth msg="request completed"
2026-03-08 15:39:11 INFO module=fs msg="config reloaded"
2026-03-08 15:43:34 WARN module=cache msg="deprecated option used"
2026-03-08 15:52:07 INFO module=api msg="user logged in"
2026-03-08 15:54:21 INFO module=db msg="request completed"
2026-03-08 15:55:36 INFO module=auth msg="service started"
2026-03-08 16:00:20 INFO module=api msg="config reloaded"
2026-03-08 16:20:29 INFO module=api msg="user logged in"
2026-03-08 16:22:10 INFO module=fs msg="service started"
2026-03-08 16:35:52 INFO module=auth msg="service started"
2026-03-08 16:44:56 DEBUG module=cache msg="retry counter reset"
2026-03-08 16:44:58 INFO module=db msg="job scheduled"
2026-03-08 16:48:13 WARN module=db msg="token expires soon"
2026-03-08 16:49:28 INFO module=db msg="cache warmed up"
2026-03-08 16:49:36 INFO module=fs msg="job scheduled"
2026-03-08 16:52:28 INFO module=fs msg="job scheduled"
2026-03-08 16:53:24 WARN module=api msg="disk usage above 80%"
2026-03-08 17:00:04 INFO module=api msg="request completed"
2026-03-08 17:00:34 ERROR module=net msg="segment read failed"
2026-03-08 17:02:48 WARN module=api msg="deprecated option used"
2026-03-08 17:02:51 INFO module=cache msg="user logged in"
2026-03-08 17:03:22 ERROR module=db msg="connection timeout"
2026-03-08 17:06:18 DEBUG module=disk msg="entering handler"
2026-03-08 17:12:59 ERROR module=db msg="invalid token"
2026-03-08 17:14:12 WARN module=net msg="disk usage above 80%"
2026-03-08 17:15:34 DEBUG module=sched msg="entering handler"
2026-03-08 17:16:59 WARN module=db msg="deprecated option used"
2026-03-08 17:17:21 INFO module=disk msg="config reloaded"
2026-03-08 17:20:13 INFO module=sched msg="service started"
2026-03-08 17:23:13 DEBUG module=db msg="entering handler"
2026-03-08 17:24:45 INFO module=db msg="user logged in"
2026-03-08 17:26:20 INFO module=sched msg="job scheduled"
2026-03-08 17:29:18 INFO module=db msg="request completed"
2026-03-08 17:41:06 INFO module=api msg="config reloaded"
2026-03-08 17:45:40 WARN module=net msg="token expires soon"
2026-03-08 18:07:28 DEBUG module=cache msg="heartbeat sent"
2026-03-08 18:08:11 INFO module=sched msg="user logged in"
2026-03-08 18:11:41 ERROR module=net msg="connection refused"
2026-03-08 18:18:55 INFO module=disk msg="service started"
2026-03-08 18:22:06 INFO module=cache msg="config reloaded"
2026-03-08 18:23:53 ERROR module=db msg="segment read failed"
2026-03-08 18:27:03 INFO module=api msg="service started"
2026-03-08 18:28:30 INFO module=sched msg="request completed"
2026-03-08 18:32:32 INFO module=sched msg="request completed"
2026-03-08 18:35:31 INFO module=cache msg="config reloaded"
2026-03-08 18:36:01 INFO module=net msg="job scheduled"
2026-03-08 18:42:02 ERROR module=net msg="permission denied"
2026-03-08 18:58:09 INFO module=disk msg="service started"
2026-03-08 18:58:41 INFO module=sched msg="job scheduled"
2026-03-08 18:59:35 ERROR module=api msg="invalid token"
2026-03-08 19:00:14 ERROR module=api msg="connection timeout"
2026-03-08 19:01:36 INFO module=net msg="config reloaded"
2026-03-08 19:04:53 INFO module=sched msg="request completed"
2026-03-08 19:16:41 ERROR module=net msg="connection refused"
2026-03-08 19:36:36 ERROR module=fs msg="no space left on device"
2026-03-08 19:39:54 DEBUG module=disk msg="heartbeat sent"
2026-03-08 19:45:57 ERROR module=auth msg="connection timeout"
2026-03-08 20:00:03 INFO module=api msg="request completed"
2026-03-08 20:02:43 INFO module=db msg="user logged in"
2026-03-08 20:07:05 INFO module=cache msg="config reloaded"
2026-03-08 20:16:38 WARN module=disk msg="retrying request"
2026-03-08 20:19:40 INFO module=disk msg="job scheduled"
2026-03-08 20:20:57 INFO module=auth msg="job scheduled"
2026-03-08 20:24:18 INFO module=sched msg="request completed"
2026-03-08 20:41:59 INFO module=api msg="cache warmed up"
2026-03-08 20:44:25 INFO module=auth msg="config reloaded"
2026-03-08 20:44:35 INFO module=api msg="user logged in"
2026-03-08 20:46:07 INFO module=cache msg="user logged in"
2026-03-08 20:46:52 WARN module=disk msg="token expires soon"
2026-03-08 20:50:48 DEBUG module=sched msg="retry counter reset"
2026-03-08 20:51:46 INFO module=auth msg="cache warmed up"
2026-03-08 20:55:25 INFO module=auth msg="job scheduled"
2026-03-08 20:59:14 WARN module=net msg="token expires soon"
2026-03-08 21:02:31 INFO module=disk msg="cache warmed up"
2026-03-08 21:02:33 WARN module=net msg="disk usage above 80%"
2026-03-08 21:02:59 WARN module=auth msg="deprecated option used"
2026-03-08 21:06:41 INFO module=auth msg="job scheduled"
2026-03-08 21:09:05 INFO module=sched msg="job scheduled"
2026-03-08 21:09:37 INFO module=fs msg="request completed"
2026-03-08 21:09:44 ERROR module=auth msg="permission denied"
2026-03-08 21:11:39 DEBUG module=sched msg="buffer flushed"
2026-03-08 21:15:42 INFO module=db msg="service started"
2026-03-08 21:21:41 INFO module=api msg="job scheduled"
2026-03-08 21:34:00 INFO module=disk msg="cache warmed up"
2026-03-08 21:36:46 ERROR module=cache msg="connection timeout"
2026-03-08 21:38:36 ERROR module=net msg="connection timeout"
2026-03-08 21:40:00 WARN module=net msg="retrying request"
2026-03-08 21:42:34 WARN module=net msg="slow response"
2026-03-08 21:57:49 INFO module=disk msg="request completed"
2026-03-08 22:07:11 ERROR module=fs msg="query failed"
2026-03-08 22:16:59 ERROR module=db msg="permission denied"
2026-03-08 22:22:25 INFO module=cache msg="request completed"
2026-03-08 22:36:17 DEBUG module=disk msg="heartbeat sent"
2026-03-08 22:42:31 INFO module=net msg="cache warmed up"
2026-03-08 22:53:32 INFO module=net msg="service started"
2026-03-08 22:57:58 INFO module=net msg="user logged in"
2026-03-08 22:59:57 INFO module=api msg="config reloaded"
2026-03-08 23:02:50 INFO module=fs msg="cache warmed up"
2026-03-08 23:08:19 INFO module=net msg="config reloaded"
2026-03-08 23:08:30 INFO module=cache msg="service started"
2026-03-08 23:12:28 INFO module=api msg="cache warmed up"
2026-03-08 23:16:11 WARN module=sched msg="slow response"
2026-03-08 23:23:44 INFO module=cache msg="user logged in"
2026-03-08 23:32:24 DEBUG module=sched msg="buffer flushed"
2026-03-08 23:34:33 INFO module=api msg="cache warmed up"
2026-03-08 23:42:52 INFO module=api msg="user logged in"
2026-03-08 23:47:08 WARN module=api msg="slow response"
2026-03-08 23:52:21 INFO module=fs msg="config reloaded"
2026-03-08 23:55:07 WARN module=net msg="retrying request"
