2026-03-11 00:03:29 INFO module=cache msg="job scheduled"
2026-03-11 00:05:02 INFO module=api msg="job scheduled"
2026-03-11 00:08:41 INFO module=net msg="user logged in"
2026-03-11 00:12:50 ERROR module=auth msg="query failed"
2026-03-11 00:23:03 INFO module=auth msg="request completed"
2026-03-11 00:35:43 DEBUG module=cache msg="entering handler"
2026-03-11 00:41:53 INFO module=disk msg="request completed"
2026-03-11 00:47:53 WARN module=cache msg="slow response"
2026-03-11 01:07:04 ERROR module=disk msg="invalid token"
2026-03-11 01:08:12 INFO module=disk msg="user logged in"
2026-03-11 01:08:50 INFO module=api msg="user logged in"
2026-03-11 01:16:52 INFO module=api msg="user logged in"
2026-03-11 01:19:26 DEBUG module=disk msg="entering handler"
2026-03-11 01:22:04 DEBUG module=fs msg="retry counter reset"
2026-03-11 01:26:34 WARN module=sched msg="token expires soon"
2026-03-11 01:34:40 DEBUG module=api msg="heartbeat sent"
2026-03-11 01:42:10 INFO module=api msg="service started"
2026-03-11 01:47:59 INFO module=disk msg="service started"
2026-03-11 01:53:25 INFO module=sched msg="job scheduled"
2026-03-11 01:53:47 INFO module=fs msg="config reloaded"
2026-03-11 01:58:47 INFO module=net msg="cache warmed up"
2026-03-11 02:06:12 INFO module=api msg="cache warmed up"
2026-03-11 02:07:40 ERROR module=db msg="segment read failed"
2026-03-11 02:15:50 ERROR module=auth msg="permission denied"
2026-03-11 02:16:28 INFO module=sched msg="request completed"
2026-03-11 02:22:24 INFO module=disk msg="user logged in"
2026-03-11 02:24:47 INFO module=db msg="cache warmed up"
2026-03-11 02:28:25 INFO module=api msg="config reloaded"
2026-03-11 02:31:53 INFO module=cache msg="config reloaded"
2026-03-11 02:34:59 INFO module=disk msg="config reloaded"
2026-03-11 02:48:42 INFO module=db msg="service started"
2026-03-11 02:48:44 DEBUG module=api msg="retry counter reset"
2026-03-11 03:16:28 INFO module=cache msg="cache warmed up"
2026-03-11 03:17:07 INFO module=db msg="config reloaded"
2026-03-11 03:23:49 DEBUG module=fs msg="retry counter reset"
2026-03-11 03:25:33 DEBUG module=sched msg="heartbeat sent"
2026-03-11 03:27:33 WARN module=cache msg="deprecated option used"
2026-03-11 03:34:39 INFO module=api msg="user logged in"
2026-03-11 04:02:37 INFO module=fs msg="job scheduled"
2026-03-11 04:06:15 ERROR module=disk msg="connection timeout"
2026-03-11 04:11:40 INFO module=disk msg="request completed"
2026-03-11 04:14:13 INFO module=api msg="job scheduled"
2026-03-11 04:14:56 WARN module=sched msg="slow response"
2026-03-11 04:15:05 INFO module=cache msg="cache warmed up"
2026-03-11 04:20:13 DEBUG module=disk msg="heartbeat sent"
2026-03-11 04:34:35 DEBUG module=cache msg="retry counter reset"
2026-03-11 04:56:59 WARN module=disk msg="slow response"
2026-03-11 05:00:14 INFO module=cache msg="cache warmed up"
2026-03-11 05:05:00 DEBUG module=api msg="entering handler"
2026-03-11 05:08:04 INFO module=fs msg="service started"
2026-03-11 05:10:22 WARN module=net msg="retrying request"
2026-03-11 05:32:07 INFO module=db msg="service started"
2026-03-11 05:36:08 INFO module=api msg="request completed"
2026-03-11 05:44:46 INFO module=auth msg="service started"
2026-03-11 05:58:53 DEBUG module=sched msg="buffer flushed"
2026-03-11 06:29:07 INFO module=fs msg="user logged in"
2026-03-11 06:34:34 DEBUG module=disk msg="buffer flushed"
2026-03-11 06:39:48 DEBUG module=db msg="buffer flushed"
2026-03-11 06:48:44 INFO module=sched msg="job scheduled"
2026-03-11 06:49:53 INFO module=fs msg="cache warmed up"
2026-03-11 06:54:30 DEBUG module=cache msg="heartbeat sent"
2026-03-11 06:58:48 ERROR module=auth msg="connection timeout"
2026-03-11 06:59:54 ERROR module=api msg="invalid token"
2026-03-11 07:14:47 ERROR module=sched msg="query failed"
2026-03-11 07:27:00 DEBUG module=sched msg="buffer flushed"
2026-03-11 07:45:05 INFO module=net msg="cache warmed up"
2026-03-11 07:51:19 INFO module=fs msg="cache warmed up"
2026-03-11 07:56:11 DEBUG module=cache msg="queue length checked"
2026-03-11 07:56:14 DEBUG module=cache msg="retry counter reset"
2026-03-11 08:01:24 INFO module=sched msg="job scheduled"
2026-03-11 08:01:50 WARN module=api msg="slow response"
2026-03-11 08:03:45 INFO module=net msg="service started"
2026-03-11 08:08:22 INFO module=db msg="cache warmed up"
2026-03-11 08:08:54 WARN module=disk msg="retrying request"
2026-03-11 08:14:25 DEBUG module=net msg="queue length checked"
2026-03-11 08:20:34 INFO module=net msg="service started"
2026-03-11 08:21:04 INFO module=net msg="user logged in"
2026-03-11 08:31:32 INFO module=net msg="cache warmed up"
2026-03-11 08:32:27 DEBUG module=cache msg="buffer flushed"
2026-03-11 08:33:43 DEBUG module=api msg="heartbeat sent"
2026-03-11 08:34:40 ERROR module=net msg="no space left on device"
2026-03-11 08:39:47 INFO module=disk msg="cache warmed up"
2026-03-11 08:41:45 INFO module=cache msg="service started"
2026-03-11 08:42:10 WARN module=sched msg="deprecated option used"
2026-03-11 08:44:46 WARN module=api msg="slow response"
2026-03-11 08:53:53 DEBUG module=disk msg="buffer flushed"
2026-03-11 08:59:54 DEBUG module=sched msg="queue length checked"
2026-03-11 09:03:51 INFO module=sched msg="request completed"
2026-03-11 09:05:19 ERROR module=auth msg="segment read failed"
2026-03-11 09:10:13 WARN module=disk msg="disk usage above 80%"
2026-03-11 09:18:16 INFO module=sched msg="user logged in"
2026-03-11 09:18:29 INFO module=api msg="service started"
2026-03-11 09:27:40 INFO module=fs msg="job scheduled"
2026-03-11 09:31:55 INFO module=sched msg="config reloaded"
2026-03-11 09:40:52 WARN module=net msg="slow response"
2026-03-11 09:45:48 INFO module=db msg="request completed"
2026-03-11 09:48:08 INFO module=auth msg="user logged in"
2026-03-11 09:55:11 INFO module=disk msg="config reloaded"
2026-03-11 10:12:11 WARN module=net msg="retrying request"
2026-03-11 10:15:54 INFO module=db msg="job scheduled"
2026-03-11 10:16:30 INFO module=api msg="service started"
2026-03-11 10:28:17 INFO module=auth msg="user logged in"
2026-03-11 10:31:36 INFO module=net msg="user logged in"
2026-03-11 10:35:31 INFO module=db msg="service started"
2026-03-11 10:38:55 INFO module=fs msg="cache warmed up"
2026-03-11 10:42:34 INFO module=cache msg="cache warmed up"
2026-03-11 10:48:11 INFO module=cache msg="request completed"
2026-03-11 11:05:01 ERROR module=auth msg="invalid token"
2026-03-11 11:06:28 INFO module=db msg="request completed"
2026-03-11 11:07:10 INFO module=disk msg="user logged in"
2026-03-11 11:09:33 INFO module=auth msg="user logged in"
2026-03-11 11:22:32 INFO module=auth msg="user logged in"
2026-03-11 11:27:55 INFO module=disk msg="service started"
2026-03-11 11:34:45 INFO module=auth msg="request completed"
2026-03-11 11:37:44 INFO module=auth msg="config reloaded"
2026-03-11 11:42:07 INFO module=auth msg="service started"
2026-03-11 11:50:20 INFO module=cache msg="cache warmed up"
2026-03-11 11:58:08 INFO module=auth msg="request completed"
2026-03-11 11:59:01 INFO module=cache msg="user logged in"
2026-03-11 12:00:16 DEBUG module=fs msg="entering handler"
2026-03-11 12:28:47 INFO module=disk msg="cache warmed up"
2026-03-11 12:36:24 INFO module=sched msg="user logged in"
2026-03-11 12:43:57 INFO module=fs msg="service started"
2026-03-11 12:45:27 INFO module=net msg="config reloaded"
2026-03-11 12:49:15 INFO module=db msg="service started"
2026-03-11 12:51:03 INFO module=cache msg="user logged in"
2026-03-11 13:00:08 DEBUG module=fs msg="retry counter reset"
2026-03-11 13:01:48 INFO module=net msg="service started"
2026-03-11 13:02:03 INFO module=db msg="config reloaded"
2026-03-11 13:11:13 INFO module=sched msg="request completed"
2026-03-11 13:13:12 DEBUG module=cache msg="entering handler"
2026-03-11 13:20:08 INFO module=disk msg="config reloaded"
2026-03-11 13:26:54 ERROR module=db msg="segment read failed"
2026-03-11 13:30:22 WARN module=net msg="disk usage above 80%"
2026-03-11 13:33:21 INFO module=sched msg="user logged in"
2026-03-11 13:33:52 DEBUG module=api msg="queue length checked"
2026-03-11 13:34:40 INFO module=sched msg="user logged in"
2026-03-11 13:37:09 WARN module=disk msg="retrying request"
2026-03-11 13:41:11 INFO module=disk msg="user logged in"
2026-03-11 13:51:41 ERROR module=cache msg="permission denied"
2026-03-11 13:54:26 WARN module=auth msg="disk usage above 80%"
2026-03-11 13:59:28 INFO module=sched msg="service started"
2026-03-11 14:00:21 INFO module=auth msg="user logged in"
2026-03-11 14:00:31 INFO module=sched msg="job scheduled"
2026-03-11 14:28:26 INFO module=db msg="cache warmed up"
2026-03-11 14:29:38 ERROR module=db msg="query failed"
2026-03-11 14:31:18 DEBUG module=auth msg="retry counter reset"
2026-03-11 14:35:59 INFO module=cache msg="cache warmed up"
2026-03-11 14:40:19 WARN module=disk msg="retrying request"
2026-03-11 14:48:46 INFO module=net msg="config reloaded"
2026-03-11 14:51:34 INFO module=net msg="config reloaded"
2026-03-11 14:52:57 INFO module=fs msg="user logged in"
2026-03-11 14:57:57 WARN module=net msg="disk usage above 80%"
2026-03-11 15:04:27 ERROR module=db msg="invalid token"
2026-03-11 15:29:06 DEBUG module=db msg="buffer flushed"
2026-03-11 15:38:03 INFO module=api msg="service started"
2026-03-11 15:50:52 INFO module=auth msg="service started"
2026-03-11 15:56:35 WARN module=db msg="deprecated option used"
2026-03-11 15:57:55 INFO module=net msg="user logged in"
2026-03-11 16:04:49 DEBUG module=cache msg="retry counter reset"
2026-03-11 16:05:54 DEBUG module=api msg="entering handler"
2026-03-11 16:14:39 INFO module=api msg="cache warmed up"
2026-03-11 16:23:16 DEBUG module=net msg="entering handler"
2026-03-11 16:40:50 WARN module=disk msg="disk usage above 80%"
2026-03-11 16:48:53 WARN module=cache msg="deprecated option used"
2026-03-11 16:52:08 INFO module=net msg="cache warmed up"
2026-03-11 16:55:36 WARN module=db msg="slow response"
2026-03-11 16:56:01 INFO module=fs msg="service started"
2026-03-11 17:08:49 INFO module=sched msg="user logged in"
2026-03-11 17:14:21 INFO module=auth msg="config reloaded"
2026-03-11 17:22:31 ERROR module=auth msg="invalid token"
2026-03-11 17:25:07 INFO module=fs msg="config reloaded"
2026-03-11 17:28:52 DEBUG module=sched msg="heartbeat sent"
2026-03-11 17:43:16 INFO module=fs msg="job scheduled"
2026-03-11 17:47:26 INFO module=fs msg="request completed"
2026-03-11 17:52:31 DEBUG module=auth msg="entering handler"
2026-03-11 18:04:52 WARN module=cache msg="deprecated option used"
2026-03-11 18:16:04 INFO module=cache msg="user logged in"
2026-03-11 18:19:40 INFO module=api msg="cache warmed up"
2026-03-11 18:20:38 DEBUG module=api msg="entering handler"
2026-03-11 18:36:22 INFO module=net msg="service started"
2026-03-11 18:41:26 DEBUG module=sched msg="queue length checked"
2026-03-11 18:44:33 INFO module=disk msg="service started"
2026-03-11 18:47:22 INFO module=auth msg="config reloaded"
2026-03-11 18:53:08 INFO module=net msg="user logged in"
2026-03-11 18:56:53 WARN module=net msg="retrying request"
2026-03-11 19:01:07 ERROR module=auth msg="connection refused"
2026-03-11 19:19:47 INFO module=fs msg="cache warmed up"
2026-03-11 19:20:58 INFO module=net msg="config reloaded"
2026-03-11 19:25:55 INFO module=fs msg="cache warmed up"
2026-03-11 19:33:00 INFO module=disk msg="config reloaded"
2026-03-11 19:33:02 WARN module=net msg="token expires soon"
2026-03-11 19:33:59 INFO module=api msg="service started"
2026-03-11 19:40:47 INFO module=db msg="cache warmed up"
2026-03-11 19:54:26 INFO module=api msg="cache warmed up"
2026-03-11 20:00:45 INFO module=auth msg="cache warmed up"
2026-03-11 20:05:16 WARN module=disk msg="slow response"
2026-03-11 20:21:14 WARN module=net msg="disk usage above 80%"
2026-03-11 20:28:22 DEBUG module=fs msg="queue length checked"
2026-03-11 20:38:50 WARN module=db msg="retrying request"
2026-03-11 20:45:32 INFO module=net msg="config reloaded"
2026-03-11 20:46:06 DEBUG module=cache msg="retry counter reset"
2026-03-11 20:48:15 WARN module=disk msg="token expires soon"
2026-03-11 20:49:06 INFO module=auth msg="service started"
2026-03-11 20:51:21 DEBUG module=fs msg="retry counter reset"
2026-03-11 20:54:07 DEBUG module=api msg="heartbeat sent"
2026-03-11 21:00:15 INFO module=disk msg="user logged in"
2026-03-11 21:06:40 INFO module=auth msg="service started"
2026-03-11 21:09:12 WARN module=db msg="deprecated option used"
2026-03-11 21:13:51 ERROR module=auth msg="connection timeout"
2026-03-11 21:18:19 WARN module=cache msg="retrying request"
2026-03-11 21:19:18 DEBUG module=disk msg="queue length checked"
2026-03-11 21:19:28 INFO module=fs msg="service started"
2026-03-11 21:26:06 INFO module=disk msg="request completed"
2026-03-11 21:38:37 INFO module=fs msg="user logged in"
2026-03-11 21:40:46 DEBUG module=sched msg="retry counter reset"
2026-03-11 21:53:13 INFO module=api msg="user logged in"
2026-03-11 21:54:34 INFO module=cache msg="job scheduled"
2026-03-11 22:00:51 INFO module=auth msg="cache warmed up"
2026-03-11 22:03:34 INFO module=fs msg="service started"
2026-03-11 22:09:45 WARN module=disk msg="disk usage above 80%"
2026-03-11 22:16:31 WARN module=disk msg="disk usage above 80%"
2026-03-11 22:20:31 WARN module=auth msg="deprecated option used"
2026-03-11 22:21:53 INFO module=api msg="job scheduled"
2026-03-11 22:30:44 INFO module=net msg="cache warmed up"
2026-03-11 22:39:42 INFO module=sched msg="request completed"
2026-03-11 22:45:18 WARN module=cache msg="deprecated option used"
2026-03-11 22:54:07 INFO module=api msg="config reloaded"
2026-03-11 22:54:57 INFO module=fs msg="request completed"
2026-03-11 22:59:59 INFO module=sched msg="service started"
2026-03-11 23:03:20 INFO module=cache msg="config reloaded"
2026-03-11 23:05:07 INFO module=net msg="service started"
2026-03-11 23:20:06 INFO module=api msg="service started"
2026-03-11 23:21:22 INFO module=auth msg="request completed"
2026-03-11 23:28:51 INFO module=db msg="job scheduled"
2026-03-11 23:34:32 INFO module=sched msg="cache warmed up"
2026-03-11 23:39:58 INFO module=auth msg="service started"
2026-03-11 23:52:35 INFO module=api msg="config reloaded"
