2026-03-12 00:03:28 INFO module=api msg="job scheduled"
2026-03-12 00:06:11 INFO module=api msg="job scheduled"
2026-03-12 00:07:10 INFO module=api msg="service started"
2026-03-12 00:07:46 INFO module=api msg="request completed"
2026-03-12 00:08:06 ERROR module=net msg="segment read failed"
2026-03-12 00:09:12 INFO module=disk msg="user logged in"
2026-03-12 00:10:30 INFO module=db msg="job scheduled"
2026-03-12 00:10:48 WARN module=db msg="retrying request"
2026-03-12 00:12:10 WARN module=sched msg="token expires soon"
2026-03-12 00:15:05 WARN module=db msg="token expires soon"
2026-03-12 00:15:24 ERROR module=net msg="permission denied"
2026-03-12 00:16:56 INFO module=auth msg="job scheduled"
2026-03-12 00:21:25 INFO module=sched msg="cache warmed up"
2026-03-12 00:21:59 INFO module=net msg="request completed"
2026-03-12 00:26:48 INFO module=disk msg="service started"
2026-03-12 00:30:43 DEBUG module=api msg="heartbeat sent"
2026-03-12 00:31:41 INFO module=api msg="config reloaded"
2026-03-12 00:31:55 INFO module=api msg="request completed"
2026-03-12 00:32:12 INFO module=net msg="service started"
2026-03-12 00:32:40 INFO module=fs msg="user logged in"
2026-03-12 00:36:12 DEBUG module=auth msg="entering handler"
2026-03-12 00:39:39 INFO module=fs msg="service started"
2026-03-12 00:42:34 INFO module=net msg="config reloaded"
2026-03-12 00:43:14 DEBUG module=api msg="heartbeat sent"
2026-03-12 00:44:10 INFO module=db msg="user logged in"
2026-03-12 00:46:54 WARN module=fs msg="deprecated option used"
2026-03-12 00:50:45 INFO module=fs msg="cache warmed up"
2026-03-12 00:53:24 INFO module=api msg="request completed"
2026-03-12 00:58:05 INFO module=db msg="service started"
2026-03-12 00:58:51 INFO module=net msg="config reloaded"
2026-03-12 00:58:52 INFO module=auth msg="config reloaded"
2026-03-12 00:59:55 WARN module=net msg="token expires soon"
2026-03-12 01:02:38 INFO module=db msg="service started"
2026-03-12 01:06:04 WARN module=fs msg="disk usage above 80%"
2026-03-12 01:07:00 WARN module=net msg="slow response"
2026-03-12 01:08:50 INFO module=sched msg="request completed"
2026-03-12 01:09:42 INFO module=sched msg="job scheduled"
2026-03-12 01:09:59 DEBUG module=disk msg="entering handler"
2026-03-12 01:15:45 ERROR module=disk msg="query failed"
2026-03-12 01:16:27 INFO module=db msg="cache warmed up"
2026-03-12 01:17:28 INFO module=disk msg="cache warmed up"
2026-03-12 01:20:26 INFO module=sched msg="config reloaded"
2026-03-12 01:21:27 DEBUG module=net msg="entering handler"
2026-03-12 01:21:43 WARN module=cache msg="disk usage above 80%"
2026-03-12 01:25:17 WARN module=net msg="token expires soon"
2026-03-12 01:27:03 WARN module=disk msg="retrying request"
2026-03-12 01:27:51 INFO module=net msg="request completed"
2026-03-12 01:30:17 WARN module=cache msg="deprecated option used"
2026-03-12 01:31:50 INFO module=sched msg="config reloaded"
2026-03-12 01:36:38 INFO module=auth msg="user logged in"
2026-03-12 01:37:53 INFO module=api msg="config reloaded"
2026-03-12 01:38:39 WARN module=auth msg="deprecated option used"
2026-03-12 01:39:02 DEBUG module=net msg="queue length checked"
2026-03-12 01:39:37 INFO module=auth msg="service started"
2026-03-12 01:39:52 INFO module=net msg="cache warmed up"
2026-03-12 01:40:26 DEBUG module=sched msg="buffer flushed"
2026-03-12 01:41:25 DEBUG module=fs msg="retry counter reset"
2026-03-12 01:42:49 INFO module=db msg="cache warmed up"
2026-03-12 01:43:28 INFO module=api msg="request completed"
2026-03-12 01:44:41 WARN module=auth msg="slow response"
2026-03-12 01:46:16 INFO module=auth msg="job scheduled"
2026-03-12 01:46:37 WARN module=api msg="deprecated option used"
2026-03-12 01:46:58 DEBUG module=net msg="retry counter reset"
2026-03-12 01:48:06 INFO module=net msg="cache warmed up"
2026-03-12 01:51:12 DEBUG module=api msg="retry counter reset"
2026-03-12 02:02:22 INFO module=cache msg="request completed"
2026-03-12 02:02:40 ERROR module=net msg="connection refused"
2026-03-12 02:04:39 INFO module=auth msg="service started"
2026-03-12 02:05:57 INFO module=api msg="cache warmed up"
2026-03-12 02:17:20 INFO module=cache msg="request completed"
2026-03-12 02:17:47 DEBUG module=fs msg="queue length checked"
2026-03-12 02:20:48 WARN module=net msg="disk usage above 80%"
2026-03-12 02:21:00 DEBUG module=net msg="queue length checked"
2026-03-12 02:23:14 INFO module=db msg="config reloaded"
2026-03-12 02:27:17 WARN module=sched msg="deprecated option used"
2026-03-12 02:29:29 INFO module=auth msg="job scheduled"
2026-03-12 02:29:45 INFO module=db msg="config reloaded"
2026-03-12 02:39:19 INFO module=db msg="request completed"
2026-03-12 02:40:41 INFO module=net msg="cache warmed up"
2026-03-12 02:43:30 DEBUG module=disk msg="buffer flushed"
2026-03-12 02:44:08 INFO module=disk msg="cache warmed up"
2026-03-12 02:44:24 DEBUG module=auth msg="entering handler"
2026-03-12 02:45:34 INFO module=net msg="service started"
2026-03-12 02:49:36 WARN module=cache msg="token expires soon"
2026-03-12 02:50:00 INFO module=cache msg="request completed"
2026-03-12 02:54:37 DEBUG module=disk msg="entering handler"
2026-03-12 02:55:40 WARN module=disk msg="slow response"
2026-03-12 02:57:11 WARN module=cache msg="disk usage above 80%"
2026-03-12 02:58:55 INFO module=fs msg="job scheduled"
2026-03-12 03:00:38 WARN module=net msg="retrying request"
2026-03-12 03:01:13 INFO module=fs msg="service started"
2026-03-12 03:01:42 DEBUG module=net msg="heartbeat sent"
2026-03-12 03:03:27 DEBUG module=auth msg="queue length checked"
2026-03-12 03:03:58 INFO module=db msg="config reloaded"
2026-03-12 03:06:22 INFO module=db msg="cache warmed up"
2026-03-12 03:11:47 WARN module=db msg="retrying request"
2026-03-12 03:15:41 INFO module=disk msg="cache warmed up"
2026-03-12 03:19:07 DEBUG module=fs msg="buffer flushed"
2026-03-12 03:24:14 WARN module=db msg="disk usage above 80%"
2026-03-12 03:24:18 INFO module=sched msg="job scheduled"
2026-03-12 03:25:44 INFO module=db msg="service started"
2026-03-12 03:33:41 WARN module=cache msg="slow response"
2026-03-12 03:35:38 INFO module=fs msg="request completed"
2026-03-12 03:44:00 INFO module=db msg="job scheduled"
2026-03-12 03:44:16 INFO module=db msg="job scheduled"
2026-03-12 03:46:21 INFO module=api msg="user logged in"
2026-03-12 03:48:25 INFO module=fs msg="service started"
2026-03-12 03:52:12 INFO module=auth msg="service started"
2026-03-12 03:58:25 DEBUG module=auth msg="buffer flushed"
2026-03-12 04:04:41 ERROR module=db msg="query failed"
2026-03-12 04:04:56 WARN module=cache msg="retrying request"
2026-03-12 04:05:42 INFO module=auth msg="config reloaded"
2026-03-12 04:09:34 INFO module=disk msg="config reloaded"
2026-03-12 04:09:50 WARN module=sched msg="retrying request"
2026-03-12 04:12:43 ERROR module=fs msg="query failed"
2026-03-12 04:13:27 INFO module=cache msg="cache warmed up"
2026-03-12 04:14:58 INFO module=net msg="service started"
2026-03-12 04:18:44 INFO module=disk msg="job scheduled"
2026-03-12 04:25:20 INFO module=cache msg="cache warmed up"
2026-03-12 04:25:59 INFO module=fs msg="request completed"
2026-03-12 04:26:20 WARN module=cache msg="slow response"
2026-03-12 04:29:50 INFO module=net msg="cache warmed up"
2026-03-12 04:35:48 WARN module=api msg="disk usage above 80%"
2026-03-12 04:37:18 WARN module=disk msg="deprecated option used"
2026-03-12 04:37:26 INFO module=api msg="config reloaded"
2026-03-12 04:38:05 INFO module=auth msg="service started"
2026-03-12 04:40:47 INFO module=sched msg="cache warmed up"
2026-03-12 04:40:57 WARN module=db msg="deprecated option used"
2026-03-12 04:44:05 WARN module=api msg="disk usage above 80%"
2026-03-12 04:45:13 ERROR module=sched msg="permission denied"
2026-03-12 04:47:30 WARN module=auth msg="retrying request"
2026-03-12 04:47:36 INFO module=sched msg="request completed"
2026-03-12 04:50:27 INFO module=auth msg="config reloaded"
2026-03-12 04:51:53 INFO module=auth msg="service started"
2026-03-12 04:59:04 INFO module=fs msg="config reloaded"
2026-03-12 05:00:11 INFO module=disk msg="request completed"
2026-03-12 05:00:35 WARN module=api msg="retrying request"
2026-03-12 05:04:38 INFO module=sched msg="user logged in"
2026-03-12 05:10:17 WARN module=auth msg="token expires soon"
2026-03-12 05:17:47 INFO module=fs msg="cache warmed up"
2026-03-12 05:21:53 INFO module=fs msg="user logged in"
2026-03-12 05:22:02 DEBUG module=db msg="retry counter reset"
2026-03-12 05:22:03 WARN module=disk msg="retrying request"
2026-03-12 05:22:56 INFO module=net msg="service started"
2026-03-12 05:23:31 INFO module=net msg="job scheduled"
2026-03-12 05:24:15 INFO module=api msg="request completed"
2026-03-12 05:25:06 INFO module=db msg="config reloaded"
2026-03-12 05:30:59 INFO module=auth msg="service started"
2026-03-12 05:31:19 INFO module=api msg="request completed"
2026-03-12 05:31:33 INFO module=fs msg="service started"
2026-03-12 05:36:42 DEBUG module=sched msg="heartbeat sent"
2026-03-12 05:37:53 DEBUG module=api msg="queue length checked"
2026-03-12 05:38:31 INFO module=disk msg="config reloaded"
2026-03-12 05:39:37 INFO module=net msg="service started"
2026-03-12 05:39:51 INFO module=db msg="config reloaded"
2026-03-12 05:42:21 INFO module=sched msg="cache warmed up"
2026-03-12 05:43:37 INFO module=api msg="job scheduled"
2026-03-12 05:46:04 INFO module=fs msg="job scheduled"
2026-03-12 05:47:37 ERROR module=net msg="query failed"
2026-03-12 05:57:04 WARN module=net msg="retrying request"
2026-03-12 05:57:55 INFO module=api msg="user logged in"
2026-03-12 05:59:10 INFO module=auth msg="job scheduled"
2026-03-12 06:01:46 WARN module=disk msg="deprecated option used"
2026-03-12 06:02:50 INFO module=disk msg="service started"
2026-03-12 06:05:16 WARN module=cache msg="deprecated option used"
2026-03-12 06:05:34 INFO module=cache msg="config reloaded"
2026-03-12 06:06:47 INFO module=db msg="config reloaded"
2026-03-12 06:12:55 DEBUG module=sched msg="heartbeat sent"
2026-03-12 06:13:19 ERROR module=disk msg="query failed"
2026-03-12 06:14:26 WARN module=sched msg="slow response"
2026-03-12 06:17:23 INFO module=auth msg="request completed"
2026-03-12 06:20:16 INFO module=fs msg="cache warmed up"
2026-03-12 06:20:37 WARN module=net msg="disk usage above 80%"
2026-03-12 06:22:34 DEBUG module=cache msg="heartbeat sent"
2026-03-12 06:27:59 INFO module=sched msg="service started"
2026-03-12 06:29:23 INFO module=sched msg="user logged in"
2026-03-12 06:30:35 INFO module=api msg="service started"
2026-03-12 06:34:50 WARN module=db msg="token expires soon"
2026-03-12 06:37:37 INFO module=disk msg="job scheduled"
2026-03-12 06:39:19 DEBUG module=disk msg="retry counter reset"
2026-03-12 06:39:26 INFO module=sched msg="cache warmed up"
2026-03-12 06:41:21 INFO module=api msg="cache warmed up"
2026-03-12 06:46:05 INFO module=sched msg="cache warmed up"
2026-03-12 06:47:27 INFO module=auth msg="request completed"
2026-03-12 06:47:52 DEBUG module=sched msg="entering handler"
2026-03-12 06:51:06 INFO module=net msg="cache warmed up"
2026-03-12 06:54:16 INFO module=db msg="service started"
2026-03-12 06:57:19 INFO module=auth msg="job scheduled"
2026-03-12 07:00:35 DEBUG module=sched msg="heartbeat sent"
2026-03-12 07:01:30 INFO module=api msg="cache warmed up"
2026-03-12 07:03:38 INFO module=cache msg="cache warmed up"
2026-03-12 07:04:16 INFO module=auth msg="cache warmed up"
2026-03-12 07:04:39 INFO module=sched msg="cache warmed up"
2026-03-12 07:09:29 INFO module=sched msg="job scheduled"
2026-03-12 07:11:16 INFO module=api msg="service started"
2026-03-12 07:19:57 INFO module=cache msg="service started"
2026-03-12 07:22:30 INFO module=disk msg="cache warmed up"
2026-03-12 07:29:45 INFO module=disk msg="request completed"
2026-03-12 07:31:13 INFO module=sched msg="service started"
2026-03-12 07:40:06 WARN module=db msg="token expires soon"
2026-03-12 07:40:20 WARN module=db msg="slow response"
2026-03-12 07:43:43 INFO module=api msg="config reloaded"
2026-03-12 07:45:53 INFO module=api msg="job scheduled"
2026-03-12 07:47:51 INFO module=sched msg="cache warmed up"
2026-03-12 07:50:14 INFO module=net msg="user logged in"
2026-03-12 07:52:21 DEBUG module=api msg="entering handler"
2026-03-12 07:52:58 INFO module=auth msg="request completed"
2026-03-12 07:53:15 DEBUG module=db msg="buffer flushed"
2026-03-12 07:57:56 INFO module=sched msg="service started"
2026-03-12 07:59:08 INFO module=net msg="user logged in"
2026-03-12 08:01:56 INFO module=db msg="user logged in"
2026-03-12 08:06:16 INFO module=net msg="config reloaded"
2026-03-12 08:08:28 DEBUG module=cache msg="buffer flushed"
2026-03-12 08:09:31 INFO module=api msg="config reloaded"
2026-03-12 08:10:09 INFO module=api msg="service started"
2026-03-12 08:13:15 ERROR module=disk msg="segment read failed"
2026-03-12 08:15:51 ERROR module=net msg="query failed"
2026-03-12 08:16:25 ERROR module=net msg="query failed"
2026-03-12 08:16:30 INFO module=net msg="cache warmed up"
2026-03-12 08:16:37 INFO module=fs msg="user logged in"
2026-03-12 08:18:20 INFO module=cache msg="config reloaded"
2026-03-12 08:18:30 INFO module=fs msg="cache warmed up"
2026-03-12 08:20:40 INFO module=net msg="request completed"
2026-03-12 08:21:43 INFO module=db msg="config reloaded"
2026-03-12 08:23:01 DEBUG module=cache msg="entering handler"
2026-03-12 08:23:14 WARN module=cache msg="retrying request"
2026-03-12 08:23:52 INFO module=cache msg="job scheduled"
2026-03-12 08:25:25 INFO module=net msg="user logged in"
2026-03-12 08:26:59 INFO module=cache msg="user logged in"
2026-03-12 08:37:29 WARN module=net msg="token expires soon"
2026-03-12 08:38:31 INFO module=fs msg="cache warmed up"
2026-03-12 08:40:19 INFO module=auth msg="config reloaded"
2026-03-12 08:43:46 INFO module=fs msg="config reloaded"
2026-03-12 08:45:39 INFO module=api msg="request completed"
2026-03-12 08:45:56 INFO module=disk msg="job scheduled"
2026-03-12 08:50:04 INFO module=net msg="request completed"
2026-03-12 08:52:47 INFO module=cache msg="cache warmed up"
2026-03-12 08:52:57 WARN module=db msg="slow response"
2026-03-12 09:03:44 INFO module=fs msg="config reloaded"
2026-03-12 09:04:32 INFO module=db msg="service started"
2026-03-12 09:10:15 INFO module=api msg="cache warmed up"
2026-03-12 09:10:55 INFO module=db msg="job scheduled"
2026-03-12 09:11:29 INFO module=db msg="job scheduled"
2026-03-12 09:15:19 ERROR module=net msg="permission denied"
2026-03-12 09:18:27 WARN module=cache msg="slow response"
2026-03-12 09:19:18 INFO module=fs msg="config reloaded"
2026-03-12 09:21:21 INFO module=net msg="user logged in"
2026-03-12 09:22:51 INFO module=cache msg="cache warmed up"
2026-03-12 09:25:17 WARN module=auth msg="retrying request"
2026-03-12 09:26:10 WARN module=disk msg="deprecated option used"
2026-03-12 09:30:13 INFO module=auth msg="request completed"
2026-03-12 09:30:14 INFO module=api msg="config reloaded"
2026-03-12 09:30:25 INFO module=fs msg="request completed"
2026-03-12 09:31:00 DEBUG module=sched msg="entering handler"
2026-03-12 09:32:13 WARN module=cache msg="retrying request"
2026-03-12 09:33:45 INFO module=api msg="config reloaded"
2026-03-12 09:38:46 INFO module=cache msg="cache warmed up"
2026-03-12 09:40:20 INFO module=api msg="cache warmed up"
2026-03-12 09:44:26 WARN module=db msg="disk usage above 80%"
2026-03-12 09:44:40 INFO module=disk msg="service started"
2026-03-12 09:47:50 INFO module=db msg="user logged in"
2026-03-12 09:48:42 WARN module=auth msg="deprecated option used"
2026-03-12 09:48:47 INFO module=net msg="request completed"
2026-03-12 09:49:33 DEBUG module=cache msg="retry counter reset"
2026-03-12 09:50:07 ERROR module=net msg="invalid token"
2026-03-12 09:51:56 WARN module=db msg="slow response"
2026-03-12 09:52:50 INFO module=api msg="config reloaded"
2026-03-12 09:53:49 WARN module=cache msg="slow response"
2026-03-12 09:53:56 DEBUG module=auth msg="queue length checked"
2026-03-12 09:54:57 INFO module=db msg="service started"
2026-03-12 09:56:50 INFO module=cache msg="config reloaded"
2026-03-12 09:58:05 INFO module=auth msg="config reloaded"
2026-03-12 10:00:04 INFO module=auth msg="config reloaded"
2026-03-12 10:00:58 DEBUG module=disk msg="queue length checked"
2026-03-12 10:01:23 ERROR module=net msg="no space left on device"
2026-03-12 10:03:13 INFO module=auth msg="job scheduled"
2026-03-12 10:03:27 ERROR module=disk msg="permission denied"
2026-03-12 10:03:37 INFO module=fs msg="config reloaded"
2026-03-12 10:08:56 INFO module=sched msg="request completed"
2026-03-12 10:17:11 DEBUG module=api msg="buffer flushed"
2026-03-12 10:19:07 INFO module=fs msg="config reloaded"
2026-03-12 10:23:58 WARN module=disk msg="retrying request"
2026-03-12 10:25:46 INFO module=disk msg="job scheduled"
2026-03-12 10:27:41 DEBUG module=fs msg="queue length checked"
2026-03-12 10:29:26 WARN module=disk msg="deprecated option used"
2026-03-12 10:35:11 INFO module=db msg="job scheduled"
2026-03-12 10:35:56 INFO module=api msg="cache warmed up"
2026-03-12 10:36:55 INFO module=cache msg="request completed"
2026-03-12 10:37:00 INFO module=db msg="cache warmed up"
2026-03-12 10:43:34 DEBUG module=cache msg="queue length checked"
2026-03-12 10:47:03 INFO module=api msg="job scheduled"
2026-03-12 10:49:35 WARN module=db msg="token expires soon"
2026-03-12 10:49:42 INFO module=api msg="service started"
2026-03-12 10:51:45 INFO module=net msg="cache warmed up"
2026-03-12 10:53:51 INFO module=api msg="request completed"
2026-03-12 11:00:35 INFO module=sched msg="config reloaded"
2026-03-12 11:00:42 DEBUG module=db msg="entering handler"
2026-03-12 11:00:49 INFO module=sched msg="user logged in"
2026-03-12 11:01:59 ERROR module=net msg="permission denied"
2026-03-12 11:02:06 WARN module=api msg="disk usage above 80%"
2026-03-12 11:03:06 INFO module=api msg="job scheduled"
2026-03-12 11:05:50 INFO module=net msg="job scheduled"
2026-03-12 11:06:03 WARN module=net msg="deprecated option used"
2026-03-12 11:08:47 INFO module=db msg="user logged in"
2026-03-12 11:18:22 INFO module=api msg="request completed"
2026-03-12 11:23:00 INFO module=sched msg="config reloaded"
2026-03-12 11:23:40 INFO module=db msg="service started"
2026-03-12 11:24:13 WARN module=api msg="retrying request"
2026-03-12 11:26:21 INFO module=fs msg="job scheduled"
2026-03-12 11:27:19 INFO module=net msg="user logged in"
2026-03-12 11:30:21 INFO module=auth msg="request completed"
2026-03-12 11:32:18 INFO module=sched msg="service started"
2026-03-12 11:32:26 WARN module=net msg="disk usage above 80%"
2026-03-12 11:34:43 INFO module=net msg="job scheduled"
2026-03-12 11:35:30 DEBUG module=sched msg="retry counter reset"
2026-03-12 11:36:01 INFO module=db msg="cache warmed up"
2026-03-12 11:44:55 DEBUG module=cache msg="heartbeat sent"
2026-03-12 11:46:25 INFO module=auth msg="job scheduled"
2026-03-12 11:49:08 ERROR module=db msg="no space left on device"
2026-03-12 11:51:37 INFO module=auth msg="user logged in"
2026-03-12 11:53:20 INFO module=net msg="job scheduled"
2026-03-12 11:56:16 INFO module=db msg="config reloaded"
2026-03-12 11:59:39 WARN module=cache msg="token expires soon"
2026-03-12 12:02:05 ERROR module=auth msg="connection timeout"
2026-03-12 12:06:29 INFO module=api msg="job scheduled"
2026-03-12 12:07:27 ERROR module=net msg="connection refused"
2026-03-12 12:12:26 INFO module=net msg="job scheduled"
2026-03-12 12:13:21 DEBUG module=fs msg="queue length checked"
2026-03-12 12:16:19 INFO module=net msg="config reloaded"
2026-03-12 12:18:53 WARN module=net msg="deprecated option used"
2026-03-12 12:20:09 WARN module=cache msg="token expires soon"
2026-03-12 12:24:30 INFO module=net msg="cache warmed up"
2026-03-12 12:24:49 WARN module=disk msg="retrying request"
2026-03-12 12:35:25 WARN module=net msg="slow response"
2026-03-12 12:36:26 DEBUG module=fs msg="entering handler"
2026-03-12 12:37:58 DEBUG module=cache msg="retry counter reset"
2026-03-12 12:38:59 DEBUG module=disk msg="retry counter reset"
2026-03-12 12:44:30 ERROR module=net msg="query failed"
2026-03-12 12:47:20 WARN module=db msg="deprecated option used"
2026-03-12 12:48:21 WARN module=api msg="disk usage above 80%"
2026-03-12 12:50:13 WARN module=disk msg="disk usage above 80%"
2026-03-12 12:53:32 INFO module=disk msg="cache warmed up"
2026-03-12 12:54:26 INFO module=fs msg="cache warmed up"
2026-03-12 12:54:40 WARN module=net msg="disk usage above 80%"
2026-03-12 12:54:44 WARN module=auth msg="slow response"
2026-03-12 13:03:27 INFO module=db msg="request completed"
2026-03-12 13:03:49 DEBUG module=net msg="queue length checked"
2026-03-12 13:06:15 WARN module=disk msg="disk usage above 80%"
2026-03-12 13:08:21 ERROR module=api msg="segment read failed"
2026-03-12 13:08:24 INFO module=db msg="cache warmed up"
2026-03-12 13:11:11 DEBUG module=sched msg="buffer flushed"
2026-03-12 13:11:26 DEBUG module=cache msg="retry counter reset"
2026-03-12 13:12:03 INFO module=db msg="user logged in"
2026-03-12 13:14:18 INFO module=cache msg="cache warmed up"
2026-03-12 13:15:58 INFO module=db msg="job scheduled"
2026-03-12 13:19:29 DEBUG module=auth msg="heartbeat sent"
2026-03-12 13:23:30 INFO module=auth msg="service started"
2026-03-12 13:29:26 INFO module=db msg="request completed"
2026-03-12 13:30:32 INFO module=net msg="job scheduled"
2026-03-12 13:35:00 WARN module=disk msg="token expires soon"
2026-03-12 13:35:14 WARN module=auth msg="disk usage above 80%"
2026-03-12 13:35:47 INFO module=net msg="cache warmed up"
2026-03-12 13:38:20 WARN module=disk msg="token expires soon"
2026-03-12 13:39:38 INFO module=api msg="user logged in"
2026-03-12 13:44:19 INFO module=disk msg="job scheduled"
2026-03-12 13:50:56 INFO module=sched msg="config reloaded"
2026-03-12 13:51:30 WARN module=disk msg="disk usage above 80%"
2026-03-12 13:51:49 WARN module=disk msg="deprecated option used"
2026-03-12 13:56:41 ERROR module=net msg="permission denied"
2026-03-12 13:57:30 ERROR module=auth msg="connection refused"
2026-03-12 13:57:55 INFO module=sched msg="config reloaded"
2026-03-12 14:05:23 ERROR module=net msg="permission denied"
2026-03-12 14:07:32 INFO module=fs msg="request completed"
2026-03-12 14:11:26 INFO module=disk msg="service started"
2026-03-12 14:16:30 WARN module=net msg="disk usage above 80%"
2026-03-12 14:16:55 DEBUG module=api msg="retry counter reset"
2026-03-12 14:17:20 ERROR module=disk msg="invalid token"
2026-03-12 14:17:42 INFO module=sched msg="job scheduled"
2026-03-12 14:18:28 WARN module=auth msg="slow response"
2026-03-12 14:19:24 ERROR module=net msg="query failed"
2026-03-12 14:20:39 INFO module=sched msg="user logged in"
2026-03-12 14:21:17 INFO module=net msg="user logged in"
2026-03-12 14:22:19 INFO module=db msg="job scheduled"
2026-03-12 14:22:25 ERROR module=db msg="invalid token"
2026-03-12 14:24:36 INFO module=db msg="request completed"
2026-03-12 14:24:40 INFO module=sched msg="user logged in"
2026-03-12 14:25:19 WARN module=disk msg="slow response"
2026-03-12 14:25:42 WARN module=cache msg="deprecated option used"
2026-03-12 14:28:19 DEBUG module=db msg="entering handler"
2026-03-12 14:32:04 INFO module=auth msg="service started"
2026-03-12 14:34:31 WARN module=net msg="slow response"
2026-03-12 14:36:12 WARN module=db msg="retrying request"
2026-03-12 14:37:22 ERROR module=net msg="connection refused"
2026-03-12 14:37:30 INFO module=auth msg="user logged in"
2026-03-12 14:44:14 WARN module=disk msg="disk usage above 80%"
2026-03-12 14:48:10 WARN module=cache msg="deprecated option used"
2026-03-12 14:50:37 ERROR module=net msg="no space left on device"
2026-03-12 14:51:03 INFO module=auth msg="user logged in"
2026-03-12 14:51:48 DEBUG module=cache msg="retry counter reset"
2026-03-12 14:51:50 DEBUG module=disk msg="retry counter reset"
2026-03-12 14:54:59 DEBUG module=db msg="retry counter reset"
2026-03-12 14:55:38 INFO module=cache msg="request completed"
2026-03-12 14:57:31 INFO module=fs msg="service started"
2026-03-12 14:58:18 INFO module=api msg="job scheduled"
2026-03-12 15:00:26 INFO module=net msg="user logged in"
2026-03-12 15:02:13 INFO module=auth msg="job scheduled"
2026-03-12 15:02:45 INFO module=api msg="service started"
2026-03-12 15:03:59 INFO module=disk msg="config reloaded"
2026-03-12 15:04:41 INFO module=net msg="cache warmed up"
2026-03-12 15:09:09 INFO module=fs msg="cache warmed up"
2026-03-12 15:09:57 INFO module=auth msg="job scheduled"
2026-03-12 15:11:56 INFO module=db msg="service started"
2026-03-12 15:15:20 DEBUG module=api msg="retry counter reset"
2026-03-12 15:18:12 ERROR module=disk msg="query failed"
2026-03-12 15:24:56 INFO module=api msg="job scheduled"
2026-03-12 15:27:09 INFO module=api msg="cache warmed up"
2026-03-12 15:28:42 INFO module=api msg="job scheduled"
2026-03-12 15:30:02 ERROR module=db msg="query failed"
2026-03-12 15:30:32 INFO module=auth msg="config reloaded"
2026-03-12 15:34:34 WARN module=sched msg="retrying request"
2026-03-12 15:37:45 DEBUG module=fs msg="queue length checked"
2026-03-12 15:46:50 INFO module=api msg="job scheduled"
2026-03-12 15:53:52 INFO module=auth msg="cache warmed up"
2026-03-12 15:56:06 WARN module=disk msg="slow response"
2026-03-12 15:56:29 INFO module=api msg="config reloaded"
2026-03-12 15:56:50 INFO module=auth msg="cache warmed up"
2026-03-12 15:58:43 ERROR module=cache msg="connection refused"
2026-03-12 15:59:18 INFO module=disk msg="request completed"
2026-03-12 16:03:11 INFO module=net msg="request completed"
2026-03-12 16:08:33 INFO module=cache msg="cache warmed up"
2026-03-12 16:10:01 WARN module=net msg="disk usage above 80%"
2026-03-12 16:12:07 DEBUG module=cache msg="retry counter reset"
2026-03-12 16:12:14 INFO module=db msg="config reloaded"
2026-03-12 16:13:48 WARN module=net msg="disk usage above 80%"
2026-03-12 16:15:27 DEBUG module=sched msg="retry counter reset"
2026-03-12 16:20:48 INFO module=db msg="cache warmed up"
2026-03-12 16:25:47 INFO module=disk msg="config reloaded"
2026-03-12 16:39:22 INFO module=net msg="user logged in"
2026-03-12 16:40:26 DEBUG module=api msg="buffer flushed"
2026-03-12 16:40:47 INFO module=net msg="user logged in"
2026-03-12 16:40:58 DEBUG module=db msg="entering handler"
2026-03-12 16:44:15 WARN module=disk msg="retrying request"
2026-03-12 16:46:22 ERROR module=net msg="connection refused"
2026-03-12 16:46:57 INFO module=cache msg="request completed"
2026-03-12 16:47:20 INFO module=db msg="config reloaded"
2026-03-12 16:52:50 INFO module=auth msg="config reloaded"
2026-03-12 16:57:13 INFO module=api msg="service started"
2026-03-12 16:59:39 INFO module=cache msg="request completed"
2026-03-12 17:04:34 WARN module=db msg="token expires soon"
2026-03-12 17:05:41 INFO module=net msg="request completed"
2026-03-12 17:14:24 INFO module=api msg="cache warmed up"
2026-03-12 17:15:12 INFO module=auth msg="cache warmed up"
2026-03-12 17:19:41 INFO module=auth msg="job scheduled"
2026-03-12 17:20:59 INFO module=net msg="job scheduled"
2026-03-12 17:21:08 INFO module=cache msg="cache warmed up"
2026-03-12 17:21:52 DEBUG module=db msg="buffer flushed"
2026-03-12 17:25:31 INFO module=net msg="job scheduled"
2026-03-12 17:27:06 INFO module=api msg="service started"
2026-03-12 17:27:28 INFO module=cache msg="service started"
2026-03-12 17:34:16 WARN module=cache msg="retrying request"
2026-03-12 17:36:48 INFO module=db msg="request completed"
2026-03-12 17:38:08 WARN module=net msg="slow response"
2026-03-12 17:38:47 ERROR module=net msg="permission denied"
2026-03-12 17:42:58 INFO module=db msg="job scheduled"
2026-03-12 17:44:53 INFO module=db msg="user logged in"
2026-03-12 17:45:05 INFO module=api msg="request completed"
2026-03-12 17:51:02 INFO module=api msg="request completed"
2026-03-12 17:52:54 INFO module=auth msg="user logged in"
2026-03-12 17:52:57 DEBUG module=sched msg="queue length checked"
2026-03-12 17:57:39 ERROR module=db msg="invalid token"
2026-03-12 18:00:34 INFO module=auth msg="cache warmed up"
2026-03-12 18:09:06 INFO module=disk msg="job scheduled"
2026-03-12 18:09:54 WARN module=net msg="token expires soon"
2026-03-12 18:10:11 DEBUG module=sched msg="queue length checked"
2026-03-12 18:14:01 INFO module=auth msg="user logged in"
2026-03-12 18:16:17 INFO module=sched msg="request completed"
2026-03-12 18:18:05 INFO module=db msg="config reloaded"
2026-03-12 18:18:19 INFO module=fs msg="job scheduled"
2026-03-12 18:20:22 INFO module=disk msg="user logged in"
2026-03-12 18:22:46 INFO module=sched msg="job scheduled"
2026-03-12 18:25:59 INFO module=api msg="job scheduled"
2026-03-12 18:26:41 INFO module=db msg="request completed"
2026-03-12 18:28:11 WARN module=cache msg="disk usage above 80%"
2026-03-12 18:29:07 INFO module=cache msg="user logged in"
2026-03-12 18:29:08 WARN module=db msg="deprecated option used"
2026-03-12 18:29:38 INFO module=auth msg="user logged in"
2026-03-12 18:29:49 INFO module=sched msg="service started"
2026-03-12 18:32:45 INFO module=db msg="user logged in"
2026-03-12 18:33:30 WARN module=cache msg="retrying request"
2026-03-12 18:34:52 INFO module=net msg="user logged in"
2026-03-12 18:48:07 ERROR module=net msg="connection timeout"
2026-03-12 18:49:44 INFO module=net msg="request completed"
2026-03-12 18:54:59 INFO module=disk msg="service started"
2026-03-12 18:58:10 INFO module=net msg="job scheduled"
2026-03-12 18:59:21 INFO module=auth msg="user logged in"
2026-03-12 18:59:59 DEBUG module=fs msg="retry counter reset"
2026-03-12 19:01:23 INFO module=auth msg="job scheduled"
2026-03-12 19:03:02 INFO module=fs msg="request completed"
2026-03-12 19:05:44 ERROR module=disk msg="query failed"
2026-03-12 19:06:33 INFO module=net msg="config reloaded"
2026-03-12 19:09:32 WARN module=sched msg="slow response"
2026-03-12 19:11:25 INFO module=disk msg="user logged in"
2026-03-12 19:14:03 INFO module=sched msg="cache warmed up"
2026-03-12 19:17:31 INFO module=sched msg="request completed"
2026-03-12 19:18:31 INFO module=db msg="request completed"
2026-03-12 19:18:55 INFO module=sched msg="request completed"
2026-03-12 19:22:12 DEBUG module=sched msg="heartbeat sent"
2026-03-12 19:30:29 INFO module=db msg="service started"
2026-03-12 19:30:41 DEBUG module=sched msg="buffer flushed"
2026-03-12 19:31:22 INFO module=db msg="cache warmed up"
2026-03-12 19:34:59 INFO module=db msg="config reloaded"
2026-03-12 19:35:32 WARN module=api msg="retrying request"
2026-03-12 19:37:33 INFO module=cache msg="request completed"
2026-03-12 19:38:32 INFO module=net msg="user logged in"
2026-03-12 19:39:24 DEBUG module=api msg="retry counter reset"
2026-03-12 19:45:32 DEBUG module=fs msg="buffer flushed"
2026-03-12 19:47:38 INFO module=disk msg="request completed"
2026-03-12 19:50:57 DEBUG module=fs msg="retry counter reset"
2026-03-12 19:51:21 INFO module=sched msg="service started"
2026-03-12 19:52:05 INFO module=sched msg="config reloaded"
2026-03-12 19:53:22 INFO module=db msg="service started"
2026-03-12 19:58:53 INFO module=api msg="user logged in"
2026-03-12 20:00:21 INFO module=sched msg="job scheduled"
2026-03-12 20:03:40 WARN module=auth msg="token expires soon"
2026-03-12 20:05:51 DEBUG module=sched msg="heartbeat sent"
2026-03-12 20:16:06 INFO module=sched msg="cache warmed up"
2026-03-12 20:18:31 DEBUG module=api msg="entering handler"
2026-03-12 20:24:03 ERROR module=net msg="permission denied"
2026-03-12 20:24:52 INFO module=api msg="job scheduled"
2026-03-12 20:25:13 WARN module=disk msg="deprecated option used"
2026-03-12 20:28:01 INFO module=auth msg="user logged in"
2026-03-12 20:28:24 INFO module=disk msg="cache warmed up"
2026-03-12 20:30:30 INFO module=fs msg="service started"
2026-03-12 20:32:27 INFO module=auth msg="request completed"
2026-03-12 20:39:32 INFO module=fs msg="cache warmed up"
2026-03-12 20:46:08 WARN module=api msg="deprecated option used"
2026-03-12 20:46:24 INFO module=db msg="service started"
2026-03-12 20:47:51 ERROR module=disk msg="no space left on device"
2026-03-12 20:51:12 DEBUG module=api msg="retry counter reset"
2026-03-12 20:53:12 WARN module=disk msg="disk usage above 80%"
2026-03-12 20:53:20 WARN module=db msg="deprecated option used"
2026-03-12 20:57:27 INFO module=net msg="request completed"
2026-03-12 20:57:33 INFO module=sched msg="cache warmed up"
2026-03-12 20:58:21 WARN module=disk msg="disk usage above 80%"
2026-03-12 20:58:40 INFO module=auth msg="user logged in"
2026-03-12 21:01:12 DEBUG module=sched msg="buffer flushed"
2026-03-12 21:02:17 INFO module=cache msg="service started"
2026-03-12 21:03:09 WARN module=sched msg="retrying request"
2026-03-12 21:09:50 DEBUG module=sched msg="queue length checked"
2026-03-12 21:13:02 INFO module=cache msg="user logged in"
2026-03-12 21:22:31 INFO module=sched msg="user logged in"
2026-03-12 21:25:34 DEBUG module=db msg="buffer flushed"
2026-03-12 21:26:24 WARN module=api msg="slow response"
2026-03-12 21:30:51 INFO module=net msg="config reloaded"
2026-03-12 21:32:40 INFO module=fs msg="request completed"
2026-03-12 21:34:06 INFO module=db msg="job scheduled"
2026-03-12 21:36:00 INFO module=auth msg="cache warmed up"
2026-03-12 21:36:15 WARN module=sched msg="slow response"
2026-03-12 21:40:11 WARN module=db msg="slow response"
2026-03-12 21:41:47 INFO module=disk msg="request completed"
2026-03-12 21:47:28 WARN module=db msg="deprecated option used"
2026-03-12 21:52:23 INFO module=db msg="config reloaded"
2026-03-12 21:54:15 WARN module=net msg="disk usage above 80%"
2026-03-12 21:54:54 DEBUG module=auth msg="retry counter reset"
2026-03-12 21:56:41 INFO module=disk msg="config reloaded"
2026-03-12 21:58:29 WARN module=disk msg="deprecated option used"
2026-03-12 21:58:37 INFO module=api msg="service started"
2026-03-12 22:03:53 INFO module=auth msg="service started"
2026-03-12 22:08:01 ERROR module=net msg="segment read failed"
2026-03-12 22:13:40 INFO module=api msg="config reloaded"
2026-03-12 22:15:02 WARN module=cache msg="disk usage above 80%"
2026-03-12 22:16:44 INFO module=api msg="service started"
2026-03-12 22:17:50 INFO module=net msg="service started"
2026-03-12 22:19:46 INFO module=sched msg="request completed"
2026-03-12 22:23:50 INFO module=api msg="job scheduled"
2026-03-12 22:25:09 INFO module=net msg="config reloaded"
2026-03-12 22:28:35 INFO module=api msg="user logged in"
2026-03-12 22:33:47 DEBUG module=sched msg="entering handler"
2026-03-12 22:33:55 INFO module=net msg="service started"
2026-03-12 22:36:15 WARN module=disk msg="slow response"
2026-03-12 22:37:40 INFO module=auth msg="service started"
2026-03-12 22:38:55 INFO module=sched msg="job scheduled"
2026-03-12 22:44:19 INFO module=fs msg="job scheduled"
2026-03-12 22:47:13 INFO module=api msg="cache warmed up"
2026-03-12 22:48:54 INFO module=api msg="cache warmed up"
2026-03-12 22:49:32 DEBUG module=sched msg="heartbeat sent"
2026-03-12 22:50:17 ERROR module=db msg="invalid token"
2026-03-12 22:51:30 WARN module=auth msg="deprecated option used"
2026-03-12 22:53:13 WARN module=cache msg="token expires soon"
2026-03-12 22:54:10 INFO module=sched msg="request completed"
2026-03-12 23:00:39 INFO module=auth msg="request completed"
2026-03-12 23:01:00 INFO module=db msg="request completed"
2026-03-12 23:04:32 INFO module=disk msg="config reloaded"
2026-03-12 23:06:42 WARN module=db msg="token expires soon"
2026-03-12 23:07:56 WARN module=db msg="token expires soon"
2026-03-12 23:09:50 INFO module=net msg="config reloaded"
2026-03-12 23:12:11 WARN module=auth msg="disk usage above 80%"
2026-03-12 23:12:26 WARN module=cache msg="deprecated option used"
2026-03-12 23:12:42 ERROR module=sched msg="permission denied"
2026-03-12 23:13:18 INFO module=fs msg="config reloaded"
2026-03-12 23:13:43 INFO module=api msg="config reloaded"
2026-03-12 23:14:32 WARN module=disk msg="deprecated option used"
2026-03-12 23:15:48 INFO module=fs msg="service started"
2026-03-12 23:17:18 ERROR module=net msg="segment read failed"
2026-03-12 23:21:34 INFO module=db msg="job scheduled"
2026-03-12 23:25:14 WARN module=net msg="disk usage above 80%"
2026-03-12 23:25:19 INFO module=disk msg="service started"
2026-03-12 23:25:31 INFO module=auth msg="service started"
2026-03-12 23:29:36 DEBUG module=cache msg="heartbeat sent"
2026-03-12 23:29:44 INFO module=api msg="cache warmed up"
2026-03-12 23:30:18 WARN module=net msg="deprecated option used"
2026-03-12 23:31:36 DEBUG module=net msg="entering handler"
2026-03-12 23:32:01 INFO module=net msg="cache warmed up"
2026-03-12 23:36:48 WARN module=db msg="retrying request"
2026-03-12 23:38:37 DEBUG module=sched msg="buffer flushed"
2026-03-12 23:39:00 INFO module=net msg="service started"
2026-03-12 23:39:50 INFO module=cache msg="cache warmed up"
2026-03-12 23:40:22 INFO module=api msg="user logged in"
2026-03-12 23:41:05 ERROR module=net msg="connection timeout"
2026-03-12 23:45:14 INFO module=api msg="user logged in"
2026-03-12 23:48:50 DEBUG module=api msg="retry counter reset"
2026-03-12 23:49:47 INFO module=net msg="job scheduled"
2026-03-12 23:50:33 INFO module=db msg="config reloaded"
2026-03-12 23:54:09 INFO module=fs msg="request completed"
2026-03-12 23:55:42 WARN module=db msg="slow response"
2026-03-12 23:57:56 INFO module=disk msg="service started"
2026-03-12 23:59:09 INFO module=cache msg="user logged in"
2026-03-12 23:59:20 INFO module=api msg="cache warmed up"
