2026-03-13 00:01:20 WARN module=net msg="token expires soon"
2026-03-13 00:01:32 ERROR module=disk msg="query failed"
2026-03-13 00:05:47 INFO module=auth msg="request completed"
2026-03-13 00:11:21 INFO module=fs msg="job scheduled"
2026-03-13 00:26:12 INFO module=auth msg="request completed"
2026-03-13 00:28:00 INFO module=auth msg="cache warmed up"
2026-03-13 00:31:44 ERROR module=net msg="no space left on device"
2026-03-13 00:35:36 WARN module=net msg="disk usage above 80%"
2026-03-13 00:35:48 INFO module=sched msg="job scheduled"
2026-03-13 00:37:56 WARN module=disk msg="disk usage above 80%"
2026-03-13 00:38:13 INFO module=api msg="user logged in"
2026-03-13 00:39:26 ERROR module=disk msg="no space left on device"
2026-03-13 00:45:55 WARN module=cache msg="disk usage above 80%"
2026-03-13 00:49:44 INFO module=auth msg="service started"
2026-03-13 00:59:00 DEBUG module=sched msg="retry counter reset"
2026-03-13 01:03:12 INFO module=api msg="job scheduled"
2026-03-13 01:04:29 INFO module=sched msg="service started"
2026-03-13 01:05:24 INFO module=db msg="config reloaded"
2026-03-13 01:09:40 INFO module=fs msg="request completed"
2026-03-13 01:14:54 INFO module=disk msg="cache warmed up"
2026-03-13 01:16:48 INFO module=api msg="request completed"
2026-03-13 01:19:05 ERROR module=db msg="query failed"
2026-03-13 01:23:02 INFO module=auth msg="job scheduled"
2026-03-13 01:23:31 WARN module=disk msg="slow response"
2026-03-13 01:30:12 WARN module=api msg="token expires soon"
2026-03-13 01:30:19 INFO module=db msg="job scheduled"
2026-03-13 01:31:04 INFO module=api msg="user logged in"
2026-03-13 01:34:02 WARN module=net msg="retrying request"
2026-03-13 01:34:44 INFO module=auth msg="request completed"
2026-03-13 01:35:54 INFO module=db msg="request completed"
2026-03-13 01:37:20 INFO module=disk msg="cache warmed up"
2026-03-13 01:37:47 INFO module=sched msg="user logged in"
2026-03-13 01:41:56 ERROR module=net msg="connection refused"
2026-03-13 01:43:48 INFO module=net msg="service started"
2026-03-13 01:44:50 INFO module=disk msg="cache warmed up"
2026-03-13 01:48:13 DEBUG module=db msg="retry counter reset"
2026-03-13 01:51:25 WARN module=net msg="retrying request"
2026-03-13 01:52:20 INFO module=sched msg="cache warmed up"
2026-03-13 01:54:14 INFO module=cache msg="cache warmed up"
2026-03-13 01:55:39 DEBUG module=db msg="heartbeat sent"
2026-03-13 01:56:28 DEBUG module=api msg="entering handler"
2026-03-13 01:58:31 INFO module=fs msg="config reloaded"
2026-03-13 02:03:55 ERROR module=api msg="connection refused"
2026-03-13 02:06:15 INFO module=sched msg="job scheduled"
2026-03-13 02:06:41 INFO module=db msg="service started"
2026-03-13 02:08:13 ERROR module=net msg="query failed"
2026-03-13 02:11:13 INFO module=disk msg="cache warmed up"
2026-03-13 02:16:03 INFO module=net msg="cache warmed up"
2026-03-13 02:16:13 INFO module=net msg="cache warmed up"
2026-03-13 02:17:26 INFO module=net msg="service started"
2026-03-13 02:24:36 DEBUG module=auth msg="buffer flushed"
2026-03-13 02:25:59 DEBUG module=api msg="buffer flushed"
2026-03-13 02:26:27 ERROR module=db msg="segment read failed"
2026-03-13 02:29:05 INFO module=sched msg="user logged in"
2026-03-13 02:31:04 INFO module=auth msg="cache warmed up"
2026-03-13 02:33:01 WARN module=cache msg="retrying request"
2026-03-13 02:33:47 INFO module=net msg="service started"
2026-03-13 02:36:50 INFO module=db msg="user logged in"
2026-03-13 02:49:12 WARN module=db msg="disk usage above 80%"
2026-03-13 02:50:44 DEBUG module=api msg="retry counter reset"
2026-03-13 02:53:12 INFO module=disk msg="config reloaded"
2026-03-13 02:57:50 INFO module=fs msg="service started"
2026-03-13 03:02:31 ERROR module=db msg="invalid token"
2026-03-13 03:03:15 INFO module=auth msg="job scheduled"
2026-03-13 03:05:52 WARN module=db msg="retrying request"
2026-03-13 03:06:25 DEBUG module=sched msg="queue length checked"
2026-03-13 03:06:42 WARN module=db msg="token expires soon"
2026-03-13 03:07:11 WARN module=net msg="deprecated option used"
2026-03-13 03:07:23 INFO module=api msg="cache warmed up"
2026-03-13 03:15:34 WARN module=cache msg="slow response"
2026-03-13 03:15:50 WARN module=db msg="deprecated option used"
2026-03-13 03:16:07 DEBUG module=fs msg="retry counter reset"
2026-03-13 03:16:09 DEBUG module=sched msg="heartbeat sent"
2026-03-13 03:19:48 INFO module=db msg="job scheduled"
2026-03-13 03:20:18 INFO module=db msg="request completed"
2026-03-13 03:25:05 INFO module=auth msg="job scheduled"
2026-03-13 03:26:55 INFO module=sched msg="user logged in"
2026-03-13 03:28:11 INFO module=api msg="config reloaded"
2026-03-13 03:34:33 INFO module=cache msg="user logged in"
2026-03-13 03:40:09 INFO module=auth msg="config reloaded"
2026-03-13 03:41:41 DEBUG module=sched msg="entering handler"
2026-03-13 03:44:04 ERROR module=auth msg="invalid token"
2026-03-13 03:45:08 DEBUG module=sched msg="heartbeat sent"
2026-03-13 03:58:17 INFO module=net msg="cache warmed up"
2026-03-13 03:59:49 INFO module=db msg="cache warmed up"
2026-03-13 04:02:26 ERROR module=net msg="segment read failed"
2026-03-13 04:02:29 INFO module=sched msg="job scheduled"
2026-03-13 04:02:47 WARN module=db msg="token expires soon"
2026-03-13 04:03:02 INFO module=disk msg="request completed"
2026-03-13 04:13:20 DEBUG module=cache msg="heartbeat sent"
2026-03-13 04:14:08 INFO module=cache msg="config reloaded"
2026-03-13 04:16:17 INFO module=cache msg="cache warmed up"
2026-03-13 04:17:05 DEBUG module=cache msg="entering handler"
2026-03-13 04:18:49 INFO module=auth msg="job scheduled"
2026-03-13 04:19:20 INFO module=db msg="user logged in"
2026-03-13 04:21:21 INFO module=net msg="service started"
2026-03-13 04:22:10 INFO module=cache msg="config reloaded"
2026-03-13 04:24:02 INFO module=disk msg="job scheduled"
2026-03-13 04:32:41 INFO module=auth msg="job scheduled"
2026-03-13 04:36:05 INFO module=net msg="request completed"
2026-03-13 04:41:35 WARN module=disk msg="retrying request"
2026-03-13 04:43:19 INFO module=cache msg="service started"
2026-03-13 04:44:08 WARN module=cache msg="retrying request"
2026-03-13 04:46:58 DEBUG module=api msg="queue length checked"
2026-03-13 04:49:44 INFO module=sched msg="config reloaded"
2026-03-13 04:51:37 DEBUG module=db msg="queue length checked"
2026-03-13 04:58:21 INFO module=net msg="job scheduled"
2026-03-13 05:00:22 INFO module=db msg="cache warmed up"
2026-03-13 05:01:44 INFO module=fs msg="job scheduled"
2026-03-13 05:05:41 INFO module=cache msg="cache warmed up"
2026-03-13 05:08:46 INFO module=db msg="cache warmed up"
2026-03-13 05:12:33 WARN module=net msg="deprecated option used"
2026-03-13 05:12:57 WARN module=auth msg="slow response"
2026-03-13 05:14:21 DEBUG module=cache msg="entering handler"
2026-03-13 05:21:56 INFO module=disk msg="user logged in"
2026-03-13 05:23:02 INFO module=sched msg="job scheduled"
2026-03-13 05:23:40 INFO module=sched msg="user logged in"
2026-03-13 05:25:56 INFO module=db msg="request completed"
2026-03-13 05:28:35 WARN module=net msg="retrying request"
2026-03-13 05:29:15 WARN module=db msg="slow response"
2026-03-13 05:31:23 INFO module=db msg="config reloaded"
2026-03-13 05:33:25 INFO module=disk msg="request completed"
2026-03-13 05:34:12 INFO module=db msg="cache warmed up"
2026-03-13 05:35:24 DEBUG module=auth msg="entering handler"
2026-03-13 05:39:32 DEBUG module=cache msg="heartbeat sent"
2026-03-13 05:40:43 INFO module=disk msg="job scheduled"
2026-03-13 05:47:38 WARN module=db msg="token expires soon"
2026-03-13 05:48:26 ERROR module=net msg="segment read failed"
2026-03-13 05:48:55 INFO module=net msg="job scheduled"
2026-03-13 05:54:58 WARN module=disk msg="retrying request"
2026-03-13 05:55:13 INFO module=db msg="service started"
2026-03-13 05:56:36 INFO module=sched msg="user logged in"
2026-03-13 05:58:52 WARN module=auth msg="retrying request"
2026-03-13 06:00:39 INFO module=sched msg="request completed"
2026-03-13 06:02:42 INFO module=sched msg="service started"
2026-03-13 06:05:55 INFO module=cache msg="request completed"
2026-03-13 06:06:11 INFO module=db msg="config reloaded"
2026-03-13 06:07:17 WARN module=auth msg="disk usage above 80%"
2026-03-13 06:12:42 WARN module=sched msg="disk usage above 80%"
2026-03-13 06:13:59 INFO module=api msg="service started"
2026-03-13 06:14:39 WARN module=disk msg="slow response"
2026-03-13 06:19:18 INFO module=api msg="user logged in"
2026-03-13 06:19:50 INFO module=sched msg="config reloaded"
2026-03-13 06:22:51 INFO module=net msg="service started"
2026-03-13 06:24:28 WARN module=cache msg="slow response"
2026-03-13 06:26:29 ERROR module=auth msg="query failed"
2026-03-13 06:27:26 WARN module=disk msg="disk usage above 80%"
2026-03-13 06:28:34 WARN module=sched msg="token expires soon"
2026-03-13 06:29:21 INFO module=api msg="cache warmed up"
2026-03-13 06:32:05 INFO module=db msg="job scheduled"
2026-03-13 06:34:24 WARN module=sched msg="disk usage above 80%"
2026-03-13 06:36:07 DEBUG module=cache msg="heartbeat sent"
2026-03-13 06:38:17 ERROR module=api msg="no space left on device"
2026-03-13 06:38:24 INFO module=auth msg="request completed"
2026-03-13 06:39:32 INFO module=auth msg="config reloaded"
2026-03-13 06:39:45 WARN module=net msg="retrying request"
2026-03-13 06:42:36 INFO module=auth msg="cache warmed up"
2026-03-13 06:43:31 INFO module=api msg="config reloaded"
2026-03-13 06:48:06 INFO module=net msg="request completed"
2026-03-13 06:51:20 INFO module=api msg="job scheduled"
2026-03-13 06:52:32 INFO module=net msg="config reloaded"
2026-03-13 06:53:46 INFO module=sched msg="job scheduled"
2026-03-13 06:53:49 INFO module=sched msg="service started"
2026-03-13 06:54:17 INFO module=net msg="service started"
2026-03-13 06:58:50 INFO module=db msg="config reloaded"
2026-03-13 07:02:58 INFO module=net msg="job scheduled"
2026-03-13 07:03:18 INFO module=auth msg="job scheduled"
2026-03-13 07:05:43 INFO module=sched msg="request completed"
2026-03-13 07:08:14 DEBUG module=auth msg="entering handler"
2026-03-13 07:11:28 INFO module=cache msg="config reloaded"
2026-03-13 07:13:25 INFO module=cache msg="request completed"
2026-03-13 07:13:46 INFO module=disk msg="job scheduled"
2026-03-13 07:16:40 WARN module=db msg="retrying request"
2026-03-13 07:21:16 INFO module=auth msg="job scheduled"
2026-03-13 07:21:19 INFO module=db msg="user logged in"
2026-03-13 07:23:57 INFO module=disk msg="user logged in"
2026-03-13 07:28:43 ERROR module=sched msg="invalid token"
2026-03-13 07:28:50 INFO module=cache msg="config reloaded"
2026-03-13 07:38:48 INFO module=fs msg="service started"
2026-03-13 07:39:32 WARN module=disk msg="deprecated option used"
2026-03-13 07:39:33 INFO module=sched msg="service started"
2026-03-13 07:40:21 INFO module=net msg="job scheduled"
2026-03-13 07:42:16 ERROR module=auth msg="connection refused"
2026-03-13 07:43:38 INFO module=sched msg="request completed"
2026-03-13 07:44:48 INFO module=api msg="service started"
2026-03-13 07:45:16 INFO module=auth msg="config reloaded"
2026-03-13 07:47:57 DEBUG module=sched msg="buffer flushed"
2026-03-13 07:48:07 DEBUG module=sched msg="buffer flushed"
2026-03-13 07:48:30 INFO module=cache msg="service started"
2026-03-13 07:49:01 WARN module=auth msg="slow response"
2026-03-13 07:50:32 INFO module=api msg="user logged in"
2026-03-13 07:51:36 DEBUG module=db msg="queue length checked"
2026-03-13 07:51:51 INFO module=cache msg="request completed"
2026-03-13 07:56:48 WARN module=db msg="deprecated option used"
2026-03-13 07:59:41 INFO module=sched msg="request completed"
2026-03-13 08:01:02 INFO module=db msg="service started"
2026-03-13 08:01:42 INFO module=auth msg="job scheduled"
2026-03-13 08:04:14 INFO module=disk msg="user logged in"
2026-03-13 08:04:33 INFO module=cache msg="config reloaded"
2026-03-13 08:05:01 DEBUG module=sched msg="retry counter reset"
2026-03-13 08:05:39 DEBUG module=auth msg="queue length checked"
2026-03-13 08:14:07 WARN module=cache msg="deprecated option used"
2026-03-13 08:16:42 INFO module=fs msg="service started"
2026-03-13 08:17:06 INFO module=sched msg="cache warmed up"
2026-03-13 08:20:54 WARN module=sched msg="disk usage above 80%"
2026-03-13 08:21:51 INFO module=auth msg="user logged in"
2026-03-13 08:24:49 WARN module=api msg="token expires soon"
2026-03-13 08:33:25 INFO module=db msg="service started"
2026-03-13 08:35:05 INFO module=sched msg="config reloaded"
2026-03-13 08:35:31 INFO module=auth msg="service started"
2026-03-13 08:39:11 DEBUG module=disk msg="entering handler"
2026-03-13 08:39:37 DEBUG module=db msg="retry counter reset"
2026-03-13 08:45:34 WARN module=db msg="retrying request"
2026-03-13 08:50:53 ERROR module=net msg="segment read failed"
2026-03-13 08:56:04 WARN module=sched msg="deprecated option used"
2026-03-13 08:58:24 INFO module=cache msg="user logged in"
2026-03-13 08:59:41 ERROR module=db msg="permission denied"
2026-03-13 09:00:29 WARN module=net msg="deprecated option used"
2026-03-13 09:02:05 INFO module=api msg="service started"
2026-03-13 09:06:21 WARN module=cache msg="disk usage above 80%"
2026-03-13 09:07:53 DEBUG module=api msg="heartbeat sent"
2026-03-13 09:10:04 INFO module=api msg="service started"
2026-03-13 09:10:17 INFO module=api msg="job scheduled"
2026-03-13 09:18:12 INFO module=api msg="user logged in"
2026-03-13 09:20:43 WARN module=auth msg="slow response"
2026-03-13 09:23:39 WARN module=disk msg="disk usage above 80%"
2026-03-13 09:23:40 INFO module=cache msg="service started"
2026-03-13 09:25:32 INFO module=sched msg="job scheduled"
2026-03-13 09:26:04 INFO module=auth msg="cache warmed up"
2026-03-13 09:26:08 INFO module=auth msg="request completed"
2026-03-13 09:35:38 INFO module=auth msg="request completed"
2026-03-13 09:36:52 INFO module=auth msg="request completed"
2026-03-13 09:39:34 INFO module=db msg="user logged in"
2026-03-13 09:43:53 INFO module=cache msg="user logged in"
2026-03-13 09:45:00 ERROR module=api msg="invalid token"
2026-03-13 09:48:52 WARN module=net msg="retrying request"
2026-03-13 09:50:21 WARN module=sched msg="slow response"
2026-03-13 09:51:54 INFO module=fs msg="job scheduled"
2026-03-13 09:54:18 DEBUG module=disk msg="queue length checked"
2026-03-13 09:54:45 INFO module=db msg="cache warmed up"
2026-03-13 10:04:02 INFO module=net msg="service started"
2026-03-13 10:08:47 ERROR module=net msg="segment read failed"
2026-03-13 10:09:51 INFO module=disk msg="service started"
2026-03-13 10:10:18 INFO module=fs msg="request completed"
2026-03-13 10:13:00 INFO module=net msg="job scheduled"
2026-03-13 10:16:15 DEBUG module=sched msg="heartbeat sent"
2026-03-13 10:20:28 ERROR module=net msg="connection refused"
2026-03-13 10:21:03 INFO module=fs msg="request completed"
2026-03-13 10:21:30 INFO module=api msg="request completed"
2026-03-13 10:22:28 WARN module=fs msg="slow response"
2026-03-13 10:31:15 DEBUG module=sched msg="entering handler"
2026-03-13 10:31:32 WARN module=disk msg="disk usage above 80%"
2026-03-13 10:38:07 DEBUG module=db msg="entering handler"
2026-03-13 10:41:33 INFO module=cache msg="user logged in"
2026-03-13 10:47:26 INFO module=api msg="job scheduled"
2026-03-13 10:51:15 INFO module=api msg="cache warmed up"
2026-03-13 10:54:02 INFO module=api msg="cache warmed up"
2026-03-13 10:56:15 DEBUG module=cache msg="buffer flushed"
2026-03-13 10:56:32 INFO module=fs msg="service started"
2026-03-13 10:59:01 INFO module=disk msg="user logged in"
2026-03-13 10:59:30 INFO module=api msg="request completed"
2026-03-13 11:11:30 DEBUG module=fs msg="entering handler"
2026-03-13 11:12:15 ERROR module=db msg="connection refused"
2026-03-13 11:17:44 INFO module=db msg="user logged in"
2026-03-13 11:18:48 INFO module=disk msg="service started"
2026-03-13 11:24:02 INFO module=api msg="job scheduled"
2026-03-13 11:28:38 ERROR module=auth msg="invalid token"
2026-03-13 11:36:05 INFO module=db msg="service started"
2026-03-13 11:36:42 INFO module=auth msg="request completed"
2026-03-13 11:40:14 DEBUG module=net msg="heartbeat sent"
2026-03-13 11:41:28 INFO module=fs msg="request completed"
2026-03-13 11:41:58 ERROR module=disk msg="segment read failed"
2026-03-13 11:43:20 INFO module=net msg="user logged in"
2026-03-13 11:48:28 WARN module=cache msg="deprecated option used"
2026-03-13 11:49:07 WARN module=fs msg="token expires soon"
2026-03-13 11:51:11 INFO module=cache msg="service started"
2026-03-13 11:57:02 WARN module=sched msg="disk usage above 80%"
2026-03-13 12:01:41 INFO module=net msg="request completed"
2026-03-13 12:03:05 INFO module=api msg="job scheduled"
2026-03-13 12:03:08 ERROR module=net msg="permission denied"
2026-03-13 12:03:24 INFO module=sched msg="job scheduled"
2026-03-13 12:10:11 INFO module=disk msg="user logged in"
2026-03-13 12:10:31 INFO module=db msg="job scheduled"
2026-03-13 12:12:50 INFO module=fs msg="request completed"
2026-03-13 12:16:06 WARN module=db msg="deprecated option used"
2026-03-13 12:17:12 INFO module=disk msg="config reloaded"
2026-03-13 12:18:24 INFO module=disk msg="request completed"
2026-03-13 12:20:10 INFO module=db msg="cache warmed up"
2026-03-13 12:22:51 WARN module=disk msg="token expires soon"
2026-03-13 12:24:42 INFO module=sched msg="config reloaded"
2026-03-13 12:31:18 INFO module=net msg="cache warmed up"
2026-03-13 12:34:11 INFO module=sched msg="cache warmed up"
2026-03-13 12:34:34 INFO module=api msg="service started"
2026-03-13 12:41:26 INFO module=db msg="config reloaded"
2026-03-13 12:41:40 DEBUG module=cache msg="buffer flushed"
2026-03-13 12:43:52 INFO module=sched msg="config reloaded"
2026-03-13 12:49:52 WARN module=net msg="retrying request"
2026-03-13 12:50:09 INFO module=db msg="cache warmed up"
2026-03-13 12:51:45 INFO module=api msg="cache warmed up"
2026-03-13 12:53:11 INFO module=cache msg="request completed"
2026-03-13 12:54:08 ERROR module=net msg="connection timeout"
2026-03-13 12:55:55 DEBUG module=fs msg="queue length checked"
2026-03-13 12:56:38 INFO module=sched msg="config reloaded"
2026-03-13 12:57:14 INFO module=sched msg="request completed"
2026-03-13 12:58:52 INFO module=api msg="request completed"
2026-03-13 13:00:41 INFO module=fs msg="config reloaded"
2026-03-13 13:00:42 ERROR module=disk msg="query failed"
2026-03-13 13:03:51 WARN module=db msg="deprecated option used"
2026-03-13 13:07:52 INFO module=cache msg="config reloaded"
2026-03-13 13:13:52 INFO module=auth msg="job scheduled"
2026-03-13 13:17:56 INFO module=sched msg="user logged in"
2026-03-13 13:18:30 DEBUG module=fs msg="entering handler"
2026-03-13 13:20:50 DEBUG module=db msg="retry counter reset"
2026-03-13 13:22:54 DEBUG module=auth msg="retry counter reset"
2026-03-13 13:23:41 INFO module=disk msg="job scheduled"
2026-03-13 13:30:47 WARN module=cache msg="retrying request"
2026-03-13 13:31:52 INFO module=db msg="cache warmed up"
2026-03-13 13:36:15 INFO module=api msg="job scheduled"
2026-03-13 13:36:54 INFO module=net msg="job scheduled"
2026-03-13 13:37:53 ERROR module=api msg="connection timeout"
2026-03-13 13:39:01 WARN module=disk msg="deprecated option used"
2026-03-13 13:43:54 WARN module=db msg="token expires soon"
2026-03-13 13:47:16 INFO module=api msg="cache warmed up"
2026-03-13 13:52:41 INFO module=api msg="user logged in"
2026-03-13 13:54:59 INFO module=sched msg="cache warmed up"
2026-03-13 13:55:41 DEBUG module=net msg="buffer flushed"
2026-03-13 13:56:51 ERROR module=net msg="permission denied"
2026-03-13 13:58:01 INFO module=disk msg="user logged in"
2026-03-13 13:58:38 INFO module=net msg="job scheduled"
2026-03-13 14:00:01 INFO module=db msg="job scheduled"
2026-03-13 14:06:10 WARN module=db msg="retrying request"
2026-03-13 14:06:38 INFO module=db msg="request completed"
2026-03-13 14:13:16 INFO module=sched msg="user logged in"
2026-03-13 14:14:42 DEBUG module=auth msg="retry counter reset"
2026-03-13 14:15:40 DEBUG module=fs msg="retry counter reset"
2026-03-13 14:18:19 INFO module=net msg="user logged in"
2026-03-13 14:19:24 DEBUG module=disk msg="retry counter reset"
2026-03-13 14:20:11 INFO module=sched msg="config reloaded"
2026-03-13 14:32:38 INFO module=db msg="service started"
2026-03-13 14:38:00 INFO module=fs msg="user logged in"
2026-03-13 14:41:53 INFO module=db msg="job scheduled"
2026-03-13 14:47:48 INFO module=net msg="request completed"
2026-03-13 14:48:15 DEBUG module=disk msg="retry counter reset"
2026-03-13 14:50:39 INFO module=cache msg="config reloaded"
2026-03-13 14:52:24 WARN module=db msg="disk usage above 80%"
2026-03-13 14:55:12 INFO module=auth msg="config reloaded"
2026-03-13 14:57:24 INFO module=api msg="service started"
2026-03-13 14:59:32 ERROR module=net msg="segment read failed"
2026-03-13 15:00:13 WARN module=net msg="token expires soon"
2026-03-13 15:02:05 INFO module=fs msg="config reloaded"
2026-03-13 15:06:57 WARN module=net msg="deprecated option used"
2026-03-13 15:07:19 WARN module=db msg="retrying request"
2026-03-13 15:08:46 DEBUG module=api msg="queue length checked"
2026-03-13 15:10:57 WARN module=net msg="disk usage above 80%"
2026-03-13 15:14:05 INFO module=sched msg="request completed"
2026-03-13 15:14:49 INFO module=sched msg="user logged in"
2026-03-13 15:18:03 WARN module=fs msg="slow response"
2026-03-13 15:28:49 INFO module=api msg="request completed"
2026-03-13 15:34:18 WARN module=db msg="slow response"
2026-03-13 15:36:39 INFO module=disk msg="job scheduled"
2026-03-13 15:40:27 INFO module=auth msg="user logged in"
2026-03-13 15:40:58 INFO module=api msg="config reloaded"
2026-03-13 15:45:09 INFO module=api msg="service started"
2026-03-13 15:50:06 INFO module=disk msg="user logged in"
2026-03-13 15:54:44 INFO module=db msg="request completed"
2026-03-13 15:55:20 INFO module=auth msg="request completed"
2026-03-13 15:56:27 ERROR module=net msg="no space left on device"
2026-03-13 15:59:32 DEBUG module=disk msg="entering handler"
2026-03-13 16:00:45 INFO module=api msg="cache warmed up"
2026-03-13 16:01:02 INFO module=api msg="request completed"
2026-03-13 16:01:21 INFO module=disk msg="service started"
2026-03-13 16:04:03 INFO module=net msg="config reloaded"
2026-03-13 16:04:39 INFO module=disk msg="job scheduled"
2026-03-13 16:08:17 WARN module=disk msg="retrying request"
2026-03-13 16:15:44 INFO module=db msg="request completed"
2026-03-13 16:20:46 INFO module=db msg="user logged in"
2026-03-13 16:20:49 INFO module=api msg="service started"
2026-03-13 16:29:14 WARN module=cache msg="token expires soon"
2026-03-13 16:29:37 INFO module=cache msg="user logged in"
2026-03-13 16:42:27 INFO module=net msg="cache warmed up"
2026-03-13 16:43:35 ERROR module=cache msg="no space left on device"
2026-03-13 16:45:16 INFO module=api msg="user logged in"
2026-03-13 16:50:48 INFO module=api msg="request completed"
2026-03-13 16:54:13 INFO module=cache msg="user logged in"
2026-03-13 16:57:25 INFO module=auth msg="request completed"
2026-03-13 17:03:29 INFO module=net msg="config reloaded"
2026-03-13 17:08:20 DEBUG module=sched msg="buffer flushed"
2026-03-13 17:11:15 DEBUG module=db msg="heartbeat sent"
2026-03-13 17:13:28 INFO module=auth msg="service started"
2026-03-13 17:15:30 INFO module=disk msg="config reloaded"
2026-03-13 17:15:32 ERROR module=fs msg="invalid token"
2026-03-13 17:16:44 DEBUG module=sched msg="heartbeat sent"
2026-03-13 17:17:33 WARN module=api msg="deprecated option used"
2026-03-13 17:19:27 DEBUG module=sched msg="buffer flushed"
2026-03-13 17:19:48 INFO module=net msg="config reloaded"
2026-03-13 17:21:53 INFO module=api msg="job scheduled"
2026-03-13 17:25:36 DEBUG module=sched msg="retry counter reset"
2026-03-13 17:25:38 INFO module=sched msg="request completed"
2026-03-13 17:30:11 INFO module=api msg="user logged in"
2026-03-13 17:32:48 INFO module=api msg="service started"
2026-03-13 17:35:15 DEBUG module=db msg="retry counter reset"
2026-03-13 17:36:07 WARN module=net msg="retrying request"
2026-03-13 17:42:03 DEBUG module=sched msg="queue length checked"
2026-03-13 17:42:06 INFO module=sched msg="cache warmed up"
2026-03-13 17:47:44 DEBUG module=sched msg="buffer flushed"
2026-03-13 17:48:37 INFO module=api msg="service started"
2026-03-13 17:51:21 WARN module=net msg="retrying request"
2026-03-13 17:52:37 DEBUG module=disk msg="retry counter reset"
2026-03-13 17:53:09 DEBUG module=sched msg="entering handler"
2026-03-13 17:55:17 DEBUG module=db msg="queue length checked"
2026-03-13 17:58:26 INFO module=auth msg="cache warmed up"
2026-03-13 18:00:47 WARN module=db msg="disk usage above 80%"
2026-03-13 18:01:52 WARN module=disk msg="deprecated option used"
2026-03-13 18:07:44 ERROR module=auth msg="no space left on device"
2026-03-13 18:07:54 INFO module=disk msg="request completed"
2026-03-13 18:13:20 ERROR module=net msg="invalid token"
2026-03-13 18:13:27 INFO module=api msg="config reloaded"
2026-03-13 18:16:09 WARN module=db msg="deprecated option used"
2026-03-13 18:17:04 INFO module=api msg="request completed"
2026-03-13 18:20:14 INFO module=fs msg="request completed"
2026-03-13 18:23:38 INFO module=cache msg="cache warmed up"
2026-03-13 18:30:40 INFO module=cache msg="service started"
2026-03-13 18:33:51 INFO module=api msg="config reloaded"
2026-03-13 18:36:14 INFO module=net msg="service started"
2026-03-13 18:40:07 DEBUG module=sched msg="queue length checked"
2026-03-13 18:44:44 INFO module=disk msg="user logged in"
2026-03-13 18:47:22 INFO module=auth msg="cache warmed up"
2026-03-13 18:50:42 INFO module=net msg="request completed"
2026-03-13 18:53:06 WARN module=net msg="deprecated option used"
2026-03-13 18:56:48 DEBUG module=sched msg="buffer flushed"
2026-03-13 19:01:28 INFO module=fs msg="config reloaded"
2026-03-13 19:06:36 INFO module=api msg="service started"
2026-03-13 19:11:45 INFO module=auth msg="service started"
2026-03-13 19:12:25 INFO module=db msg="service started"
2026-03-13 19:13:07 INFO module=net msg="config reloaded"
2026-03-13 19:14:33 DEBUG module=sched msg="heartbeat sent"
2026-03-13 19:22:46 INFO module=sched msg="cache warmed up"
2026-03-13 19:25:30 INFO module=cache msg="user logged in"
2026-03-13 19:30:40 INFO module=net msg="config reloaded"
2026-03-13 19:31:07 INFO module=api msg="job scheduled"
2026-03-13 19:34:20 INFO module=auth msg="cache warmed up"
2026-03-13 19:34:53 INFO module=net msg="config reloaded"
2026-03-13 19:41:02 INFO module=net msg="config reloaded"
2026-03-13 19:44:54 DEBUG module=cache msg="heartbeat sent"
2026-03-13 19:48:37 WARN module=db msg="retrying request"
2026-03-13 19:51:56 INFO module=auth msg="service started"
2026-03-13 19:57:17 WARN module=api msg="token expires soon"
2026-03-13 19:58:00 INFO module=net msg="service started"
2026-03-13 19:59:17 WARN module=db msg="token expires soon"
2026-03-13 20:00:58 INFO module=auth msg="user logged in"
2026-03-13 20:01:31 INFO module=db msg="cache warmed up"
2026-03-13 20:02:20 INFO module=net msg="user logged in"
2026-03-13 20:06:58 ERROR module=db msg="segment read failed"
2026-03-13 20:11:45 INFO module=fs msg="job scheduled"
2026-03-13 20:13:10 INFO module=db msg="request completed"
2026-03-13 20:14:05 INFO module=db msg="request completed"
2026-03-13 20:18:09 INFO module=db msg="job scheduled"
2026-03-13 20:30:01 WARN module=db msg="disk usage above 80%"
2026-03-13 20:31:01 INFO module=cache msg="job scheduled"
2026-03-13 20:33:05 INFO module=db msg="job scheduled"
2026-03-13 20:35:39 INFO module=disk msg="job scheduled"
2026-03-13 20:43:21 ERROR module=db msg="permission denied"
2026-03-13 20:46:14 INFO module=api msg="user logged in"
2026-03-13 20:59:52 WARN module=db msg="token expires soon"
2026-03-13 21:00:21 DEBUG module=auth msg="queue length checked"
2026-03-13 21:05:16 WARN module=disk msg="deprecated option used"
2026-03-13 21:05:22 WARN module=disk msg="deprecated option used"
2026-03-13 21:07:18 INFO module=disk msg="config reloaded"
2026-03-13 21:07:24 INFO module=net msg="user logged in"
2026-03-13 21:09:44 DEBUG module=cache msg="buffer flushed"
2026-03-13 21:10:25 INFO module=db msg="cache warmed up"
2026-03-13 21:11:40 INFO module=sched msg="request completed"
2026-03-13 21:12:08 INFO module=disk msg="cache warmed up"
2026-03-13 21:13:27 INFO module=api msg="job scheduled"
2026-03-13 21:13:45 INFO module=fs msg="user logged in"
2026-03-13 21:14:39 INFO module=db msg="cache warmed up"
2026-03-13 21:15:49 INFO module=sched msg="cache warmed up"
2026-03-13 21:19:23 INFO module=net msg="request completed"
2026-03-13 21:20:59 INFO module=disk msg="user logged in"
2026-03-13 21:21:11 WARN module=cache msg="deprecated option used"
2026-03-13 21:22:01 INFO module=api msg="user logged in"
2026-03-13 21:22:11 INFO module=cache msg="service started"
2026-03-13 21:25:00 INFO module=cache msg="job scheduled"
2026-03-13 21:28:46 INFO module=db msg="request completed"
2026-03-13 21:32:37 WARN module=net msg="deprecated option used"
2026-03-13 21:33:31 INFO module=fs msg="cache warmed up"
2026-03-13 21:35:34 INFO module=cache msg="request completed"
2026-03-13 21:42:50 INFO module=db msg="cache warmed up"
2026-03-13 21:43:06 INFO module=fs msg="service started"
2026-03-13 21:46:48 INFO module=disk msg="cache warmed up"
2026-03-13 21:49:27 INFO module=net msg="request completed"
2026-03-13 21:49:46 INFO module=sched msg="request completed"
2026-03-13 21:51:03 INFO module=api msg="request completed"
2026-03-13 21:55:23 INFO module=cache msg="config reloaded"
2026-03-13 21:58:43 WARN module=db msg="retrying request"
2026-03-13 22:03:44 WARN module=fs msg="disk usage above 80%"
2026-03-13 22:04:30 INFO module=net msg="cache warmed up"
2026-03-13 22:04:31 INFO module=net msg="service started"
2026-03-13 22:04:33 INFO module=api msg="job scheduled"
2026-03-13 22:06:16 DEBUG module=sched msg="buffer flushed"
2026-03-13 22:06:44 INFO module=api msg="service started"
2026-03-13 22:07:24 INFO module=cache msg="request completed"
2026-03-13 22:08:01 INFO module=fs msg="service started"
2026-03-13 22:08:40 DEBUG module=api msg="heartbeat sent"
2026-03-13 22:09:55 INFO module=db msg="config reloaded"
2026-03-13 22:09:59 INFO module=db msg="job scheduled"
2026-03-13 22:12:57 ERROR module=net msg="connection timeout"
2026-03-13 22:15:32 DEBUG module=db msg="retry counter reset"
2026-03-13 22:15:50 INFO module=auth msg="job scheduled"
2026-03-13 22:16:55 WARN module=db msg="token expires soon"
2026-03-13 22:20:29 INFO module=db msg="service started"
2026-03-13 22:20:51 INFO module=disk msg="service started"
2026-03-13 22:26:00 ERROR module=db msg="invalid token"
2026-03-13 22:28:13 ERROR module=net msg="no space left on device"
2026-03-13 22:29:37 INFO module=sched msg="job scheduled"
2026-03-13 22:31:17 DEBUG module=auth msg="buffer flushed"
2026-03-13 22:31:53 DEBUG module=cache msg="heartbeat sent"
2026-03-13 22:37:00 INFO module=api msg="user logged in"
2026-03-13 22:37:05 DEBUG module=cache msg="retry counter reset"
2026-03-13 22:37:26 INFO module=sched msg="cache warmed up"
2026-03-13 22:47:27 INFO module=cache msg="config reloaded"
2026-03-13 22:48:58 WARN module=net msg="slow response"
2026-03-13 23:00:47 INFO module=api msg="cache warmed up"
2026-03-13 23:04:23 ERROR module=fs msg="segment read failed"
2026-03-13 23:10:13 WARN module=disk msg="slow response"
2026-03-13 23:11:20 DEBUG module=api msg="retry counter reset"
2026-03-13 23:12:31 ERROR module=db msg="permission denied"
2026-03-13 23:14:26 INFO module=sched msg="request completed"
2026-03-13 23:16:06 INFO module=net msg="job scheduled"
2026-03-13 23:19:49 DEBUG module=cache msg="buffer flushed"
2026-03-13 23:19:52 INFO module=fs msg="job scheduled"
2026-03-13 23:22:38 INFO module=api msg="cache warmed up"
2026-03-13 23:24:09 INFO module=fs msg="user logged in"
2026-03-13 23:24:11 ERROR module=net msg="segment read failed"
2026-03-13 23:27:22 INFO module=api msg="service started"
2026-03-13 23:30:30 INFO module=fs msg="config reloaded"
2026-03-13 23:35:24 ERROR module=net msg="permission denied"
2026-03-13 23:35:29 INFO module=api msg="service started"
2026-03-13 23:37:12 WARN module=cache msg="token expires soon"
2026-03-13 23:40:08 ERROR module=api msg="segment read failed"
2026-03-13 23:44:12 INFO module=cache msg="job scheduled"
2026-03-13 23:51:59 ERROR module=db msg="connection refused"
2026-03-13 23:58:34 INFO module=fs msg="cache warmed up"
