2026-03-14 00:05:25 INFO module=api msg="config reloaded"
2026-03-14 00:06:07 INFO module=disk msg="config reloaded"
2026-03-14 00:07:16 WARN module=fs msg="slow response"
2026-03-14 00:08:29 INFO module=fs msg="cache warmed up"
2026-03-14 00:10:20 INFO module=auth msg="user logged in"
2026-03-14 00:16:05 WARN module=api msg="deprecated option used"
2026-03-14 00:16:18 INFO module=db msg="job scheduled"
2026-03-14 00:17:54 INFO module=auth msg="service started"
2026-03-14 00:18:07 INFO module=cache msg="job scheduled"
2026-03-14 00:18:55 DEBUG module=fs msg="entering handler"
2026-03-14 00:25:13 INFO module=net msg="cache warmed up"
2026-03-14 00:25:43 INFO module=api msg="job scheduled"
2026-03-14 00:26:08 ERROR module=net msg="permission denied"
2026-03-14 00:28:28 INFO module=sched msg="job scheduled"
2026-03-14 00:30:36 INFO module=sched msg="request completed"
2026-03-14 00:32:08 INFO module=db msg="config reloaded"
2026-03-14 00:38:19 INFO module=fs msg="user logged in"
2026-03-14 00:40:02 INFO module=fs msg="request completed"
2026-03-14 00:44:05 INFO module=disk msg="cache warmed up"
2026-03-14 01:03:35 INFO module=cache msg="service started"
2026-03-14 01:07:47 INFO module=auth msg="config reloaded"
2026-03-14 01:08:18 INFO module=disk msg="request completed"
2026-03-14 01:08:49 INFO module=db msg="cache warmed up"
2026-03-14 01:09:01 WARN module=db msg="token expires soon"
2026-03-14 01:15:31 INFO module=api msg="request completed"
2026-03-14 01:16:03 DEBUG module=sched msg="buffer flushed"
2026-03-14 01:18:15 INFO module=disk msg="config reloaded"
2026-03-14 01:18:37 INFO module=sched msg="job scheduled"
2026-03-14 01:20:13 INFO module=api msg="cache warmed up"
2026-03-14 01:21:05 INFO module=api msg="job scheduled"
2026-03-14 01:21:27 ERROR module=api msg="query failed"
2026-03-14 01:23:00 DEBUG module=db msg="queue length checked"
2026-03-14 01:25:21 INFO module=auth msg="cache warmed up"
2026-03-14 01:25:42 INFO module=auth msg="config reloaded"
2026-03-14 01:37:55 INFO module=net msg="user logged in"
2026-03-14 01:40:21 DEBUG module=fs msg="entering handler"
2026-03-14 01:40:36 WARN module=auth msg="deprecated option used"
2026-03-14 01:42:50 DEBUG module=cache msg="queue length checked"
2026-03-14 01:47:07 INFO module=fs msg="config reloaded"
2026-03-14 01:48:22 WARN module=api msg="disk usage above 80%"
2026-03-14 01:50:43 INFO module=net msg="user logged in"
2026-03-14 01:52:42 INFO module=auth msg="job scheduled"
2026-03-14 01:52:58 INFO module=api msg="user logged in"
2026-03-14 01:53:39 INFO module=fs msg="user logged in"
2026-03-14 01:54:07 WARN module=net msg="disk usage above 80%"
2026-03-14 01:56:20 INFO module=disk msg="job scheduled"
2026-03-14 01:56:25 ERROR module=net msg="permission denied"
2026-03-14 01:56:33 WARN module=cache msg="disk usage above 80%"
2026-03-14 01:57:28 INFO module=fs msg="user logged in"
2026-03-14 01:58:31 WARN module=net msg="disk usage above 80%"
2026-03-14 02:02:22 DEBUG module=auth msg="queue length checked"
2026-03-14 02:02:30 INFO module=db msg="config reloaded"
2026-03-14 02:02:33 DEBUG module=db msg="entering handler"
2026-03-14 02:03:59 INFO module=db msg="config reloaded"
2026-03-14 02:04:33 WARN module=disk msg="slow response"
2026-03-14 02:06:37 INFO module=auth msg="job scheduled"
2026-03-14 02:07:29 INFO module=net msg="cache warmed up"
2026-03-14 02:08:32 INFO module=net msg="job scheduled"
2026-03-14 02:12:30 ERROR module=net msg="connection refused"
2026-03-14 02:13:16 INFO module=net msg="job scheduled"
2026-03-14 02:15:26 ERROR module=net msg="query failed"
2026-03-14 02:18:15 DEBUG module=disk msg="retry counter reset"
2026-03-14 02:19:40 WARN module=disk msg="deprecated option used"
2026-03-14 02:20:21 INFO module=api msg="request completed"
2026-03-14 02:23:00 INFO module=net msg="job scheduled"
2026-03-14 02:24:21 INFO module=auth msg="user logged in"
2026-03-14 02:34:11 INFO module=disk msg="user logged in"
2026-03-14 02:35:48 DEBUG module=api msg="entering handler"
2026-03-14 02:36:20 INFO module=fs msg="request completed"
2026-03-14 02:37:34 INFO module=sched msg="service started"
2026-03-14 02:39:20 INFO module=fs msg="job scheduled"
2026-03-14 02:41:20 INFO module=auth msg="config reloaded"
2026-03-14 02:42:17 INFO module=fs msg="user logged in"
2026-03-14 02:43:11 DEBUG module=disk msg="entering handler"
2026-03-14 02:47:09 WARN module=net msg="retrying request"
2026-03-14 02:48:18 INFO module=auth msg="cache warmed up"
2026-03-14 02:51:02 INFO module=db msg="user logged in"
2026-03-14 02:53:05 DEBUG module=cache msg="buffer flushed"
2026-03-14 02:53:28 INFO module=disk msg="service started"
2026-03-14 02:54:21 INFO module=db msg="cache warmed up"
2026-03-14 02:57:24 INFO module=db msg="config reloaded"
2026-03-14 02:58:29 INFO module=auth msg="cache warmed up"
2026-03-14 02:58:31 ERROR module=net msg="no space left on device"
2026-03-14 02:58:38 INFO module=sched msg="service started"
2026-03-14 02:59:01 INFO module=db msg="user logged in"
2026-03-14 03:03:33 DEBUG module=auth msg="queue length checked"
2026-03-14 03:06:15 INFO module=db msg="user logged in"
2026-03-14 03:07:15 WARN module=auth msg="slow response"
2026-03-14 03:08:08 INFO module=auth msg="config reloaded"
2026-03-14 03:08:09 DEBUG module=db msg="retry counter reset"
2026-03-14 03:08:47 DEBUG module=db msg="buffer flushed"
2026-03-14 03:10:30 ERROR module=net msg="connection refused"
2026-03-14 03:12:59 WARN module=disk msg="deprecated option used"
2026-03-14 03:13:57 INFO module=fs msg="user logged in"
2026-03-14 03:16:04 INFO module=disk msg="service started"
2026-03-14 03:20:25 INFO module=net msg="service started"
2026-03-14 03:21:32 INFO module=net msg="config reloaded"
2026-03-14 03:23:34 ERROR module=db msg="invalid token"
2026-03-14 03:25:02 INFO module=db msg="user logged in"
2026-03-14 03:26:39 INFO module=api msg="config reloaded"
2026-03-14 03:27:44 INFO module=sched msg="request completed"
2026-03-14 03:27:50 INFO module=api msg="request completed"
2026-03-14 03:32:44 WARN module=db msg="token expires soon"
2026-03-14 03:35:14 INFO module=sched msg="job scheduled"
2026-03-14 03:38:04 WARN module=net msg="retrying request"
2026-03-14 03:38:20 INFO module=sched msg="service started"
2026-03-14 03:41:36 INFO module=auth msg="user logged in"
2026-03-14 03:42:19 INFO module=disk msg="job scheduled"
2026-03-14 03:44:36 INFO module=disk msg="service started"
2026-03-14 03:46:33 DEBUG module=sched msg="buffer flushed"
2026-03-14 03:50:23 DEBUG module=auth msg="queue length checked"
2026-03-14 03:51:16 DEBUG module=fs msg="heartbeat sent"
2026-03-14 03:57:13 INFO module=api msg="user logged in"
2026-03-14 03:59:31 DEBUG module=auth msg="buffer flushed"
2026-03-14 03:59:40 INFO module=fs msg="job scheduled"
2026-03-14 04:00:17 INFO module=fs msg="job scheduled"
2026-03-14 04:01:27 INFO module=api msg="user logged in"
2026-03-14 04:02:28 INFO module=api msg="config reloaded"
2026-03-14 04:03:23 ERROR module=sched msg="permission denied"
2026-03-14 04:05:42 DEBUG module=sched msg="retry counter reset"
2026-03-14 04:15:51 ERROR module=sched msg="invalid token"
2026-03-14 04:17:55 INFO module=api msg="service started"
2026-03-14 04:18:39 INFO module=sched msg="cache warmed up"
2026-03-14 04:21:12 WARN module=db msg="token expires soon"
2026-03-14 04:25:04 INFO module=db msg="request completed"
2026-03-14 04:26:49 INFO module=disk msg="config reloaded"
2026-03-14 04:28:15 DEBUG module=net msg="retry counter reset"
2026-03-14 04:28:42 WARN module=net msg="token expires soon"
2026-03-14 04:31:32 WARN module=api msg="disk usage above 80%"
2026-03-14 04:32:46 WARN module=auth msg="deprecated option used"
2026-03-14 04:33:37 INFO module=fs msg="service started"
2026-03-14 04:40:43 INFO module=auth msg="request completed"
2026-03-14 04:45:01 DEBUG module=sched msg="buffer flushed"
2026-03-14 04:46:56 DEBUG module=disk msg="entering handler"
2026-03-14 04:47:01 INFO module=db msg="cache warmed up"
2026-03-14 04:47:47 INFO module=cache msg="service started"
2026-03-14 04:50:29 INFO module=auth msg="config reloaded"
2026-03-14 04:51:37 INFO module=sched msg="config reloaded"
2026-03-14 04:56:56 INFO module=sched msg="service started"
2026-03-14 04:57:02 DEBUG module=auth msg="queue length checked"
2026-03-14 04:57:33 DEBUG module=fs msg="entering handler"
2026-03-14 05:01:02 WARN module=auth msg="disk usage above 80%"
2026-03-14 05:01:10 DEBUG module=db msg="entering handler"
2026-03-14 05:01:38 DEBUG module=sched msg="retry counter reset"
2026-03-14 05:04:36 WARN module=auth msg="retrying request"
2026-03-14 05:05:44 DEBUG module=sched msg="entering handler"
2026-03-14 05:07:05 INFO module=net msg="job scheduled"
2026-03-14 05:08:48 INFO module=disk msg="service started"
2026-03-14 05:10:42 INFO module=fs msg="cache warmed up"
2026-03-14 05:10:45 INFO module=disk msg="service started"
2026-03-14 05:13:30 INFO module=net msg="service started"
2026-03-14 05:15:18 INFO module=net msg="config reloaded"
2026-03-14 05:16:43 WARN module=disk msg="retrying request"
2026-03-14 05:29:28 INFO module=db msg="service started"
2026-03-14 05:30:10 INFO module=net msg="service started"
2026-03-14 05:35:19 INFO module=auth msg="user logged in"
2026-03-14 05:36:41 INFO module=fs msg="job scheduled"
2026-03-14 05:45:31 INFO module=auth msg="config reloaded"
2026-03-14 05:51:08 INFO module=db msg="job scheduled"
2026-03-14 05:53:38 WARN module=auth msg="slow response"
2026-03-14 05:54:01 INFO module=api msg="service started"
2026-03-14 05:59:12 INFO module=cache msg="config reloaded"
2026-03-14 06:02:12 DEBUG module=api msg="queue length checked"
2026-03-14 06:02:33 INFO module=net msg="request completed"
2026-03-14 06:07:17 WARN module=db msg="token expires soon"
2026-03-14 06:12:06 ERROR module=db msg="permission denied"
2026-03-14 06:16:41 INFO module=api msg="job scheduled"
2026-03-14 06:18:16 INFO module=disk msg="job scheduled"
2026-03-14 06:18:42 INFO module=auth msg="service started"
2026-03-14 06:18:59 INFO module=cache msg="request completed"
2026-03-14 06:20:31 DEBUG module=api msg="queue length checked"
2026-03-14 06:21:07 INFO module=net msg="request completed"
2026-03-14 06:26:09 INFO module=net msg="request completed"
2026-03-14 06:28:45 DEBUG module=db msg="entering handler"
2026-03-14 06:29:31 DEBUG module=net msg="buffer flushed"
2026-03-14 06:31:12 INFO module=net msg="config reloaded"
2026-03-14 06:36:07 INFO module=api msg="user logged in"
2026-03-14 06:38:38 DEBUG module=auth msg="heartbeat sent"
2026-03-14 06:47:31 INFO module=net msg="config reloaded"
2026-03-14 06:49:05 WARN module=cache msg="deprecated option used"
2026-03-14 06:50:19 INFO module=fs msg="config reloaded"
2026-03-14 06:57:35 INFO module=net msg="user logged in"
2026-03-14 07:06:28 INFO module=disk msg="config reloaded"
2026-03-14 07:06:47 INFO module=api msg="user logged in"
2026-03-14 07:11:26 INFO module=db msg="cache warmed up"
2026-03-14 07:11:59 INFO module=cache msg="service started"
2026-03-14 07:17:23 ERROR module=auth msg="connection refused"
2026-03-14 07:22:17 DEBUG module=api msg="retry counter reset"
2026-03-14 07:26:02 ERROR module=db msg="connection refused"
2026-03-14 07:27:38 INFO module=net msg="user logged in"
2026-03-14 07:29:20 DEBUG module=sched msg="heartbeat sent"
2026-03-14 07:34:33 INFO module=auth msg="request completed"
2026-03-14 07:36:46 INFO module=api msg="request completed"
2026-03-14 07:40:35 INFO module=sched msg="service started"
2026-03-14 07:49:12 INFO module=fs msg="request completed"
2026-03-14 07:50:34 INFO module=cache msg="config reloaded"
2026-03-14 07:54:01 WARN module=cache msg="retrying request"
2026-03-14 07:54:11 INFO module=fs msg="service started"
2026-03-14 07:54:30 INFO module=db msg="user logged in"
2026-03-14 07:57:11 INFO module=fs msg="user logged in"
2026-03-14 08:02:19 WARN module=auth msg="token expires soon"
2026-03-14 08:04:55 INFO module=fs msg="cache warmed up"
2026-03-14 08:06:06 WARN module=cache msg="slow response"
2026-03-14 08:09:50 DEBUG module=fs msg="buffer flushed"
2026-03-14 08:12:21 INFO module=cache msg="job scheduled"
2026-03-14 08:14:40 DEBUG module=auth msg="heartbeat sent"
2026-03-14 08:20:46 INFO module=disk msg="job scheduled"
2026-03-14 08:21:26 WARN module=fs msg="retrying request"
2026-03-14 08:21:51 INFO module=disk msg="config reloaded"
2026-03-14 08:27:36 WARN module=net msg="slow response"
2026-03-14 08:32:49 INFO module=net msg="service started"
2026-03-14 08:33:26 INFO module=auth msg="user logged in"
2026-03-14 08:34:06 WARN module=disk msg="deprecated option used"
2026-03-14 08:42:03 INFO module=cache msg="cache warmed up"
2026-03-14 08:43:00 INFO module=cache msg="cache warmed up"
2026-03-14 08:45:26 ERROR module=net msg="connection timeout"
2026-03-14 08:47:49 INFO module=net msg="service started"
2026-03-14 08:48:22 WARN module=cache msg="token expires soon"
2026-03-14 08:48:50 ERROR module=fs msg="invalid token"
2026-03-14 08:51:01 INFO module=auth msg="service started"
2026-03-14 08:51:41 INFO module=net msg="request completed"
2026-03-14 08:52:48 WARN module=api msg="token expires soon"
2026-03-14 08:53:53 DEBUG module=api msg="queue length checked"
2026-03-14 08:54:31 INFO module=cache msg="request completed"
2026-03-14 08:57:33 INFO module=db msg="service started"
2026-03-14 09:05:16 INFO module=auth msg="service started"
2026-03-14 09:06:38 INFO module=net msg="request completed"
2026-03-14 09:08:12 INFO module=net msg="service started"
2026-03-14 09:13:39 INFO module=net msg="config reloaded"
2026-03-14 09:21:18 INFO module=net msg="cache warmed up"
2026-03-14 09:30:23 INFO module=fs msg="cache warmed up"
2026-03-14 09:30:57 INFO module=db msg="job scheduled"
2026-03-14 09:32:55 ERROR module=db msg="query failed"
2026-03-14 09:33:45 INFO module=cache msg="request completed"
2026-03-14 09:34:26 INFO module=api msg="service started"
2026-03-14 09:34:34 ERROR module=net msg="connection timeout"
2026-03-14 09:39:23 INFO module=net msg="config reloaded"
2026-03-14 09:42:07 WARN module=cache msg="slow response"
2026-03-14 09:44:44 INFO module=api msg="user logged in"
2026-03-14 09:44:55 DEBUG module=sched msg="buffer flushed"
2026-03-14 09:49:17 INFO module=auth msg="job scheduled"
2026-03-14 09:49:29 WARN module=api msg="deprecated option used"
2026-03-14 09:49:54 INFO module=disk msg="service started"
2026-03-14 09:51:39 WARN module=disk msg="deprecated option used"
2026-03-14 09:53:49 INFO module=api msg="config reloaded"
2026-03-14 09:53:57 INFO module=db msg="job scheduled"
2026-03-14 09:56:03 DEBUG module=disk msg="heartbeat sent"
2026-03-14 10:05:22 INFO module=db msg="user logged in"
2026-03-14 10:05:35 INFO module=cache msg="user logged in"
2026-03-14 10:07:31 WARN module=net msg="slow response"
2026-03-14 10:10:50 INFO module=net msg="request completed"
2026-03-14 10:12:11 INFO module=api msg="user logged in"
2026-03-14 10:14:22 INFO module=cache msg="config reloaded"
2026-03-14 10:15:17 INFO module=sched msg="user logged in"
2026-03-14 10:21:26 DEBUG module=disk msg="queue length checked"
2026-03-14 10:26:08 ERROR module=disk msg="query failed"
2026-03-14 10:29:59 INFO module=sched msg="request completed"
2026-03-14 10:31:49 INFO module=api msg="config reloaded"
2026-03-14 10:33:48 INFO module=db msg="user logged in"
2026-03-14 10:38:29 INFO module=sched msg="user logged in"
2026-03-14 10:42:21 DEBUG module=cache msg="buffer flushed"
2026-03-14 10:42:35 INFO module=fs msg="cache warmed up"
2026-03-14 10:43:12 ERROR module=api msg="query failed"
2026-03-14 10:47:50 INFO module=net msg="job scheduled"
2026-03-14 10:50:39 WARN module=disk msg="token expires soon"
2026-03-14 10:51:12 WARN module=db msg="slow response"
2026-03-14 10:54:13 ERROR module=db msg="invalid token"
2026-03-14 10:59:50 INFO module=api msg="service started"
2026-03-14 11:00:19 INFO module=disk msg="config reloaded"
2026-03-14 11:00:35 ERROR module=net msg="invalid token"
2026-03-14 11:00:43 ERROR module=cache msg="invalid token"
2026-03-14 11:02:30 DEBUG module=disk msg="heartbeat sent"
2026-03-14 11:04:43 INFO module=api msg="config reloaded"
2026-03-14 11:07:01 INFO module=auth msg="cache warmed up"
2026-03-14 11:14:40 INFO module=sched msg="job scheduled"
2026-03-14 11:23:11 INFO module=db msg="job scheduled"
2026-03-14 11:24:12 INFO module=auth msg="user logged in"
2026-03-14 11:24:13 DEBUG module=api msg="queue length checked"
2026-03-14 11:24:49 INFO module=auth msg="cache warmed up"
2026-03-14 11:24:54 INFO module=db msg="cache warmed up"
2026-03-14 11:24:59 WARN module=db msg="slow response"
2026-03-14 11:25:00 INFO module=db msg="config reloaded"
2026-03-14 11:32:06 INFO module=api msg="config reloaded"
2026-03-14 11:37:52 WARN module=api msg="token expires soon"
2026-03-14 11:40:06 ERROR module=db msg="no space left on device"
2026-03-14 11:43:34 INFO module=sched msg="user logged in"
2026-03-14 11:45:01 INFO module=api msg="user logged in"
2026-03-14 11:46:27 INFO module=disk msg="job scheduled"
2026-03-14 11:49:05 INFO module=db msg="user logged in"
2026-03-14 11:49:08 INFO module=sched msg="request completed"
2026-03-14 11:49:20 DEBUG module=cache msg="buffer flushed"
2026-03-14 11:50:05 INFO module=auth msg="job scheduled"
2026-03-14 11:56:12 INFO module=auth msg="job scheduled"
2026-03-14 11:58:56 DEBUG module=auth msg="heartbeat sent"
2026-03-14 12:00:02 INFO module=net msg="request completed"
2026-03-14 12:06:40 ERROR module=db msg="no space left on device"
2026-03-14 12:08:34 INFO module=auth msg="user logged in"
2026-03-14 12:11:53 ERROR module=net msg="segment read failed"
2026-03-14 12:12:49 WARN module=db msg="disk usage above 80%"
2026-03-14 12:13:08 INFO module=fs msg="job scheduled"
2026-03-14 12:15:22 DEBUG module=cache msg="entering handler"
2026-03-14 12:16:32 WARN module=api msg="retrying request"
2026-03-14 12:21:12 DEBUG module=auth msg="buffer flushed"
2026-03-14 12:28:18 INFO module=sched msg="cache warmed up"
2026-03-14 12:31:42 INFO module=sched msg="cache warmed up"
2026-03-14 12:37:44 INFO module=net msg="service started"
2026-03-14 12:39:12 INFO module=auth msg="config reloaded"
2026-03-14 12:39:28 INFO module=auth msg="user logged in"
2026-03-14 12:40:05 INFO module=db msg="request completed"
2026-03-14 12:40:14 INFO module=auth msg="service started"
2026-03-14 12:40:57 INFO module=cache msg="job scheduled"
2026-03-14 12:41:14 DEBUG module=fs msg="heartbeat sent"
2026-03-14 12:42:00 INFO module=auth msg="service started"
2026-03-14 12:45:52 WARN module=api msg="retrying request"
2026-03-14 12:46:43 INFO module=net msg="job scheduled"
2026-03-14 12:49:25 INFO module=db msg="service started"
2026-03-14 12:49:47 DEBUG module=net msg="entering handler"
2026-03-14 12:50:08 ERROR module=api msg="connection refused"
2026-03-14 12:51:29 INFO module=api msg="config reloaded"
2026-03-14 12:54:07 INFO module=net msg="job scheduled"
2026-03-14 12:55:31 WARN module=db msg="disk usage above 80%"
2026-03-14 12:55:37 WARN module=cache msg="token expires soon"
2026-03-14 12:55:49 WARN module=net msg="token expires soon"
2026-03-14 12:58:27 INFO module=disk msg="config reloaded"
2026-03-14 12:58:43 INFO module=auth msg="config reloaded"
2026-03-14 12:59:06 INFO module=api msg="service started"
2026-03-14 12:59:34 WARN module=cache msg="retrying request"
2026-03-14 13:02:09 INFO module=db msg="cache warmed up"
2026-03-14 13:03:23 WARN module=net msg="deprecated option used"
2026-03-14 13:05:10 INFO module=net msg="config reloaded"
2026-03-14 13:06:44 DEBUG module=cache msg="queue length checked"
2026-03-14 13:07:00 ERROR module=net msg="connection timeout"
2026-03-14 13:09:05 INFO module=auth msg="user logged in"
2026-03-14 13:10:26 INFO module=net msg="service started"
2026-03-14 13:11:49 WARN module=sched msg="retrying request"
2026-03-14 13:14:31 INFO module=fs msg="config reloaded"
2026-03-14 13:16:26 DEBUG module=db msg="heartbeat sent"
2026-03-14 13:19:14 INFO module=fs msg="config reloaded"
2026-03-14 13:19:38 WARN module=disk msg="retrying request"
2026-03-14 13:22:47 ERROR module=cache msg="no space left on device"
2026-03-14 13:24:35 DEBUG module=fs msg="entering handler"
2026-03-14 13:25:05 WARN module=api msg="disk usage above 80%"
2026-03-14 13:27:59 DEBUG module=api msg="entering handler"
2026-03-14 13:28:40 WARN module=net msg="retrying request"
2026-03-14 13:28:45 INFO module=api msg="service started"
2026-03-14 13:30:14 WARN module=cache msg="retrying request"
2026-03-14 13:35:41 WARN module=auth msg="disk usage above 80%"
2026-03-14 13:44:07 INFO module=cache msg="request completed"
2026-03-14 13:44:23 ERROR module=auth msg="connection timeout"
2026-03-14 13:46:36 DEBUG module=sched msg="queue length checked"
2026-03-14 13:47:20 WARN module=auth msg="token expires soon"
2026-03-14 13:48:44 WARN module=fs msg="retrying request"
2026-03-14 13:49:28 INFO module=auth msg="service started"
2026-03-14 13:51:10 WARN module=net msg="disk usage above 80%"
2026-03-14 13:53:02 INFO module=auth msg="cache warmed up"
2026-03-14 13:54:26 ERROR module=db msg="invalid token"
2026-03-14 13:55:04 DEBUG module=net msg="queue length checked"
2026-03-14 13:58:11 INFO module=disk msg="config reloaded"
2026-03-14 14:04:23 INFO module=fs msg="request completed"
2026-03-14 14:04:51 INFO module=cache msg="user logged in"
2026-03-14 14:09:12 INFO module=fs msg="cache warmed up"
2026-03-14 14:09:15 INFO module=auth msg="service started"
2026-03-14 14:11:44 INFO module=sched msg="user logged in"
2026-03-14 14:15:32 INFO module=fs msg="config reloaded"
2026-03-14 14:16:18 INFO module=api msg="config reloaded"
2026-03-14 14:16:23 INFO module=disk msg="request completed"
2026-03-14 14:23:50 INFO module=api msg="user logged in"
2026-03-14 14:23:52 INFO module=net msg="job scheduled"
2026-03-14 14:30:06 INFO module=sched msg="cache warmed up"
2026-03-14 14:31:10 DEBUG module=db msg="queue length checked"
2026-03-14 14:33:03 INFO module=db msg="cache warmed up"
2026-03-14 14:44:51 INFO module=disk msg="user logged in"
2026-03-14 14:46:33 DEBUG module=db msg="entering handler"
2026-03-14 14:49:43 DEBUG module=db msg="retry counter reset"
2026-03-14 14:52:00 INFO module=fs msg="job scheduled"
2026-03-14 14:53:51 ERROR module=disk msg="query failed"
2026-03-14 14:54:45 INFO module=api msg="user logged in"
2026-03-14 14:57:55 DEBUG module=disk msg="retry counter reset"
2026-03-14 14:58:53 INFO module=api msg="config reloaded"
2026-03-14 15:08:45 INFO module=cache msg="service started"
2026-03-14 15:08:59 INFO module=auth msg="request completed"
2026-03-14 15:10:12 ERROR module=disk msg="query failed"
2026-03-14 15:10:23 WARN module=db msg="retrying request"
2026-03-14 15:12:56 INFO module=net msg="user logged in"
2026-03-14 15:16:35 WARN module=disk msg="retrying request"
2026-03-14 15:17:36 WARN module=disk msg="deprecated option used"
2026-03-14 15:19:55 INFO module=net msg="job scheduled"
2026-03-14 15:21:27 INFO module=sched msg="config reloaded"
2026-03-14 15:22:30 INFO module=api msg="job scheduled"
2026-03-14 15:25:00 DEBUG module=auth msg="entering handler"
2026-03-14 15:25:17 WARN module=db msg="slow response"
2026-03-14 15:28:40 INFO module=db msg="request completed"
2026-03-14 15:28:41 INFO module=net msg="config reloaded"
2026-03-14 15:36:04 WARN module=disk msg="deprecated option used"
2026-03-14 15:36:19 INFO module=disk msg="job scheduled"
2026-03-14 15:37:44 WARN module=net msg="disk usage above 80%"
2026-03-14 15:38:33 INFO module=net msg="user logged in"
2026-03-14 15:43:26 INFO module=api msg="job scheduled"
2026-03-14 15:43:28 DEBUG module=sched msg="retry counter reset"
2026-03-14 15:44:27 WARN module=db msg="retrying request"
2026-03-14 15:44:57 INFO module=cache msg="job scheduled"
2026-03-14 15:49:29 INFO module=auth msg="job scheduled"
2026-03-14 15:50:22 INFO module=api msg="service started"
2026-03-14 15:54:10 INFO module=auth msg="job scheduled"
2026-03-14 15:55:37 ERROR module=sched msg="invalid token"
2026-03-14 15:58:13 ERROR module=net msg="query failed"
2026-03-14 16:02:57 WARN module=db msg="disk usage above 80%"
2026-03-14 16:09:29 WARN module=api msg="disk usage above 80%"
2026-03-14 16:09:50 INFO module=disk msg="service started"
2026-03-14 16:11:26 INFO module=fs msg="service started"
2026-03-14 16:15:15 DEBUG module=net msg="retry counter reset"
2026-03-14 16:17:47 INFO module=sched msg="user logged in"
2026-03-14 16:17:54 INFO module=fs msg="request completed"
2026-03-14 16:27:35 INFO module=auth msg="job scheduled"
2026-03-14 16:34:52 INFO module=auth msg="user logged in"
2026-03-14 16:35:49 DEBUG module=api msg="queue length checked"
2026-03-14 16:38:58 INFO module=sched msg="config reloaded"
2026-03-14 16:40:30 INFO module=cache msg="user logged in"
2026-03-14 16:41:44 INFO module=disk msg="request completed"
2026-03-14 16:42:50 INFO module=api msg="cache warmed up"
2026-03-14 16:43:52 INFO module=fs msg="job scheduled"
2026-03-14 16:44:49 INFO module=api msg="request completed"
2026-03-14 16:45:53 INFO module=db msg="config reloaded"
2026-03-14 16:46:03 INFO module=auth msg="request completed"
2026-03-14 16:46:45 INFO module=cache msg="cache warmed up"
2026-03-14 16:50:32 WARN module=net msg="slow response"
2026-03-14 16:53:38 DEBUG module=cache msg="retry counter reset"
2026-03-14 16:54:11 DEBUG module=net msg="heartbeat sent"
2026-03-14 16:56:20 DEBUG module=cache msg="queue length checked"
2026-03-14 17:02:18 INFO module=api msg="service started"
2026-03-14 17:04:08 INFO module=db msg="user logged in"
2026-03-14 17:07:35 INFO module=db msg="request completed"
2026-03-14 17:08:53 WARN module=cache msg="token expires soon"
2026-03-14 17:11:57 INFO module=disk msg="service started"
2026-03-14 17:13:04 INFO module=api msg="request completed"
2026-03-14 17:13:51 ERROR module=api msg="no space left on device"
2026-03-14 17:14:44 ERROR module=net msg="connection timeout"
2026-03-14 17:16:57 WARN module=db msg="retrying request"
2026-03-14 17:17:20 INFO module=disk msg="user logged in"
2026-03-14 17:17:42 INFO module=api msg="service started"
2026-03-14 17:17:53 INFO module=db msg="user logged in"
2026-03-14 17:19:26 INFO module=api msg="service started"
2026-03-14 17:27:19 ERROR module=net msg="permission denied"
2026-03-14 17:31:26 DEBUG module=net msg="buffer flushed"
2026-03-14 17:35:46 ERROR module=net msg="invalid token"
2026-03-14 17:36:01 DEBUG module=cache msg="queue length checked"
2026-03-14 17:39:26 INFO module=sched msg="service started"
2026-03-14 17:40:40 INFO module=auth msg="user logged in"
2026-03-14 17:42:59 INFO module=db msg="config reloaded"
2026-03-14 17:47:01 INFO module=sched msg="config reloaded"
2026-03-14 17:52:34 INFO module=db msg="request completed"
2026-03-14 17:56:56 INFO module=db msg="service started"
2026-03-14 17:57:57 WARN module=auth msg="retrying request"
2026-03-14 17:59:42 INFO module=cache msg="job scheduled"
2026-03-14 18:04:45 DEBUG module=fs msg="queue length checked"
2026-03-14 18:06:47 INFO module=disk msg="user logged in"
2026-03-14 18:10:00 WARN module=api msg="deprecated option used"
2026-03-14 18:11:04 INFO module=disk msg="config reloaded"
2026-03-14 18:21:29 INFO module=db msg="job scheduled"
2026-03-14 18:26:45 INFO module=db msg="request completed"
2026-03-14 18:30:22 DEBUG module=disk msg="entering handler"
2026-03-14 18:32:29 DEBUG module=sched msg="heartbeat sent"
2026-03-14 18:33:24 DEBUG module=db msg="retry counter reset"
2026-03-14 18:34:07 ERROR module=net msg="permission denied"
2026-03-14 18:34:44 INFO module=sched msg="cache warmed up"
2026-03-14 18:38:55 INFO module=db msg="config reloaded"
2026-03-14 18:39:45 ERROR module=db msg="query failed"
2026-03-14 18:40:24 INFO module=disk msg="cache warmed up"
2026-03-14 18:44:11 ERROR module=api msg="invalid token"
2026-03-14 18:46:20 WARN module=auth msg="retrying request"
2026-03-14 18:47:01 DEBUG module=net msg="buffer flushed"
2026-03-14 18:47:56 INFO module=auth msg="service started"
2026-03-14 18:52:03 WARN module=auth msg="deprecated option used"
2026-03-14 18:58:35 WARN module=disk msg="deprecated option used"
2026-03-14 19:00:45 INFO module=net msg="config reloaded"
2026-03-14 19:04:26 INFO module=auth msg="request completed"
2026-03-14 19:04:45 INFO module=api msg="config reloaded"
2026-03-14 19:06:07 DEBUG module=cache msg="queue length checked"
2026-03-14 19:09:41 INFO module=fs msg="service started"
2026-03-14 19:10:26 INFO module=api msg="service started"
2026-03-14 19:16:07 INFO module=api msg="user logged in"
2026-03-14 19:27:44 INFO module=cache msg="config reloaded"
2026-03-14 19:27:51 WARN module=db msg="deprecated option used"
2026-03-14 19:30:09 ERROR module=disk msg="invalid token"
2026-03-14 19:30:30 INFO module=net msg="job scheduled"
2026-03-14 19:32:39 ERROR module=auth msg="segment read failed"
2026-03-14 19:34:51 INFO module=db msg="service started"
2026-03-14 19:35:27 ERROR module=sched msg="query failed"
2026-03-14 19:36:01 INFO module=disk msg="cache warmed up"
2026-03-14 19:43:15 INFO module=db msg="user logged in"
2026-03-14 19:44:15 INFO module=net msg="config reloaded"
2026-03-14 19:45:31 INFO module=api msg="config reloaded"
2026-03-14 19:48:50 DEBUG module=cache msg="buffer flushed"
2026-03-14 19:49:05 INFO module=api msg="request completed"
2026-03-14 19:50:45 ERROR module=auth msg="no space left on device"
2026-03-14 19:51:42 INFO module=api msg="cache warmed up"
2026-03-14 19:53:56 INFO module=disk msg="service started"
2026-03-14 19:56:13 INFO module=disk msg="service started"
2026-03-14 19:56:34 DEBUG module=cache msg="queue length checked"
2026-03-14 19:58:05 DEBUG module=cache msg="retry counter reset"
2026-03-14 19:59:26 WARN module=auth msg="deprecated option used"
2026-03-14 19:59:38 INFO module=cache msg="service started"
2026-03-14 20:04:52 DEBUG module=sched msg="entering handler"
2026-03-14 20:06:23 INFO module=db msg="config reloaded"
2026-03-14 20:07:13 INFO module=db msg="user logged in"
2026-03-14 20:14:13 INFO module=auth msg="service started"
2026-03-14 20:14:21 DEBUG module=db msg="retry counter reset"
2026-03-14 20:18:01 INFO module=api msg="service started"
2026-03-14 20:19:41 INFO module=cache msg="config reloaded"
2026-03-14 20:23:31 INFO module=net msg="cache warmed up"
2026-03-14 20:30:44 DEBUG module=auth msg="queue length checked"
2026-03-14 20:35:19 INFO module=sched msg="service started"
2026-03-14 20:36:22 INFO module=api msg="cache warmed up"
2026-03-14 20:36:40 INFO module=disk msg="cache warmed up"
2026-03-14 20:44:11 INFO module=api msg="config reloaded"
2026-03-14 20:45:49 DEBUG module=sched msg="entering handler"
2026-03-14 20:53:21 WARN module=net msg="slow response"
2026-03-14 20:54:22 INFO module=db msg="user logged in"
2026-03-14 20:55:41 INFO module=cache msg="cache warmed up"
2026-03-14 20:59:02 INFO module=api msg="config reloaded"
2026-03-14 21:11:45 INFO module=fs msg="service started"
2026-03-14 21:12:22 WARN module=api msg="retrying request"
2026-03-14 21:13:13 INFO module=cache msg="config reloaded"
2026-03-14 21:16:33 INFO module=net msg="request completed"
2026-03-14 21:19:10 DEBUG module=sched msg="retry counter reset"
2026-03-14 21:20:03 WARN module=db msg="retrying request"
2026-03-14 21:23:29 WARN module=disk msg="slow response"
2026-03-14 21:35:30 INFO module=db msg="cache warmed up"
2026-03-14 21:37:56 WARN module=disk msg="disk usage above 80%"
2026-03-14 21:37:59 INFO module=fs msg="job scheduled"
2026-03-14 21:40:04 ERROR module=disk msg="no space left on device"
2026-03-14 21:40:32 INFO module=net msg="config reloaded"
2026-03-14 21:48:15 INFO module=net msg="request completed"
2026-03-14 21:50:14 DEBUG module=disk msg="retry counter reset"
2026-03-14 21:51:44 INFO module=api msg="job scheduled"
2026-03-14 21:51:47 INFO module=cache msg="user logged in"
2026-03-14 21:52:19 INFO module=net msg="request completed"
2026-03-14 21:53:53 INFO module=disk msg="user logged in"
2026-03-14 21:59:43 INFO module=db msg="request completed"
2026-03-14 22:02:08 INFO module=db msg="cache warmed up"
2026-03-14 22:08:42 INFO module=net msg="job scheduled"
2026-03-14 22:10:54 INFO module=disk msg="job scheduled"
2026-03-14 22:19:31 DEBUG module=fs msg="retry counter reset"
2026-03-14 22:21:43 INFO module=auth msg="service started"
2026-03-14 22:22:21 WARN module=api msg="retrying request"
2026-03-14 22:23:58 INFO module=net msg="service started"
2026-03-14 22:35:35 INFO module=disk msg="request completed"
2026-03-14 22:36:31 INFO module=fs msg="cache warmed up"
2026-03-14 22:38:13 INFO module=net msg="request completed"
2026-03-14 22:40:02 WARN module=api msg="slow response"
2026-03-14 22:41:08 WARN module=net msg="slow response"
2026-03-14 22:43:26 DEBUG module=db msg="entering handler"
2026-03-14 22:45:01 INFO module=api msg="job scheduled"
2026-03-14 22:46:27 WARN module=net msg="deprecated option used"
2026-03-14 22:48:58 INFO module=cache msg="cache warmed up"
2026-03-14 22:50:13 ERROR module=auth msg="segment read failed"
2026-03-14 22:51:30 WARN module=db msg="slow response"
2026-03-14 22:52:51 INFO module=disk msg="user logged in"
2026-03-14 23:06:00 INFO module=auth msg="user logged in"
2026-03-14 23:06:10 WARN module=net msg="retrying request"
2026-03-14 23:06:14 WARN module=sched msg="slow response"
2026-03-14 23:06:54 INFO module=api msg="config reloaded"
2026-03-14 23:07:23 INFO module=auth msg="job scheduled"
2026-03-14 23:08:23 INFO module=fs msg="user logged in"
2026-03-14 23:10:12 INFO module=api msg="job scheduled"
2026-03-14 23:12:44 DEBUG module=db msg="entering handler"
2026-03-14 23:22:06 INFO module=db msg="user logged in"
2026-03-14 23:22:37 INFO module=net msg="service started"
2026-03-14 23:22:40 ERROR module=db msg="connection timeout"
2026-03-14 23:24:12 DEBUG module=sched msg="entering handler"
2026-03-14 23:25:10 INFO module=api msg="cache warmed up"
2026-03-14 23:27:24 DEBUG module=net msg="retry counter reset"
2026-03-14 23:27:38 INFO module=cache msg="service started"
2026-03-14 23:29:21 INFO module=api msg="user logged in"
2026-03-14 23:32:00 INFO module=db msg="config reloaded"
2026-03-14 23:33:38 INFO module=db msg="cache warmed up"
2026-03-14 23:43:50 INFO module=net msg="job scheduled"
2026-03-14 23:49:45 INFO module=api msg="request completed"
2026-03-14 23:50:42 INFO module=net msg="cache warmed up"
2026-03-14 23:50:52 INFO module=net msg="request completed"
2026-03-14 23:54:01 INFO module=auth msg="config reloaded"
2026-03-14 23:55:30 INFO module=net msg="service started"
2026-03-14 23:59:22 WARN module=cache msg="token expires soon"
