2026-03-16 00:09:29 INFO module=disk msg="request completed"
2026-03-16 00:28:16 INFO module=db msg="cache warmed up"
2026-03-16 00:28:54 INFO module=sched msg="job scheduled"
2026-03-16 00:29:29 INFO module=db msg="job scheduled"
2026-03-16 00:34:14 INFO module=db msg="user logged in"
2026-03-16 00:34:54 INFO module=disk msg="user logged in"
2026-03-16 00:52:03 INFO module=net msg="config reloaded"
2026-03-16 01:00:13 DEBUG module=db msg="heartbeat sent"
2026-03-16 01:00:45 INFO module=net msg="request completed"
2026-03-16 01:08:26 INFO module=auth msg="job scheduled"
2026-03-16 01:12:54 INFO module=auth msg="cache warmed up"
2026-03-16 01:18:08 INFO module=db msg="config reloaded"
2026-03-16 01:22:11 INFO module=api msg="config reloaded"
2026-03-16 01:25:09 INFO module=cache msg="request completed"
2026-03-16 01:27:22 DEBUG module=auth msg="heartbeat sent"
2026-03-16 01:27:32 DEBUG module=net msg="queue length checked"
2026-03-16 01:38:26 INFO module=sched msg="user logged in"
2026-03-16 01:41:46 INFO module=net msg="cache warmed up"
2026-03-16 01:42:16 ERROR module=net msg="connection timeout"
2026-03-16 01:42:57 INFO module=api msg="request completed"
2026-03-16 01:46:34 INFO module=api msg="user logged in"
2026-03-16 01:47:03 DEBUG module=disk msg="heartbeat sent"
2026-03-16 01:49:41 DEBUG module=sched msg="retry counter reset"
2026-03-16 01:58:42 ERROR module=db msg="permission denied"
2026-03-16 02:03:05 INFO module=sched msg="config reloaded"
2026-03-16 02:04:50 INFO module=cache msg="job scheduled"
2026-03-16 02:07:09 WARN module=auth msg="retrying request"
2026-03-16 02:09:28 WARN module=disk msg="disk usage above 80%"
2026-03-16 02:17:58 INFO module=auth msg="user logged in"
2026-03-16 02:20:49 DEBUG module=net msg="retry counter reset"
2026-03-16 02:22:02 DEBUG module=db msg="buffer flushed"
2026-03-16 02:28:28 DEBUG module=api msg="retry counter reset"
2026-03-16 02:28:32 INFO module=fs msg="cache warmed up"
2026-03-16 02:33:40 ERROR module=net msg="permission denied"
2026-03-16 02:34:33 INFO module=auth msg="job scheduled"
2026-03-16 02:46:46 INFO module=sched msg="request completed"
2026-03-16 02:46:55 DEBUG module=api msg="entering handler"
2026-03-16 02:47:22 WARN module=net msg="disk usage above 80%"
2026-03-16 02:59:21 INFO module=api msg="job scheduled"
2026-03-16 03:11:53 INFO module=net msg="request completed"
2026-03-16 03:13:04 INFO module=db msg="request completed"
2026-03-16 03:15:27 INFO module=auth msg="request completed"
2026-03-16 03:15:34 DEBUG module=cache msg="retry counter reset"
2026-03-16 03:18:34 ERROR module=net msg="connection refused"
2026-03-16 03:39:56 WARN module=auth msg="retrying request"
2026-03-16 03:43:41 INFO module=db msg="job scheduled"
2026-03-16 03:45:36 INFO module=sched msg="user logged in"
2026-03-16 03:45:52 DEBUG module=db msg="queue length checked"
2026-03-16 03:47:37 INFO module=db msg="service started"
2026-03-16 03:50:11 INFO module=api msg="request completed"
2026-03-16 03:50:14 WARN module=disk msg="retrying request"
2026-03-16 03:58:20 INFO module=api msg="cache warmed up"
2026-03-16 04:06:26 ERROR module=net msg="permission denied"
2026-03-16 04:07:38 INFO module=disk msg="cache warmed up"
2026-03-16 04:10:08 ERROR module=net msg="segment read failed"
2026-03-16 04:36:01 INFO module=disk msg="service started"
2026-03-16 05:00:27 ERROR module=net msg="segment read failed"
2026-03-16 05:26:30 INFO module=api msg="cache warmed up"
2026-03-16 05:29:41 WARN module=disk msg="disk usage above 80%"
2026-03-16 05:33:32 INFO module=net msg="cache warmed up"
2026-03-16 05:41:19 DEBUG module=auth msg="entering handler"
2026-03-16 05:44:45 DEBUG module=sched msg="heartbeat sent"
2026-03-16 05:57:39 INFO module=api msg="job scheduled"
2026-03-16 06:03:53 DEBUG module=db msg="queue length checked"
2026-03-16 06:05:48 INFO module=db msg="config reloaded"
2026-03-16 06:20:00 INFO module=api msg="config reloaded"
2026-03-16 06:38:47 DEBUG module=fs msg="retry counter reset"
2026-03-16 06:48:39 INFO module=db msg="cache warmed up"
2026-03-16 06:50:07 DEBUG module=api msg="queue length checked"
2026-03-16 06:51:10 INFO module=db msg="config reloaded"
2026-03-16 06:58:08 INFO module=db msg="cache warmed up"
2026-03-16 07:07:55 INFO module=auth msg="service started"
2026-03-16 07:08:57 DEBUG module=disk msg="buffer flushed"
2026-03-16 07:09:10 INFO module=auth msg="user logged in"
2026-03-16 07:15:15 DEBUG module=api msg="buffer flushed"
2026-03-16 07:19:16 INFO module=api msg="service started"
2026-03-16 07:41:22 INFO module=sched msg="job scheduled"
2026-03-16 07:43:17 DEBUG module=sched msg="heartbeat sent"
2026-03-16 07:45:00 INFO module=sched msg="cache warmed up"
2026-03-16 07:48:52 WARN module=api msg="disk usage above 80%"
2026-03-16 07:59:29 DEBUG module=db msg="entering handler"
2026-03-16 08:12:22 INFO module=api msg="config reloaded"
2026-03-16 08:12:30 DEBUG module=cache msg="entering handler"
2026-03-16 08:15:50 INFO module=fs msg="service started"
2026-03-16 08:16:25 INFO module=sched msg="user logged in"
2026-03-16 08:22:21 WARN module=cache msg="slow response"
2026-03-16 08:23:57 WARN module=cache msg="disk usage above 80%"
2026-03-16 08:35:21 INFO module=disk msg="cache warmed up"
2026-03-16 08:37:36 INFO module=cache msg="config reloaded"
2026-03-16 08:45:40 INFO module=disk msg="user logged in"
2026-03-16 08:54:54 DEBUG module=fs msg="entering handler"
2026-03-16 09:01:04 INFO module=api msg="job scheduled"
2026-03-16 09:07:02 INFO module=sched msg="service started"
2026-03-16 09:07:15 WARN module=cache msg="slow response"
2026-03-16 09:12:11 DEBUG module=fs msg="buffer flushed"
2026-03-16 09:21:17 WARN module=auth msg="slow response"
2026-03-16 09:30:41 INFO module=auth msg="cache warmed up"
2026-03-16 09:37:31 INFO module=sched msg="job scheduled"
2026-03-16 09:44:21 INFO module=db msg="job scheduled"
2026-03-16 09:48:10 INFO module=api msg="cache warmed up"
2026-03-16 09:54:34 ERROR module=auth msg="permission denied"
2026-03-16 10:05:11 INFO module=api msg="request completed"
2026-03-16 10:09:02 ERROR module=sched msg="no space left on device"
2026-03-16 10:29:55 INFO module=net msg="cache warmed up"
2026-03-16 10:44:57 INFO module=cache msg="user logged in"
2026-03-16 10:46:20 ERROR module=api msg="query failed"
2026-03-16 10:52:27 INFO module=api msg="user logged in"
2026-03-16 10:57:29 INFO module=api msg="service started"
2026-03-16 10:57:56 ERROR module=auth msg="permission denied"
2026-03-16 10:58:28 INFO module=sched msg="user logged in"
2026-03-16 10:59:07 INFO module=db msg="config reloaded"
2026-03-16 10:59:10 INFO module=api msg="cache warmed up"
2026-03-16 11:01:31 ERROR module=disk msg="segment read failed"
2026-03-16 11:07:15 INFO module=net msg="job scheduled"
2026-03-16 11:14:50 INFO module=fs msg="cache warmed up"
2026-03-16 11:17:05 WARN module=auth msg="disk usage above 80%"
2026-03-16 11:41:19 DEBUG module=sched msg="buffer flushed"
2026-03-16 11:58:04 INFO module=sched msg="request completed"
2026-03-16 12:01:40 ERROR module=api msg="connection timeout"
2026-03-16 12:03:00 INFO module=api msg="service started"
2026-03-16 12:44:00 DEBUG module=db msg="heartbeat sent"
2026-03-16 12:59:52 INFO module=net msg="job scheduled"
2026-03-16 13:09:41 WARN module=net msg="retrying request"
2026-03-16 14:07:36 INFO module=cache msg="request completed"
2026-03-16 14:07:54 INFO module=api msg="config reloaded"
2026-03-16 14:12:49 WARN module=cache msg="disk usage above 80%"
2026-03-16 14:15:07 INFO module=cache msg="user logged in"
2026-03-16 14:21:09 ERROR module=auth msg="permission denied"
2026-03-16 14:28:08 WARN module=api msg="deprecated option used"
2026-03-16 14:28:57 INFO module=auth msg="service started"
2026-03-16 14:41:24 INFO module=db msg="service started"
2026-03-16 14:42:12 INFO module=auth msg="service started"
2026-03-16 14:43:00 ERROR module=disk msg="no space left on device"
2026-03-16 14:44:30 INFO module=db msg="job scheduled"
2026-03-16 15:06:11 INFO module=net msg="service started"
2026-03-16 15:19:54 DEBUG module=disk msg="retry counter reset"
2026-03-16 15:25:50 DEBUG module=fs msg="heartbeat sent"
2026-03-16 15:39:54 DEBUG module=auth msg="retry counter reset"
2026-03-16 15:55:33 INFO module=api msg="job scheduled"
2026-03-16 15:58:49 INFO module=fs msg="user logged in"
2026-03-16 16:07:19 INFO module=db msg="service started"
2026-03-16 16:10:45 DEBUG module=sched msg="entering handler"
2026-03-16 16:25:56 DEBUG module=cache msg="entering handler"
2026-03-16 16:35:06 INFO module=disk msg="user logged in"
2026-03-16 16:35:24 INFO module=fs msg="cache warmed up"
2026-03-16 16:38:00 WARN module=auth msg="disk usage above 80%"
2026-03-16 16:46:53 INFO module=auth msg="request completed"
2026-03-16 17:02:59 INFO module=sched msg="user logged in"
2026-03-16 17:22:44 WARN module=disk msg="token expires soon"
2026-03-16 17:24:39 WARN module=disk msg="slow response"
2026-03-16 17:27:21 WARN module=disk msg="retrying request"
2026-03-16 17:28:35 INFO module=disk msg="config reloaded"
2026-03-16 17:31:23 INFO module=auth msg="user logged in"
2026-03-16 17:34:47 INFO module=auth msg="cache warmed up"
2026-03-16 17:45:24 DEBUG module=cache msg="entering handler"
2026-03-16 17:46:43 INFO module=cache msg="request completed"
2026-03-16 17:51:50 WARN module=disk msg="disk usage above 80%"
2026-03-16 18:05:18 ERROR module=api msg="query failed"
2026-03-16 18:09:11 INFO module=db msg="config reloaded"
2026-03-16 18:09:53 INFO module=cache msg="service started"
2026-03-16 18:11:31 DEBUG module=auth msg="entering handler"
2026-03-16 18:17:47 INFO module=disk msg="config reloaded"
2026-03-16 18:27:06 INFO module=cache msg="config reloaded"
2026-03-16 18:35:46 WARN module=cache msg="disk usage above 80%"
2026-03-16 18:40:41 INFO module=cache msg="config reloaded"
2026-03-16 18:49:27 INFO module=net msg="job scheduled"
2026-03-16 18:52:46 WARN module=api msg="retrying request"
2026-03-16 19:02:08 WARN module=disk msg="disk usage above 80%"
2026-03-16 19:07:56 INFO module=sched msg="config reloaded"
2026-03-16 19:13:22 INFO module=disk msg="config reloaded"
2026-03-16 19:17:52 DEBUG module=cache msg="queue length checked"
2026-03-16 19:24:41 ERROR module=net msg="invalid token"
2026-03-16 19:36:10 WARN module=net msg="slow response"
2026-03-16 19:38:37 INFO module=api msg="request completed"
2026-03-16 19:39:18 INFO module=disk msg="request completed"
2026-03-16 19:40:37 INFO module=auth msg="user logged in"
2026-03-16 19:42:14 WARN module=disk msg="slow response"
2026-03-16 19:45:27 INFO module=disk msg="user logged in"
2026-03-16 20:07:44 INFO module=auth msg="job scheduled"
2026-03-16 20:29:36 INFO module=net msg="job scheduled"
2026-03-16 20:30:57 ERROR module=db msg="connection timeout"
2026-03-16 20:32:22 DEBUG module=fs msg="entering handler"
2026-03-16 20:35:59 INFO module=cache msg="config reloaded"
2026-03-16 20:36:31 INFO module=db msg="cache warmed up"
2026-03-16 20:44:47 DEBUG module=disk msg="retry counter reset"
2026-03-16 20:48:29 INFO module=sched msg="config reloaded"
2026-03-16 20:49:24 INFO module=auth msg="request completed"
2026-03-16 21:11:27 INFO module=net msg="job scheduled"
2026-03-16 21:16:36 INFO module=cache msg="user logged in"
2026-03-16 21:17:35 WARN module=net msg="disk usage above 80%"
2026-03-16 21:35:46 DEBUG module=disk msg="buffer flushed"
2026-03-16 21:49:29 INFO module=db msg="request completed"
2026-03-16 22:03:59 INFO module=cache msg="request completed"
2026-03-16 22:06:42 DEBUG module=disk msg="queue length checked"
2026-03-16 22:11:57 INFO module=cache msg="config reloaded"
2026-03-16 22:14:30 ERROR module=auth msg="permission denied"
2026-03-16 22:17:37 DEBUG module=auth msg="heartbeat sent"
2026-03-16 22:17:59 WARN module=sched msg="token expires soon"
2026-03-16 22:27:08 INFO module=cache msg="cache warmed up"
2026-03-16 22:30:45 DEBUG module=net msg="entering handler"
2026-03-16 22:42:13 INFO module=sched msg="service started"
2026-03-16 22:44:37 INFO module=db msg="request completed"
2026-03-16 22:47:37 WARN module=net msg="slow response"
2026-03-16 22:51:05 INFO module=auth msg="request completed"
2026-03-16 22:58:12 ERROR module=db msg="query failed"
2026-03-16 23:04:47 INFO module=net msg="user logged in"
2026-03-16 23:05:48 INFO module=fs msg="service started"
2026-03-16 23:07:04 ERROR module=net msg="permission denied"
2026-03-16 23:17:09 INFO module=net msg="request completed"
2026-03-16 23:29:54 ERROR module=net msg="permission denied"
2026-03-16 23:38:45 ERROR module=disk msg="connection timeout"
2026-03-16 23:41:11 WARN module=api msg="token expires soon"
2026-03-16 23:48:32 INFO module=api msg="cache warmed up"
2026-03-16 23:51:59 DEBUG module=api msg="heartbeat sent"
