2026-03-20 00:01:10 INFO module=net msg="service started"
2026-03-20 00:01:58 INFO module=api msg="user logged in"
2026-03-20 00:02:42 ERROR module=net msg="connection timeout"
2026-03-20 00:04:46 INFO module=fs msg="service started"
2026-03-20 00:05:44 INFO module=auth msg="config reloaded"
2026-03-20 00:07:03 DEBUG module=sched msg="retry counter reset"
2026-03-20 00:08:51 INFO module=api msg="job scheduled"
2026-03-20 00:14:29 ERROR module=net msg="no space left on device"
2026-03-20 00:17:41 INFO module=fs msg="user logged in"
2026-03-20 00:24:34 INFO module=disk msg="request completed"
2026-03-20 00:25:02 INFO module=net msg="user logged in"
2026-03-20 00:25:19 WARN module=disk msg="deprecated option used"
2026-03-20 00:25:29 INFO module=db msg="service started"
2026-03-20 00:28:06 ERROR module=db msg="segment read failed"
2026-03-20 00:31:14 INFO module=sched msg="config reloaded"
2026-03-20 00:36:01 WARN module=api msg="token expires soon"
2026-03-20 00:38:16 ERROR module=db msg="segment read failed"
2026-03-20 00:45:18 WARN module=disk msg="disk usage above 80%"
2026-03-20 00:51:43 ERROR module=net msg="query failed"
2026-03-20 00:53:23 INFO module=db msg="service started"
2026-03-20 00:54:35 DEBUG module=fs msg="entering handler"
2026-03-20 00:54:59 INFO module=net msg="cache warmed up"
2026-03-20 00:56:46 WARN module=api msg="slow response"
2026-03-20 00:58:18 ERROR module=net msg="invalid token"
2026-03-20 00:58:45 WARN module=disk msg="token expires soon"
2026-03-20 01:00:54 WARN module=net msg="token expires soon"
2026-03-20 01:01:23 INFO module=auth msg="request completed"
2026-03-20 01:02:52 ERROR module=db msg="connection timeout"
2026-03-20 01:06:17 INFO module=db msg="config reloaded"
2026-03-20 01:09:20 INFO module=cache msg="request completed"
2026-03-20 01:10:40 INFO module=cache msg="request completed"
2026-03-20 01:12:50 INFO module=disk msg="service started"
2026-03-20 01:13:49 DEBUG module=sched msg="entering handler"
2026-03-20 01:15:18 INFO module=api msg="config reloaded"
2026-03-20 01:18:33 DEBUG module=api msg="buffer flushed"
2026-03-20 01:21:27 INFO module=cache msg="user logged in"
2026-03-20 01:24:48 INFO module=fs msg="cache warmed up"
2026-03-20 01:29:32 INFO module=auth msg="config reloaded"
2026-03-20 01:30:09 INFO module=disk msg="service started"
2026-03-20 01:36:58 INFO module=cache msg="cache warmed up"
2026-03-20 01:38:19 DEBUG module=db msg="retry counter reset"
2026-03-20 01:39:30 DEBUG module=sched msg="queue length checked"
2026-03-20 01:51:28 DEBUG module=db msg="queue length checked"
2026-03-20 01:55:06 DEBUG module=api msg="retry counter reset"
2026-03-20 01:57:10 INFO module=auth msg="user logged in"
2026-03-20 02:04:42 INFO module=db msg="request completed"
2026-03-20 02:07:20 INFO module=net msg="user logged in"
2026-03-20 02:09:11 INFO module=db msg="cache warmed up"
2026-03-20 02:09:48 INFO module=api msg="request completed"
2026-03-20 02:24:37 INFO module=api msg="cache warmed up"
2026-03-20 02:25:33 WARN module=cache msg="slow response"
2026-03-20 02:26:38 INFO module=auth msg="request completed"
2026-03-20 02:27:50 INFO module=fs msg="user logged in"
2026-03-20 02:29:08 INFO module=cache msg="service started"
2026-03-20 02:34:21 INFO module=db msg="request completed"
2026-03-20 02:36:10 INFO module=db msg="config reloaded"
2026-03-20 02:39:15 INFO module=api msg="service started"
2026-03-20 02:39:16 WARN module=db msg="slow response"
2026-03-20 02:39:44 INFO module=cache msg="job scheduled"
2026-03-20 02:40:01 DEBUG module=fs msg="heartbeat sent"
2026-03-20 02:43:07 INFO module=auth msg="user logged in"
2026-03-20 02:53:00 INFO module=cache msg="cache warmed up"
2026-03-20 03:01:07 ERROR module=disk msg="no space left on device"
2026-03-20 03:02:16 INFO module=disk msg="cache warmed up"
2026-03-20 03:03:06 INFO module=net msg="user logged in"
2026-03-20 03:04:46 INFO module=api msg="user logged in"
2026-03-20 03:13:26 ERROR module=net msg="connection timeout"
2026-03-20 03:13:54 WARN module=cache msg="slow response"
2026-03-20 03:14:07 INFO module=sched msg="cache warmed up"
2026-03-20 03:17:01 INFO module=cache msg="job scheduled"
2026-03-20 03:17:26 WARN module=net msg="token expires soon"
2026-03-20 03:19:18 INFO module=cache msg="cache warmed up"
2026-03-20 03:22:25 INFO module=net msg="service started"
2026-03-20 03:23:25 INFO module=sched msg="service started"
2026-03-20 03:23:48 INFO module=api msg="user logged in"
2026-03-20 03:24:48 INFO module=net msg="cache warmed up"
2026-03-20 03:26:07 DEBUG module=disk msg="entering handler"
2026-03-20 03:31:55 INFO module=db msg="request completed"
2026-03-20 03:32:58 INFO module=db msg="job scheduled"
2026-03-20 03:34:12 ERROR module=db msg="permission denied"
2026-03-20 03:36:32 INFO module=cache msg="request completed"
2026-03-20 03:37:58 INFO module=auth msg="cache warmed up"
2026-03-20 03:42:33 INFO module=api msg="request completed"
2026-03-20 03:42:49 WARN module=disk msg="disk usage above 80%"
2026-03-20 03:46:29 DEBUG module=fs msg="queue length checked"
2026-03-20 03:47:28 INFO module=fs msg="config reloaded"
2026-03-20 03:47:45 INFO module=cache msg="user logged in"
2026-03-20 03:49:28 INFO module=api msg="config reloaded"
2026-03-20 03:51:43 INFO module=db msg="config reloaded"
2026-03-20 03:53:28 INFO module=sched msg="user logged in"
2026-03-20 04:06:22 WARN module=disk msg="retrying request"
2026-03-20 04:07:31 ERROR module=net msg="invalid token"
2026-03-20 04:13:36 INFO module=db msg="user logged in"
2026-03-20 04:16:48 INFO module=api msg="job scheduled"
2026-03-20 04:17:22 INFO module=db msg="job scheduled"
2026-03-20 04:18:44 INFO module=net msg="cache warmed up"
2026-03-20 04:22:02 INFO module=fs msg="request completed"
2026-03-20 04:29:55 INFO module=net msg="user logged in"
2026-03-20 04:30:42 WARN module=net msg="disk usage above 80%"
2026-03-20 04:32:58 INFO module=disk msg="service started"
2026-03-20 04:39:32 WARN module=api msg="deprecated option used"
2026-03-20 04:40:24 INFO module=api msg="cache warmed up"
2026-03-20 04:49:38 INFO module=db msg="request completed"
2026-03-20 04:51:24 WARN module=net msg="slow response"
2026-03-20 04:53:15 INFO module=sched msg="user logged in"
2026-03-20 04:54:42 DEBUG module=sched msg="entering handler"
2026-03-20 04:55:01 WARN module=net msg="token expires soon"
2026-03-20 04:55:33 WARN module=api msg="retrying request"
2026-03-20 05:01:26 INFO module=api msg="cache warmed up"
2026-03-20 05:06:02 INFO module=auth msg="job scheduled"
2026-03-20 05:07:02 WARN module=api msg="deprecated option used"
2026-03-20 05:07:36 DEBUG module=auth msg="retry counter reset"
2026-03-20 05:07:43 INFO module=auth msg="service started"
2026-03-20 05:11:03 INFO module=db msg="job scheduled"
2026-03-20 05:13:36 DEBUG module=cache msg="buffer flushed"
2026-03-20 05:13:46 INFO module=auth msg="job scheduled"
2026-03-20 05:14:43 INFO module=fs msg="user logged in"
2026-03-20 05:18:50 INFO module=db msg="service started"
2026-03-20 05:24:03 WARN module=db msg="slow response"
2026-03-20 05:26:21 INFO module=fs msg="cache warmed up"
2026-03-20 05:33:15 DEBUG module=db msg="heartbeat sent"
2026-03-20 05:34:40 ERROR module=net msg="connection refused"
2026-03-20 05:35:36 DEBUG module=net msg="heartbeat sent"
2026-03-20 05:39:58 INFO module=auth msg="config reloaded"
2026-03-20 05:41:01 INFO module=fs msg="service started"
2026-03-20 05:41:22 INFO module=cache msg="job scheduled"
2026-03-20 05:45:02 WARN module=api msg="token expires soon"
2026-03-20 05:47:08 INFO module=fs msg="service started"
2026-03-20 05:47:09 INFO module=net msg="job scheduled"
2026-03-20 05:47:38 DEBUG module=fs msg="entering handler"
2026-03-20 05:48:15 INFO module=cache msg="service started"
2026-03-20 05:49:34 WARN module=net msg="token expires soon"
2026-03-20 05:51:07 INFO module=cache msg="user logged in"
2026-03-20 05:51:45 INFO module=net msg="cache warmed up"
2026-03-20 05:54:05 INFO module=api msg="job scheduled"
2026-03-20 05:56:05 WARN module=net msg="retrying request"
2026-03-20 05:56:48 DEBUG module=cache msg="entering handler"
2026-03-20 05:59:52 DEBUG module=db msg="heartbeat sent"
2026-03-20 06:08:56 WARN module=fs msg="deprecated option used"
2026-03-20 06:09:08 INFO module=cache msg="config reloaded"
2026-03-20 06:15:43 DEBUG module=disk msg="queue length checked"
2026-03-20 06:20:18 INFO module=net msg="config reloaded"
2026-03-20 06:27:56 INFO module=fs msg="cache warmed up"
2026-03-20 06:30:29 ERROR module=disk msg="connection timeout"
2026-03-20 06:31:28 INFO module=net msg="cache warmed up"
2026-03-20 06:33:38 INFO module=cache msg="cache warmed up"
2026-03-20 06:35:09 INFO module=sched msg="request completed"
2026-03-20 06:41:13 ERROR module=disk msg="connection refused"
2026-03-20 06:44:48 INFO module=net msg="request completed"
2026-03-20 06:58:15 WARN module=net msg="slow response"
2026-03-20 06:59:39 WARN module=auth msg="token expires soon"
2026-03-20 07:00:29 ERROR module=db msg="connection refused"
2026-03-20 07:03:58 INFO module=sched msg="config reloaded"
2026-03-20 07:04:48 INFO module=db msg="service started"
2026-03-20 07:06:53 ERROR module=sched msg="query failed"
2026-03-20 07:09:36 INFO module=api msg="user logged in"
2026-03-20 07:11:19 INFO module=fs msg="request completed"
2026-03-20 07:12:58 INFO module=sched msg="user logged in"
2026-03-20 07:15:59 INFO module=cache msg="job scheduled"
2026-03-20 07:16:45 INFO module=net msg="user logged in"
2026-03-20 07:18:05 INFO module=sched msg="user logged in"
2026-03-20 07:18:26 INFO module=sched msg="cache warmed up"
2026-03-20 07:20:51 INFO module=db msg="config reloaded"
2026-03-20 07:22:47 INFO module=auth msg="config reloaded"
2026-03-20 07:32:10 INFO module=net msg="service started"
2026-03-20 07:37:30 INFO module=api msg="request completed"
2026-03-20 07:38:00 INFO module=fs msg="job scheduled"
2026-03-20 07:40:46 ERROR module=cache msg="connection refused"
2026-03-20 07:43:26 DEBUG module=db msg="queue length checked"
2026-03-20 07:48:46 WARN module=disk msg="disk usage above 80%"
2026-03-20 07:52:28 INFO module=cache msg="service started"
2026-03-20 07:53:21 INFO module=cache msg="cache warmed up"
2026-03-20 07:53:37 DEBUG module=auth msg="entering handler"
2026-03-20 07:55:05 WARN module=net msg="token expires soon"
2026-03-20 08:01:05 DEBUG module=net msg="buffer flushed"
2026-03-20 08:01:57 WARN module=db msg="token expires soon"
2026-03-20 08:04:03 DEBUG module=db msg="entering handler"
2026-03-20 08:05:53 ERROR module=net msg="no space left on device"
2026-03-20 08:06:59 DEBUG module=sched msg="retry counter reset"
2026-03-20 08:08:08 DEBUG module=fs msg="heartbeat sent"
2026-03-20 08:12:04 INFO module=fs msg="job scheduled"
2026-03-20 08:12:42 INFO module=net msg="request completed"
2026-03-20 08:14:10 WARN module=auth msg="token expires soon"
2026-03-20 08:17:37 INFO module=auth msg="service started"
2026-03-20 08:18:18 WARN module=db msg="retrying request"
2026-03-20 08:20:21 WARN module=auth msg="retrying request"
2026-03-20 08:23:25 DEBUG module=sched msg="retry counter reset"
2026-03-20 08:25:27 ERROR module=db msg="permission denied"
2026-03-20 08:26:49 ERROR module=disk msg="permission denied"
2026-03-20 08:28:15 INFO module=disk msg="service started"
2026-03-20 08:29:21 INFO module=api msg="service started"
2026-03-20 08:34:45 INFO module=fs msg="service started"
2026-03-20 08:38:52 ERROR module=cache msg="segment read failed"
2026-03-20 08:42:26 INFO module=net msg="config reloaded"
2026-03-20 08:43:25 INFO module=net msg="cache warmed up"
2026-03-20 08:43:57 ERROR module=db msg="connection timeout"
2026-03-20 08:45:54 ERROR module=net msg="connection timeout"
2026-03-20 08:47:12 WARN module=disk msg="slow response"
2026-03-20 08:49:42 INFO module=api msg="config reloaded"
2026-03-20 08:50:37 INFO module=api msg="user logged in"
2026-03-20 08:51:32 INFO module=fs msg="request completed"
2026-03-20 08:51:46 WARN module=net msg="retrying request"
2026-03-20 08:53:34 INFO module=net msg="job scheduled"
2026-03-20 08:55:14 INFO module=sched msg="user logged in"
2026-03-20 08:59:28 INFO module=auth msg="config reloaded"
2026-03-20 09:00:02 INFO module=disk msg="config reloaded"
2026-03-20 09:00:11 DEBUG module=cache msg="retry counter reset"
2026-03-20 09:07:22 INFO module=auth msg="config reloaded"
2026-03-20 09:08:39 WARN module=db msg="disk usage above 80%"
2026-03-20 09:08:44 ERROR module=net msg="connection timeout"
2026-03-20 09:08:48 INFO module=cache msg="config reloaded"
2026-03-20 09:15:28 INFO module=db msg="service started"
2026-03-20 09:16:01 INFO module=net msg="service started"
2026-03-20 09:18:48 INFO module=db msg="user logged in"
2026-03-20 09:19:38 INFO module=sched msg="service started"
2026-03-20 09:20:21 ERROR module=api msg="connection refused"
2026-03-20 09:21:54 INFO module=auth msg="cache warmed up"
2026-03-20 09:22:31 ERROR module=net msg="no space left on device"
2026-03-20 09:32:16 WARN module=auth msg="deprecated option used"
2026-03-20 09:34:46 INFO module=sched msg="user logged in"
2026-03-20 09:38:25 WARN module=net msg="deprecated option used"
2026-03-20 09:47:08 WARN module=auth msg="token expires soon"
2026-03-20 09:57:32 INFO module=auth msg="request completed"
2026-03-20 09:59:10 DEBUG module=db msg="retry counter reset"
2026-03-20 09:59:33 INFO module=db msg="user logged in"
2026-03-20 09:59:58 INFO module=sched msg="cache warmed up"
2026-03-20 10:03:46 INFO module=api msg="config reloaded"
2026-03-20 10:04:30 INFO module=fs msg="service started"
2026-03-20 10:05:24 INFO module=cache msg="service started"
2026-03-20 10:11:32 INFO module=fs msg="service started"
2026-03-20 10:13:02 INFO module=db msg="request completed"
2026-03-20 10:14:37 INFO module=disk msg="user logged in"
2026-03-20 10:19:19 DEBUG module=cache msg="heartbeat sent"
2026-03-20 10:21:09 INFO module=cache msg="cache warmed up"
2026-03-20 10:30:06 INFO module=cache msg="request completed"
2026-03-20 10:30:54 INFO module=disk msg="user logged in"
2026-03-20 10:32:14 INFO module=net msg="cache warmed up"
2026-03-20 10:32:24 INFO module=net msg="config reloaded"
2026-03-20 10:39:14 INFO module=api msg="service started"
2026-03-20 10:39:59 INFO module=fs msg="request completed"
2026-03-20 10:40:36 ERROR module=cache msg="connection timeout"
2026-03-20 10:47:39 INFO module=net msg="cache warmed up"
2026-03-20 10:49:41 INFO module=auth msg="cache warmed up"
2026-03-20 10:54:58 INFO module=auth msg="job scheduled"
2026-03-20 10:56:08 ERROR module=net msg="connection refused"
2026-03-20 10:57:39 WARN module=cache msg="token expires soon"
2026-03-20 10:59:03 INFO module=disk msg="user logged in"
2026-03-20 11:04:19 WARN module=cache msg="retrying request"
2026-03-20 11:06:22 INFO module=api msg="user logged in"
2026-03-20 11:13:03 WARN module=net msg="token expires soon"
2026-03-20 11:13:48 DEBUG module=sched msg="queue length checked"
2026-03-20 11:19:48 WARN module=disk msg="retrying request"
2026-03-20 11:22:01 DEBUG module=sched msg="buffer flushed"
2026-03-20 11:24:08 INFO module=auth msg="cache warmed up"
2026-03-20 11:31:27 WARN module=cache msg="token expires soon"
2026-03-20 11:31:49 WARN module=cache msg="token expires soon"
2026-03-20 11:33:45 INFO module=db msg="request completed"
2026-03-20 11:33:51 INFO module=api msg="user logged in"
2026-03-20 11:39:07 INFO module=auth msg="job scheduled"
2026-03-20 11:43:12 INFO module=auth msg="request completed"
2026-03-20 11:47:47 DEBUG module=fs msg="entering handler"
2026-03-20 11:50:19 INFO module=api msg="service started"
2026-03-20 11:50:21 INFO module=sched msg="user logged in"
2026-03-20 11:55:25 INFO module=db msg="config reloaded"
2026-03-20 11:57:32 WARN module=disk msg="deprecated option used"
2026-03-20 11:59:43 DEBUG module=fs msg="queue length checked"
2026-03-20 12:00:16 ERROR module=net msg="no space left on device"
2026-03-20 12:05:48 DEBUG module=cache msg="buffer flushed"
2026-03-20 12:06:20 INFO module=net msg="cache warmed up"
2026-03-20 12:07:05 INFO module=net msg="cache warmed up"
2026-03-20 12:08:20 INFO module=cache msg="request completed"
2026-03-20 12:08:48 INFO module=disk msg="request completed"
2026-03-20 12:14:57 INFO module=sched msg="cache warmed up"
2026-03-20 12:17:42 INFO module=sched msg="job scheduled"
2026-03-20 12:20:39 INFO module=api msg="user logged in"
2026-03-20 12:27:27 INFO module=cache msg="job scheduled"
2026-03-20 12:27:33 WARN module=fs msg="token expires soon"
2026-03-20 12:28:32 DEBUG module=sched msg="retry counter reset"
2026-03-20 12:30:05 WARN module=disk msg="retrying request"
2026-03-20 12:34:30 INFO module=fs msg="config reloaded"
2026-03-20 12:35:28 INFO module=api msg="cache warmed up"
2026-03-20 12:38:50 INFO module=disk msg="job scheduled"
2026-03-20 12:41:06 WARN module=net msg="token expires soon"
2026-03-20 12:41:20 INFO module=db msg="request completed"
2026-03-20 12:42:25 INFO module=sched msg="cache warmed up"
2026-03-20 12:45:51 DEBUG module=cache msg="buffer flushed"
2026-03-20 12:52:58 WARN module=cache msg="retrying request"
2026-03-20 12:53:07 INFO module=disk msg="request completed"
2026-03-20 12:54:10 WARN module=net msg="token expires soon"
2026-03-20 13:00:46 DEBUG module=cache msg="queue length checked"
2026-03-20 13:01:06 DEBUG module=cache msg="queue length checked"
2026-03-20 13:09:00 DEBUG module=disk msg="entering handler"
2026-03-20 13:10:56 INFO module=db msg="cache warmed up"
2026-03-20 13:11:34 INFO module=fs msg="service started"
2026-03-20 13:11:59 INFO module=net msg="cache warmed up"
2026-03-20 13:12:55 INFO module=cache msg="user logged in"
2026-03-20 13:13:09 DEBUG module=cache msg="entering handler"
2026-03-20 13:14:26 ERROR module=disk msg="segment read failed"
2026-03-20 13:14:42 WARN module=net msg="disk usage above 80%"
2026-03-20 13:15:56 ERROR module=auth msg="no space left on device"
2026-03-20 13:16:05 INFO module=auth msg="cache warmed up"
2026-03-20 13:18:08 WARN module=net msg="disk usage above 80%"
2026-03-20 13:33:57 INFO module=sched msg="config reloaded"
2026-03-20 13:35:06 WARN module=disk msg="disk usage above 80%"
2026-03-20 13:49:22 INFO module=fs msg="cache warmed up"
2026-03-20 13:50:03 INFO module=disk msg="request completed"
2026-03-20 13:55:23 INFO module=cache msg="service started"
2026-03-20 13:59:51 INFO module=db msg="request completed"
2026-03-20 14:02:22 WARN module=cache msg="slow response"
2026-03-20 14:05:51 ERROR module=db msg="no space left on device"
2026-03-20 14:08:50 DEBUG module=cache msg="heartbeat sent"
2026-03-20 14:10:49 INFO module=db msg="service started"
2026-03-20 14:19:17 INFO module=net msg="cache warmed up"
2026-03-20 14:20:11 WARN module=net msg="slow response"
2026-03-20 14:20:54 DEBUG module=api msg="buffer flushed"
2026-03-20 14:24:35 INFO module=db msg="user logged in"
2026-03-20 14:25:04 INFO module=fs msg="job scheduled"
2026-03-20 14:25:32 INFO module=sched msg="request completed"
2026-03-20 14:26:25 WARN module=fs msg="token expires soon"
2026-03-20 14:26:38 INFO module=net msg="cache warmed up"
2026-03-20 14:27:53 INFO module=api msg="service started"
2026-03-20 14:30:34 DEBUG module=api msg="entering handler"
2026-03-20 14:32:06 INFO module=auth msg="user logged in"
2026-03-20 14:37:21 INFO module=auth msg="cache warmed up"
2026-03-20 14:39:01 INFO module=auth msg="job scheduled"
2026-03-20 14:43:38 INFO module=db msg="cache warmed up"
2026-03-20 14:49:29 INFO module=fs msg="config reloaded"
2026-03-20 14:57:40 WARN module=net msg="slow response"
2026-03-20 15:04:06 INFO module=api msg="job scheduled"
2026-03-20 15:05:14 WARN module=disk msg="token expires soon"
2026-03-20 15:09:23 INFO module=fs msg="cache warmed up"
2026-03-20 15:10:03 DEBUG module=auth msg="retry counter reset"
2026-03-20 15:12:20 WARN module=net msg="deprecated option used"
2026-03-20 15:14:01 INFO module=db msg="job scheduled"
2026-03-20 15:15:39 WARN module=net msg="token expires soon"
2026-03-20 15:15:43 INFO module=net msg="job scheduled"
2026-03-20 15:21:45 INFO module=net msg="user logged in"
2026-03-20 15:25:39 INFO module=auth msg="service started"
2026-03-20 15:28:25 INFO module=db msg="user logged in"
2026-03-20 15:31:38 INFO module=disk msg="service started"
2026-03-20 15:32:05 DEBUG module=auth msg="queue length checked"
2026-03-20 15:41:16 WARN module=sched msg="token expires soon"
2026-03-20 15:52:27 DEBUG module=db msg="heartbeat sent"
2026-03-20 15:56:25 INFO module=db msg="request completed"
2026-03-20 15:56:53 INFO module=auth msg="user logged in"
2026-03-20 15:57:23 WARN module=disk msg="slow response"
2026-03-20 15:57:27 INFO module=net msg="config reloaded"
2026-03-20 15:59:53 INFO module=sched msg="user logged in"
2026-03-20 16:02:21 INFO module=cache msg="config reloaded"
2026-03-20 16:03:53 INFO module=disk msg="service started"
2026-03-20 16:08:07 ERROR module=disk msg="segment read failed"
2026-03-20 16:10:25 INFO module=cache msg="cache warmed up"
2026-03-20 16:12:20 WARN module=disk msg="slow response"
2026-03-20 16:12:26 INFO module=cache msg="request completed"
2026-03-20 16:18:05 WARN module=net msg="deprecated option used"
2026-03-20 16:18:24 INFO module=fs msg="job scheduled"
2026-03-20 16:23:52 INFO module=api msg="cache warmed up"
2026-03-20 16:34:24 ERROR module=net msg="segment read failed"
2026-03-20 16:44:13 INFO module=api msg="request completed"
2026-03-20 16:47:03 INFO module=cache msg="cache warmed up"
2026-03-20 16:47:32 DEBUG module=db msg="entering handler"
2026-03-20 16:52:39 DEBUG module=sched msg="retry counter reset"
2026-03-20 16:55:44 WARN module=api msg="retrying request"
2026-03-20 16:58:53 WARN module=auth msg="disk usage above 80%"
2026-03-20 17:11:45 INFO module=db msg="config reloaded"
2026-03-20 17:14:07 ERROR module=auth msg="segment read failed"
2026-03-20 17:14:28 DEBUG module=cache msg="entering handler"
2026-03-20 17:15:49 INFO module=net msg="job scheduled"
2026-03-20 17:17:58 INFO module=net msg="cache warmed up"
2026-03-20 17:20:31 WARN module=disk msg="deprecated option used"
2026-03-20 17:25:00 ERROR module=net msg="connection refused"
2026-03-20 17:28:55 INFO module=cache msg="config reloaded"
2026-03-20 17:31:28 DEBUG module=sched msg="buffer flushed"
2026-03-20 17:31:49 INFO module=disk msg="user logged in"
2026-03-20 17:33:00 INFO module=auth msg="job scheduled"
2026-03-20 17:33:25 ERROR module=fs msg="no space left on device"
2026-03-20 17:33:42 INFO module=sched msg="cache warmed up"
2026-03-20 17:35:04 INFO module=cache msg="request completed"
2026-03-20 17:44:34 WARN module=cache msg="retrying request"
2026-03-20 17:45:16 INFO module=api msg="request completed"
2026-03-20 17:45:55 WARN module=net msg="retrying request"
2026-03-20 17:46:17 INFO module=disk msg="job scheduled"
2026-03-20 17:50:49 INFO module=db msg="request completed"
2026-03-20 17:54:57 INFO module=db msg="service started"
2026-03-20 17:57:36 WARN module=net msg="token expires soon"
2026-03-20 17:58:37 INFO module=net msg="user logged in"
2026-03-20 18:02:24 INFO module=auth msg="user logged in"
2026-03-20 18:03:40 INFO module=api msg="request completed"
2026-03-20 18:09:15 INFO module=api msg="job scheduled"
2026-03-20 18:11:07 INFO module=net msg="job scheduled"
2026-03-20 18:11:32 INFO module=db msg="job scheduled"
2026-03-20 18:15:40 INFO module=disk msg="cache warmed up"
2026-03-20 18:23:38 INFO module=fs msg="cache warmed up"
2026-03-20 18:25:09 DEBUG module=fs msg="heartbeat sent"
2026-03-20 18:27:51 ERROR module=disk msg="permission denied"
2026-03-20 18:32:02 ERROR module=sched msg="no space left on device"
2026-03-20 18:36:52 INFO module=auth msg="job scheduled"
2026-03-20 18:41:01 INFO module=net msg="service started"
2026-03-20 18:43:30 INFO module=disk msg="config reloaded"
2026-03-20 18:49:58 DEBUG module=auth msg="entering handler"
2026-03-20 18:49:59 INFO module=fs msg="request completed"
2026-03-20 18:50:27 WARN module=auth msg="token expires soon"
2026-03-20 18:50:52 INFO module=auth msg="job scheduled"
2026-03-20 18:52:38 DEBUG module=net msg="retry counter reset"
2026-03-20 19:06:15 WARN module=disk msg="deprecated option used"
2026-03-20 19:16:46 WARN module=net msg="disk usage above 80%"
2026-03-20 19:22:19 INFO module=db msg="cache warmed up"
2026-03-20 19:23:49 INFO module=db msg="job scheduled"
2026-03-20 19:24:09 INFO module=cache msg="job scheduled"
2026-03-20 19:27:39 INFO module=cache msg="request completed"
2026-03-20 19:27:57 INFO module=net msg="config reloaded"
2026-03-20 19:31:52 INFO module=auth msg="cache warmed up"
2026-03-20 19:33:04 INFO module=fs msg="user logged in"
2026-03-20 19:34:37 INFO module=cache msg="service started"
2026-03-20 19:39:46 INFO module=api msg="config reloaded"
2026-03-20 19:42:27 ERROR module=net msg="segment read failed"
2026-03-20 19:54:59 WARN module=db msg="retrying request"
2026-03-20 19:58:38 INFO module=sched msg="service started"
2026-03-20 20:00:10 INFO module=db msg="service started"
2026-03-20 20:01:57 INFO module=auth msg="user logged in"
2026-03-20 20:03:09 INFO module=cache msg="config reloaded"
2026-03-20 20:04:51 INFO module=auth msg="service started"
2026-03-20 20:05:08 INFO module=cache msg="user logged in"
2026-03-20 20:05:29 INFO module=net msg="cache warmed up"
2026-03-20 20:08:01 INFO module=sched msg="request completed"
2026-03-20 20:09:35 INFO module=api msg="cache warmed up"
2026-03-20 20:15:11 WARN module=sched msg="disk usage above 80%"
2026-03-20 20:15:26 INFO module=db msg="cache warmed up"
2026-03-20 20:16:24 DEBUG module=cache msg="buffer flushed"
2026-03-20 20:17:24 INFO module=fs msg="config reloaded"
2026-03-20 20:19:56 INFO module=db msg="cache warmed up"
2026-03-20 20:21:53 INFO module=db msg="job scheduled"
2026-03-20 20:22:12 DEBUG module=fs msg="retry counter reset"
2026-03-20 20:22:43 INFO module=net msg="job scheduled"
2026-03-20 20:24:38 DEBUG module=api msg="retry counter reset"
2026-03-20 20:28:03 INFO module=disk msg="user logged in"
2026-03-20 20:29:39 WARN module=net msg="token expires soon"
2026-03-20 20:31:25 ERROR module=db msg="query failed"
2026-03-20 20:33:50 INFO module=auth msg="service started"
2026-03-20 20:34:08 ERROR module=net msg="invalid token"
2026-03-20 20:42:35 WARN module=auth msg="slow response"
2026-03-20 20:42:42 WARN module=api msg="token expires soon"
2026-03-20 20:48:06 DEBUG module=fs msg="entering handler"
2026-03-20 20:50:07 INFO module=api msg="config reloaded"
2026-03-20 20:51:56 WARN module=disk msg="slow response"
2026-03-20 20:57:03 INFO module=sched msg="request completed"
2026-03-20 20:58:46 INFO module=fs msg="user logged in"
2026-03-20 21:06:23 INFO module=net msg="cache warmed up"
2026-03-20 21:08:50 INFO module=auth msg="request completed"
2026-03-20 21:14:57 INFO module=db msg="cache warmed up"
2026-03-20 21:18:07 INFO module=net msg="job scheduled"
2026-03-20 21:22:09 INFO module=auth msg="request completed"
2026-03-20 21:22:31 WARN module=net msg="deprecated option used"
2026-03-20 21:25:13 INFO module=disk msg="config reloaded"
2026-03-20 21:26:49 DEBUG module=sched msg="buffer flushed"
2026-03-20 21:27:26 INFO module=net msg="config reloaded"
2026-03-20 21:30:27 INFO module=fs msg="request completed"
2026-03-20 21:31:08 INFO module=db msg="user logged in"
2026-03-20 21:34:46 INFO module=net msg="job scheduled"
2026-03-20 21:34:50 INFO module=sched msg="config reloaded"
2026-03-20 21:37:36 INFO module=db msg="request completed"
2026-03-20 21:39:08 ERROR module=db msg="no space left on device"
2026-03-20 21:42:40 INFO module=net msg="service started"
2026-03-20 21:43:48 DEBUG module=disk msg="queue length checked"
2026-03-20 21:46:19 INFO module=auth msg="request completed"
2026-03-20 21:51:17 WARN module=cache msg="retrying request"
2026-03-20 21:51:43 INFO module=auth msg="request completed"
2026-03-20 21:54:46 WARN module=net msg="retrying request"
2026-03-20 21:55:13 WARN module=sched msg="disk usage above 80%"
2026-03-20 21:56:40 DEBUG module=sched msg="retry counter reset"
2026-03-20 21:57:34 INFO module=db msg="service started"
2026-03-20 21:57:51 ERROR module=disk msg="query failed"
2026-03-20 22:02:42 INFO module=sched msg="cache warmed up"
2026-03-20 22:07:27 INFO module=db msg="service started"
2026-03-20 22:11:31 INFO module=api msg="job scheduled"
2026-03-20 22:13:10 INFO module=api msg="config reloaded"
2026-03-20 22:15:21 INFO module=db msg="config reloaded"
2026-03-20 22:18:49 INFO module=auth msg="config reloaded"
2026-03-20 22:20:30 DEBUG module=cache msg="heartbeat sent"
2026-03-20 22:21:40 INFO module=auth msg="service started"
2026-03-20 22:23:08 DEBUG module=cache msg="buffer flushed"
2026-03-20 22:26:13 INFO module=api msg="request completed"
2026-03-20 22:28:13 ERROR module=db msg="no space left on device"
2026-03-20 22:28:28 DEBUG module=sched msg="queue length checked"
2026-03-20 22:30:53 INFO module=cache msg="cache warmed up"
2026-03-20 22:31:07 WARN module=net msg="retrying request"
2026-03-20 22:31:25 WARN module=auth msg="token expires soon"
2026-03-20 22:39:46 INFO module=cache msg="cache warmed up"
2026-03-20 22:40:59 INFO module=cache msg="cache warmed up"
2026-03-20 22:41:00 ERROR module=net msg="invalid token"
2026-03-20 22:41:16 WARN module=cache msg="disk usage above 80%"
2026-03-20 22:43:33 INFO module=sched msg="user logged in"
2026-03-20 22:44:21 INFO module=auth msg="cache warmed up"
2026-03-20 22:44:33 ERROR module=cache msg="connection refused"
2026-03-20 22:55:12 INFO module=net msg="request completed"
2026-03-20 22:58:45 INFO module=cache msg="cache warmed up"
2026-03-20 23:02:21 INFO module=api msg="cache warmed up"
2026-03-20 23:11:22 INFO module=fs msg="job scheduled"
2026-03-20 23:11:56 DEBUG module=db msg="queue length checked"
2026-03-20 23:15:04 INFO module=net msg="request completed"
2026-03-20 23:17:09 WARN module=db msg="retrying request"
2026-03-20 23:21:00 INFO module=fs msg="config reloaded"
2026-03-20 23:23:35 WARN module=db msg="disk usage above 80%"
2026-03-20 23:25:12 INFO module=cache msg="request completed"
2026-03-20 23:28:20 INFO module=sched msg="user logged in"
2026-03-20 23:32:07 DEBUG module=net msg="retry counter reset"
2026-03-20 23:37:51 INFO module=net msg="user logged in"
2026-03-20 23:37:55 WARN module=net msg="disk usage above 80%"
2026-03-20 23:39:13 DEBUG module=sched msg="entering handler"
2026-03-20 23:39:53 INFO module=cache msg="cache warmed up"
2026-03-20 23:41:11 WARN module=net msg="retrying request"
2026-03-20 23:43:50 WARN module=api msg="slow response"
2026-03-20 23:46:07 INFO module=net msg="job scheduled"
2026-03-20 23:47:34 INFO module=db msg="cache warmed up"
2026-03-20 23:52:15 DEBUG module=disk msg="retry counter reset"
2026-03-20 23:55:49 INFO module=sched msg="request completed"
2026-03-20 23:58:42 WARN module=auth msg="retrying request"
