2026-03-21 00:01:12 DEBUG module=cache msg="heartbeat sent"
2026-03-21 00:03:40 INFO module=net msg="user logged in"
2026-03-21 00:04:41 INFO module=db msg="request completed"
2026-03-21 00:08:16 DEBUG module=auth msg="heartbeat sent"
2026-03-21 00:10:02 ERROR module=api msg="connection refused"
2026-03-21 00:11:13 INFO module=api msg="service started"
2026-03-21 00:12:50 WARN module=auth msg="slow response"
2026-03-21 00:14:20 DEBUG module=fs msg="buffer flushed"
2026-03-21 00:18:01 INFO module=api msg="user logged in"
2026-03-21 00:20:46 DEBUG module=db msg="retry counter reset"
2026-03-21 00:23:21 DEBUG module=fs msg="retry counter reset"
2026-03-21 00:25:10 WARN module=disk msg="deprecated option used"
2026-03-21 00:26:59 INFO module=auth msg="service started"
2026-03-21 00:28:22 WARN module=api msg="disk usage above 80%"
2026-03-21 00:30:03 INFO module=sched msg="request completed"
2026-03-21 00:41:24 ERROR module=db msg="invalid token"
2026-03-21 00:46:39 INFO module=net msg="user logged in"
2026-03-21 00:48:09 WARN module=api msg="retrying request"
2026-03-21 00:49:21 WARN module=net msg="disk usage above 80%"
2026-03-21 00:49:33 DEBUG module=disk msg="retry counter reset"
2026-03-21 00:50:41 INFO module=cache msg="service started"
2026-03-21 00:50:59 WARN module=fs msg="slow response"
2026-03-21 00:52:13 INFO module=api msg="job scheduled"
2026-03-21 00:52:38 DEBUG module=cache msg="buffer flushed"
2026-03-21 00:53:09 INFO module=cache msg="cache warmed up"
2026-03-21 00:53:38 DEBUG module=cache msg="buffer flushed"
2026-03-21 00:56:54 INFO module=auth msg="cache warmed up"
2026-03-21 00:57:46 WARN module=auth msg="slow response"
2026-03-21 00:59:04 ERROR module=api msg="segment read failed"
2026-03-21 01:03:57 INFO module=net msg="user logged in"
2026-03-21 01:04:30 WARN module=cache msg="deprecated option used"
2026-03-21 01:10:37 INFO module=net msg="job scheduled"
2026-03-21 01:10:49 INFO module=sched msg="cache warmed up"
2026-03-21 01:11:22 INFO module=db msg="job scheduled"
2026-03-21 01:12:30 WARN module=disk msg="slow response"
2026-03-21 01:13:06 DEBUG module=disk msg="entering handler"
2026-03-21 01:20:15 INFO module=db msg="request completed"
2026-03-21 01:31:12 DEBUG module=net msg="queue length checked"
2026-03-21 01:33:57 INFO module=fs msg="config reloaded"
2026-03-21 01:35:04 INFO module=disk msg="config reloaded"
2026-03-21 01:38:53 INFO module=auth msg="job scheduled"
2026-03-21 01:48:35 INFO module=disk msg="service started"
2026-03-21 01:50:48 WARN module=db msg="deprecated option used"
2026-03-21 01:52:20 INFO module=auth msg="service started"
2026-03-21 01:52:42 INFO module=auth msg="config reloaded"
2026-03-21 01:55:57 ERROR module=db msg="no space left on device"
2026-03-21 02:01:27 INFO module=db msg="job scheduled"
2026-03-21 02:01:28 ERROR module=db msg="segment read failed"
2026-03-21 02:02:08 INFO module=api msg="request completed"
2026-03-21 02:02:58 WARN module=db msg="slow response"
2026-03-21 02:04:39 INFO module=api msg="job scheduled"
2026-03-21 02:09:43 INFO module=disk msg="config reloaded"
2026-03-21 02:14:58 ERROR module=sched msg="permission denied"
2026-03-21 02:15:00 INFO module=cache msg="request completed"
2026-03-21 02:15:39 INFO module=net msg="job scheduled"
2026-03-21 02:15:48 INFO module=fs msg="service started"
2026-03-21 02:17:58 INFO module=cache msg="config reloaded"
2026-03-21 02:22:15 INFO module=api msg="request completed"
2026-03-21 02:23:02 INFO module=api msg="config reloaded"
2026-03-21 02:26:08 ERROR module=db msg="segment read failed"
2026-03-21 02:28:18 INFO module=sched msg="user logged in"
2026-03-21 02:29:07 DEBUG module=net msg="entering handler"
2026-03-21 02:35:43 DEBUG module=disk msg="heartbeat sent"
2026-03-21 02:35:56 INFO module=net msg="job scheduled"
2026-03-21 02:35:57 WARN module=disk msg="retrying request"
2026-03-21 02:37:37 INFO module=db msg="user logged in"
2026-03-21 02:41:39 DEBUG module=cache msg="retry counter reset"
2026-03-21 02:42:20 WARN module=cache msg="slow response"
2026-03-21 02:42:48 INFO module=net msg="job scheduled"
2026-03-21 02:49:59 ERROR module=db msg="permission denied"
2026-03-21 02:51:19 INFO module=api msg="service started"
2026-03-21 02:58:33 INFO module=auth msg="request completed"
2026-03-21 03:03:52 INFO module=auth msg="config reloaded"
2026-03-21 03:04:39 INFO module=api msg="cache warmed up"
2026-03-21 03:09:21 INFO module=sched msg="service started"
2026-03-21 03:11:09 DEBUG module=db msg="queue length checked"
2026-03-21 03:12:57 DEBUG module=api msg="entering handler"
2026-03-21 03:13:46 INFO module=api msg="job scheduled"
2026-03-21 03:15:31 INFO module=db msg="service started"
2026-03-21 03:15:44 INFO module=disk msg="user logged in"
2026-03-21 03:18:33 INFO module=auth msg="user logged in"
2026-03-21 03:19:16 ERROR module=auth msg="segment read failed"
2026-03-21 03:24:26 DEBUG module=db msg="retry counter reset"
2026-03-21 03:28:19 INFO module=cache msg="job scheduled"
2026-03-21 03:29:14 ERROR module=net msg="permission denied"
2026-03-21 03:30:50 WARN module=auth msg="retrying request"
2026-03-21 03:33:56 INFO module=cache msg="service started"
2026-03-21 03:34:38 ERROR module=db msg="connection timeout"
2026-03-21 03:37:20 INFO module=net msg="cache warmed up"
2026-03-21 03:38:31 INFO module=fs msg="user logged in"
2026-03-21 03:39:25 WARN module=api msg="deprecated option used"
2026-03-21 03:41:15 INFO module=auth msg="request completed"
2026-03-21 03:47:35 INFO module=auth msg="service started"
2026-03-21 03:48:13 INFO module=disk msg="cache warmed up"
2026-03-21 03:51:51 ERROR module=auth msg="no space left on device"
2026-03-21 03:54:39 WARN module=db msg="retrying request"
2026-03-21 03:55:24 INFO module=fs msg="request completed"
2026-03-21 03:55:48 ERROR module=net msg="connection refused"
2026-03-21 03:57:06 INFO module=sched msg="config reloaded"
2026-03-21 03:57:35 ERROR module=disk msg="segment read failed"
2026-03-21 04:00:15 INFO module=fs msg="job scheduled"
2026-03-21 04:01:22 INFO module=disk msg="user logged in"
2026-03-21 04:01:37 INFO module=auth msg="config reloaded"
2026-03-21 04:03:41 WARN module=db msg="retrying request"
2026-03-21 04:04:19 INFO module=sched msg="service started"
2026-03-21 04:04:49 INFO module=net msg="cache warmed up"
2026-03-21 04:04:53 INFO module=auth msg="request completed"
2026-03-21 04:05:59 INFO module=cache msg="config reloaded"
2026-03-21 04:09:22 WARN module=api msg="retrying request"
2026-03-21 04:10:03 DEBUG module=cache msg="buffer flushed"
2026-03-21 04:14:04 INFO module=api msg="cache warmed up"
2026-03-21 04:14:07 DEBUG module=sched msg="retry counter reset"
2026-03-21 04:20:31 WARN module=net msg="token expires soon"
2026-03-21 04:24:00 INFO module=net msg="service started"
2026-03-21 04:26:29 INFO module=sched msg="config reloaded"
2026-03-21 04:26:50 DEBUG module=sched msg="heartbeat sent"
2026-03-21 04:33:06 INFO module=fs msg="config reloaded"
2026-03-21 04:33:45 DEBUG module=fs msg="heartbeat sent"
2026-03-21 04:36:20 INFO module=api msg="cache warmed up"
2026-03-21 04:37:19 DEBUG module=db msg="queue length checked"
2026-03-21 04:41:33 INFO module=api msg="cache warmed up"
2026-03-21 04:41:36 INFO module=cache msg="user logged in"
2026-03-21 04:42:22 INFO module=api msg="cache warmed up"
2026-03-21 04:49:22 INFO module=auth msg="request completed"
2026-03-21 04:50:46 INFO module=db msg="cache warmed up"
2026-03-21 04:51:04 INFO module=auth msg="request completed"
2026-03-21 04:51:44 INFO module=api msg="request completed"
2026-03-21 04:51:53 INFO module=cache msg="cache warmed up"
2026-03-21 04:52:08 INFO module=auth msg="cache warmed up"
2026-03-21 04:52:19 DEBUG module=api msg="heartbeat sent"
2026-03-21 04:56:33 WARN module=disk msg="token expires soon"
2026-03-21 04:57:12 WARN module=net msg="slow response"
2026-03-21 04:59:07 WARN module=net msg="retrying request"
2026-03-21 05:00:36 INFO module=api msg="service started"
2026-03-21 05:00:41 INFO module=api msg="user logged in"
2026-03-21 05:05:02 ERROR module=disk msg="segment read failed"
2026-03-21 05:08:47 INFO module=disk msg="config reloaded"
2026-03-21 05:09:26 INFO module=db msg="service started"
2026-03-21 05:10:52 DEBUG module=cache msg="heartbeat sent"
2026-03-21 05:12:11 INFO module=api msg="request completed"
2026-03-21 05:13:04 DEBUG module=db msg="retry counter reset"
2026-03-21 05:14:43 INFO module=db msg="config reloaded"
2026-03-21 05:23:32 INFO module=sched msg="request completed"
2026-03-21 05:27:52 INFO module=fs msg="user logged in"
2026-03-21 05:37:06 INFO module=auth msg="request completed"
2026-03-21 05:37:15 INFO module=fs msg="request completed"
2026-03-21 05:56:15 INFO module=net msg="user logged in"
2026-03-21 05:56:59 INFO module=net msg="service started"
2026-03-21 05:57:26 DEBUG module=cache msg="queue length checked"
2026-03-21 06:01:51 INFO module=fs msg="cache warmed up"
2026-03-21 06:02:56 INFO module=cache msg="config reloaded"
2026-03-21 06:04:13 DEBUG module=net msg="queue length checked"
2026-03-21 06:07:31 INFO module=api msg="request completed"
2026-03-21 06:08:20 WARN module=auth msg="token expires soon"
2026-03-21 06:10:22 DEBUG module=cache msg="entering handler"
2026-03-21 06:11:21 INFO module=auth msg="config reloaded"
2026-03-21 06:16:59 ERROR module=net msg="connection refused"
2026-03-21 06:17:06 ERROR module=net msg="no space left on device"
2026-03-21 06:18:49 INFO module=net msg="cache warmed up"
2026-03-21 06:22:03 INFO module=fs msg="cache warmed up"
2026-03-21 06:27:36 INFO module=api msg="user logged in"
2026-03-21 06:35:33 INFO module=fs msg="job scheduled"
2026-03-21 06:36:21 INFO module=sched msg="user logged in"
2026-03-21 06:37:32 INFO module=fs msg="user logged in"
2026-03-21 06:40:36 INFO module=api msg="cache warmed up"
2026-03-21 06:43:15 WARN module=sched msg="disk usage above 80%"
2026-03-21 06:45:06 INFO module=net msg="service started"
2026-03-21 06:45:30 INFO module=cache msg="config reloaded"
2026-03-21 06:46:33 INFO module=db msg="config reloaded"
2026-03-21 06:47:02 ERROR module=auth msg="no space left on device"
2026-03-21 06:54:29 WARN module=api msg="retrying request"
2026-03-21 06:56:29 INFO module=auth msg="config reloaded"
2026-03-21 06:57:33 WARN module=auth msg="retrying request"
2026-03-21 07:00:15 ERROR module=fs msg="query failed"
2026-03-21 07:00:49 INFO module=db msg="job scheduled"
2026-03-21 07:02:17 INFO module=api msg="service started"
2026-03-21 07:03:10 INFO module=net msg="job scheduled"
2026-03-21 07:03:15 ERROR module=db msg="no space left on device"
2026-03-21 07:04:16 INFO module=disk msg="request completed"
2026-03-21 07:05:50 INFO module=fs msg="config reloaded"
2026-03-21 07:10:17 INFO module=fs msg="service started"
2026-03-21 07:12:01 WARN module=db msg="token expires soon"
2026-03-21 07:13:08 WARN module=net msg="slow response"
2026-03-21 07:14:06 DEBUG module=api msg="retry counter reset"
2026-03-21 07:19:36 INFO module=api msg="service started"
2026-03-21 07:21:37 WARN module=cache msg="retrying request"
2026-03-21 07:23:46 INFO module=auth msg="config reloaded"
2026-03-21 07:24:55 INFO module=net msg="config reloaded"
2026-03-21 07:25:07 WARN module=db msg="disk usage above 80%"
2026-03-21 07:28:52 INFO module=api msg="service started"
2026-03-21 07:30:00 DEBUG module=fs msg="buffer flushed"
2026-03-21 07:31:19 INFO module=api msg="cache warmed up"
2026-03-21 07:34:41 INFO module=cache msg="config reloaded"
2026-03-21 07:42:45 INFO module=disk msg="request completed"
2026-03-21 07:42:49 INFO module=auth msg="cache warmed up"
2026-03-21 07:46:58 INFO module=net msg="user logged in"
2026-03-21 07:47:54 INFO module=db msg="job scheduled"
2026-03-21 07:49:15 DEBUG module=disk msg="queue length checked"
2026-03-21 07:51:48 INFO module=fs msg="config reloaded"
2026-03-21 07:54:20 INFO module=net msg="config reloaded"
2026-03-21 07:59:22 DEBUG module=auth msg="heartbeat sent"
2026-03-21 08:00:05 INFO module=api msg="user logged in"
2026-03-21 08:00:39 WARN module=api msg="deprecated option used"
2026-03-21 08:00:46 INFO module=net msg="config reloaded"
2026-03-21 08:01:35 WARN module=disk msg="retrying request"
2026-03-21 08:03:34 INFO module=auth msg="job scheduled"
2026-03-21 08:03:47 INFO module=api msg="config reloaded"
2026-03-21 08:03:50 WARN module=db msg="deprecated option used"
2026-03-21 08:06:00 DEBUG module=db msg="heartbeat sent"
2026-03-21 08:06:04 INFO module=cache msg="config reloaded"
2026-03-21 08:06:54 INFO module=cache msg="request completed"
2026-03-21 08:10:07 INFO module=fs msg="config reloaded"
2026-03-21 08:15:51 INFO module=db msg="cache warmed up"
2026-03-21 08:16:04 INFO module=auth msg="user logged in"
2026-03-21 08:17:08 WARN module=disk msg="disk usage above 80%"
2026-03-21 08:17:37 INFO module=fs msg="config reloaded"
2026-03-21 08:21:27 INFO module=fs msg="job scheduled"
2026-03-21 08:29:26 INFO module=net msg="cache warmed up"
2026-03-21 08:31:12 INFO module=auth msg="request completed"
2026-03-21 08:34:26 INFO module=sched msg="config reloaded"
2026-03-21 08:36:09 DEBUG module=cache msg="queue length checked"
2026-03-21 08:39:23 INFO module=fs msg="job scheduled"
2026-03-21 08:39:57 DEBUG module=cache msg="entering handler"
2026-03-21 08:42:35 INFO module=cache msg="cache warmed up"
2026-03-21 08:53:42 INFO module=disk msg="job scheduled"
2026-03-21 08:54:03 INFO module=auth msg="cache warmed up"
2026-03-21 08:55:11 WARN module=net msg="slow response"
2026-03-21 08:58:19 INFO module=sched msg="user logged in"
2026-03-21 08:58:52 INFO module=db msg="config reloaded"
2026-03-21 09:04:44 INFO module=api msg="service started"
2026-03-21 09:05:15 INFO module=cache msg="config reloaded"
2026-03-21 09:06:20 WARN module=auth msg="deprecated option used"
2026-03-21 09:10:31 ERROR module=db msg="query failed"
2026-03-21 09:10:42 WARN module=auth msg="deprecated option used"
2026-03-21 09:11:06 INFO module=db msg="request completed"
2026-03-21 09:12:00 WARN module=cache msg="retrying request"
2026-03-21 09:16:23 INFO module=fs msg="cache warmed up"
2026-03-21 09:17:59 WARN module=disk msg="disk usage above 80%"
2026-03-21 09:20:28 WARN module=db msg="token expires soon"
2026-03-21 09:20:57 INFO module=cache msg="cache warmed up"
2026-03-21 09:22:44 WARN module=cache msg="deprecated option used"
2026-03-21 09:26:09 INFO module=fs msg="service started"
2026-03-21 09:26:49 WARN module=cache msg="deprecated option used"
2026-03-21 09:32:15 INFO module=net msg="service started"
2026-03-21 09:33:04 INFO module=auth msg="request completed"
2026-03-21 09:34:05 WARN module=api msg="slow response"
2026-03-21 09:37:45 INFO module=sched msg="user logged in"
2026-03-21 09:41:03 DEBUG module=sched msg="heartbeat sent"
2026-03-21 09:49:32 ERROR module=auth msg="connection refused"
2026-03-21 09:51:54 INFO module=cache msg="request completed"
2026-03-21 09:54:05 INFO module=db msg="job scheduled"
2026-03-21 09:57:16 ERROR module=db msg="connection timeout"
2026-03-21 09:58:02 WARN module=net msg="slow response"
2026-03-21 09:58:40 INFO module=net msg="service started"
2026-03-21 09:58:54 INFO module=db msg="request completed"
2026-03-21 09:59:23 WARN module=db msg="retrying request"
2026-03-21 10:02:30 DEBUG module=auth msg="retry counter reset"
2026-03-21 10:06:07 ERROR module=disk msg="connection refused"
2026-03-21 10:11:59 INFO module=auth msg="config reloaded"
2026-03-21 10:14:46 INFO module=auth msg="cache warmed up"
2026-03-21 10:18:13 DEBUG module=sched msg="queue length checked"
2026-03-21 10:18:27 INFO module=fs msg="request completed"
2026-03-21 10:23:04 INFO module=net msg="config reloaded"
2026-03-21 10:25:28 INFO module=net msg="user logged in"
2026-03-21 10:26:33 ERROR module=fs msg="permission denied"
2026-03-21 10:37:38 INFO module=disk msg="config reloaded"
2026-03-21 10:37:48 INFO module=cache msg="config reloaded"
2026-03-21 10:38:23 INFO module=sched msg="cache warmed up"
2026-03-21 10:38:59 DEBUG module=cache msg="retry counter reset"
2026-03-21 10:42:49 INFO module=disk msg="user logged in"
2026-03-21 10:44:24 INFO module=fs msg="job scheduled"
2026-03-21 10:44:40 INFO module=cache msg="job scheduled"
2026-03-21 10:44:41 INFO module=disk msg="job scheduled"
2026-03-21 10:45:54 INFO module=db msg="cache warmed up"
2026-03-21 10:48:21 INFO module=cache msg="user logged in"
2026-03-21 10:50:48 DEBUG module=db msg="buffer flushed"
2026-03-21 10:51:14 INFO module=db msg="request completed"
2026-03-21 10:53:04 ERROR module=db msg="connection refused"
2026-03-21 10:55:58 INFO module=db msg="user logged in"
2026-03-21 10:57:08 DEBUG module=db msg="heartbeat sent"
2026-03-21 11:00:00 INFO module=net msg="job scheduled"
2026-03-21 11:00:53 INFO module=auth msg="request completed"
2026-03-21 11:02:45 INFO module=api msg="user logged in"
2026-03-21 11:07:31 DEBUG module=fs msg="entering handler"
2026-03-21 11:10:24 WARN module=net msg="deprecated option used"
2026-03-21 11:13:09 INFO module=cache msg="request completed"
2026-03-21 11:15:56 INFO module=auth msg="request completed"
2026-03-21 11:17:13 WARN module=sched msg="deprecated option used"
2026-03-21 11:17:56 WARN module=api msg="token expires soon"
2026-03-21 11:20:05 ERROR module=disk msg="query failed"
2026-03-21 11:20:23 INFO module=net msg="job scheduled"
2026-03-21 11:25:27 WARN module=auth msg="disk usage above 80%"
2026-03-21 11:26:50 INFO module=cache msg="config reloaded"
2026-03-21 11:40:04 INFO module=db msg="config reloaded"
2026-03-21 11:42:33 INFO module=sched msg="config reloaded"
2026-03-21 11:46:10 ERROR module=disk msg="no space left on device"
2026-03-21 11:50:47 INFO module=api msg="cache warmed up"
2026-03-21 11:51:02 INFO module=disk msg="config reloaded"
2026-03-21 11:51:34 WARN module=net msg="retrying request"
2026-03-21 11:51:56 INFO module=net msg="cache warmed up"
2026-03-21 11:54:33 INFO module=net msg="request completed"
2026-03-21 11:58:06 INFO module=auth msg="service started"
2026-03-21 11:58:26 INFO module=auth msg="service started"
2026-03-21 11:59:05 INFO module=sched msg="user logged in"
2026-03-21 12:00:43 INFO module=auth msg="user logged in"
2026-03-21 12:03:33 WARN module=db msg="slow response"
2026-03-21 12:03:41 INFO module=db msg="request completed"
2026-03-21 12:04:23 INFO module=cache msg="config reloaded"
2026-03-21 12:04:38 INFO module=auth msg="request completed"
2026-03-21 12:08:48 INFO module=api msg="config reloaded"
2026-03-21 12:08:50 INFO module=fs msg="job scheduled"
2026-03-21 12:08:53 INFO module=db msg="request completed"
2026-03-21 12:11:38 INFO module=net msg="request completed"
2026-03-21 12:11:42 INFO module=net msg="user logged in"
2026-03-21 12:12:19 INFO module=auth msg="service started"
2026-03-21 12:12:52 INFO module=disk msg="service started"
2026-03-21 12:13:16 WARN module=db msg="deprecated option used"
2026-03-21 12:20:07 INFO module=cache msg="cache warmed up"
2026-03-21 12:21:47 INFO module=db msg="config reloaded"
2026-03-21 12:22:41 DEBUG module=fs msg="retry counter reset"
2026-03-21 12:23:02 DEBUG module=sched msg="entering handler"
2026-03-21 12:33:16 ERROR module=disk msg="segment read failed"
2026-03-21 12:33:59 INFO module=disk msg="job scheduled"
2026-03-21 12:36:30 INFO module=net msg="job scheduled"
2026-03-21 12:39:03 INFO module=net msg="cache warmed up"
2026-03-21 12:41:23 INFO module=sched msg="config reloaded"
2026-03-21 12:41:58 ERROR module=db msg="segment read failed"
2026-03-21 12:48:04 INFO module=sched msg="request completed"
2026-03-21 12:50:04 INFO module=disk msg="job scheduled"
2026-03-21 12:51:39 INFO module=db msg="service started"
2026-03-21 12:52:30 INFO module=api msg="service started"
2026-03-21 12:53:59 INFO module=sched msg="config reloaded"
2026-03-21 12:56:28 ERROR module=net msg="segment read failed"
2026-03-21 12:59:27 INFO module=db msg="service started"
2026-03-21 12:59:53 WARN module=cache msg="slow response"
2026-03-21 13:03:58 DEBUG module=db msg="retry counter reset"
2026-03-21 13:06:43 INFO module=auth msg="job scheduled"
2026-03-21 13:07:16 INFO module=disk msg="config reloaded"
2026-03-21 13:09:40 INFO module=sched msg="config reloaded"
2026-03-21 13:10:29 INFO module=auth msg="cache warmed up"
2026-03-21 13:14:45 ERROR module=db msg="permission denied"
2026-03-21 13:18:05 INFO module=sched msg="job scheduled"
2026-03-21 13:18:53 INFO module=api msg="service started"
2026-03-21 13:19:16 INFO module=disk msg="user logged in"
2026-03-21 13:21:30 INFO module=net msg="service started"
2026-03-21 13:21:52 INFO module=auth msg="config reloaded"
2026-03-21 13:22:36 INFO module=cache msg="service started"
2026-03-21 13:26:36 INFO module=db msg="user logged in"
2026-03-21 13:28:18 INFO module=disk msg="request completed"
2026-03-21 13:32:56 WARN module=sched msg="token expires soon"
2026-03-21 13:44:28 WARN module=auth msg="token expires soon"
2026-03-21 13:45:37 WARN module=net msg="deprecated option used"
2026-03-21 13:45:42 DEBUG module=net msg="retry counter reset"
2026-03-21 13:53:45 WARN module=net msg="retrying request"
2026-03-21 13:54:13 INFO module=auth msg="service started"
2026-03-21 14:03:10 INFO module=sched msg="config reloaded"
2026-03-21 14:06:42 INFO module=disk msg="cache warmed up"
2026-03-21 14:09:11 INFO module=auth msg="cache warmed up"
2026-03-21 14:12:47 DEBUG module=db msg="heartbeat sent"
2026-03-21 14:13:38 INFO module=auth msg="job scheduled"
2026-03-21 14:14:51 ERROR module=auth msg="invalid token"
2026-03-21 14:15:51 ERROR module=auth msg="permission denied"
2026-03-21 14:15:52 INFO module=net msg="job scheduled"
2026-03-21 14:17:20 ERROR module=auth msg="connection timeout"
2026-03-21 14:19:39 INFO module=sched msg="request completed"
2026-03-21 14:19:46 WARN module=disk msg="deprecated option used"
2026-03-21 14:24:21 INFO module=api msg="request completed"
2026-03-21 14:26:35 INFO module=net msg="service started"
2026-03-21 14:28:33 INFO module=net msg="service started"
2026-03-21 14:36:24 INFO module=api msg="job scheduled"
2026-03-21 14:37:40 INFO module=net msg="cache warmed up"
2026-03-21 14:39:14 INFO module=auth msg="user logged in"
2026-03-21 14:40:07 INFO module=db msg="service started"
2026-03-21 14:42:17 INFO module=disk msg="cache warmed up"
2026-03-21 14:43:58 WARN module=fs msg="deprecated option used"
2026-03-21 14:44:18 INFO module=net msg="request completed"
2026-03-21 14:46:49 WARN module=cache msg="retrying request"
2026-03-21 14:47:17 WARN module=cache msg="retrying request"
2026-03-21 14:47:27 WARN module=cache msg="retrying request"
2026-03-21 14:47:29 INFO module=auth msg="service started"
2026-03-21 14:47:52 INFO module=auth msg="cache warmed up"
2026-03-21 14:48:36 INFO module=net msg="job scheduled"
2026-03-21 14:53:07 WARN module=net msg="deprecated option used"
2026-03-21 14:54:47 WARN module=fs msg="slow response"
2026-03-21 14:56:53 INFO module=fs msg="config reloaded"
2026-03-21 14:57:00 WARN module=disk msg="token expires soon"
2026-03-21 14:57:23 INFO module=auth msg="user logged in"
2026-03-21 14:58:28 DEBUG module=api msg="buffer flushed"
2026-03-21 15:00:07 INFO module=db msg="service started"
2026-03-21 15:02:25 DEBUG module=disk msg="queue length checked"
2026-03-21 15:04:45 INFO module=db msg="config reloaded"
2026-03-21 15:09:35 INFO module=db msg="config reloaded"
2026-03-21 15:12:18 INFO module=net msg="config reloaded"
2026-03-21 15:13:43 INFO module=db msg="request completed"
2026-03-21 15:14:32 DEBUG module=cache msg="buffer flushed"
2026-03-21 15:17:09 INFO module=sched msg="request completed"
2026-03-21 15:17:29 WARN module=auth msg="token expires soon"
2026-03-21 15:18:06 INFO module=sched msg="request completed"
2026-03-21 15:20:48 DEBUG module=sched msg="entering handler"
2026-03-21 15:21:12 INFO module=net msg="user logged in"
2026-03-21 15:21:55 INFO module=api msg="service started"
2026-03-21 15:23:10 WARN module=net msg="token expires soon"
2026-03-21 15:23:37 DEBUG module=auth msg="retry counter reset"
2026-03-21 15:26:05 INFO module=net msg="config reloaded"
2026-03-21 15:31:40 INFO module=disk msg="request completed"
2026-03-21 15:33:49 DEBUG module=api msg="entering handler"
2026-03-21 15:35:03 DEBUG module=sched msg="retry counter reset"
2026-03-21 15:35:13 INFO module=cache msg="request completed"
2026-03-21 15:35:46 INFO module=api msg="cache warmed up"
2026-03-21 15:36:26 INFO module=auth msg="user logged in"
2026-03-21 15:43:29 ERROR module=disk msg="no space left on device"
2026-03-21 15:44:31 INFO module=net msg="job scheduled"
2026-03-21 15:50:36 INFO module=cache msg="config reloaded"
2026-03-21 15:52:15 ERROR module=net msg="permission denied"
2026-03-21 15:53:03 INFO module=auth msg="request completed"
2026-03-21 15:53:31 INFO module=db msg="config reloaded"
2026-03-21 15:54:21 DEBUG module=api msg="retry counter reset"
2026-03-21 15:54:53 INFO module=sched msg="user logged in"
2026-03-21 15:56:26 ERROR module=db msg="invalid token"
2026-03-21 15:59:15 INFO module=api msg="cache warmed up"
2026-03-21 16:04:52 WARN module=disk msg="deprecated option used"
2026-03-21 16:05:01 WARN module=disk msg="retrying request"
2026-03-21 16:12:44 WARN module=disk msg="slow response"
2026-03-21 16:12:51 INFO module=cache msg="cache warmed up"
2026-03-21 16:13:29 INFO module=disk msg="request completed"
2026-03-21 16:16:27 INFO module=net msg="cache warmed up"
2026-03-21 16:18:54 WARN module=db msg="disk usage above 80%"
2026-03-21 16:22:32 INFO module=net msg="config reloaded"
2026-03-21 16:23:06 INFO module=sched msg="job scheduled"
2026-03-21 16:23:19 INFO module=api msg="user logged in"
2026-03-21 16:25:37 DEBUG module=cache msg="buffer flushed"
2026-03-21 16:31:15 ERROR module=db msg="query failed"
2026-03-21 16:34:30 INFO module=api msg="user logged in"
2026-03-21 16:37:17 INFO module=auth msg="job scheduled"
2026-03-21 16:40:04 INFO module=db msg="request completed"
2026-03-21 16:41:55 INFO module=cache msg="service started"
2026-03-21 16:42:05 WARN module=db msg="deprecated option used"
2026-03-21 16:43:57 INFO module=auth msg="service started"
2026-03-21 16:44:11 ERROR module=disk msg="permission denied"
2026-03-21 16:48:28 INFO module=db msg="service started"
2026-03-21 16:51:52 INFO module=api msg="user logged in"
2026-03-21 16:59:53 INFO module=sched msg="request completed"
2026-03-21 17:04:24 INFO module=api msg="config reloaded"
2026-03-21 17:04:49 INFO module=fs msg="cache warmed up"
2026-03-21 17:08:42 WARN module=auth msg="token expires soon"
2026-03-21 17:12:54 ERROR module=cache msg="connection refused"
2026-03-21 17:13:14 INFO module=fs msg="job scheduled"
2026-03-21 17:18:55 INFO module=net msg="cache warmed up"
2026-03-21 17:24:38 INFO module=db msg="config reloaded"
2026-03-21 17:25:45 INFO module=auth msg="cache warmed up"
2026-03-21 17:25:58 INFO module=fs msg="config reloaded"
2026-03-21 17:27:14 INFO module=net msg="request completed"
2026-03-21 17:30:21 WARN module=auth msg="token expires soon"
2026-03-21 17:34:48 ERROR module=db msg="invalid token"
2026-03-21 17:37:26 DEBUG module=api msg="buffer flushed"
2026-03-21 17:41:47 INFO module=sched msg="job scheduled"
2026-03-21 17:42:19 INFO module=sched msg="cache warmed up"
2026-03-21 17:42:49 DEBUG module=fs msg="entering handler"
2026-03-21 17:45:11 INFO module=net msg="job scheduled"
2026-03-21 17:46:46 ERROR module=net msg="segment read failed"
2026-03-21 17:48:18 WARN module=sched msg="deprecated option used"
2026-03-21 17:58:29 WARN module=net msg="deprecated option used"
2026-03-21 18:01:41 INFO module=api msg="job scheduled"
2026-03-21 18:02:48 INFO module=auth msg="request completed"
2026-03-21 18:03:17 WARN module=db msg="retrying request"
2026-03-21 18:07:42 WARN module=api msg="disk usage above 80%"
2026-03-21 18:14:20 INFO module=auth msg="service started"
2026-03-21 18:14:41 DEBUG module=disk msg="heartbeat sent"
2026-03-21 18:15:36 INFO module=net msg="service started"
2026-03-21 18:22:32 WARN module=net msg="retrying request"
2026-03-21 18:23:27 INFO module=api msg="user logged in"
2026-03-21 18:31:00 INFO module=api msg="service started"
2026-03-21 18:32:04 INFO module=db msg="config reloaded"
2026-03-21 18:32:28 INFO module=sched msg="user logged in"
2026-03-21 18:33:09 INFO module=db msg="service started"
2026-03-21 18:36:00 INFO module=api msg="config reloaded"
2026-03-21 18:44:32 DEBUG module=disk msg="retry counter reset"
2026-03-21 18:46:22 DEBUG module=disk msg="queue length checked"
2026-03-21 18:46:48 INFO module=db msg="cache warmed up"
2026-03-21 18:48:48 INFO module=fs msg="config reloaded"
2026-03-21 18:49:07 ERROR module=db msg="segment read failed"
2026-03-21 18:51:04 ERROR module=disk msg="permission denied"
2026-03-21 18:54:32 INFO module=fs msg="cache warmed up"
2026-03-21 18:57:00 INFO module=fs msg="service started"
2026-03-21 18:59:23 INFO module=db msg="user logged in"
2026-03-21 19:00:22 INFO module=disk msg="service started"
2026-03-21 19:00:33 INFO module=db msg="cache warmed up"
2026-03-21 19:00:35 INFO module=db msg="user logged in"
2026-03-21 19:02:43 INFO module=net msg="service started"
2026-03-21 19:03:12 INFO module=api msg="config reloaded"
2026-03-21 19:06:31 INFO module=auth msg="cache warmed up"
2026-03-21 19:07:57 INFO module=cache msg="request completed"
2026-03-21 19:13:07 INFO module=disk msg="user logged in"
2026-03-21 19:15:54 INFO module=cache msg="job scheduled"
2026-03-21 19:16:48 DEBUG module=net msg="retry counter reset"
2026-03-21 19:18:44 ERROR module=db msg="connection refused"
2026-03-21 19:18:59 INFO module=api msg="config reloaded"
2026-03-21 19:24:51 INFO module=auth msg="job scheduled"
2026-03-21 19:25:09 WARN module=db msg="disk usage above 80%"
2026-03-21 19:26:54 WARN module=cache msg="token expires soon"
2026-03-21 19:27:54 WARN module=auth msg="disk usage above 80%"
2026-03-21 19:32:05 INFO module=fs msg="user logged in"
2026-03-21 19:35:26 INFO module=net msg="config reloaded"
2026-03-21 19:36:07 INFO module=sched msg="job scheduled"
2026-03-21 19:38:58 INFO module=disk msg="cache warmed up"
2026-03-21 19:39:30 INFO module=fs msg="job scheduled"
2026-03-21 19:40:55 DEBUG module=cache msg="queue length checked"
2026-03-21 19:41:48 INFO module=net msg="service started"
2026-03-21 19:41:57 INFO module=api msg="config reloaded"
2026-03-21 19:45:41 INFO module=net msg="user logged in"
2026-03-21 19:45:49 INFO module=sched msg="service started"
2026-03-21 19:48:14 DEBUG module=disk msg="retry counter reset"
2026-03-21 19:51:34 INFO module=disk msg="cache warmed up"
2026-03-21 19:52:20 INFO module=net msg="config reloaded"
2026-03-21 19:57:17 INFO module=auth msg="job scheduled"
2026-03-21 19:57:31 INFO module=fs msg="config reloaded"
2026-03-21 20:04:16 DEBUG module=disk msg="heartbeat sent"
2026-03-21 20:05:01 INFO module=fs msg="user logged in"
2026-03-21 20:17:45 WARN module=net msg="deprecated option used"
2026-03-21 20:20:21 INFO module=api msg="request completed"
2026-03-21 20:23:56 INFO module=db msg="job scheduled"
2026-03-21 20:24:32 INFO module=api msg="cache warmed up"
2026-03-21 20:26:33 INFO module=api msg="service started"
2026-03-21 20:35:35 INFO module=auth msg="service started"
2026-03-21 20:43:06 INFO module=fs msg="user logged in"
2026-03-21 20:50:02 WARN module=net msg="deprecated option used"
2026-03-21 20:51:37 INFO module=auth msg="cache warmed up"
2026-03-21 20:52:13 ERROR module=auth msg="query failed"
2026-03-21 20:54:10 DEBUG module=sched msg="queue length checked"
2026-03-21 20:54:28 INFO module=net msg="user logged in"
2026-03-21 21:01:20 INFO module=db msg="service started"
2026-03-21 21:01:27 INFO module=fs msg="user logged in"
2026-03-21 21:01:45 WARN module=disk msg="token expires soon"
2026-03-21 21:03:00 INFO module=api msg="request completed"
2026-03-21 21:11:05 INFO module=cache msg="cache warmed up"
2026-03-21 21:15:56 ERROR module=net msg="query failed"
2026-03-21 21:16:19 INFO module=api msg="service started"
2026-03-21 21:17:06 INFO module=auth msg="service started"
2026-03-21 21:17:59 INFO module=fs msg="job scheduled"
2026-03-21 21:19:20 INFO module=api msg="cache warmed up"
2026-03-21 21:22:59 INFO module=fs msg="config reloaded"
2026-03-21 21:26:30 DEBUG module=sched msg="queue length checked"
2026-03-21 21:32:15 INFO module=fs msg="job scheduled"
2026-03-21 21:40:29 DEBUG module=sched msg="heartbeat sent"
2026-03-21 21:42:02 INFO module=api msg="job scheduled"
2026-03-21 21:48:59 WARN module=auth msg="slow response"
2026-03-21 21:49:50 INFO module=api msg="user logged in"
2026-03-21 21:51:54 INFO module=disk msg="job scheduled"
2026-03-21 21:53:02 INFO module=auth msg="user logged in"
2026-03-21 21:53:23 INFO module=fs msg="request completed"
2026-03-21 21:57:45 ERROR module=net msg="connection timeout"
2026-03-21 22:09:04 DEBUG module=sched msg="heartbeat sent"
2026-03-21 22:17:17 INFO module=net msg="user logged in"
2026-03-21 22:17:38 INFO module=api msg="cache warmed up"
2026-03-21 22:21:25 INFO module=db msg="service started"
2026-03-21 22:26:08 INFO module=api msg="service started"
2026-03-21 22:28:53 INFO module=db msg="request completed"
2026-03-21 22:29:39 INFO module=api msg="service started"
2026-03-21 22:32:34 INFO module=db msg="job scheduled"
2026-03-21 22:40:00 INFO module=api msg="job scheduled"
2026-03-21 22:40:57 DEBUG module=net msg="buffer flushed"
2026-03-21 22:41:27 INFO module=api msg="user logged in"
2026-03-21 22:43:20 ERROR module=sched msg="invalid token"
2026-03-21 22:44:02 DEBUG module=fs msg="heartbeat sent"
2026-03-21 22:46:26 INFO module=cache msg="service started"
2026-03-21 22:48:43 INFO module=net msg="cache warmed up"
2026-03-21 22:49:12 ERROR module=net msg="invalid token"
2026-03-21 22:49:28 INFO module=disk msg="service started"
2026-03-21 22:51:11 INFO module=api msg="user logged in"
2026-03-21 22:53:33 INFO module=sched msg="job scheduled"
2026-03-21 22:54:29 INFO module=net msg="user logged in"
2026-03-21 22:59:45 INFO module=sched msg="cache warmed up"
2026-03-21 23:02:20 INFO module=api msg="cache warmed up"
2026-03-21 23:02:43 INFO module=api msg="service started"
2026-03-21 23:04:21 INFO module=db msg="cache warmed up"
2026-03-21 23:06:14 DEBUG module=auth msg="heartbeat sent"
2026-03-21 23:08:08 INFO module=sched msg="request completed"
2026-03-21 23:08:49 DEBUG module=cache msg="queue length checked"
2026-03-21 23:10:42 WARN module=auth msg="token expires soon"
2026-03-21 23:14:53 INFO module=auth msg="config reloaded"
2026-03-21 23:15:46 INFO module=auth msg="job scheduled"
2026-03-21 23:18:42 INFO module=net msg="request completed"
2026-03-21 23:19:16 INFO module=net msg="request completed"
2026-03-21 23:20:15 INFO module=cache msg="config reloaded"
2026-03-21 23:22:06 ERROR module=net msg="connection refused"
2026-03-21 23:24:38 WARN module=net msg="retrying request"
2026-03-21 23:26:34 INFO module=db msg="config reloaded"
2026-03-21 23:29:34 WARN module=fs msg="retrying request"
2026-03-21 23:33:31 INFO module=net msg="request completed"
2026-03-21 23:35:26 INFO module=net msg="job scheduled"
2026-03-21 23:43:09 DEBUG module=db msg="heartbeat sent"
2026-03-21 23:50:08 INFO module=api msg="job scheduled"
2026-03-21 23:53:49 ERROR module=net msg="segment read failed"
2026-03-21 23:59:21 INFO module=api msg="request completed"
